[2026-06-19T11:38:22.146+0000] {local_task_job_runner.py:123} INFO - ::group::Pre task execution logs
[2026-06-19T11:38:22.182+0000] {taskinstance.py:2603} INFO - Dependencies all met for dep_context=non-requeueable deps ti=<TaskInstance: flex_eau_pipeline.ingestion_mysql_staging scheduled__2026-06-18T00:00:00+00:00 [queued]>
[2026-06-19T11:38:22.192+0000] {taskinstance.py:2603} INFO - Dependencies all met for dep_context=requeueable deps ti=<TaskInstance: flex_eau_pipeline.ingestion_mysql_staging scheduled__2026-06-18T00:00:00+00:00 [queued]>
[2026-06-19T11:38:22.193+0000] {taskinstance.py:2856} INFO - Starting attempt 1 of 1
[2026-06-19T11:38:22.208+0000] {taskinstance.py:2879} INFO - Executing <Task(BashOperator): ingestion_mysql_staging> on 2026-06-18 00:00:00+00:00
[2026-06-19T11:38:22.222+0000] {logging_mixin.py:190} WARNING - /home/***/.local/lib/python3.12/site-packages/***/task/task_runner/standard_task_runner.py:70 DeprecationWarning: This process (pid=639) is multi-threaded, use of fork() may lead to deadlocks in the child.
[2026-06-19T11:38:22.224+0000] {standard_task_runner.py:72} INFO - Started process 640 to run task
[2026-06-19T11:38:22.222+0000] {standard_task_runner.py:104} INFO - Running: ['***', 'tasks', 'run', 'flex_eau_pipeline', 'ingestion_mysql_staging', 'scheduled__2026-06-18T00:00:00+00:00', '--job-id', '8', '--raw', '--subdir', 'DAGS_FOLDER/flex_eau_pipeline.py', '--cfg-path', '/tmp/tmpkzi32zr6']
[2026-06-19T11:38:22.225+0000] {standard_task_runner.py:105} INFO - Job 8: Subtask ingestion_mysql_staging
[2026-06-19T11:38:22.308+0000] {task_command.py:467} INFO - Running <TaskInstance: flex_eau_pipeline.ingestion_mysql_staging scheduled__2026-06-18T00:00:00+00:00 [running]> on host c8e8132d7a03
[2026-06-19T11:38:22.432+0000] {taskinstance.py:3122} INFO - Exporting env vars: AIRFLOW_CTX_DAG_OWNER='***' AIRFLOW_CTX_DAG_ID='flex_eau_pipeline' AIRFLOW_CTX_TASK_ID='ingestion_mysql_staging' AIRFLOW_CTX_EXECUTION_DATE='2026-06-18T00:00:00+00:00' AIRFLOW_CTX_TRY_NUMBER='1' AIRFLOW_CTX_DAG_RUN_ID='scheduled__2026-06-18T00:00:00+00:00'
[2026-06-19T11:38:22.433+0000] {taskinstance.py:731} INFO - ::endgroup::
[2026-06-19T11:38:22.464+0000] {subprocess.py:63} INFO - Tmp dir root location: /tmp
[2026-06-19T11:38:22.467+0000] {subprocess.py:75} INFO - Running command: ['/usr/bin/bash', '-c', '\n        python /opt/project/ingestion/mysql_to_staging.py\n        ']
[2026-06-19T11:38:22.484+0000] {subprocess.py:86} INFO - Output:
[2026-06-19T11:38:22.955+0000] {subprocess.py:93} INFO - Traceback (most recent call last):
[2026-06-19T11:38:22.956+0000] {subprocess.py:93} INFO -   File "/opt/project/ingestion/mysql_to_staging.py", line 1, in <module>
[2026-06-19T11:38:22.961+0000] {subprocess.py:93} INFO -     import dlt
[2026-06-19T11:38:22.962+0000] {subprocess.py:93} INFO - ModuleNotFoundError: No module named 'dlt'
[2026-06-19T11:38:22.971+0000] {subprocess.py:97} INFO - Command exited with return code 1
[2026-06-19T11:38:23.002+0000] {taskinstance.py:3301} ERROR - Task failed with exception
Traceback (most recent call last):
  File "/home/airflow/.local/lib/python3.12/site-packages/airflow/models/taskinstance.py", line 767, in _execute_task
    result = _execute_callable(context=context, **execute_callable_kwargs)
             ^^^^^^^^^^^^^^^^^^^^^^^^^^^^^^^^^^^^^^^^^^^^^^^^^^^^^^^^^^^^^
  File "/home/airflow/.local/lib/python3.12/site-packages/airflow/models/taskinstance.py", line 733, in _execute_callable
    return ExecutionCallableRunner(
           ^^^^^^^^^^^^^^^^^^^^^^^^
  File "/home/airflow/.local/lib/python3.12/site-packages/airflow/utils/operator_helpers.py", line 252, in run
    return self.func(*args, **kwargs)
           ^^^^^^^^^^^^^^^^^^^^^^^^^^
  File "/home/airflow/.local/lib/python3.12/site-packages/airflow/models/baseoperator.py", line 406, in wrapper
    return func(self, *args, **kwargs)
           ^^^^^^^^^^^^^^^^^^^^^^^^^^^
  File "/home/airflow/.local/lib/python3.12/site-packages/airflow/operators/bash.py", line 249, in execute
    raise AirflowException(
airflow.exceptions.AirflowException: Bash command failed. The command returned a non-zero exit code 1.
[2026-06-19T11:38:23.023+0000] {taskinstance.py:1225} INFO - Marking task as FAILED. dag_id=flex_eau_pipeline, task_id=ingestion_mysql_staging, run_id=scheduled__2026-06-18T00:00:00+00:00, execution_date=20260618T000000, start_date=20260619T113822, end_date=20260619T113823
[2026-06-19T11:38:23.057+0000] {taskinstance.py:340} INFO - ::group::Post task execution logs
[2026-06-19T11:38:23.059+0000] {standard_task_runner.py:124} ERROR - Failed to execute job 8 for task ingestion_mysql_staging (Bash command failed. The command returned a non-zero exit code 1.; 640)
Traceback (most recent call last):
  File "/home/airflow/.local/lib/python3.12/site-packages/airflow/task/task_runner/standard_task_runner.py", line 117, in _start_by_fork
    ret = args.func(args, dag=self.dag)
          ^^^^^^^^^^^^^^^^^^^^^^^^^^^^^
  File "/home/airflow/.local/lib/python3.12/site-packages/airflow/cli/cli_config.py", line 49, in command
    return func(*args, **kwargs)
           ^^^^^^^^^^^^^^^^^^^^^
  File "/home/airflow/.local/lib/python3.12/site-packages/airflow/utils/cli.py", line 115, in wrapper
    return f(*args, **kwargs)
           ^^^^^^^^^^^^^^^^^^
  File "/home/airflow/.local/lib/python3.12/site-packages/airflow/cli/commands/task_command.py", line 483, in task_run
    task_return_code = _run_task_by_selected_method(args, _dag, ti)
                       ^^^^^^^^^^^^^^^^^^^^^^^^^^^^^^^^^^^^^^^^^^^^
  File "/home/airflow/.local/lib/python3.12/site-packages/airflow/cli/commands/task_command.py", line 256, in _run_task_by_selected_method
    return _run_raw_task(args, ti)
           ^^^^^^^^^^^^^^^^^^^^^^^
  File "/home/airflow/.local/lib/python3.12/site-packages/airflow/cli/commands/task_command.py", line 341, in _run_raw_task
    return ti._run_raw_task(
           ^^^^^^^^^^^^^^^^^
  File "/home/airflow/.local/lib/python3.12/site-packages/airflow/utils/session.py", line 97, in wrapper
    return func(*args, session=session, **kwargs)
           ^^^^^^^^^^^^^^^^^^^^^^^^^^^^^^^^^^^^^^
  File "/home/airflow/.local/lib/python3.12/site-packages/airflow/models/taskinstance.py", line 2995, in _run_raw_task
    return _run_raw_task(
           ^^^^^^^^^^^^^^
  File "/home/airflow/.local/lib/python3.12/site-packages/airflow/models/taskinstance.py", line 273, in _run_raw_task
    TaskInstance._execute_task_with_callbacks(
  File "/home/airflow/.local/lib/python3.12/site-packages/airflow/models/taskinstance.py", line 3149, in _execute_task_with_callbacks
    result = self._execute_task(context, task_orig)
             ^^^^^^^^^^^^^^^^^^^^^^^^^^^^^^^^^^^^^^
  File "/home/airflow/.local/lib/python3.12/site-packages/airflow/models/taskinstance.py", line 3173, in _execute_task
    return _execute_task(self, context, task_orig)
           ^^^^^^^^^^^^^^^^^^^^^^^^^^^^^^^^^^^^^^^
  File "/home/airflow/.local/lib/python3.12/site-packages/airflow/models/taskinstance.py", line 767, in _execute_task
    result = _execute_callable(context=context, **execute_callable_kwargs)
             ^^^^^^^^^^^^^^^^^^^^^^^^^^^^^^^^^^^^^^^^^^^^^^^^^^^^^^^^^^^^^
  File "/home/airflow/.local/lib/python3.12/site-packages/airflow/models/taskinstance.py", line 733, in _execute_callable
    return ExecutionCallableRunner(
           ^^^^^^^^^^^^^^^^^^^^^^^^
  File "/home/airflow/.local/lib/python3.12/site-packages/airflow/utils/operator_helpers.py", line 252, in run
    return self.func(*args, **kwargs)
           ^^^^^^^^^^^^^^^^^^^^^^^^^^
  File "/home/airflow/.local/lib/python3.12/site-packages/airflow/models/baseoperator.py", line 406, in wrapper
    return func(self, *args, **kwargs)
           ^^^^^^^^^^^^^^^^^^^^^^^^^^^
  File "/home/airflow/.local/lib/python3.12/site-packages/airflow/operators/bash.py", line 249, in execute
    raise AirflowException(
airflow.exceptions.AirflowException: Bash command failed. The command returned a non-zero exit code 1.
[2026-06-19T11:38:23.088+0000] {local_task_job_runner.py:261} INFO - Task exited with return code 1
[2026-06-19T11:38:23.118+0000] {taskinstance.py:3891} INFO - 0 downstream tasks scheduled from follow-on schedule check
[2026-06-19T11:38:23.121+0000] {local_task_job_runner.py:240} INFO - ::endgroup::
[2026-06-19T11:59:04.453+0000] {local_task_job_runner.py:123} INFO - ::group::Pre task execution logs
[2026-06-19T11:59:04.502+0000] {taskinstance.py:2603} INFO - Dependencies all met for dep_context=non-requeueable deps ti=<TaskInstance: flex_eau_pipeline.ingestion_mysql_staging scheduled__2026-06-18T00:00:00+00:00 [queued]>
[2026-06-19T11:59:04.518+0000] {taskinstance.py:2603} INFO - Dependencies all met for dep_context=requeueable deps ti=<TaskInstance: flex_eau_pipeline.ingestion_mysql_staging scheduled__2026-06-18T00:00:00+00:00 [queued]>
[2026-06-19T11:59:04.519+0000] {taskinstance.py:2856} INFO - Starting attempt 1 of 1
[2026-06-19T11:59:04.560+0000] {taskinstance.py:2879} INFO - Executing <Task(BashOperator): ingestion_mysql_staging> on 2026-06-18 00:00:00+00:00
[2026-06-19T11:59:04.585+0000] {logging_mixin.py:190} WARNING - /home/***/.local/lib/python3.12/site-packages/***/task/task_runner/standard_task_runner.py:70 DeprecationWarning: This process (pid=185) is multi-threaded, use of fork() may lead to deadlocks in the child.
[2026-06-19T11:59:04.591+0000] {standard_task_runner.py:72} INFO - Started process 186 to run task
[2026-06-19T11:59:04.585+0000] {standard_task_runner.py:104} INFO - Running: ['***', 'tasks', 'run', 'flex_eau_pipeline', 'ingestion_mysql_staging', 'scheduled__2026-06-18T00:00:00+00:00', '--job-id', '2', '--raw', '--subdir', 'DAGS_FOLDER/flex_eau_pipeline.py', '--cfg-path', '/tmp/tmp2sm4t7h_']
[2026-06-19T11:59:04.597+0000] {standard_task_runner.py:105} INFO - Job 2: Subtask ingestion_mysql_staging
[2026-06-19T11:59:04.786+0000] {task_command.py:467} INFO - Running <TaskInstance: flex_eau_pipeline.ingestion_mysql_staging scheduled__2026-06-18T00:00:00+00:00 [running]> on host 7614ee4a67ce
[2026-06-19T11:59:05.079+0000] {taskinstance.py:3122} INFO - Exporting env vars: AIRFLOW_CTX_DAG_OWNER='***' AIRFLOW_CTX_DAG_ID='flex_eau_pipeline' AIRFLOW_CTX_TASK_ID='ingestion_mysql_staging' AIRFLOW_CTX_EXECUTION_DATE='2026-06-18T00:00:00+00:00' AIRFLOW_CTX_TRY_NUMBER='1' AIRFLOW_CTX_DAG_RUN_ID='scheduled__2026-06-18T00:00:00+00:00'
[2026-06-19T11:59:05.082+0000] {taskinstance.py:731} INFO - ::endgroup::
[2026-06-19T11:59:05.196+0000] {subprocess.py:63} INFO - Tmp dir root location: /tmp
[2026-06-19T11:59:05.199+0000] {subprocess.py:75} INFO - Running command: ['/usr/bin/bash', '-c', '\n        python /opt/project/ingestion/mysql_to_staging.py\n        ']
[2026-06-19T11:59:05.222+0000] {subprocess.py:86} INFO - Output:
[2026-06-19T11:59:12.857+0000] {subprocess.py:93} INFO - 
[2026-06-19T11:59:12.858+0000] {subprocess.py:93} INFO - ===== departements =====
[2026-06-19T11:59:12.859+0000] {subprocess.py:93} INFO - Traceback (most recent call last):
[2026-06-19T11:59:12.859+0000] {subprocess.py:93} INFO -   File "/home/***/.local/lib/python3.12/site-packages/dlt/pipeline/pipeline.py", line 832, in _sync_destination
[2026-06-19T11:59:12.860+0000] {subprocess.py:93} INFO -     remote_state = self._restore_state_from_destination()
[2026-06-19T11:59:12.861+0000] {subprocess.py:93} INFO -                    ^^^^^^^^^^^^^^^^^^^^^^^^^^^^^^^^^^^^^^
[2026-06-19T11:59:12.861+0000] {subprocess.py:93} INFO -   File "/home/***/.local/lib/python3.12/site-packages/dlt/pipeline/pipeline.py", line 1715, in _restore_state_from_destination
[2026-06-19T11:59:12.862+0000] {subprocess.py:93} INFO -     with self._get_destination_clients(schema)[0] as job_client:
[2026-06-19T11:59:12.863+0000] {subprocess.py:93} INFO -          ^^^^^^^^^^^^^^^^^^^^^^^^^^^^^^^^^^^^^
[2026-06-19T11:59:12.863+0000] {subprocess.py:93} INFO -   File "/home/***/.local/lib/python3.12/site-packages/dlt/pipeline/pipeline.py", line 1464, in _get_destination_clients
[2026-06-19T11:59:12.864+0000] {subprocess.py:93} INFO -     destination_client, staging_client = get_destination_clients(
[2026-06-19T11:59:12.864+0000] {subprocess.py:93} INFO -                                          ^^^^^^^^^^^^^^^^^^^^^^^^
[2026-06-19T11:59:12.865+0000] {subprocess.py:93} INFO -   File "/home/***/.local/lib/python3.12/site-packages/dlt/dataset/utils.py", line 85, in get_destination_clients
[2026-06-19T11:59:12.866+0000] {subprocess.py:93} INFO -     client = destination.client(schema, initial_config)
[2026-06-19T11:59:12.867+0000] {subprocess.py:93} INFO -              ^^^^^^^^^^^^^^^^^^^^^^^^^^^^^^^^^^^^^^^^^^
[2026-06-19T11:59:12.867+0000] {subprocess.py:93} INFO -   File "/home/***/.local/lib/python3.12/site-packages/dlt/common/destination/reference.py", line 187, in client
[2026-06-19T11:59:12.868+0000] {subprocess.py:93} INFO -     config = self.configuration(initial_config)
[2026-06-19T11:59:12.869+0000] {subprocess.py:93} INFO -              ^^^^^^^^^^^^^^^^^^^^^^^^^^^^^^^^^^
[2026-06-19T11:59:12.869+0000] {subprocess.py:93} INFO -   File "/home/***/.local/lib/python3.12/site-packages/dlt/common/destination/reference.py", line 174, in configuration
[2026-06-19T11:59:12.870+0000] {subprocess.py:93} INFO -     config = resolve_configuration(
[2026-06-19T11:59:12.871+0000] {subprocess.py:93} INFO -              ^^^^^^^^^^^^^^^^^^^^^^
[2026-06-19T11:59:12.872+0000] {subprocess.py:93} INFO -   File "/home/***/.local/lib/python3.12/site-packages/dlt/common/configuration/resolve.py", line 91, in resolve_configuration
[2026-06-19T11:59:12.872+0000] {subprocess.py:93} INFO -     return _resolve_configuration(config, sections, (), explicit_value, accept_partial)
[2026-06-19T11:59:12.873+0000] {subprocess.py:93} INFO -            ^^^^^^^^^^^^^^^^^^^^^^^^^^^^^^^^^^^^^^^^^^^^^^^^^^^^^^^^^^^^^^^^^^^^^^^^^^^^
[2026-06-19T11:59:12.874+0000] {subprocess.py:93} INFO -   File "/home/***/.local/lib/python3.12/site-packages/dlt/common/configuration/resolve.py", line 199, in _resolve_configuration
[2026-06-19T11:59:12.874+0000] {subprocess.py:93} INFO -     _resolve_config_fields(
[2026-06-19T11:59:12.875+0000] {subprocess.py:93} INFO -   File "/home/***/.local/lib/python3.12/site-packages/dlt/common/configuration/resolve.py", line 385, in _resolve_config_fields
[2026-06-19T11:59:12.875+0000] {subprocess.py:93} INFO -     raise ConfigFieldMissingException(config, unresolved_fields)
[2026-06-19T11:59:12.876+0000] {subprocess.py:93} INFO - dlt.common.configuration.exceptions.ConfigFieldMissingException: Missing 1 field(s) in configuration `PostgresClientConfiguration`: `credentials`
[2026-06-19T11:59:12.877+0000] {subprocess.py:93} INFO - field `credentials` is itself a configuration `PostgresCredentials` with missing field(s): `database`, `password`, `username`, `host`
[2026-06-19T11:59:12.877+0000] {subprocess.py:93} INFO -   for field `database` the following (config provider, key) were tried in order:
[2026-06-19T11:59:12.878+0000] {subprocess.py:93} INFO -     (Environment Variables, FLEX_STAGING_PIPELINE__DESTINATION__POSTGRES__CREDENTIALS__DATABASE)
[2026-06-19T11:59:12.878+0000] {subprocess.py:93} INFO -     (Environment Variables, FLEX_STAGING_PIPELINE__DESTINATION__CREDENTIALS__DATABASE)
[2026-06-19T11:59:12.879+0000] {subprocess.py:93} INFO -     (Environment Variables, FLEX_STAGING_PIPELINE__CREDENTIALS__DATABASE)
[2026-06-19T11:59:12.880+0000] {subprocess.py:93} INFO -     (Airflow Secrets TOML Provider, flex_staging_pipeline.destination.postgres.credentials.database)
[2026-06-19T11:59:12.881+0000] {subprocess.py:93} INFO -     (Airflow Secrets TOML Provider, flex_staging_pipeline.destination.credentials.database)
[2026-06-19T11:59:12.881+0000] {subprocess.py:93} INFO -     (Airflow Secrets TOML Provider, flex_staging_pipeline.credentials.database)
[2026-06-19T11:59:12.882+0000] {subprocess.py:93} INFO -     (Environment Variables, DESTINATION__POSTGRES__CREDENTIALS__DATABASE)
[2026-06-19T11:59:12.883+0000] {subprocess.py:93} INFO -     (Environment Variables, DESTINATION__CREDENTIALS__DATABASE)
[2026-06-19T11:59:12.883+0000] {subprocess.py:93} INFO -     (Environment Variables, CREDENTIALS__DATABASE)
[2026-06-19T11:59:12.884+0000] {subprocess.py:93} INFO -     (Airflow Secrets TOML Provider, destination.postgres.credentials.database)
[2026-06-19T11:59:12.884+0000] {subprocess.py:93} INFO -     (Airflow Secrets TOML Provider, destination.credentials.database)
[2026-06-19T11:59:12.885+0000] {subprocess.py:93} INFO -     (Airflow Secrets TOML Provider, credentials.database)
[2026-06-19T11:59:12.886+0000] {subprocess.py:93} INFO -   for field `password` the following (config provider, key) were tried in order:
[2026-06-19T11:59:12.886+0000] {subprocess.py:93} INFO -     (Environment Variables, FLEX_STAGING_PIPELINE__DESTINATION__POSTGRES__CREDENTIALS__PASSWORD)
[2026-06-19T11:59:12.887+0000] {subprocess.py:93} INFO -     (Environment Variables, FLEX_STAGING_PIPELINE__DESTINATION__CREDENTIALS__PASSWORD)
[2026-06-19T11:59:12.887+0000] {subprocess.py:93} INFO -     (Environment Variables, FLEX_STAGING_PIPELINE__CREDENTIALS__PASSWORD)
[2026-06-19T11:59:12.888+0000] {subprocess.py:93} INFO -     (Airflow Secrets TOML Provider, flex_staging_pipeline.destination.postgres.credentials.password)
[2026-06-19T11:59:12.889+0000] {subprocess.py:93} INFO -     (Airflow Secrets TOML Provider, flex_staging_pipeline.destination.credentials.password)
[2026-06-19T11:59:12.889+0000] {subprocess.py:93} INFO -     (Airflow Secrets TOML Provider, flex_staging_pipeline.credentials.password)
[2026-06-19T11:59:12.890+0000] {subprocess.py:93} INFO -     (Environment Variables, DESTINATION__POSTGRES__CREDENTIALS__PASSWORD)
[2026-06-19T11:59:12.891+0000] {subprocess.py:93} INFO -     (Environment Variables, DESTINATION__CREDENTIALS__PASSWORD)
[2026-06-19T11:59:12.891+0000] {subprocess.py:93} INFO -     (Environment Variables, CREDENTIALS__PASSWORD)
[2026-06-19T11:59:12.892+0000] {subprocess.py:93} INFO -     (Airflow Secrets TOML Provider, destination.postgres.credentials.password)
[2026-06-19T11:59:12.892+0000] {subprocess.py:93} INFO -     (Airflow Secrets TOML Provider, destination.credentials.password)
[2026-06-19T11:59:12.893+0000] {subprocess.py:93} INFO -     (Airflow Secrets TOML Provider, credentials.password)
[2026-06-19T11:59:12.893+0000] {subprocess.py:93} INFO -   for field `username` the following (config provider, key) were tried in order:
[2026-06-19T11:59:12.894+0000] {subprocess.py:93} INFO -     (Environment Variables, FLEX_STAGING_PIPELINE__DESTINATION__POSTGRES__CREDENTIALS__USERNAME)
[2026-06-19T11:59:12.895+0000] {subprocess.py:93} INFO -     (Environment Variables, FLEX_STAGING_PIPELINE__DESTINATION__CREDENTIALS__USERNAME)
[2026-06-19T11:59:12.895+0000] {subprocess.py:93} INFO -     (Environment Variables, FLEX_STAGING_PIPELINE__CREDENTIALS__USERNAME)
[2026-06-19T11:59:12.896+0000] {subprocess.py:93} INFO -     (Airflow Secrets TOML Provider, flex_staging_pipeline.destination.postgres.credentials.username)
[2026-06-19T11:59:12.897+0000] {subprocess.py:93} INFO -     (Airflow Secrets TOML Provider, flex_staging_pipeline.destination.credentials.username)
[2026-06-19T11:59:12.897+0000] {subprocess.py:93} INFO -     (Airflow Secrets TOML Provider, flex_staging_pipeline.credentials.username)
[2026-06-19T11:59:12.898+0000] {subprocess.py:93} INFO -     (Environment Variables, DESTINATION__POSTGRES__CREDENTIALS__USERNAME)
[2026-06-19T11:59:12.899+0000] {subprocess.py:93} INFO -     (Environment Variables, DESTINATION__CREDENTIALS__USERNAME)
[2026-06-19T11:59:12.900+0000] {subprocess.py:93} INFO -     (Environment Variables, CREDENTIALS__USERNAME)
[2026-06-19T11:59:12.900+0000] {subprocess.py:93} INFO -     (Airflow Secrets TOML Provider, destination.postgres.credentials.username)
[2026-06-19T11:59:12.901+0000] {subprocess.py:93} INFO -     (Airflow Secrets TOML Provider, destination.credentials.username)
[2026-06-19T11:59:12.902+0000] {subprocess.py:93} INFO -     (Airflow Secrets TOML Provider, credentials.username)
[2026-06-19T11:59:12.904+0000] {subprocess.py:93} INFO -   for field `host` the following (config provider, key) were tried in order:
[2026-06-19T11:59:12.905+0000] {subprocess.py:93} INFO -     (Environment Variables, FLEX_STAGING_PIPELINE__DESTINATION__POSTGRES__CREDENTIALS__HOST)
[2026-06-19T11:59:12.906+0000] {subprocess.py:93} INFO -     (Environment Variables, FLEX_STAGING_PIPELINE__DESTINATION__CREDENTIALS__HOST)
[2026-06-19T11:59:12.907+0000] {subprocess.py:93} INFO -     (Environment Variables, FLEX_STAGING_PIPELINE__CREDENTIALS__HOST)
[2026-06-19T11:59:12.908+0000] {subprocess.py:93} INFO -     (Airflow Secrets TOML Provider, flex_staging_pipeline.destination.postgres.credentials.host)
[2026-06-19T11:59:12.910+0000] {subprocess.py:93} INFO -     (Airflow Secrets TOML Provider, flex_staging_pipeline.destination.credentials.host)
[2026-06-19T11:59:12.911+0000] {subprocess.py:93} INFO -     (Airflow Secrets TOML Provider, flex_staging_pipeline.credentials.host)
[2026-06-19T11:59:12.912+0000] {subprocess.py:93} INFO -     (Environment Variables, DESTINATION__POSTGRES__CREDENTIALS__HOST)
[2026-06-19T11:59:12.914+0000] {subprocess.py:93} INFO -     (Environment Variables, DESTINATION__CREDENTIALS__HOST)
[2026-06-19T11:59:12.915+0000] {subprocess.py:93} INFO -     (Environment Variables, CREDENTIALS__HOST)
[2026-06-19T11:59:12.916+0000] {subprocess.py:93} INFO -     (Airflow Secrets TOML Provider, destination.postgres.credentials.host)
[2026-06-19T11:59:12.918+0000] {subprocess.py:93} INFO -     (Airflow Secrets TOML Provider, destination.credentials.host)
[2026-06-19T11:59:12.919+0000] {subprocess.py:93} INFO -     (Airflow Secrets TOML Provider, credentials.host)
[2026-06-19T11:59:12.920+0000] {subprocess.py:93} INFO - 
[2026-06-19T11:59:12.922+0000] {subprocess.py:93} INFO - NOTE: following fields in `PostgresClientConfiguration` got resolved: `csv_format`
[2026-06-19T11:59:12.923+0000] {subprocess.py:93} INFO - Provider `secrets.toml` probed but not found the following locations:
[2026-06-19T11:59:12.924+0000] {subprocess.py:93} INFO - 	- /tmp/***tmp4i0ku_iw/.dlt/secrets.toml
[2026-06-19T11:59:12.926+0000] {subprocess.py:93} INFO - 	- /home/***/.dlt/secrets.toml
[2026-06-19T11:59:12.927+0000] {subprocess.py:93} INFO - WARNING: provider `secrets.toml` is empty. Locations (i.e., files) are missing or empty.
[2026-06-19T11:59:12.928+0000] {subprocess.py:93} INFO - Provider `config.toml` probed but not found the following locations:
[2026-06-19T11:59:12.930+0000] {subprocess.py:93} INFO - 	- /tmp/***tmp4i0ku_iw/.dlt/config.toml
[2026-06-19T11:59:12.931+0000] {subprocess.py:93} INFO - 	- /home/***/.dlt/config.toml
[2026-06-19T11:59:12.932+0000] {subprocess.py:93} INFO - WARNING: provider `config.toml` is empty. Locations (i.e., files) are missing or empty.
[2026-06-19T11:59:12.934+0000] {subprocess.py:93} INFO - 
[2026-06-19T11:59:12.935+0000] {subprocess.py:93} INFO - WARNING: Your run dir (/tmp/***tmp4i0ku_iw) is different from directory of your pipeline script (/opt/project/ingestion).
[2026-06-19T11:59:12.936+0000] {subprocess.py:93} INFO - If you keep `.dlt` folder with secret files in the same directory as your pipeline script but run your script or a dlt cli command from some other folder, secrets/configs will not be found.
[2026-06-19T11:59:12.938+0000] {subprocess.py:93} INFO - Learn more: https://dlthub.com/docs/general-usage/credentials/
[2026-06-19T11:59:12.939+0000] {subprocess.py:93} INFO - 
[2026-06-19T11:59:12.941+0000] {subprocess.py:93} INFO - 
[2026-06-19T11:59:12.942+0000] {subprocess.py:93} INFO - The above exception was the direct cause of the following exception:
[2026-06-19T11:59:12.943+0000] {subprocess.py:93} INFO - 
[2026-06-19T11:59:12.945+0000] {subprocess.py:93} INFO - Traceback (most recent call last):
[2026-06-19T11:59:12.946+0000] {subprocess.py:93} INFO -   File "/opt/project/ingestion/mysql_to_staging.py", line 42, in <module>
[2026-06-19T11:59:12.947+0000] {subprocess.py:93} INFO -     load_info = pipeline.run(
[2026-06-19T11:59:12.948+0000] {subprocess.py:93} INFO -                 ^^^^^^^^^^^^^
[2026-06-19T11:59:12.950+0000] {subprocess.py:93} INFO -   File "/home/***/.local/lib/python3.12/site-packages/dlt/pipeline/pipeline.py", line 231, in _wrap
[2026-06-19T11:59:12.951+0000] {subprocess.py:93} INFO -     step_info = f(self, *args, **kwargs)
[2026-06-19T11:59:12.952+0000] {subprocess.py:93} INFO -                 ^^^^^^^^^^^^^^^^^^^^^^^^
[2026-06-19T11:59:12.954+0000] {subprocess.py:93} INFO -   File "/home/***/.local/lib/python3.12/site-packages/dlt/pipeline/pipeline.py", line 279, in _wrap
[2026-06-19T11:59:12.955+0000] {subprocess.py:93} INFO -     return f(self, *args, **kwargs)
[2026-06-19T11:59:12.957+0000] {subprocess.py:93} INFO -            ^^^^^^^^^^^^^^^^^^^^^^^^
[2026-06-19T11:59:12.958+0000] {subprocess.py:93} INFO -   File "/home/***/.local/lib/python3.12/site-packages/dlt/pipeline/pipeline.py", line 757, in run
[2026-06-19T11:59:12.959+0000] {subprocess.py:93} INFO -     self._sync_destination(destination, staging, dataset_name)
[2026-06-19T11:59:12.961+0000] {subprocess.py:93} INFO -   File "/home/***/.local/lib/python3.12/site-packages/dlt/pipeline/pipeline.py", line 184, in _wrap
[2026-06-19T11:59:12.962+0000] {subprocess.py:93} INFO -     rv = f(self, *args, **kwargs)
[2026-06-19T11:59:12.963+0000] {subprocess.py:93} INFO -          ^^^^^^^^^^^^^^^^^^^^^^^^
[2026-06-19T11:59:12.964+0000] {subprocess.py:93} INFO -   File "/home/***/.local/lib/python3.12/site-packages/dlt/pipeline/pipeline.py", line 938, in _sync_destination
[2026-06-19T11:59:12.966+0000] {subprocess.py:93} INFO -     raise PipelineStepFailed(self, "sync", None, ex, None) from ex
[2026-06-19T11:59:12.967+0000] {subprocess.py:93} INFO - dlt.pipeline.exceptions.PipelineStepFailed: Pipeline execution failed at `step=sync` with exception:
[2026-06-19T11:59:12.968+0000] {subprocess.py:93} INFO - 
[2026-06-19T11:59:12.970+0000] {subprocess.py:93} INFO - <class 'dlt.common.configuration.exceptions.ConfigFieldMissingException'>
[2026-06-19T11:59:12.971+0000] {subprocess.py:93} INFO - Missing 1 field(s) in configuration `PostgresClientConfiguration`: `credentials`
[2026-06-19T11:59:12.972+0000] {subprocess.py:93} INFO - field `credentials` is itself a configuration `PostgresCredentials` with missing field(s): `database`, `password`, `username`, `host`
[2026-06-19T11:59:12.974+0000] {subprocess.py:93} INFO -   for field `database` the following (config provider, key) were tried in order:
[2026-06-19T11:59:12.975+0000] {subprocess.py:93} INFO -     (Environment Variables, FLEX_STAGING_PIPELINE__DESTINATION__POSTGRES__CREDENTIALS__DATABASE)
[2026-06-19T11:59:12.977+0000] {subprocess.py:93} INFO -     (Environment Variables, FLEX_STAGING_PIPELINE__DESTINATION__CREDENTIALS__DATABASE)
[2026-06-19T11:59:12.978+0000] {subprocess.py:93} INFO -     (Environment Variables, FLEX_STAGING_PIPELINE__CREDENTIALS__DATABASE)
[2026-06-19T11:59:12.979+0000] {subprocess.py:93} INFO -     (Airflow Secrets TOML Provider, flex_staging_pipeline.destination.postgres.credentials.database)
[2026-06-19T11:59:12.980+0000] {subprocess.py:93} INFO -     (Airflow Secrets TOML Provider, flex_staging_pipeline.destination.credentials.database)
[2026-06-19T11:59:12.982+0000] {subprocess.py:93} INFO -     (Airflow Secrets TOML Provider, flex_staging_pipeline.credentials.database)
[2026-06-19T11:59:12.983+0000] {subprocess.py:93} INFO -     (Environment Variables, DESTINATION__POSTGRES__CREDENTIALS__DATABASE)
[2026-06-19T11:59:12.984+0000] {subprocess.py:93} INFO -     (Environment Variables, DESTINATION__CREDENTIALS__DATABASE)
[2026-06-19T11:59:12.985+0000] {subprocess.py:93} INFO -     (Environment Variables, CREDENTIALS__DATABASE)
[2026-06-19T11:59:12.987+0000] {subprocess.py:93} INFO -     (Airflow Secrets TOML Provider, destination.postgres.credentials.database)
[2026-06-19T11:59:12.988+0000] {subprocess.py:93} INFO -     (Airflow Secrets TOML Provider, destination.credentials.database)
[2026-06-19T11:59:12.990+0000] {subprocess.py:93} INFO -     (Airflow Secrets TOML Provider, credentials.database)
[2026-06-19T11:59:12.991+0000] {subprocess.py:93} INFO -   for field `password` the following (config provider, key) were tried in order:
[2026-06-19T11:59:12.993+0000] {subprocess.py:93} INFO -     (Environment Variables, FLEX_STAGING_PIPELINE__DESTINATION__POSTGRES__CREDENTIALS__PASSWORD)
[2026-06-19T11:59:12.994+0000] {subprocess.py:93} INFO -     (Environment Variables, FLEX_STAGING_PIPELINE__DESTINATION__CREDENTIALS__PASSWORD)
[2026-06-19T11:59:12.997+0000] {subprocess.py:93} INFO -     (Environment Variables, FLEX_STAGING_PIPELINE__CREDENTIALS__PASSWORD)
[2026-06-19T11:59:12.998+0000] {subprocess.py:93} INFO -     (Airflow Secrets TOML Provider, flex_staging_pipeline.destination.postgres.credentials.password)
[2026-06-19T11:59:13.000+0000] {subprocess.py:93} INFO -     (Airflow Secrets TOML Provider, flex_staging_pipeline.destination.credentials.password)
[2026-06-19T11:59:13.001+0000] {subprocess.py:93} INFO -     (Airflow Secrets TOML Provider, flex_staging_pipeline.credentials.password)
[2026-06-19T11:59:13.002+0000] {subprocess.py:93} INFO -     (Environment Variables, DESTINATION__POSTGRES__CREDENTIALS__PASSWORD)
[2026-06-19T11:59:13.003+0000] {subprocess.py:93} INFO -     (Environment Variables, DESTINATION__CREDENTIALS__PASSWORD)
[2026-06-19T11:59:13.004+0000] {subprocess.py:93} INFO -     (Environment Variables, CREDENTIALS__PASSWORD)
[2026-06-19T11:59:13.005+0000] {subprocess.py:93} INFO -     (Airflow Secrets TOML Provider, destination.postgres.credentials.password)
[2026-06-19T11:59:13.006+0000] {subprocess.py:93} INFO -     (Airflow Secrets TOML Provider, destination.credentials.password)
[2026-06-19T11:59:13.007+0000] {subprocess.py:93} INFO -     (Airflow Secrets TOML Provider, credentials.password)
[2026-06-19T11:59:13.008+0000] {subprocess.py:93} INFO -   for field `username` the following (config provider, key) were tried in order:
[2026-06-19T11:59:13.009+0000] {subprocess.py:93} INFO -     (Environment Variables, FLEX_STAGING_PIPELINE__DESTINATION__POSTGRES__CREDENTIALS__USERNAME)
[2026-06-19T11:59:13.010+0000] {subprocess.py:93} INFO -     (Environment Variables, FLEX_STAGING_PIPELINE__DESTINATION__CREDENTIALS__USERNAME)
[2026-06-19T11:59:13.010+0000] {subprocess.py:93} INFO -     (Environment Variables, FLEX_STAGING_PIPELINE__CREDENTIALS__USERNAME)
[2026-06-19T11:59:13.011+0000] {subprocess.py:93} INFO -     (Airflow Secrets TOML Provider, flex_staging_pipeline.destination.postgres.credentials.username)
[2026-06-19T11:59:13.012+0000] {subprocess.py:93} INFO -     (Airflow Secrets TOML Provider, flex_staging_pipeline.destination.credentials.username)
[2026-06-19T11:59:13.012+0000] {subprocess.py:93} INFO -     (Airflow Secrets TOML Provider, flex_staging_pipeline.credentials.username)
[2026-06-19T11:59:13.013+0000] {subprocess.py:93} INFO -     (Environment Variables, DESTINATION__POSTGRES__CREDENTIALS__USERNAME)
[2026-06-19T11:59:13.014+0000] {subprocess.py:93} INFO -     (Environment Variables, DESTINATION__CREDENTIALS__USERNAME)
[2026-06-19T11:59:13.014+0000] {subprocess.py:93} INFO -     (Environment Variables, CREDENTIALS__USERNAME)
[2026-06-19T11:59:13.015+0000] {subprocess.py:93} INFO -     (Airflow Secrets TOML Provider, destination.postgres.credentials.username)
[2026-06-19T11:59:13.016+0000] {subprocess.py:93} INFO -     (Airflow Secrets TOML Provider, destination.credentials.username)
[2026-06-19T11:59:13.016+0000] {subprocess.py:93} INFO -     (Airflow Secrets TOML Provider, credentials.username)
[2026-06-19T11:59:13.017+0000] {subprocess.py:93} INFO -   for field `host` the following (config provider, key) were tried in order:
[2026-06-19T11:59:13.018+0000] {subprocess.py:93} INFO -     (Environment Variables, FLEX_STAGING_PIPELINE__DESTINATION__POSTGRES__CREDENTIALS__HOST)
[2026-06-19T11:59:13.019+0000] {subprocess.py:93} INFO -     (Environment Variables, FLEX_STAGING_PIPELINE__DESTINATION__CREDENTIALS__HOST)
[2026-06-19T11:59:13.019+0000] {subprocess.py:93} INFO -     (Environment Variables, FLEX_STAGING_PIPELINE__CREDENTIALS__HOST)
[2026-06-19T11:59:13.020+0000] {subprocess.py:93} INFO -     (Airflow Secrets TOML Provider, flex_staging_pipeline.destination.postgres.credentials.host)
[2026-06-19T11:59:13.021+0000] {subprocess.py:93} INFO -     (Airflow Secrets TOML Provider, flex_staging_pipeline.destination.credentials.host)
[2026-06-19T11:59:13.021+0000] {subprocess.py:93} INFO -     (Airflow Secrets TOML Provider, flex_staging_pipeline.credentials.host)
[2026-06-19T11:59:13.022+0000] {subprocess.py:93} INFO -     (Environment Variables, DESTINATION__POSTGRES__CREDENTIALS__HOST)
[2026-06-19T11:59:13.022+0000] {subprocess.py:93} INFO -     (Environment Variables, DESTINATION__CREDENTIALS__HOST)
[2026-06-19T11:59:13.023+0000] {subprocess.py:93} INFO -     (Environment Variables, CREDENTIALS__HOST)
[2026-06-19T11:59:13.023+0000] {subprocess.py:93} INFO -     (Airflow Secrets TOML Provider, destination.postgres.credentials.host)
[2026-06-19T11:59:13.024+0000] {subprocess.py:93} INFO -     (Airflow Secrets TOML Provider, destination.credentials.host)
[2026-06-19T11:59:13.025+0000] {subprocess.py:93} INFO -     (Airflow Secrets TOML Provider, credentials.host)
[2026-06-19T11:59:13.025+0000] {subprocess.py:93} INFO - 
[2026-06-19T11:59:13.026+0000] {subprocess.py:93} INFO - NOTE: following fields in `PostgresClientConfiguration` got resolved: `csv_format`
[2026-06-19T11:59:13.027+0000] {subprocess.py:93} INFO - Provider `secrets.toml` probed but not found the following locations:
[2026-06-19T11:59:13.027+0000] {subprocess.py:93} INFO - 	- /tmp/***tmp4i0ku_iw/.dlt/secrets.toml
[2026-06-19T11:59:13.028+0000] {subprocess.py:93} INFO - 	- /home/***/.dlt/secrets.toml
[2026-06-19T11:59:13.029+0000] {subprocess.py:93} INFO - WARNING: provider `secrets.toml` is empty. Locations (i.e., files) are missing or empty.
[2026-06-19T11:59:13.029+0000] {subprocess.py:93} INFO - Provider `config.toml` probed but not found the following locations:
[2026-06-19T11:59:13.030+0000] {subprocess.py:93} INFO - 	- /tmp/***tmp4i0ku_iw/.dlt/config.toml
[2026-06-19T11:59:13.031+0000] {subprocess.py:93} INFO - 	- /home/***/.dlt/config.toml
[2026-06-19T11:59:13.031+0000] {subprocess.py:93} INFO - WARNING: provider `config.toml` is empty. Locations (i.e., files) are missing or empty.
[2026-06-19T11:59:13.032+0000] {subprocess.py:93} INFO - 
[2026-06-19T11:59:13.032+0000] {subprocess.py:93} INFO - WARNING: Your run dir (/tmp/***tmp4i0ku_iw) is different from directory of your pipeline script (/opt/project/ingestion).
[2026-06-19T11:59:13.033+0000] {subprocess.py:93} INFO - If you keep `.dlt` folder with secret files in the same directory as your pipeline script but run your script or a dlt cli command from some other folder, secrets/configs will not be found.
[2026-06-19T11:59:13.034+0000] {subprocess.py:93} INFO - Learn more: https://dlthub.com/docs/general-usage/credentials/
[2026-06-19T11:59:13.034+0000] {subprocess.py:93} INFO - 
[2026-06-19T11:59:14.375+0000] {subprocess.py:97} INFO - Command exited with return code 1
[2026-06-19T11:59:14.396+0000] {taskinstance.py:3301} ERROR - Task failed with exception
Traceback (most recent call last):
  File "/home/airflow/.local/lib/python3.12/site-packages/airflow/models/taskinstance.py", line 767, in _execute_task
    result = _execute_callable(context=context, **execute_callable_kwargs)
             ^^^^^^^^^^^^^^^^^^^^^^^^^^^^^^^^^^^^^^^^^^^^^^^^^^^^^^^^^^^^^
  File "/home/airflow/.local/lib/python3.12/site-packages/airflow/models/taskinstance.py", line 733, in _execute_callable
    return ExecutionCallableRunner(
           ^^^^^^^^^^^^^^^^^^^^^^^^
  File "/home/airflow/.local/lib/python3.12/site-packages/airflow/utils/operator_helpers.py", line 252, in run
    return self.func(*args, **kwargs)
           ^^^^^^^^^^^^^^^^^^^^^^^^^^
  File "/home/airflow/.local/lib/python3.12/site-packages/airflow/models/baseoperator.py", line 406, in wrapper
    return func(self, *args, **kwargs)
           ^^^^^^^^^^^^^^^^^^^^^^^^^^^
  File "/home/airflow/.local/lib/python3.12/site-packages/airflow/operators/bash.py", line 249, in execute
    raise AirflowException(
airflow.exceptions.AirflowException: Bash command failed. The command returned a non-zero exit code 1.
[2026-06-19T11:59:14.404+0000] {taskinstance.py:1225} INFO - Marking task as FAILED. dag_id=flex_eau_pipeline, task_id=ingestion_mysql_staging, run_id=scheduled__2026-06-18T00:00:00+00:00, execution_date=20260618T000000, start_date=20260619T115904, end_date=20260619T115914
[2026-06-19T11:59:14.451+0000] {taskinstance.py:340} INFO - ::group::Post task execution logs
[2026-06-19T11:59:14.453+0000] {standard_task_runner.py:124} ERROR - Failed to execute job 2 for task ingestion_mysql_staging (Bash command failed. The command returned a non-zero exit code 1.; 186)
Traceback (most recent call last):
  File "/home/airflow/.local/lib/python3.12/site-packages/airflow/task/task_runner/standard_task_runner.py", line 117, in _start_by_fork
    ret = args.func(args, dag=self.dag)
          ^^^^^^^^^^^^^^^^^^^^^^^^^^^^^
  File "/home/airflow/.local/lib/python3.12/site-packages/airflow/cli/cli_config.py", line 49, in command
    return func(*args, **kwargs)
           ^^^^^^^^^^^^^^^^^^^^^
  File "/home/airflow/.local/lib/python3.12/site-packages/airflow/utils/cli.py", line 115, in wrapper
    return f(*args, **kwargs)
           ^^^^^^^^^^^^^^^^^^
  File "/home/airflow/.local/lib/python3.12/site-packages/airflow/cli/commands/task_command.py", line 483, in task_run
    task_return_code = _run_task_by_selected_method(args, _dag, ti)
                       ^^^^^^^^^^^^^^^^^^^^^^^^^^^^^^^^^^^^^^^^^^^^
  File "/home/airflow/.local/lib/python3.12/site-packages/airflow/cli/commands/task_command.py", line 256, in _run_task_by_selected_method
    return _run_raw_task(args, ti)
           ^^^^^^^^^^^^^^^^^^^^^^^
  File "/home/airflow/.local/lib/python3.12/site-packages/airflow/cli/commands/task_command.py", line 341, in _run_raw_task
    return ti._run_raw_task(
           ^^^^^^^^^^^^^^^^^
  File "/home/airflow/.local/lib/python3.12/site-packages/airflow/utils/session.py", line 97, in wrapper
    return func(*args, session=session, **kwargs)
           ^^^^^^^^^^^^^^^^^^^^^^^^^^^^^^^^^^^^^^
  File "/home/airflow/.local/lib/python3.12/site-packages/airflow/models/taskinstance.py", line 2995, in _run_raw_task
    return _run_raw_task(
           ^^^^^^^^^^^^^^
  File "/home/airflow/.local/lib/python3.12/site-packages/airflow/models/taskinstance.py", line 273, in _run_raw_task
    TaskInstance._execute_task_with_callbacks(
  File "/home/airflow/.local/lib/python3.12/site-packages/airflow/models/taskinstance.py", line 3149, in _execute_task_with_callbacks
    result = self._execute_task(context, task_orig)
             ^^^^^^^^^^^^^^^^^^^^^^^^^^^^^^^^^^^^^^
  File "/home/airflow/.local/lib/python3.12/site-packages/airflow/models/taskinstance.py", line 3173, in _execute_task
    return _execute_task(self, context, task_orig)
           ^^^^^^^^^^^^^^^^^^^^^^^^^^^^^^^^^^^^^^^
  File "/home/airflow/.local/lib/python3.12/site-packages/airflow/models/taskinstance.py", line 767, in _execute_task
    result = _execute_callable(context=context, **execute_callable_kwargs)
             ^^^^^^^^^^^^^^^^^^^^^^^^^^^^^^^^^^^^^^^^^^^^^^^^^^^^^^^^^^^^^
  File "/home/airflow/.local/lib/python3.12/site-packages/airflow/models/taskinstance.py", line 733, in _execute_callable
    return ExecutionCallableRunner(
           ^^^^^^^^^^^^^^^^^^^^^^^^
  File "/home/airflow/.local/lib/python3.12/site-packages/airflow/utils/operator_helpers.py", line 252, in run
    return self.func(*args, **kwargs)
           ^^^^^^^^^^^^^^^^^^^^^^^^^^
  File "/home/airflow/.local/lib/python3.12/site-packages/airflow/models/baseoperator.py", line 406, in wrapper
    return func(self, *args, **kwargs)
           ^^^^^^^^^^^^^^^^^^^^^^^^^^^
  File "/home/airflow/.local/lib/python3.12/site-packages/airflow/operators/bash.py", line 249, in execute
    raise AirflowException(
airflow.exceptions.AirflowException: Bash command failed. The command returned a non-zero exit code 1.
[2026-06-19T11:59:14.508+0000] {local_task_job_runner.py:261} INFO - Task exited with return code 1
[2026-06-19T11:59:14.555+0000] {taskinstance.py:3891} INFO - 0 downstream tasks scheduled from follow-on schedule check
[2026-06-19T11:59:14.577+0000] {local_task_job_runner.py:240} INFO - ::endgroup::
[2026-06-19T11:59:14.603+0000] {standard_task_runner.py:217} INFO - Process not found (most likely exited), stop collecting metrics
[2026-06-19T18:21:24.853+0000] {local_task_job_runner.py:123} INFO - ::group::Pre task execution logs
[2026-06-19T18:21:24.919+0000] {taskinstance.py:2603} INFO - Dependencies all met for dep_context=non-requeueable deps ti=<TaskInstance: flex_eau_pipeline.ingestion_mysql_staging scheduled__2026-06-18T00:00:00+00:00 [queued]>
[2026-06-19T18:21:24.946+0000] {taskinstance.py:2603} INFO - Dependencies all met for dep_context=requeueable deps ti=<TaskInstance: flex_eau_pipeline.ingestion_mysql_staging scheduled__2026-06-18T00:00:00+00:00 [queued]>
[2026-06-19T18:21:24.947+0000] {taskinstance.py:2856} INFO - Starting attempt 1 of 1
[2026-06-19T18:21:25.002+0000] {taskinstance.py:2879} INFO - Executing <Task(BashOperator): ingestion_mysql_staging> on 2026-06-18 00:00:00+00:00
[2026-06-19T18:21:25.061+0000] {logging_mixin.py:190} WARNING - /home/***/.local/lib/python3.12/site-packages/***/task/task_runner/standard_task_runner.py:70 DeprecationWarning: This process (pid=291) is multi-threaded, use of fork() may lead to deadlocks in the child.
[2026-06-19T18:21:25.081+0000] {standard_task_runner.py:72} INFO - Started process 298 to run task
[2026-06-19T18:21:25.054+0000] {standard_task_runner.py:104} INFO - Running: ['***', 'tasks', 'run', 'flex_eau_pipeline', 'ingestion_mysql_staging', 'scheduled__2026-06-18T00:00:00+00:00', '--job-id', '5', '--raw', '--subdir', 'DAGS_FOLDER/flex_eau_pipeline.py', '--cfg-path', '/tmp/tmpg9bqaud0']
[2026-06-19T18:21:25.083+0000] {standard_task_runner.py:105} INFO - Job 5: Subtask ingestion_mysql_staging
[2026-06-19T18:21:25.299+0000] {task_command.py:467} INFO - Running <TaskInstance: flex_eau_pipeline.ingestion_mysql_staging scheduled__2026-06-18T00:00:00+00:00 [running]> on host 91a8e2bd83e7
[2026-06-19T18:21:25.556+0000] {taskinstance.py:3122} INFO - Exporting env vars: AIRFLOW_CTX_DAG_OWNER='***' AIRFLOW_CTX_DAG_ID='flex_eau_pipeline' AIRFLOW_CTX_TASK_ID='ingestion_mysql_staging' AIRFLOW_CTX_EXECUTION_DATE='2026-06-18T00:00:00+00:00' AIRFLOW_CTX_TRY_NUMBER='1' AIRFLOW_CTX_DAG_RUN_ID='scheduled__2026-06-18T00:00:00+00:00'
[2026-06-19T18:21:25.558+0000] {taskinstance.py:731} INFO - ::endgroup::
[2026-06-19T18:21:25.617+0000] {subprocess.py:63} INFO - Tmp dir root location: /tmp
[2026-06-19T18:21:25.623+0000] {subprocess.py:75} INFO - Running command: ['/usr/bin/bash', '-c', '\n        cd /opt/project &&         python ingestion/mysql_to_staging.py\n        ']
[2026-06-19T18:21:25.641+0000] {subprocess.py:86} INFO - Output:
[2026-06-19T18:21:51.169+0000] {subprocess.py:93} INFO - 2026-06-19 18:21:51,166|[WARNING]|307|124787991230272|dlt|validate.py|verify_normalized_table:113|In schema `flex_staging`: The following columns in table 'usagers' did not receive any data during this load and therefore could not have their types inferred:
[2026-06-19T18:21:51.170+0000] {subprocess.py:93} INFO -   - latitude
[2026-06-19T18:21:51.172+0000] {subprocess.py:93} INFO -   - longitude
[2026-06-19T18:21:51.172+0000] {subprocess.py:93} INFO - 
[2026-06-19T18:21:51.174+0000] {subprocess.py:93} INFO - Unless type hints are provided, these columns will not be materialized in the destination.
[2026-06-19T18:21:51.175+0000] {subprocess.py:93} INFO - One way to provide type hints is to use the 'columns' argument in the '@dlt.resource' decorator.  For example:
[2026-06-19T18:21:51.177+0000] {subprocess.py:93} INFO - 
[2026-06-19T18:21:51.178+0000] {subprocess.py:93} INFO - @dlt.resource(columns={'latitude': {'data_type': 'text'}})
[2026-06-19T18:21:51.179+0000] {subprocess.py:93} INFO - 
[2026-06-19T18:21:55.069+0000] {subprocess.py:93} INFO - 2026-06-19 18:21:55,066|[WARNING]|307|124787991230272|dlt|validate.py|verify_normalized_table:113|In schema `flex_staging`: The following columns in table 'compteurs' did not receive any data during this load and therefore could not have their types inferred:
[2026-06-19T18:21:55.075+0000] {subprocess.py:93} INFO -   - index_coupure
[2026-06-19T18:21:55.080+0000] {subprocess.py:93} INFO - 
[2026-06-19T18:21:55.082+0000] {subprocess.py:93} INFO - Unless type hints are provided, these columns will not be materialized in the destination.
[2026-06-19T18:21:55.083+0000] {subprocess.py:93} INFO - One way to provide type hints is to use the 'columns' argument in the '@dlt.resource' decorator.  For example:
[2026-06-19T18:21:55.087+0000] {subprocess.py:93} INFO - 
[2026-06-19T18:21:55.089+0000] {subprocess.py:93} INFO - @dlt.resource(columns={'index_coupure': {'data_type': 'text'}})
[2026-06-19T18:21:55.090+0000] {subprocess.py:93} INFO - 
[2026-06-19T18:22:01.913+0000] {subprocess.py:93} INFO - 2026-06-19 18:22:01,913|[WARNING]|307|124787991230272|dlt|validate.py|verify_normalized_table:113|In schema `flex_staging`: The following columns in table 'forages' did not receive any data during this load and therefore could not have their types inferred:
[2026-06-19T18:22:01.914+0000] {subprocess.py:93} INFO -   - latitude
[2026-06-19T18:22:01.915+0000] {subprocess.py:93} INFO -   - longitude
[2026-06-19T18:22:01.916+0000] {subprocess.py:93} INFO - 
[2026-06-19T18:22:01.917+0000] {subprocess.py:93} INFO - Unless type hints are provided, these columns will not be materialized in the destination.
[2026-06-19T18:22:01.919+0000] {subprocess.py:93} INFO - One way to provide type hints is to use the 'columns' argument in the '@dlt.resource' decorator.  For example:
[2026-06-19T18:22:01.920+0000] {subprocess.py:93} INFO - 
[2026-06-19T18:22:01.921+0000] {subprocess.py:93} INFO - @dlt.resource(columns={'latitude': {'data_type': 'text'}})
[2026-06-19T18:22:01.921+0000] {subprocess.py:93} INFO - 
[2026-06-19T18:22:06.757+0000] {subprocess.py:93} INFO - 
[2026-06-19T18:22:06.758+0000] {subprocess.py:93} INFO - ===== regions =====
[2026-06-19T18:22:06.759+0000] {subprocess.py:93} INFO - Pipeline flex_staging_pipeline load step completed in 0.64 seconds
[2026-06-19T18:22:06.761+0000] {subprocess.py:93} INFO - 2 load package(s) were loaded to destination postgres and into dataset staging
[2026-06-19T18:22:06.762+0000] {subprocess.py:93} INFO - The postgres destination used postgresql://postgres:***@postgres-staging:5432/flex_staging location to store data
[2026-06-19T18:22:06.763+0000] {subprocess.py:93} INFO - Load package 1781893303.1270554 is LOADED and contains no failed jobs
[2026-06-19T18:22:06.764+0000] {subprocess.py:93} INFO - Load package 1781893303.132191 is LOADED and contains no failed jobs
[2026-06-19T18:22:06.765+0000] {subprocess.py:93} INFO - 
[2026-06-19T18:22:06.767+0000] {subprocess.py:93} INFO - ===== departements =====
[2026-06-19T18:22:06.768+0000] {subprocess.py:93} INFO - Pipeline flex_staging_pipeline load step completed in 0.17 seconds
[2026-06-19T18:22:06.769+0000] {subprocess.py:93} INFO - 1 load package(s) were loaded to destination postgres and into dataset staging
[2026-06-19T18:22:06.770+0000] {subprocess.py:93} INFO - The postgres destination used postgresql://postgres:***@postgres-staging:5432/flex_staging location to store data
[2026-06-19T18:22:06.771+0000] {subprocess.py:93} INFO - Load package 1781893305.5485694 is LOADED and contains no failed jobs
[2026-06-19T18:22:06.773+0000] {subprocess.py:93} INFO - 
[2026-06-19T18:22:06.774+0000] {subprocess.py:93} INFO - ===== communes =====
[2026-06-19T18:22:06.775+0000] {subprocess.py:93} INFO - Pipeline flex_staging_pipeline load step completed in 0.19 seconds
[2026-06-19T18:22:06.777+0000] {subprocess.py:93} INFO - 1 load package(s) were loaded to destination postgres and into dataset staging
[2026-06-19T18:22:06.778+0000] {subprocess.py:93} INFO - The postgres destination used postgresql://postgres:***@postgres-staging:5432/flex_staging location to store data
[2026-06-19T18:22:06.779+0000] {subprocess.py:93} INFO - Load package 1781893306.3709254 is LOADED and contains no failed jobs
[2026-06-19T18:22:06.780+0000] {subprocess.py:93} INFO - 
[2026-06-19T18:22:06.781+0000] {subprocess.py:93} INFO - ===== sites =====
[2026-06-19T18:22:06.782+0000] {subprocess.py:93} INFO - Pipeline flex_staging_pipeline load step completed in 0.19 seconds
[2026-06-19T18:22:06.783+0000] {subprocess.py:93} INFO - 1 load package(s) were loaded to destination postgres and into dataset staging
[2026-06-19T18:22:06.784+0000] {subprocess.py:93} INFO - The postgres destination used postgresql://postgres:***@postgres-staging:5432/flex_staging location to store data
[2026-06-19T18:22:06.786+0000] {subprocess.py:93} INFO - Load package 1781893307.2180727 is LOADED and contains no failed jobs
[2026-06-19T18:22:06.787+0000] {subprocess.py:93} INFO - 
[2026-06-19T18:22:06.788+0000] {subprocess.py:93} INFO - ===== usages =====
[2026-06-19T18:22:06.789+0000] {subprocess.py:93} INFO - Pipeline flex_staging_pipeline load step completed in 0.12 seconds
[2026-06-19T18:22:06.790+0000] {subprocess.py:93} INFO - 1 load package(s) were loaded to destination postgres and into dataset staging
[2026-06-19T18:22:06.791+0000] {subprocess.py:93} INFO - The postgres destination used postgresql://postgres:***@postgres-staging:5432/flex_staging location to store data
[2026-06-19T18:22:06.792+0000] {subprocess.py:93} INFO - Load package 1781893307.9504325 is LOADED and contains no failed jobs
[2026-06-19T18:22:06.793+0000] {subprocess.py:93} INFO - 
[2026-06-19T18:22:06.794+0000] {subprocess.py:93} INFO - ===== sources_energie =====
[2026-06-19T18:22:06.795+0000] {subprocess.py:93} INFO - Pipeline flex_staging_pipeline load step completed in 0.11 seconds
[2026-06-19T18:22:06.796+0000] {subprocess.py:93} INFO - 1 load package(s) were loaded to destination postgres and into dataset staging
[2026-06-19T18:22:06.797+0000] {subprocess.py:93} INFO - The postgres destination used postgresql://postgres:***@postgres-staging:5432/flex_staging location to store data
[2026-06-19T18:22:06.798+0000] {subprocess.py:93} INFO - Load package 1781893308.451699 is LOADED and contains no failed jobs
[2026-06-19T18:22:06.798+0000] {subprocess.py:93} INFO - 
[2026-06-19T18:22:06.799+0000] {subprocess.py:93} INFO - ===== agents =====
[2026-06-19T18:22:06.800+0000] {subprocess.py:93} INFO - Pipeline flex_staging_pipeline load step completed in 0.13 seconds
[2026-06-19T18:22:06.801+0000] {subprocess.py:93} INFO - 1 load package(s) were loaded to destination postgres and into dataset staging
[2026-06-19T18:22:06.802+0000] {subprocess.py:93} INFO - The postgres destination used postgresql://postgres:***@postgres-staging:5432/flex_staging location to store data
[2026-06-19T18:22:06.803+0000] {subprocess.py:93} INFO - Load package 1781893308.968919 is LOADED and contains no failed jobs
[2026-06-19T18:22:06.803+0000] {subprocess.py:93} INFO - 
[2026-06-19T18:22:06.804+0000] {subprocess.py:93} INFO - ===== usagers =====
[2026-06-19T18:22:06.805+0000] {subprocess.py:93} INFO - Pipeline flex_staging_pipeline load step completed in 0.82 seconds
[2026-06-19T18:22:06.806+0000] {subprocess.py:93} INFO - 1 load package(s) were loaded to destination postgres and into dataset staging
[2026-06-19T18:22:06.807+0000] {subprocess.py:93} INFO - The postgres destination used postgresql://postgres:***@postgres-staging:5432/flex_staging location to store data
[2026-06-19T18:22:06.808+0000] {subprocess.py:93} INFO - Load package 1781893309.5780065 is LOADED and contains no failed jobs
[2026-06-19T18:22:06.808+0000] {subprocess.py:93} INFO - 
[2026-06-19T18:22:06.809+0000] {subprocess.py:93} INFO - ===== abonnes =====
[2026-06-19T18:22:06.810+0000] {subprocess.py:93} INFO - Pipeline flex_staging_pipeline load step completed in 0.29 seconds
[2026-06-19T18:22:06.811+0000] {subprocess.py:93} INFO - 1 load package(s) were loaded to destination postgres and into dataset staging
[2026-06-19T18:22:06.811+0000] {subprocess.py:93} INFO - The postgres destination used postgresql://postgres:***@postgres-staging:5432/flex_staging location to store data
[2026-06-19T18:22:06.812+0000] {subprocess.py:93} INFO - Load package 1781893313.4014504 is LOADED and contains no failed jobs
[2026-06-19T18:22:06.813+0000] {subprocess.py:93} INFO - 
[2026-06-19T18:22:06.814+0000] {subprocess.py:93} INFO - ===== compteurs =====
[2026-06-19T18:22:06.815+0000] {subprocess.py:93} INFO - Pipeline flex_staging_pipeline load step completed in 0.19 seconds
[2026-06-19T18:22:06.816+0000] {subprocess.py:93} INFO - 1 load package(s) were loaded to destination postgres and into dataset staging
[2026-06-19T18:22:06.817+0000] {subprocess.py:93} INFO - The postgres destination used postgresql://postgres:***@postgres-staging:5432/flex_staging location to store data
[2026-06-19T18:22:06.817+0000] {subprocess.py:93} INFO - Load package 1781893314.753584 is LOADED and contains no failed jobs
[2026-06-19T18:22:06.818+0000] {subprocess.py:93} INFO - 
[2026-06-19T18:22:06.819+0000] {subprocess.py:93} INFO - ===== demandes_abonnement =====
[2026-06-19T18:22:06.819+0000] {subprocess.py:93} INFO - Pipeline flex_staging_pipeline load step completed in 0.15 seconds
[2026-06-19T18:22:06.820+0000] {subprocess.py:93} INFO - 1 load package(s) were loaded to destination postgres and into dataset staging
[2026-06-19T18:22:06.820+0000] {subprocess.py:93} INFO - The postgres destination used postgresql://postgres:***@postgres-staging:5432/flex_staging location to store data
[2026-06-19T18:22:06.821+0000] {subprocess.py:93} INFO - Load package 1781893315.7037694 is LOADED and contains no failed jobs
[2026-06-19T18:22:06.824+0000] {subprocess.py:93} INFO - 
[2026-06-19T18:22:06.829+0000] {subprocess.py:93} INFO - ===== devis_materiel =====
[2026-06-19T18:22:06.833+0000] {subprocess.py:93} INFO - Pipeline flex_staging_pipeline load step completed in 0.23 seconds
[2026-06-19T18:22:06.836+0000] {subprocess.py:93} INFO - 1 load package(s) were loaded to destination postgres and into dataset staging
[2026-06-19T18:22:06.839+0000] {subprocess.py:93} INFO - The postgres destination used postgresql://postgres:***@postgres-staging:5432/flex_staging location to store data
[2026-06-19T18:22:06.840+0000] {subprocess.py:93} INFO - Load package 1781893316.386316 is LOADED and contains no failed jobs
[2026-06-19T18:22:06.842+0000] {subprocess.py:93} INFO - 
[2026-06-19T18:22:06.844+0000] {subprocess.py:93} INFO - ===== releve_compteur =====
[2026-06-19T18:22:06.846+0000] {subprocess.py:93} INFO - Pipeline flex_staging_pipeline load step completed in 0.36 seconds
[2026-06-19T18:22:06.848+0000] {subprocess.py:93} INFO - 1 load package(s) were loaded to destination postgres and into dataset staging
[2026-06-19T18:22:06.849+0000] {subprocess.py:93} INFO - The postgres destination used postgresql://postgres:***@postgres-staging:5432/flex_staging location to store data
[2026-06-19T18:22:06.850+0000] {subprocess.py:93} INFO - Load package 1781893317.1589363 is LOADED and contains no failed jobs
[2026-06-19T18:22:06.851+0000] {subprocess.py:93} INFO - 
[2026-06-19T18:22:06.853+0000] {subprocess.py:93} INFO - ===== factures =====
[2026-06-19T18:22:06.854+0000] {subprocess.py:93} INFO - Pipeline flex_staging_pipeline load step completed in 0.41 seconds
[2026-06-19T18:22:06.855+0000] {subprocess.py:93} INFO - 1 load package(s) were loaded to destination postgres and into dataset staging
[2026-06-19T18:22:06.856+0000] {subprocess.py:93} INFO - The postgres destination used postgresql://postgres:***@postgres-staging:5432/flex_staging location to store data
[2026-06-19T18:22:06.857+0000] {subprocess.py:93} INFO - Load package 1781893318.701901 is LOADED and contains no failed jobs
[2026-06-19T18:22:06.858+0000] {subprocess.py:93} INFO - 
[2026-06-19T18:22:06.859+0000] {subprocess.py:93} INFO - ===== paiements =====
[2026-06-19T18:22:06.860+0000] {subprocess.py:93} INFO - Pipeline flex_staging_pipeline load step completed in 0.20 seconds
[2026-06-19T18:22:06.862+0000] {subprocess.py:93} INFO - 1 load package(s) were loaded to destination postgres and into dataset staging
[2026-06-19T18:22:06.863+0000] {subprocess.py:93} INFO - The postgres destination used postgresql://postgres:***@postgres-staging:5432/flex_staging location to store data
[2026-06-19T18:22:06.864+0000] {subprocess.py:93} INFO - Load package 1781893320.5161498 is LOADED and contains no failed jobs
[2026-06-19T18:22:06.864+0000] {subprocess.py:93} INFO - 
[2026-06-19T18:22:06.865+0000] {subprocess.py:93} INFO - ===== forages =====
[2026-06-19T18:22:06.866+0000] {subprocess.py:93} INFO - Pipeline flex_staging_pipeline load step completed in 0.12 seconds
[2026-06-19T18:22:06.867+0000] {subprocess.py:93} INFO - 1 load package(s) were loaded to destination postgres and into dataset staging
[2026-06-19T18:22:06.868+0000] {subprocess.py:93} INFO - The postgres destination used postgresql://postgres:***@postgres-staging:5432/flex_staging location to store data
[2026-06-19T18:22:06.868+0000] {subprocess.py:93} INFO - Load package 1781893321.7202497 is LOADED and contains no failed jobs
[2026-06-19T18:22:06.869+0000] {subprocess.py:93} INFO - 
[2026-06-19T18:22:06.870+0000] {subprocess.py:93} INFO - ===== sessions =====
[2026-06-19T18:22:06.871+0000] {subprocess.py:93} INFO - Pipeline flex_staging_pipeline load step completed in 0.13 seconds
[2026-06-19T18:22:06.871+0000] {subprocess.py:93} INFO - 1 load package(s) were loaded to destination postgres and into dataset staging
[2026-06-19T18:22:06.872+0000] {subprocess.py:93} INFO - The postgres destination used postgresql://postgres:***@postgres-staging:5432/flex_staging location to store data
[2026-06-19T18:22:06.873+0000] {subprocess.py:93} INFO - Load package 1781893322.2908294 is LOADED and contains no failed jobs
[2026-06-19T18:22:06.874+0000] {subprocess.py:93} INFO - 
[2026-06-19T18:22:06.874+0000] {subprocess.py:93} INFO - ===== session_site =====
[2026-06-19T18:22:06.875+0000] {subprocess.py:93} INFO - Pipeline flex_staging_pipeline load step completed in 0.15 seconds
[2026-06-19T18:22:06.875+0000] {subprocess.py:93} INFO - 1 load package(s) were loaded to destination postgres and into dataset staging
[2026-06-19T18:22:06.876+0000] {subprocess.py:93} INFO - The postgres destination used postgresql://postgres:***@postgres-staging:5432/flex_staging location to store data
[2026-06-19T18:22:06.877+0000] {subprocess.py:93} INFO - Load package 1781893322.8820648 is LOADED and contains no failed jobs
[2026-06-19T18:22:06.878+0000] {subprocess.py:93} INFO - 
[2026-06-19T18:22:06.878+0000] {subprocess.py:93} INFO - ===== production =====
[2026-06-19T18:22:06.879+0000] {subprocess.py:93} INFO - Pipeline flex_staging_pipeline load step completed in 0.16 seconds
[2026-06-19T18:22:06.880+0000] {subprocess.py:93} INFO - 1 load package(s) were loaded to destination postgres and into dataset staging
[2026-06-19T18:22:06.880+0000] {subprocess.py:93} INFO - The postgres destination used postgresql://postgres:***@postgres-staging:5432/flex_staging location to store data
[2026-06-19T18:22:06.881+0000] {subprocess.py:93} INFO - Load package 1781893323.4589233 is LOADED and contains no failed jobs
[2026-06-19T18:22:06.881+0000] {subprocess.py:93} INFO - 
[2026-06-19T18:22:06.882+0000] {subprocess.py:93} INFO - ===== consommation_energetique =====
[2026-06-19T18:22:06.883+0000] {subprocess.py:93} INFO - Pipeline flex_staging_pipeline load step completed in 0.14 seconds
[2026-06-19T18:22:06.883+0000] {subprocess.py:93} INFO - 1 load package(s) were loaded to destination postgres and into dataset staging
[2026-06-19T18:22:06.884+0000] {subprocess.py:93} INFO - The postgres destination used postgresql://postgres:***@postgres-staging:5432/flex_staging location to store data
[2026-06-19T18:22:06.884+0000] {subprocess.py:93} INFO - Load package 1781893324.101488 is LOADED and contains no failed jobs
[2026-06-19T18:22:06.885+0000] {subprocess.py:93} INFO - 
[2026-06-19T18:22:06.885+0000] {subprocess.py:93} INFO - ===== factures_electricite =====
[2026-06-19T18:22:06.886+0000] {subprocess.py:93} INFO - Pipeline flex_staging_pipeline load step completed in 0.14 seconds
[2026-06-19T18:22:06.886+0000] {subprocess.py:93} INFO - 1 load package(s) were loaded to destination postgres and into dataset staging
[2026-06-19T18:22:06.887+0000] {subprocess.py:93} INFO - The postgres destination used postgresql://postgres:***@postgres-staging:5432/flex_staging location to store data
[2026-06-19T18:22:06.887+0000] {subprocess.py:93} INFO - Load package 1781893324.689342 is LOADED and contains no failed jobs
[2026-06-19T18:22:06.888+0000] {subprocess.py:93} INFO - 
[2026-06-19T18:22:06.888+0000] {subprocess.py:93} INFO - ===== paiements_factures =====
[2026-06-19T18:22:06.889+0000] {subprocess.py:93} INFO - Pipeline flex_staging_pipeline load step completed in 0.16 seconds
[2026-06-19T18:22:06.889+0000] {subprocess.py:93} INFO - 1 load package(s) were loaded to destination postgres and into dataset staging
[2026-06-19T18:22:06.890+0000] {subprocess.py:93} INFO - The postgres destination used postgresql://postgres:***@postgres-staging:5432/flex_staging location to store data
[2026-06-19T18:22:06.890+0000] {subprocess.py:93} INFO - Load package 1781893325.3776941 is LOADED and contains no failed jobs
[2026-06-19T18:22:06.891+0000] {subprocess.py:93} INFO - 
[2026-06-19T18:22:06.891+0000] {subprocess.py:93} INFO - ===== incidents =====
[2026-06-19T18:22:06.892+0000] {subprocess.py:93} INFO - Pipeline flex_staging_pipeline load step completed in 0.19 seconds
[2026-06-19T18:22:06.892+0000] {subprocess.py:93} INFO - 1 load package(s) were loaded to destination postgres and into dataset staging
[2026-06-19T18:22:06.893+0000] {subprocess.py:93} INFO - The postgres destination used postgresql://postgres:***@postgres-staging:5432/flex_staging location to store data
[2026-06-19T18:22:10.347+0000] {subprocess.py:93} INFO - Load package 1781893326.1697397 is LOADED and contains no failed jobs2026-06-19 18:22:10,346|[WARNING]|307|124787991230272|dlt|validate.py|verify_normalized_table:113|In schema `flex_staging`: The following columns in table 'bons_coupure' did not receive any data during this load and therefore could not have their types inferred:
[2026-06-19T18:22:10.349+0000] {subprocess.py:93} INFO -   - date_annulation
[2026-06-19T18:22:10.350+0000] {subprocess.py:93} INFO -   - date_modification
[2026-06-19T18:22:10.352+0000] {subprocess.py:93} INFO -   - facture_num
[2026-06-19T18:22:10.353+0000] {subprocess.py:93} INFO -   - latitude
[2026-06-19T18:22:10.355+0000] {subprocess.py:93} INFO -   - longitude
[2026-06-19T18:22:10.356+0000] {subprocess.py:93} INFO - 
[2026-06-19T18:22:10.357+0000] {subprocess.py:93} INFO - Unless type hints are provided, these columns will not be materialized in the destination.
[2026-06-19T18:22:10.358+0000] {subprocess.py:93} INFO - One way to provide type hints is to use the 'columns' argument in the '@dlt.resource' decorator.  For example:
[2026-06-19T18:22:10.359+0000] {subprocess.py:93} INFO - 
[2026-06-19T18:22:10.361+0000] {subprocess.py:93} INFO - @dlt.resource(columns={'date_annulation': {'data_type': 'text'}})
[2026-06-19T18:22:10.362+0000] {subprocess.py:93} INFO - 
[2026-06-19T18:22:10.891+0000] {subprocess.py:93} INFO - 
[2026-06-19T18:22:10.893+0000] {subprocess.py:93} INFO - 
[2026-06-19T18:22:10.894+0000] {subprocess.py:93} INFO - ===== interventions =====
[2026-06-19T18:22:10.895+0000] {subprocess.py:93} INFO - Pipeline flex_staging_pipeline load step completed in 0.14 seconds
[2026-06-19T18:22:10.897+0000] {subprocess.py:93} INFO - 1 load package(s) were loaded to destination postgres and into dataset staging
[2026-06-19T18:22:10.898+0000] {subprocess.py:93} INFO - The postgres destination used postgresql://postgres:***@postgres-staging:5432/flex_staging location to store data
[2026-06-19T18:22:10.899+0000] {subprocess.py:93} INFO - Load package 1781893326.9148502 is LOADED and contains no failed jobs
[2026-06-19T18:22:10.901+0000] {subprocess.py:93} INFO - 
[2026-06-19T18:22:10.902+0000] {subprocess.py:93} INFO - ===== moratoires =====
[2026-06-19T18:22:10.903+0000] {subprocess.py:93} INFO - Pipeline flex_staging_pipeline load step completed in 0.19 seconds
[2026-06-19T18:22:10.904+0000] {subprocess.py:93} INFO - 1 load package(s) were loaded to destination postgres and into dataset staging
[2026-06-19T18:22:10.906+0000] {subprocess.py:93} INFO - The postgres destination used postgresql://postgres:***@postgres-staging:5432/flex_staging location to store data
[2026-06-19T18:22:10.907+0000] {subprocess.py:93} INFO - Load package 1781893327.5269437 is LOADED and contains no failed jobs
[2026-06-19T18:22:10.908+0000] {subprocess.py:93} INFO - 
[2026-06-19T18:22:10.909+0000] {subprocess.py:93} INFO - ===== ordres_coupure =====
[2026-06-19T18:22:10.911+0000] {subprocess.py:93} INFO - Pipeline flex_staging_pipeline load step completed in 0.14 seconds
[2026-06-19T18:22:10.912+0000] {subprocess.py:93} INFO - 1 load package(s) were loaded to destination postgres and into dataset staging
[2026-06-19T18:22:10.914+0000] {subprocess.py:93} INFO - The postgres destination used postgresql://postgres:***@postgres-staging:5432/flex_staging location to store data
[2026-06-19T18:22:10.915+0000] {subprocess.py:93} INFO - Load package 1781893328.0923235 is LOADED and contains no failed jobs
[2026-06-19T18:22:10.916+0000] {subprocess.py:93} INFO - 
[2026-06-19T18:22:10.917+0000] {subprocess.py:93} INFO - ===== ordres_retablissement =====
[2026-06-19T18:22:10.918+0000] {subprocess.py:93} INFO - Pipeline flex_staging_pipeline load step completed in 0.17 seconds
[2026-06-19T18:22:10.920+0000] {subprocess.py:93} INFO - 1 load package(s) were loaded to destination postgres and into dataset staging
[2026-06-19T18:22:10.921+0000] {subprocess.py:93} INFO - The postgres destination used postgresql://postgres:***@postgres-staging:5432/flex_staging location to store data
[2026-06-19T18:22:10.922+0000] {subprocess.py:93} INFO - Load package 1781893328.6050665 is LOADED and contains no failed jobs
[2026-06-19T18:22:10.924+0000] {subprocess.py:93} INFO - 
[2026-06-19T18:22:10.925+0000] {subprocess.py:93} INFO - ===== ordres_resiliation =====
[2026-06-19T18:22:10.926+0000] {subprocess.py:93} INFO - Pipeline flex_staging_pipeline load step completed in 0.34 seconds
[2026-06-19T18:22:10.927+0000] {subprocess.py:93} INFO - 1 load package(s) were loaded to destination postgres and into dataset staging
[2026-06-19T18:22:10.929+0000] {subprocess.py:93} INFO - The postgres destination used postgresql://postgres:***@postgres-staging:5432/flex_staging location to store data
[2026-06-19T18:22:10.930+0000] {subprocess.py:93} INFO - Load package 1781893329.236778 is LOADED and contains no failed jobs
[2026-06-19T18:22:10.931+0000] {subprocess.py:93} INFO - 
[2026-06-19T18:22:10.932+0000] {subprocess.py:93} INFO - ===== bons_coupure =====
[2026-06-19T18:22:10.933+0000] {subprocess.py:93} INFO - Pipeline flex_staging_pipeline load step completed in 0.38 seconds
[2026-06-19T18:22:10.935+0000] {subprocess.py:93} INFO - 1 load package(s) were loaded to destination postgres and into dataset staging
[2026-06-19T18:22:10.936+0000] {subprocess.py:93} INFO - The postgres destination used postgresql://postgres:***@postgres-staging:5432/flex_staging location to store data
[2026-06-19T18:22:10.937+0000] {subprocess.py:93} INFO - Load package 1781893330.089908 is LOADED and contains no failed jobs
[2026-06-19T18:22:11.744+0000] {subprocess.py:97} INFO - Command exited with return code 0
[2026-06-19T18:22:11.832+0000] {taskinstance.py:340} INFO - ::group::Post task execution logs
[2026-06-19T18:22:11.833+0000] {taskinstance.py:352} INFO - Marking task as SUCCESS. dag_id=flex_eau_pipeline, task_id=ingestion_mysql_staging, run_id=scheduled__2026-06-18T00:00:00+00:00, execution_date=20260618T000000, start_date=20260619T182124, end_date=20260619T182211
[2026-06-19T18:22:11.913+0000] {local_task_job_runner.py:261} INFO - Task exited with return code 0
[2026-06-19T18:22:11.981+0000] {taskinstance.py:3891} INFO - 0 downstream tasks scheduled from follow-on schedule check
[2026-06-19T18:22:12.001+0000] {local_task_job_runner.py:240} INFO - ::endgroup::
