[2026-08-12T00:25:38.224+0000] {local_task_job_runner.py:123} INFO - ::group::Pre task execution logs
[2026-08-12T00:25:38.314+0000] {taskinstance.py:2603} INFO - Dependencies all met for dep_context=non-requeueable deps ti=<TaskInstance: flex_eau_pipeline.dim_abonne scheduled__2026-08-11T00:00:00+00:00 [queued]>
[2026-08-12T00:25:38.348+0000] {taskinstance.py:2603} INFO - Dependencies all met for dep_context=requeueable deps ti=<TaskInstance: flex_eau_pipeline.dim_abonne scheduled__2026-08-11T00:00:00+00:00 [queued]>
[2026-08-12T00:25:38.356+0000] {taskinstance.py:2856} INFO - Starting attempt 1 of 2
[2026-08-12T00:25:38.402+0000] {taskinstance.py:2879} INFO - Executing <Task(BashOperator): dim_abonne> on 2026-08-11 00:00:00+00:00
[2026-08-12T00:25:38.424+0000] {standard_task_runner.py:72} INFO - Started process 6879 to run task
[2026-08-12T00:25:38.438+0000] {standard_task_runner.py:104} INFO - Running: ['***', 'tasks', 'run', 'flex_eau_pipeline', 'dim_abonne', 'scheduled__2026-08-11T00:00:00+00:00', '--job-id', '69', '--raw', '--subdir', 'DAGS_FOLDER/flex_eau_pipeline.py', '--cfg-path', '/tmp/tmpj2ek5hhq']
[2026-08-12T00:25:38.451+0000] {standard_task_runner.py:105} INFO - Job 69: Subtask dim_abonne
[2026-08-12T00:25:38.670+0000] {task_command.py:467} INFO - Running <TaskInstance: flex_eau_pipeline.dim_abonne scheduled__2026-08-11T00:00:00+00:00 [running]> on host b97d7a013992
[2026-08-12T00:25:38.982+0000] {taskinstance.py:3122} INFO - Exporting env vars: AIRFLOW_CTX_DAG_OWNER='flex-eau' AIRFLOW_CTX_DAG_ID='flex_eau_pipeline' AIRFLOW_CTX_TASK_ID='dim_abonne' AIRFLOW_CTX_EXECUTION_DATE='2026-08-11T00:00:00+00:00' AIRFLOW_CTX_TRY_NUMBER='1' AIRFLOW_CTX_DAG_RUN_ID='scheduled__2026-08-11T00:00:00+00:00'
[2026-08-12T00:25:38.984+0000] {taskinstance.py:731} INFO - ::endgroup::
[2026-08-12T00:25:39.026+0000] {subprocess.py:63} INFO - Tmp dir root location: /tmp
[2026-08-12T00:25:39.030+0000] {subprocess.py:75} INFO - Running command: ['/usr/bin/bash', '-c', 'python spark_jobs/dimensions/dim_abonne.py']
[2026-08-12T00:25:39.061+0000] {subprocess.py:86} INFO - Output:
[2026-08-12T00:25:52.623+0000] {subprocess.py:93} INFO - 26/08/12 00:25:52 WARN NativeCodeLoader: Unable to load native-hadoop library for your platform... using builtin-java classes where applicable
[2026-08-12T00:25:54.631+0000] {subprocess.py:93} INFO - Setting default log level to "WARN".
[2026-08-12T00:25:54.647+0000] {subprocess.py:93} INFO - To adjust logging level use sc.setLogLevel(newLevel). For SparkR, use setLogLevel(newLevel).
[2026-08-12T00:26:43.257+0000] {subprocess.py:93} INFO - [Stage 0:>                                                          (0 + 0) / 1]26/08/12 00:26:43 WARN TaskSchedulerImpl: Initial job has not accepted any resources; check your cluster UI to ensure that workers are registered and have sufficient resources
[2026-08-12T00:26:53.703+0000] {subprocess.py:93} INFO - [Stage 0:>                                                          (0 + 1) / 1]                                                                                [Stage 4:>                                                          (0 + 1) / 1]                                                                                Nombre lignes : 50
[2026-08-12T00:26:53.704+0000] {subprocess.py:93} INFO - +----------+---------+------------+---------+--------+---------------+-------------+-------------+----------+
[2026-08-12T00:26:53.705+0000] {subprocess.py:93} INFO - |abonne_key|abonne_id|num_abonne  |usager_id|usage_id|date_abonnement|statut_abonne|solde_courant|vol_moy_m3|
[2026-08-12T00:26:53.705+0000] {subprocess.py:93} INFO - +----------+---------+------------+---------+--------+---------------+-------------+-------------+----------+
[2026-08-12T00:26:53.706+0000] {subprocess.py:93} INFO - |0         |1        |KL-000001-BD|1        |1       |2024-01-10     |ACTIF        |0.0          |12.0      |
[2026-08-12T00:26:53.706+0000] {subprocess.py:93} INFO - |1         |2        |KL-000002-BD|2        |1       |2024-01-15     |ACTIF        |2500.0       |15.0      |
[2026-08-12T00:26:53.707+0000] {subprocess.py:93} INFO - |2         |3        |KL-000003-BD|3        |1       |2024-02-01     |ACTIF        |0.0          |11.0      |
[2026-08-12T00:26:53.707+0000] {subprocess.py:93} INFO - |3         |4        |KL-000004-BD|4        |1       |2024-02-05     |ACTIF        |0.0          |10.0      |
[2026-08-12T00:26:53.708+0000] {subprocess.py:93} INFO - |4         |5        |KL-000005-BD|5        |1       |2024-02-08     |ACTIF        |1500.0       |13.0      |
[2026-08-12T00:26:53.708+0000] {subprocess.py:93} INFO - |5         |6        |KL-000006-BD|6        |1       |2024-03-01     |ACTIF        |0.0          |12.0      |
[2026-08-12T00:26:53.709+0000] {subprocess.py:93} INFO - |6         |7        |KL-000007-BD|7        |1       |2024-03-02     |ACTIF        |0.0          |14.0      |
[2026-08-12T00:26:53.710+0000] {subprocess.py:93} INFO - |7         |8        |KL-000008-BD|8        |1       |2024-03-10     |ACTIF        |3000.0       |18.0      |
[2026-08-12T00:26:53.710+0000] {subprocess.py:93} INFO - |8         |9        |KL-000009-BD|9        |1       |2024-03-15     |ACTIF        |0.0          |15.0      |
[2026-08-12T00:26:53.711+0000] {subprocess.py:93} INFO - |9         |10       |KL-000010-BD|10       |1       |2024-03-20     |ACTIF        |0.0          |11.0      |
[2026-08-12T00:26:53.712+0000] {subprocess.py:93} INFO - |10        |11       |KL-000011-BD|11       |1       |2024-04-01     |ACTIF        |0.0          |12.0      |
[2026-08-12T00:26:53.712+0000] {subprocess.py:93} INFO - |11        |12       |KL-000012-BD|12       |1       |2024-04-03     |ACTIF        |0.0          |13.0      |
[2026-08-12T00:26:53.713+0000] {subprocess.py:93} INFO - |12        |13       |KF-000013-BD|13       |1       |2024-04-10     |ACTIF        |0.0          |10.0      |
[2026-08-12T00:26:53.713+0000] {subprocess.py:93} INFO - |13        |14       |KF-000014-BD|14       |1       |2024-04-11     |ACTIF        |2000.0       |12.0      |
[2026-08-12T00:26:53.714+0000] {subprocess.py:93} INFO - |14        |15       |KF-000015-BD|15       |1       |2024-04-12     |ACTIF        |0.0          |14.0      |
[2026-08-12T00:26:53.715+0000] {subprocess.py:93} INFO - |15        |16       |KF-000016-BD|16       |1       |2024-04-15     |ACTIF        |0.0          |11.0      |
[2026-08-12T00:26:53.715+0000] {subprocess.py:93} INFO - |16        |17       |KF-000017-BD|17       |1       |2024-04-18     |ACTIF        |0.0          |12.0      |
[2026-08-12T00:26:53.716+0000] {subprocess.py:93} INFO - |17        |18       |KF-000018-BD|18       |1       |2024-04-20     |ACTIF        |0.0          |15.0      |
[2026-08-12T00:26:53.716+0000] {subprocess.py:93} INFO - |18        |19       |KF-000019-BD|19       |1       |2024-04-21     |ACTIF        |1000.0       |14.0      |
[2026-08-12T00:26:53.717+0000] {subprocess.py:93} INFO - |19        |20       |KF-000020-BD|20       |1       |2024-04-22     |ACTIF        |0.0          |12.0      |
[2026-08-12T00:26:53.717+0000] {subprocess.py:93} INFO - +----------+---------+------------+---------+--------+---------------+-------------+-------------+----------+
[2026-08-12T00:26:53.718+0000] {subprocess.py:93} INFO - only showing top 20 rows
[2026-08-12T00:26:53.718+0000] {subprocess.py:93} INFO - 
[2026-08-12T00:26:53.719+0000] {subprocess.py:93} INFO - DIM_ABONNE créée avec succès
[2026-08-12T00:26:54.204+0000] {subprocess.py:97} INFO - Command exited with return code 0
[2026-08-12T00:26:54.247+0000] {taskinstance.py:340} INFO - ::group::Post task execution logs
[2026-08-12T00:26:54.248+0000] {taskinstance.py:352} INFO - Marking task as SUCCESS. dag_id=flex_eau_pipeline, task_id=dim_abonne, run_id=scheduled__2026-08-11T00:00:00+00:00, execution_date=20260811T000000, start_date=20260812T002538, end_date=20260812T002654
[2026-08-12T00:26:54.283+0000] {local_task_job_runner.py:261} INFO - Task exited with return code 0
[2026-08-12T00:26:54.326+0000] {taskinstance.py:3891} INFO - 0 downstream tasks scheduled from follow-on schedule check
[2026-08-12T00:26:54.330+0000] {local_task_job_runner.py:240} INFO - ::endgroup::
