[2026-07-26T00:00:02.227+0000] {local_task_job_runner.py:123} INFO - ::group::Pre task execution logs
[2026-07-26T00:00:02.276+0000] {taskinstance.py:2603} INFO - Dependencies all met for dep_context=non-requeueable deps ti=<TaskInstance: flex_eau_pipeline.ingestion_mysql_staging scheduled__2026-07-25T00:00:00+00:00 [queued]>
[2026-07-26T00:00:02.289+0000] {taskinstance.py:2603} INFO - Dependencies all met for dep_context=requeueable deps ti=<TaskInstance: flex_eau_pipeline.ingestion_mysql_staging scheduled__2026-07-25T00:00:00+00:00 [queued]>
[2026-07-26T00:00:02.290+0000] {taskinstance.py:2856} INFO - Starting attempt 1 of 2
[2026-07-26T00:00:02.309+0000] {taskinstance.py:2879} INFO - Executing <Task(BashOperator): ingestion_mysql_staging> on 2026-07-25 00:00:00+00:00
[2026-07-26T00:00:02.318+0000] {standard_task_runner.py:72} INFO - Started process 6338 to run task
[2026-07-26T00:00:02.326+0000] {standard_task_runner.py:104} INFO - Running: ['***', 'tasks', 'run', 'flex_eau_pipeline', 'ingestion_mysql_staging', 'scheduled__2026-07-25T00:00:00+00:00', '--job-id', '33', '--raw', '--subdir', 'DAGS_FOLDER/flex_eau_pipeline.py', '--cfg-path', '/tmp/tmptrambq7l']
[2026-07-26T00:00:02.331+0000] {standard_task_runner.py:105} INFO - Job 33: Subtask ingestion_mysql_staging
[2026-07-26T00:00:02.436+0000] {task_command.py:467} INFO - Running <TaskInstance: flex_eau_pipeline.ingestion_mysql_staging scheduled__2026-07-25T00:00:00+00:00 [running]> on host b1da4d7b7394
[2026-07-26T00:00:02.592+0000] {taskinstance.py:3122} INFO - Exporting env vars: AIRFLOW_CTX_DAG_OWNER='flex-eau' AIRFLOW_CTX_DAG_ID='flex_eau_pipeline' AIRFLOW_CTX_TASK_ID='ingestion_mysql_staging' AIRFLOW_CTX_EXECUTION_DATE='2026-07-25T00:00:00+00:00' AIRFLOW_CTX_TRY_NUMBER='1' AIRFLOW_CTX_DAG_RUN_ID='scheduled__2026-07-25T00:00:00+00:00'
[2026-07-26T00:00:02.594+0000] {taskinstance.py:731} INFO - ::endgroup::
[2026-07-26T00:00:02.643+0000] {subprocess.py:63} INFO - Tmp dir root location: /tmp
[2026-07-26T00:00:02.644+0000] {subprocess.py:75} INFO - Running command: ['/usr/bin/bash', '-c', '\n        set -e\n        python ingestion/mysql_to_staging.py\n        ']
[2026-07-26T00:00:02.679+0000] {subprocess.py:86} INFO - Output:
[2026-07-26T00:01:10.048+0000] {subprocess.py:93} INFO - 
[2026-07-26T00:01:10.050+0000] {subprocess.py:93} INFO - ===== regions =====
[2026-07-26T00:01:10.051+0000] {subprocess.py:93} INFO - Pipeline flex_staging_pipeline load step completed in 0.22 seconds
[2026-07-26T00:01:10.051+0000] {subprocess.py:93} INFO - 1 load package(s) were loaded to destination postgres and into dataset staging
[2026-07-26T00:01:10.052+0000] {subprocess.py:93} INFO - The postgres destination used postgresql://postgres:***@postgres-staging:5432/flex_staging location to store data
[2026-07-26T00:01:10.053+0000] {subprocess.py:93} INFO - Load package 1785024016.750408 is LOADED and contains no failed jobs
[2026-07-26T00:01:10.053+0000] {subprocess.py:93} INFO - 
[2026-07-26T00:01:10.054+0000] {subprocess.py:93} INFO - ===== departements =====
[2026-07-26T00:01:10.055+0000] {subprocess.py:93} INFO - Pipeline flex_staging_pipeline load step completed in 0.21 seconds
[2026-07-26T00:01:10.056+0000] {subprocess.py:93} INFO - 1 load package(s) were loaded to destination postgres and into dataset staging
[2026-07-26T00:01:10.057+0000] {subprocess.py:93} INFO - The postgres destination used postgresql://postgres:***@postgres-staging:5432/flex_staging location to store data
[2026-07-26T00:01:10.057+0000] {subprocess.py:93} INFO - Load package 1785024018.7828944 is LOADED and contains no failed jobs
[2026-07-26T00:01:10.058+0000] {subprocess.py:93} INFO - 
[2026-07-26T00:01:10.059+0000] {subprocess.py:93} INFO - ===== communes =====
[2026-07-26T00:01:10.060+0000] {subprocess.py:93} INFO - Pipeline flex_staging_pipeline load step completed in 0.17 seconds
[2026-07-26T00:01:10.061+0000] {subprocess.py:93} INFO - 1 load package(s) were loaded to destination postgres and into dataset staging
[2026-07-26T00:01:10.061+0000] {subprocess.py:93} INFO - The postgres destination used postgresql://postgres:***@postgres-staging:5432/flex_staging location to store data
[2026-07-26T00:01:10.062+0000] {subprocess.py:93} INFO - Load package 1785024020.9779441 is LOADED and contains no failed jobs
[2026-07-26T00:01:10.063+0000] {subprocess.py:93} INFO - 
[2026-07-26T00:01:10.064+0000] {subprocess.py:93} INFO - ===== sites =====
[2026-07-26T00:01:10.064+0000] {subprocess.py:93} INFO - Pipeline flex_staging_pipeline load step completed in 0.23 seconds
[2026-07-26T00:01:10.065+0000] {subprocess.py:93} INFO - 1 load package(s) were loaded to destination postgres and into dataset staging
[2026-07-26T00:01:10.066+0000] {subprocess.py:93} INFO - The postgres destination used postgresql://postgres:***@postgres-staging:5432/flex_staging location to store data
[2026-07-26T00:01:10.067+0000] {subprocess.py:93} INFO - Load package 1785024024.1545053 is LOADED and contains no failed jobs
[2026-07-26T00:01:10.068+0000] {subprocess.py:93} INFO - 
[2026-07-26T00:01:10.068+0000] {subprocess.py:93} INFO - ===== usages =====
[2026-07-26T00:01:10.069+0000] {subprocess.py:93} INFO - Pipeline flex_staging_pipeline load step completed in 0.27 seconds
[2026-07-26T00:01:10.070+0000] {subprocess.py:93} INFO - 1 load package(s) were loaded to destination postgres and into dataset staging
[2026-07-26T00:01:10.071+0000] {subprocess.py:93} INFO - The postgres destination used postgresql://postgres:***@postgres-staging:5432/flex_staging location to store data
[2026-07-26T00:01:10.071+0000] {subprocess.py:93} INFO - Load package 1785024026.4163451 is LOADED and contains no failed jobs
[2026-07-26T00:01:10.072+0000] {subprocess.py:93} INFO - 
[2026-07-26T00:01:10.073+0000] {subprocess.py:93} INFO - ===== sources_energie =====
[2026-07-26T00:01:10.074+0000] {subprocess.py:93} INFO - Pipeline flex_staging_pipeline load step completed in 0.21 seconds
[2026-07-26T00:01:10.074+0000] {subprocess.py:93} INFO - 1 load package(s) were loaded to destination postgres and into dataset staging
[2026-07-26T00:01:10.075+0000] {subprocess.py:93} INFO - The postgres destination used postgresql://postgres:***@postgres-staging:5432/flex_staging location to store data
[2026-07-26T00:01:10.076+0000] {subprocess.py:93} INFO - Load package 1785024028.6222212 is LOADED and contains no failed jobs
[2026-07-26T00:01:10.076+0000] {subprocess.py:93} INFO - 
[2026-07-26T00:01:10.077+0000] {subprocess.py:93} INFO - ===== agents =====
[2026-07-26T00:01:10.078+0000] {subprocess.py:93} INFO - Pipeline flex_staging_pipeline load step completed in 0.24 seconds
[2026-07-26T00:01:10.078+0000] {subprocess.py:93} INFO - 1 load package(s) were loaded to destination postgres and into dataset staging
[2026-07-26T00:01:10.079+0000] {subprocess.py:93} INFO - The postgres destination used postgresql://postgres:***@postgres-staging:5432/flex_staging location to store data
[2026-07-26T00:01:10.080+0000] {subprocess.py:93} INFO - Load package 1785024030.6700442 is LOADED and contains no failed jobs
[2026-07-26T00:01:10.081+0000] {subprocess.py:93} INFO - 
[2026-07-26T00:01:10.081+0000] {subprocess.py:93} INFO - ===== usagers =====
[2026-07-26T00:01:10.082+0000] {subprocess.py:93} INFO - Pipeline flex_staging_pipeline load step completed in 0.17 seconds
[2026-07-26T00:01:10.083+0000] {subprocess.py:93} INFO - 1 load package(s) were loaded to destination postgres and into dataset staging
[2026-07-26T00:01:10.084+0000] {subprocess.py:93} INFO - The postgres destination used postgresql://postgres:***@postgres-staging:5432/flex_staging location to store data
[2026-07-26T00:01:10.085+0000] {subprocess.py:93} INFO - Load package 1785024032.8102562 is LOADED and contains no failed jobs
[2026-07-26T00:01:10.085+0000] {subprocess.py:93} INFO - 
[2026-07-26T00:01:10.086+0000] {subprocess.py:93} INFO - ===== abonnes =====
[2026-07-26T00:01:10.087+0000] {subprocess.py:93} INFO - Pipeline flex_staging_pipeline load step completed in 0.23 seconds
[2026-07-26T00:01:10.087+0000] {subprocess.py:93} INFO - 1 load package(s) were loaded to destination postgres and into dataset staging
[2026-07-26T00:01:10.088+0000] {subprocess.py:93} INFO - The postgres destination used postgresql://postgres:***@postgres-staging:5432/flex_staging location to store data
[2026-07-26T00:01:10.089+0000] {subprocess.py:93} INFO - Load package 1785024034.6875198 is LOADED and contains no failed jobs
[2026-07-26T00:01:10.089+0000] {subprocess.py:93} INFO - 
[2026-07-26T00:01:10.090+0000] {subprocess.py:93} INFO - ===== compteurs =====
[2026-07-26T00:01:10.091+0000] {subprocess.py:93} INFO - Pipeline flex_staging_pipeline load step completed in 0.22 seconds
[2026-07-26T00:01:10.091+0000] {subprocess.py:93} INFO - 1 load package(s) were loaded to destination postgres and into dataset staging
[2026-07-26T00:01:10.092+0000] {subprocess.py:93} INFO - The postgres destination used postgresql://postgres:***@postgres-staging:5432/flex_staging location to store data
[2026-07-26T00:01:10.092+0000] {subprocess.py:93} INFO - Load package 1785024037.9289696 is LOADED and contains no failed jobs
[2026-07-26T00:01:10.093+0000] {subprocess.py:93} INFO - 
[2026-07-26T00:01:10.094+0000] {subprocess.py:93} INFO - ===== demandes_abonnement =====
[2026-07-26T00:01:10.094+0000] {subprocess.py:93} INFO - Pipeline flex_staging_pipeline load step completed in 0.21 seconds
[2026-07-26T00:01:10.095+0000] {subprocess.py:93} INFO - 1 load package(s) were loaded to destination postgres and into dataset staging
[2026-07-26T00:01:10.095+0000] {subprocess.py:93} INFO - The postgres destination used postgresql://postgres:***@postgres-staging:5432/flex_staging location to store data
[2026-07-26T00:01:10.096+0000] {subprocess.py:93} INFO - Load package 1785024040.2526913 is LOADED and contains no failed jobs
[2026-07-26T00:01:10.096+0000] {subprocess.py:93} INFO - 
[2026-07-26T00:01:10.097+0000] {subprocess.py:93} INFO - ===== devis_materiel =====
[2026-07-26T00:01:10.097+0000] {subprocess.py:93} INFO - Pipeline flex_staging_pipeline load step completed in 0.17 seconds
[2026-07-26T00:01:10.098+0000] {subprocess.py:93} INFO - 1 load package(s) were loaded to destination postgres and into dataset staging
[2026-07-26T00:01:10.099+0000] {subprocess.py:93} INFO - The postgres destination used postgresql://postgres:***@postgres-staging:5432/flex_staging location to store data
[2026-07-26T00:01:10.099+0000] {subprocess.py:93} INFO - Load package 1785024042.0972965 is LOADED and contains no failed jobs
[2026-07-26T00:01:10.100+0000] {subprocess.py:93} INFO - 
[2026-07-26T00:01:10.100+0000] {subprocess.py:93} INFO - ===== releve_compteur =====
[2026-07-26T00:01:10.101+0000] {subprocess.py:93} INFO - Pipeline flex_staging_pipeline load step completed in 0 seconds
[2026-07-26T00:01:10.101+0000] {subprocess.py:93} INFO - 1 load package(s) were loaded to destination postgres and into dataset staging
[2026-07-26T00:01:10.102+0000] {subprocess.py:93} INFO - The postgres destination used postgresql://postgres:***@postgres-staging:5432/flex_staging location to store data
[2026-07-26T00:01:10.106+0000] {subprocess.py:93} INFO - Load package 1785024044.0295212 is LOADED and contains no failed jobs
[2026-07-26T00:01:10.111+0000] {subprocess.py:93} INFO - 
[2026-07-26T00:01:10.115+0000] {subprocess.py:93} INFO - ===== factures =====
[2026-07-26T00:01:10.117+0000] {subprocess.py:93} INFO - Pipeline flex_staging_pipeline load step completed in 0.43 seconds
[2026-07-26T00:01:10.118+0000] {subprocess.py:93} INFO - 1 load package(s) were loaded to destination postgres and into dataset staging
[2026-07-26T00:01:10.119+0000] {subprocess.py:93} INFO - The postgres destination used postgresql://postgres:***@postgres-staging:5432/flex_staging location to store data
[2026-07-26T00:01:10.120+0000] {subprocess.py:93} INFO - Load package 1785024045.806208 is LOADED and contains no failed jobs
[2026-07-26T00:01:10.122+0000] {subprocess.py:93} INFO - 
[2026-07-26T00:01:10.123+0000] {subprocess.py:93} INFO - ===== paiements =====
[2026-07-26T00:01:10.124+0000] {subprocess.py:93} INFO - Pipeline flex_staging_pipeline load step completed in 0.30 seconds
[2026-07-26T00:01:10.125+0000] {subprocess.py:93} INFO - 1 load package(s) were loaded to destination postgres and into dataset staging
[2026-07-26T00:01:10.126+0000] {subprocess.py:93} INFO - The postgres destination used postgresql://postgres:***@postgres-staging:5432/flex_staging location to store data
[2026-07-26T00:01:10.127+0000] {subprocess.py:93} INFO - Load package 1785024048.606094 is LOADED and contains no failed jobs
[2026-07-26T00:01:10.128+0000] {subprocess.py:93} INFO - 
[2026-07-26T00:01:10.129+0000] {subprocess.py:93} INFO - ===== forages =====
[2026-07-26T00:01:10.130+0000] {subprocess.py:93} INFO - Pipeline flex_staging_pipeline load step completed in 0.20 seconds
[2026-07-26T00:01:10.131+0000] {subprocess.py:93} INFO - 1 load package(s) were loaded to destination postgres and into dataset staging
[2026-07-26T00:01:10.132+0000] {subprocess.py:93} INFO - The postgres destination used postgresql://postgres:***@postgres-staging:5432/flex_staging location to store data
[2026-07-26T00:01:10.132+0000] {subprocess.py:93} INFO - Load package 1785024050.8100863 is LOADED and contains no failed jobs
[2026-07-26T00:01:10.133+0000] {subprocess.py:93} INFO - 
[2026-07-26T00:01:10.134+0000] {subprocess.py:93} INFO - ===== sessions =====
[2026-07-26T00:01:10.134+0000] {subprocess.py:93} INFO - Pipeline flex_staging_pipeline load step completed in 0.25 seconds
[2026-07-26T00:01:10.135+0000] {subprocess.py:93} INFO - 1 load package(s) were loaded to destination postgres and into dataset staging
[2026-07-26T00:01:10.135+0000] {subprocess.py:93} INFO - The postgres destination used postgresql://postgres:***@postgres-staging:5432/flex_staging location to store data
[2026-07-26T00:01:10.136+0000] {subprocess.py:93} INFO - Load package 1785024052.8362577 is LOADED and contains no failed jobs
[2026-07-26T00:01:10.137+0000] {subprocess.py:93} INFO - 
[2026-07-26T00:01:10.137+0000] {subprocess.py:93} INFO - ===== session_site =====
[2026-07-26T00:01:10.138+0000] {subprocess.py:93} INFO - Pipeline flex_staging_pipeline load step completed in 0.21 seconds
[2026-07-26T00:01:10.138+0000] {subprocess.py:93} INFO - 1 load package(s) were loaded to destination postgres and into dataset staging
[2026-07-26T00:01:10.139+0000] {subprocess.py:93} INFO - The postgres destination used postgresql://postgres:***@postgres-staging:5432/flex_staging location to store data
[2026-07-26T00:01:10.140+0000] {subprocess.py:93} INFO - Load package 1785024054.9915767 is LOADED and contains no failed jobs
[2026-07-26T00:01:10.140+0000] {subprocess.py:93} INFO - 
[2026-07-26T00:01:10.141+0000] {subprocess.py:93} INFO - ===== production =====
[2026-07-26T00:01:10.141+0000] {subprocess.py:93} INFO - Pipeline flex_staging_pipeline load step completed in 0.21 seconds
[2026-07-26T00:01:10.142+0000] {subprocess.py:93} INFO - 1 load package(s) were loaded to destination postgres and into dataset staging
[2026-07-26T00:01:10.143+0000] {subprocess.py:93} INFO - The postgres destination used postgresql://postgres:***@postgres-staging:5432/flex_staging location to store data
[2026-07-26T00:01:10.143+0000] {subprocess.py:93} INFO - Load package 1785024057.3306248 is LOADED and contains no failed jobs
[2026-07-26T00:01:10.144+0000] {subprocess.py:93} INFO - 
[2026-07-26T00:01:10.144+0000] {subprocess.py:93} INFO - ===== consommation_energetique =====
[2026-07-26T00:01:10.145+0000] {subprocess.py:93} INFO - Pipeline flex_staging_pipeline load step completed in 0.22 seconds
[2026-07-26T00:01:10.145+0000] {subprocess.py:93} INFO - 1 load package(s) were loaded to destination postgres and into dataset staging
[2026-07-26T00:01:10.146+0000] {subprocess.py:93} INFO - The postgres destination used postgresql://postgres:***@postgres-staging:5432/flex_staging location to store data
[2026-07-26T00:01:10.147+0000] {subprocess.py:93} INFO - Load package 1785024059.4472466 is LOADED and contains no failed jobs
[2026-07-26T00:01:10.147+0000] {subprocess.py:93} INFO - 
[2026-07-26T00:01:10.148+0000] {subprocess.py:93} INFO - ===== factures_electricite =====
[2026-07-26T00:01:10.148+0000] {subprocess.py:93} INFO - Pipeline flex_staging_pipeline load step completed in 0.26 seconds
[2026-07-26T00:01:10.149+0000] {subprocess.py:93} INFO - 1 load package(s) were loaded to destination postgres and into dataset staging
[2026-07-26T00:01:10.150+0000] {subprocess.py:93} INFO - The postgres destination used postgresql://postgres:***@postgres-staging:5432/flex_staging location to store data
[2026-07-26T00:01:10.150+0000] {subprocess.py:93} INFO - Load package 1785024061.5295746 is LOADED and contains no failed jobs
[2026-07-26T00:01:10.151+0000] {subprocess.py:93} INFO - 
[2026-07-26T00:01:10.151+0000] {subprocess.py:93} INFO - ===== paiements_factures =====
[2026-07-26T00:01:10.152+0000] {subprocess.py:93} INFO - Pipeline flex_staging_pipeline load step completed in 0.42 seconds
[2026-07-26T00:01:10.152+0000] {subprocess.py:93} INFO - 1 load package(s) were loaded to destination postgres and into dataset staging
[2026-07-26T00:01:10.153+0000] {subprocess.py:93} INFO - The postgres destination used postgresql://postgres:***@postgres-staging:5432/flex_staging location to store data
[2026-07-26T00:01:10.153+0000] {subprocess.py:93} INFO - Load package 1785024063.6129315 is LOADED and contains no failed jobs
[2026-07-26T00:01:10.154+0000] {subprocess.py:93} INFO - 
[2026-07-26T00:01:10.154+0000] {subprocess.py:93} INFO - ===== incidents =====
[2026-07-26T00:01:10.155+0000] {subprocess.py:93} INFO - Pipeline flex_staging_pipeline load step completed in 0.31 seconds
[2026-07-26T00:01:10.155+0000] {subprocess.py:93} INFO - 1 load package(s) were loaded to destination postgres and into dataset staging
[2026-07-26T00:01:10.156+0000] {subprocess.py:93} INFO - The postgres destination used postgresql://postgres:***@postgres-staging:5432/flex_staging location to store data
[2026-07-26T00:01:10.156+0000] {subprocess.py:93} INFO - Load package 1785024065.8838992 is LOADED and contains no failed jobs
[2026-07-26T00:01:10.157+0000] {subprocess.py:93} INFO - 
[2026-07-26T00:01:10.157+0000] {subprocess.py:93} INFO - ===== interventions =====
[2026-07-26T00:01:18.762+0000] {subprocess.py:93} INFO - Pipeline flex_staging_pipeline load step completed in 0.26 seconds
[2026-07-26T00:01:18.766+0000] {subprocess.py:93} INFO - 1 load package(s) were loaded to destination postgres and into dataset staging
[2026-07-26T00:01:18.766+0000] {subprocess.py:93} INFO - The postgres destination used postgresql://postgres:***@postgres-staging:5432/flex_staging location to store data
[2026-07-26T00:01:18.767+0000] {subprocess.py:93} INFO - Load package 1785024068.432599 is LOADED and contains no failed jobs
[2026-07-26T00:01:18.767+0000] {subprocess.py:93} INFO - 
[2026-07-26T00:01:18.768+0000] {subprocess.py:93} INFO - ===== moratoires =====
[2026-07-26T00:01:18.769+0000] {subprocess.py:93} INFO - Pipeline flex_staging_pipeline load step completed in 0.26 seconds
[2026-07-26T00:01:18.769+0000] {subprocess.py:93} INFO - 1 load package(s) were loaded to destination postgres and into dataset staging
[2026-07-26T00:01:18.770+0000] {subprocess.py:93} INFO - The postgres destination used postgresql://postgres:***@postgres-staging:5432/flex_staging location to store data
[2026-07-26T00:01:18.770+0000] {subprocess.py:93} INFO - Load package 1785024070.6579506 is LOADED and contains no failed jobs
[2026-07-26T00:01:18.771+0000] {subprocess.py:93} INFO - 
[2026-07-26T00:01:18.771+0000] {subprocess.py:93} INFO - ===== ordres_coupure =====
[2026-07-26T00:01:18.772+0000] {subprocess.py:93} INFO - Pipeline flex_staging_pipeline load step completed in 0.20 seconds
[2026-07-26T00:01:18.772+0000] {subprocess.py:93} INFO - 1 load package(s) were loaded to destination postgres and into dataset staging
[2026-07-26T00:01:18.773+0000] {subprocess.py:93} INFO - The postgres destination used postgresql://postgres:***@postgres-staging:5432/flex_staging location to store data
[2026-07-26T00:01:18.773+0000] {subprocess.py:93} INFO - Load package 1785024072.5077913 is LOADED and contains no failed jobs
[2026-07-26T00:01:18.774+0000] {subprocess.py:93} INFO - 
[2026-07-26T00:01:18.774+0000] {subprocess.py:93} INFO - ===== ordres_retablissement =====
[2026-07-26T00:01:18.775+0000] {subprocess.py:93} INFO - Pipeline flex_staging_pipeline load step completed in 0.22 seconds
[2026-07-26T00:01:18.775+0000] {subprocess.py:93} INFO - 1 load package(s) were loaded to destination postgres and into dataset staging
[2026-07-26T00:01:18.776+0000] {subprocess.py:93} INFO - The postgres destination used postgresql://postgres:***@postgres-staging:5432/flex_staging location to store data
[2026-07-26T00:01:18.776+0000] {subprocess.py:93} INFO - Load package 1785024074.42845 is LOADED and contains no failed jobs
[2026-07-26T00:01:18.777+0000] {subprocess.py:93} INFO - 
[2026-07-26T00:01:18.777+0000] {subprocess.py:93} INFO - ===== ordres_resiliation =====
[2026-07-26T00:01:18.778+0000] {subprocess.py:93} INFO - Pipeline flex_staging_pipeline load step completed in 0.18 seconds
[2026-07-26T00:01:18.778+0000] {subprocess.py:93} INFO - 1 load package(s) were loaded to destination postgres and into dataset staging
[2026-07-26T00:01:18.778+0000] {subprocess.py:93} INFO - The postgres destination used postgresql://postgres:***@postgres-staging:5432/flex_staging location to store data
[2026-07-26T00:01:18.779+0000] {subprocess.py:93} INFO - Load package 1785024075.4770784 is LOADED and contains no failed jobs
[2026-07-26T00:01:18.779+0000] {subprocess.py:93} INFO - 
[2026-07-26T00:01:18.780+0000] {subprocess.py:93} INFO - ===== bons_coupure =====
[2026-07-26T00:01:18.780+0000] {subprocess.py:93} INFO - Pipeline flex_staging_pipeline load step completed in 0.20 seconds
[2026-07-26T00:01:18.781+0000] {subprocess.py:93} INFO - 1 load package(s) were loaded to destination postgres and into dataset staging
[2026-07-26T00:01:18.781+0000] {subprocess.py:93} INFO - The postgres destination used postgresql://postgres:***@postgres-staging:5432/flex_staging location to store data
[2026-07-26T00:01:18.782+0000] {subprocess.py:93} INFO - Load package 1785024077.3965826 is LOADED and contains no failed jobs
[2026-07-26T00:01:19.285+0000] {subprocess.py:97} INFO - Command exited with return code 0
[2026-07-26T00:01:19.341+0000] {taskinstance.py:340} INFO - ::group::Post task execution logs
[2026-07-26T00:01:19.342+0000] {taskinstance.py:352} INFO - Marking task as SUCCESS. dag_id=flex_eau_pipeline, task_id=ingestion_mysql_staging, run_id=scheduled__2026-07-25T00:00:00+00:00, execution_date=20260725T000000, start_date=20260726T000002, end_date=20260726T000119
[2026-07-26T00:01:19.412+0000] {local_task_job_runner.py:261} INFO - Task exited with return code 0
[2026-07-26T00:01:19.515+0000] {taskinstance.py:3891} INFO - 8 downstream tasks scheduled from follow-on schedule check
[2026-07-26T00:01:19.520+0000] {local_task_job_runner.py:240} INFO - ::endgroup::
