[2026-08-12T00:25:38.447+0000] {local_task_job_runner.py:123} INFO - ::group::Pre task execution logs
[2026-08-12T00:25:38.531+0000] {taskinstance.py:2603} INFO - Dependencies all met for dep_context=non-requeueable deps ti=<TaskInstance: flex_eau_pipeline.dim_compteur scheduled__2026-08-11T00:00:00+00:00 [queued]>
[2026-08-12T00:25:38.572+0000] {taskinstance.py:2603} INFO - Dependencies all met for dep_context=requeueable deps ti=<TaskInstance: flex_eau_pipeline.dim_compteur scheduled__2026-08-11T00:00:00+00:00 [queued]>
[2026-08-12T00:25:38.573+0000] {taskinstance.py:2856} INFO - Starting attempt 1 of 2
[2026-08-12T00:25:38.626+0000] {taskinstance.py:2879} INFO - Executing <Task(BashOperator): dim_compteur> on 2026-08-11 00:00:00+00:00
[2026-08-12T00:25:38.657+0000] {standard_task_runner.py:72} INFO - Started process 6893 to run task
[2026-08-12T00:25:38.679+0000] {standard_task_runner.py:104} INFO - Running: ['***', 'tasks', 'run', 'flex_eau_pipeline', 'dim_compteur', 'scheduled__2026-08-11T00:00:00+00:00', '--job-id', '75', '--raw', '--subdir', 'DAGS_FOLDER/flex_eau_pipeline.py', '--cfg-path', '/tmp/tmpaxpxyp4f']
[2026-08-12T00:25:38.685+0000] {standard_task_runner.py:105} INFO - Job 75: Subtask dim_compteur
[2026-08-12T00:25:38.940+0000] {task_command.py:467} INFO - Running <TaskInstance: flex_eau_pipeline.dim_compteur scheduled__2026-08-11T00:00:00+00:00 [running]> on host b97d7a013992
[2026-08-12T00:25:39.232+0000] {taskinstance.py:3122} INFO - Exporting env vars: AIRFLOW_CTX_DAG_OWNER='flex-eau' AIRFLOW_CTX_DAG_ID='flex_eau_pipeline' AIRFLOW_CTX_TASK_ID='dim_compteur' AIRFLOW_CTX_EXECUTION_DATE='2026-08-11T00:00:00+00:00' AIRFLOW_CTX_TRY_NUMBER='1' AIRFLOW_CTX_DAG_RUN_ID='scheduled__2026-08-11T00:00:00+00:00'
[2026-08-12T00:25:39.242+0000] {taskinstance.py:731} INFO - ::endgroup::
[2026-08-12T00:25:39.345+0000] {subprocess.py:63} INFO - Tmp dir root location: /tmp
[2026-08-12T00:25:39.346+0000] {subprocess.py:75} INFO - Running command: ['/usr/bin/bash', '-c', 'python spark_jobs/dimensions/dim_compteur.py']
[2026-08-12T00:25:39.391+0000] {subprocess.py:86} INFO - Output:
[2026-08-12T00:25:52.672+0000] {subprocess.py:93} INFO - 26/08/12 00:25:52 WARN NativeCodeLoader: Unable to load native-hadoop library for your platform... using builtin-java classes where applicable
[2026-08-12T00:25:54.603+0000] {subprocess.py:93} INFO - Setting default log level to "WARN".
[2026-08-12T00:25:54.606+0000] {subprocess.py:93} INFO - To adjust logging level use sc.setLogLevel(newLevel). For SparkR, use setLogLevel(newLevel).
[2026-08-12T00:26:00.300+0000] {subprocess.py:93} INFO - 26/08/12 00:26:00 WARN Utils: Service 'SparkUI' could not bind on port 4040. Attempting port 4041.
[2026-08-12T00:26:00.302+0000] {subprocess.py:93} INFO - 26/08/12 00:26:00 WARN Utils: Service 'SparkUI' could not bind on port 4041. Attempting port 4042.
[2026-08-12T00:26:00.304+0000] {subprocess.py:93} INFO - 26/08/12 00:26:00 WARN Utils: Service 'SparkUI' could not bind on port 4042. Attempting port 4043.
[2026-08-12T00:26:34.246+0000] {subprocess.py:93} INFO - [Stage 0:>                                                          (0 + 0) / 1][Stage 0:>                                                          (0 + 1) / 1]                                                                                DIM_COMPTEUR créée
[2026-08-12T00:26:34.771+0000] {subprocess.py:97} INFO - Command exited with return code 0
[2026-08-12T00:26:34.819+0000] {taskinstance.py:340} INFO - ::group::Post task execution logs
[2026-08-12T00:26:34.820+0000] {taskinstance.py:352} INFO - Marking task as SUCCESS. dag_id=flex_eau_pipeline, task_id=dim_compteur, run_id=scheduled__2026-08-11T00:00:00+00:00, execution_date=20260811T000000, start_date=20260812T002538, end_date=20260812T002634
[2026-08-12T00:26:34.864+0000] {local_task_job_runner.py:261} INFO - Task exited with return code 0
[2026-08-12T00:26:34.903+0000] {taskinstance.py:3891} INFO - 0 downstream tasks scheduled from follow-on schedule check
[2026-08-12T00:26:34.908+0000] {local_task_job_runner.py:240} INFO - ::endgroup::
