[2026-07-28T00:36:03.545+0000] {local_task_job_runner.py:123} INFO - ::group::Pre task execution logs
[2026-07-28T00:36:03.587+0000] {taskinstance.py:2603} INFO - Dependencies all met for dep_context=non-requeueable deps ti=<TaskInstance: flex_eau_pipeline.dim_date scheduled__2026-07-26T00:00:00+00:00 [queued]>
[2026-07-28T00:36:03.606+0000] {taskinstance.py:2603} INFO - Dependencies all met for dep_context=requeueable deps ti=<TaskInstance: flex_eau_pipeline.dim_date scheduled__2026-07-26T00:00:00+00:00 [queued]>
[2026-07-28T00:36:03.608+0000] {taskinstance.py:2856} INFO - Starting attempt 1 of 2
[2026-07-28T00:36:03.634+0000] {taskinstance.py:2879} INFO - Executing <Task(BashOperator): dim_date> on 2026-07-26 00:00:00+00:00
[2026-07-28T00:36:03.652+0000] {standard_task_runner.py:72} INFO - Started process 332 to run task
[2026-07-28T00:36:03.653+0000] {standard_task_runner.py:104} INFO - Running: ['***', 'tasks', 'run', 'flex_eau_pipeline', 'dim_date', 'scheduled__2026-07-26T00:00:00+00:00', '--job-id', '58', '--raw', '--subdir', 'DAGS_FOLDER/flex_eau_pipeline.py', '--cfg-path', '/tmp/tmp7ypw_oww']
[2026-07-28T00:36:03.664+0000] {standard_task_runner.py:105} INFO - Job 58: Subtask dim_date
[2026-07-28T00:36:03.834+0000] {task_command.py:467} INFO - Running <TaskInstance: flex_eau_pipeline.dim_date scheduled__2026-07-26T00:00:00+00:00 [running]> on host b1da4d7b7394
[2026-07-28T00:36:04.155+0000] {taskinstance.py:3122} INFO - Exporting env vars: AIRFLOW_CTX_DAG_OWNER='flex-eau' AIRFLOW_CTX_DAG_ID='flex_eau_pipeline' AIRFLOW_CTX_TASK_ID='dim_date' AIRFLOW_CTX_EXECUTION_DATE='2026-07-26T00:00:00+00:00' AIRFLOW_CTX_TRY_NUMBER='1' AIRFLOW_CTX_DAG_RUN_ID='scheduled__2026-07-26T00:00:00+00:00'
[2026-07-28T00:36:04.161+0000] {taskinstance.py:731} INFO - ::endgroup::
[2026-07-28T00:36:04.210+0000] {subprocess.py:63} INFO - Tmp dir root location: /tmp
[2026-07-28T00:36:04.211+0000] {subprocess.py:75} INFO - Running command: ['/usr/bin/bash', '-c', 'python spark_jobs/dimensions/dim_date.py']
[2026-07-28T00:36:04.236+0000] {subprocess.py:86} INFO - Output:
[2026-07-28T00:36:18.465+0000] {subprocess.py:93} INFO - 26/07/28 00:36:18 WARN NativeCodeLoader: Unable to load native-hadoop library for your platform... using builtin-java classes where applicable
[2026-07-28T00:36:21.293+0000] {subprocess.py:93} INFO - Setting default log level to "WARN".
[2026-07-28T00:36:21.300+0000] {subprocess.py:93} INFO - To adjust logging level use sc.setLogLevel(newLevel). For SparkR, use setLogLevel(newLevel).
[2026-07-28T00:37:07.642+0000] {subprocess.py:93} INFO - [Stage 0:>                                                          (0 + 0) / 2]26/07/28 00:37:07 WARN TaskSchedulerImpl: Initial job has not accepted any resources; check your cluster UI to ensure that workers are registered and have sufficient resources
[2026-07-28T00:37:22.608+0000] {subprocess.py:93} INFO - 26/07/28 00:37:22 WARN TaskSchedulerImpl: Initial job has not accepted any resources; check your cluster UI to ensure that workers are registered and have sufficient resources
[2026-07-28T00:37:37.633+0000] {subprocess.py:93} INFO - 26/07/28 00:37:37 WARN TaskSchedulerImpl: Initial job has not accepted any resources; check your cluster UI to ensure that workers are registered and have sufficient resources
[2026-07-28T00:37:55.719+0000] {subprocess.py:93} INFO - [Stage 0:>                                                          (0 + 2) / 2]                                                                                [Stage 4:>                                                          (0 + 2) / 2]                                                                                Nombre lignes : 731
[2026-07-28T00:37:55.720+0000] {subprocess.py:93} INFO - +--------+-------------+----+----+--------+---------+-----+------------+-------------+
[2026-07-28T00:37:55.721+0000] {subprocess.py:93} INFO - |date_key|date_complete|jour|mois|nom_mois|trimestre|annee|jour_semaine|semaine_annee|
[2026-07-28T00:37:55.722+0000] {subprocess.py:93} INFO - +--------+-------------+----+----+--------+---------+-----+------------+-------------+
[2026-07-28T00:37:55.724+0000] {subprocess.py:93} INFO - |20240101|2024-01-01   |1   |1   |January |1        |2024 |Monday      |1            |
[2026-07-28T00:37:55.725+0000] {subprocess.py:93} INFO - |20240102|2024-01-02   |2   |1   |January |1        |2024 |Tuesday     |1            |
[2026-07-28T00:37:55.725+0000] {subprocess.py:93} INFO - |20240103|2024-01-03   |3   |1   |January |1        |2024 |Wednesday   |1            |
[2026-07-28T00:37:55.727+0000] {subprocess.py:93} INFO - |20240104|2024-01-04   |4   |1   |January |1        |2024 |Thursday    |1            |
[2026-07-28T00:37:55.727+0000] {subprocess.py:93} INFO - |20240105|2024-01-05   |5   |1   |January |1        |2024 |Friday      |1            |
[2026-07-28T00:37:55.728+0000] {subprocess.py:93} INFO - +--------+-------------+----+----+--------+---------+-----+------------+-------------+
[2026-07-28T00:37:55.729+0000] {subprocess.py:93} INFO - only showing top 5 rows
[2026-07-28T00:37:55.729+0000] {subprocess.py:93} INFO - 
[2026-07-28T00:37:55.730+0000] {subprocess.py:93} INFO - AVANT WRITE
[2026-07-28T00:37:55.730+0000] {subprocess.py:93} INFO - DIM_DATE créée avec succès
[2026-07-28T00:37:56.280+0000] {subprocess.py:97} INFO - Command exited with return code 0
[2026-07-28T00:37:56.357+0000] {taskinstance.py:340} INFO - ::group::Post task execution logs
[2026-07-28T00:37:56.359+0000] {taskinstance.py:352} INFO - Marking task as SUCCESS. dag_id=flex_eau_pipeline, task_id=dim_date, run_id=scheduled__2026-07-26T00:00:00+00:00, execution_date=20260726T000000, start_date=20260728T003603, end_date=20260728T003756
[2026-07-28T00:37:56.436+0000] {local_task_job_runner.py:261} INFO - Task exited with return code 0
[2026-07-28T00:37:56.503+0000] {taskinstance.py:3891} INFO - 0 downstream tasks scheduled from follow-on schedule check
[2026-07-28T00:37:56.511+0000] {local_task_job_runner.py:240} INFO - ::endgroup::
