[2026-08-11T18:10:10.033+0000] {local_task_job_runner.py:123} INFO - ::group::Pre task execution logs
[2026-08-11T18:10:10.118+0000] {taskinstance.py:2603} INFO - Dependencies all met for dep_context=non-requeueable deps ti=<TaskInstance: flex_eau_pipeline.dim_usage scheduled__2026-08-10T00:00:00+00:00 [queued]>
[2026-08-11T18:10:10.137+0000] {taskinstance.py:2603} INFO - Dependencies all met for dep_context=requeueable deps ti=<TaskInstance: flex_eau_pipeline.dim_usage scheduled__2026-08-10T00:00:00+00:00 [queued]>
[2026-08-11T18:10:10.138+0000] {taskinstance.py:2856} INFO - Starting attempt 1 of 2
[2026-08-11T18:10:10.168+0000] {taskinstance.py:2879} INFO - Executing <Task(BashOperator): dim_usage> on 2026-08-10 00:00:00+00:00
[2026-08-11T18:10:10.178+0000] {standard_task_runner.py:72} INFO - Started process 335 to run task
[2026-08-11T18:10:10.197+0000] {standard_task_runner.py:104} INFO - Running: ['***', 'tasks', 'run', 'flex_eau_pipeline', 'dim_usage', 'scheduled__2026-08-10T00:00:00+00:00', '--job-id', '56', '--raw', '--subdir', 'DAGS_FOLDER/flex_eau_pipeline.py', '--cfg-path', '/tmp/tmpihao5gr5']
[2026-08-11T18:10:10.214+0000] {standard_task_runner.py:105} INFO - Job 56: Subtask dim_usage
[2026-08-11T18:10:10.442+0000] {task_command.py:467} INFO - Running <TaskInstance: flex_eau_pipeline.dim_usage scheduled__2026-08-10T00:00:00+00:00 [running]> on host b97d7a013992
[2026-08-11T18:10:10.834+0000] {taskinstance.py:3122} INFO - Exporting env vars: AIRFLOW_CTX_DAG_OWNER='flex-eau' AIRFLOW_CTX_DAG_ID='flex_eau_pipeline' AIRFLOW_CTX_TASK_ID='dim_usage' AIRFLOW_CTX_EXECUTION_DATE='2026-08-10T00:00:00+00:00' AIRFLOW_CTX_TRY_NUMBER='1' AIRFLOW_CTX_DAG_RUN_ID='scheduled__2026-08-10T00:00:00+00:00'
[2026-08-11T18:10:10.839+0000] {taskinstance.py:731} INFO - ::endgroup::
[2026-08-11T18:10:10.880+0000] {subprocess.py:63} INFO - Tmp dir root location: /tmp
[2026-08-11T18:10:10.882+0000] {subprocess.py:75} INFO - Running command: ['/usr/bin/bash', '-c', 'python spark_jobs/dimensions/dim_usage.py']
[2026-08-11T18:10:10.905+0000] {subprocess.py:86} INFO - Output:
[2026-08-11T18:10:34.035+0000] {subprocess.py:93} INFO - 26/08/11 18:10:34 WARN NativeCodeLoader: Unable to load native-hadoop library for your platform... using builtin-java classes where applicable
[2026-08-11T18:10:39.616+0000] {subprocess.py:93} INFO - Setting default log level to "WARN".
[2026-08-11T18:10:39.641+0000] {subprocess.py:93} INFO - To adjust logging level use sc.setLogLevel(newLevel). For SparkR, use setLogLevel(newLevel).
[2026-08-11T18:10:57.548+0000] {subprocess.py:93} INFO - 26/08/11 18:10:57 WARN Utils: Service 'SparkUI' could not bind on port 4040. Attempting port 4041.
[2026-08-11T18:11:57.601+0000] {subprocess.py:93} INFO - [Stage 0:>                                                          (0 + 0) / 1]26/08/11 18:11:57 WARN TaskSchedulerImpl: Initial job has not accepted any resources; check your cluster UI to ensure that workers are registered and have sufficient resources
[2026-08-11T18:12:12.520+0000] {subprocess.py:93} INFO - 26/08/11 18:12:12 WARN TaskSchedulerImpl: Initial job has not accepted any resources; check your cluster UI to ensure that workers are registered and have sufficient resources
[2026-08-11T18:12:27.582+0000] {subprocess.py:93} INFO - 26/08/11 18:12:27 WARN TaskSchedulerImpl: Initial job has not accepted any resources; check your cluster UI to ensure that workers are registered and have sufficient resources
[2026-08-11T18:12:42.520+0000] {subprocess.py:93} INFO - [Stage 0:>                                                          (0 + 0) / 1]26/08/11 18:12:42 WARN TaskSchedulerImpl: Initial job has not accepted any resources; check your cluster UI to ensure that workers are registered and have sufficient resources
[2026-08-11T18:12:57.580+0000] {subprocess.py:93} INFO - 26/08/11 18:12:57 WARN TaskSchedulerImpl: Initial job has not accepted any resources; check your cluster UI to ensure that workers are registered and have sufficient resources
[2026-08-11T18:13:12.520+0000] {subprocess.py:93} INFO - 26/08/11 18:13:12 WARN TaskSchedulerImpl: Initial job has not accepted any resources; check your cluster UI to ensure that workers are registered and have sufficient resources
[2026-08-11T18:13:24.904+0000] {subprocess.py:93} INFO - [Stage 0:>                                                          (0 + 1) / 1][Stage 2:>                                                          (0 + 1) / 1]                                                                                [Stage 4:>                                                          (0 + 1) / 1]                                                                                Nombre lignes : 8
[2026-08-11T18:13:24.934+0000] {subprocess.py:93} INFO - +---------+--------+----------+-------------------------+--------+----+-------+
[2026-08-11T18:13:24.958+0000] {subprocess.py:93} INFO - |usage_key|usage_id|code_usage|type_usage               |tarif_ht|tva |surtaxe|
[2026-08-11T18:13:24.980+0000] {subprocess.py:93} INFO - +---------+--------+----------+-------------------------+--------+----+-------+
[2026-08-11T18:13:25.025+0000] {subprocess.py:93} INFO - |0        |1       |BD        |Branchement Domestique   |250.0   |0.0 |0.0    |
[2026-08-11T18:13:25.052+0000] {subprocess.py:93} INFO - |1        |2       |BF        |Borne Fontaine           |270.0   |48.6|3.25   |
[2026-08-11T18:13:25.085+0000] {subprocess.py:93} INFO - |2        |3       |AC        |Activite Commerciale     |350.0   |63.0|3.25   |
[2026-08-11T18:13:25.102+0000] {subprocess.py:93} INFO - |3        |4       |AB        |Abreuvoir                |200.0   |0.0 |0.0    |
[2026-08-11T18:13:25.124+0000] {subprocess.py:93} INFO - |4        |5       |BC        |Branchement Communautaire|250.0   |0.0 |0.0    |
[2026-08-11T18:13:25.150+0000] {subprocess.py:93} INFO - |5        |6       |MA        |Maraichage               |200.0   |0.0 |0.0    |
[2026-08-11T18:13:25.167+0000] {subprocess.py:93} INFO - |6        |7       |UC        |Usage Commercial         |350.0   |63.0|3.25   |
[2026-08-11T18:13:25.174+0000] {subprocess.py:93} INFO - |7        |8       |PT        |Potence                  |350.0   |63.0|3.25   |
[2026-08-11T18:13:25.181+0000] {subprocess.py:93} INFO - +---------+--------+----------+-------------------------+--------+----+-------+
[2026-08-11T18:13:25.189+0000] {subprocess.py:93} INFO - 
[2026-08-11T18:13:25.198+0000] {subprocess.py:93} INFO - DIM_USAGE créée avec succès
[2026-08-11T18:13:28.440+0000] {subprocess.py:97} INFO - Command exited with return code 0
[2026-08-11T18:13:31.315+0000] {taskinstance.py:340} INFO - ::group::Post task execution logs
[2026-08-11T18:13:31.328+0000] {taskinstance.py:352} INFO - Marking task as SUCCESS. dag_id=flex_eau_pipeline, task_id=dim_usage, run_id=scheduled__2026-08-10T00:00:00+00:00, execution_date=20260810T000000, start_date=20260811T181010, end_date=20260811T181331
[2026-08-11T18:13:31.747+0000] {local_task_job_runner.py:261} INFO - Task exited with return code 0
[2026-08-11T18:13:31.891+0000] {local_task_job_runner.py:240} INFO - ::endgroup::
