[2026-08-12T00:25:38.264+0000] {local_task_job_runner.py:123} INFO - ::group::Pre task execution logs
[2026-08-12T00:25:38.374+0000] {taskinstance.py:2603} INFO - Dependencies all met for dep_context=non-requeueable deps ti=<TaskInstance: flex_eau_pipeline.dim_date scheduled__2026-08-11T00:00:00+00:00 [queued]>
[2026-08-12T00:25:38.426+0000] {taskinstance.py:2603} INFO - Dependencies all met for dep_context=requeueable deps ti=<TaskInstance: flex_eau_pipeline.dim_date scheduled__2026-08-11T00:00:00+00:00 [queued]>
[2026-08-12T00:25:38.435+0000] {taskinstance.py:2856} INFO - Starting attempt 1 of 2
[2026-08-12T00:25:38.500+0000] {taskinstance.py:2879} INFO - Executing <Task(BashOperator): dim_date> on 2026-08-11 00:00:00+00:00
[2026-08-12T00:25:38.513+0000] {standard_task_runner.py:72} INFO - Started process 6887 to run task
[2026-08-12T00:25:38.536+0000] {standard_task_runner.py:104} INFO - Running: ['***', 'tasks', 'run', 'flex_eau_pipeline', 'dim_date', 'scheduled__2026-08-11T00:00:00+00:00', '--job-id', '72', '--raw', '--subdir', 'DAGS_FOLDER/flex_eau_pipeline.py', '--cfg-path', '/tmp/tmp1l6c3r4j']
[2026-08-12T00:25:38.551+0000] {standard_task_runner.py:105} INFO - Job 72: Subtask dim_date
[2026-08-12T00:25:38.789+0000] {task_command.py:467} INFO - Running <TaskInstance: flex_eau_pipeline.dim_date scheduled__2026-08-11T00:00:00+00:00 [running]> on host b97d7a013992
[2026-08-12T00:25:39.074+0000] {taskinstance.py:3122} INFO - Exporting env vars: AIRFLOW_CTX_DAG_OWNER='flex-eau' AIRFLOW_CTX_DAG_ID='flex_eau_pipeline' AIRFLOW_CTX_TASK_ID='dim_date' AIRFLOW_CTX_EXECUTION_DATE='2026-08-11T00:00:00+00:00' AIRFLOW_CTX_TRY_NUMBER='1' AIRFLOW_CTX_DAG_RUN_ID='scheduled__2026-08-11T00:00:00+00:00'
[2026-08-12T00:25:39.077+0000] {taskinstance.py:731} INFO - ::endgroup::
[2026-08-12T00:25:39.126+0000] {subprocess.py:63} INFO - Tmp dir root location: /tmp
[2026-08-12T00:25:39.128+0000] {subprocess.py:75} INFO - Running command: ['/usr/bin/bash', '-c', 'python spark_jobs/dimensions/dim_date.py']
[2026-08-12T00:25:39.166+0000] {subprocess.py:86} INFO - Output:
[2026-08-12T00:25:52.614+0000] {subprocess.py:93} INFO - 26/08/12 00:25:52 WARN NativeCodeLoader: Unable to load native-hadoop library for your platform... using builtin-java classes where applicable
[2026-08-12T00:25:54.829+0000] {subprocess.py:93} INFO - Setting default log level to "WARN".
[2026-08-12T00:25:54.834+0000] {subprocess.py:93} INFO - To adjust logging level use sc.setLogLevel(newLevel). For SparkR, use setLogLevel(newLevel).
[2026-08-12T00:26:01.114+0000] {subprocess.py:93} INFO - 26/08/12 00:26:01 WARN Utils: Service 'SparkUI' could not bind on port 4040. Attempting port 4041.
[2026-08-12T00:26:01.118+0000] {subprocess.py:93} INFO - 26/08/12 00:26:01 WARN Utils: Service 'SparkUI' could not bind on port 4041. Attempting port 4042.
[2026-08-12T00:26:01.138+0000] {subprocess.py:93} INFO - 26/08/12 00:26:01 WARN Utils: Service 'SparkUI' could not bind on port 4042. Attempting port 4043.
[2026-08-12T00:26:01.139+0000] {subprocess.py:93} INFO - 26/08/12 00:26:01 WARN Utils: Service 'SparkUI' could not bind on port 4043. Attempting port 4044.
[2026-08-12T00:26:01.140+0000] {subprocess.py:93} INFO - 26/08/12 00:26:01 WARN Utils: Service 'SparkUI' could not bind on port 4044. Attempting port 4045.
[2026-08-12T00:26:01.146+0000] {subprocess.py:93} INFO - 26/08/12 00:26:01 WARN Utils: Service 'SparkUI' could not bind on port 4045. Attempting port 4046.
[2026-08-12T00:26:01.162+0000] {subprocess.py:93} INFO - 26/08/12 00:26:01 WARN Utils: Service 'SparkUI' could not bind on port 4046. Attempting port 4047.
[2026-08-12T00:26:43.860+0000] {subprocess.py:93} INFO - [Stage 0:>                                                          (0 + 0) / 2]26/08/12 00:26:43 WARN TaskSchedulerImpl: Initial job has not accepted any resources; check your cluster UI to ensure that workers are registered and have sufficient resources
[2026-08-12T00:26:58.859+0000] {subprocess.py:93} INFO - 26/08/12 00:26:58 WARN TaskSchedulerImpl: Initial job has not accepted any resources; check your cluster UI to ensure that workers are registered and have sufficient resources
[2026-08-12T00:27:13.859+0000] {subprocess.py:93} INFO - 26/08/12 00:27:13 WARN TaskSchedulerImpl: Initial job has not accepted any resources; check your cluster UI to ensure that workers are registered and have sufficient resources
[2026-08-12T00:27:28.893+0000] {subprocess.py:93} INFO - [Stage 0:>                                                          (0 + 0) / 2]26/08/12 00:27:28 WARN TaskSchedulerImpl: Initial job has not accepted any resources; check your cluster UI to ensure that workers are registered and have sufficient resources
[2026-08-12T00:27:44.496+0000] {subprocess.py:93} INFO - 26/08/12 00:27:44 WARN TaskSchedulerImpl: Initial job has not accepted any resources; check your cluster UI to ensure that workers are registered and have sufficient resources
[2026-08-12T00:28:00.453+0000] {subprocess.py:93} INFO - [Stage 0:>                                                          (0 + 2) / 2]                                                                                [Stage 4:>                                                          (0 + 2) / 2]                                                                                Nombre lignes : 731
[2026-08-12T00:28:00.454+0000] {subprocess.py:93} INFO - +--------+-------------+----+----+--------+---------+-----+------------+-------------+
[2026-08-12T00:28:00.455+0000] {subprocess.py:93} INFO - |date_key|date_complete|jour|mois|nom_mois|trimestre|annee|jour_semaine|semaine_annee|
[2026-08-12T00:28:00.457+0000] {subprocess.py:93} INFO - +--------+-------------+----+----+--------+---------+-----+------------+-------------+
[2026-08-12T00:28:00.458+0000] {subprocess.py:93} INFO - |20240101|2024-01-01   |1   |1   |January |1        |2024 |Monday      |1            |
[2026-08-12T00:28:00.459+0000] {subprocess.py:93} INFO - |20240102|2024-01-02   |2   |1   |January |1        |2024 |Tuesday     |1            |
[2026-08-12T00:28:00.460+0000] {subprocess.py:93} INFO - |20240103|2024-01-03   |3   |1   |January |1        |2024 |Wednesday   |1            |
[2026-08-12T00:28:00.461+0000] {subprocess.py:93} INFO - |20240104|2024-01-04   |4   |1   |January |1        |2024 |Thursday    |1            |
[2026-08-12T00:28:00.463+0000] {subprocess.py:93} INFO - |20240105|2024-01-05   |5   |1   |January |1        |2024 |Friday      |1            |
[2026-08-12T00:28:00.464+0000] {subprocess.py:93} INFO - +--------+-------------+----+----+--------+---------+-----+------------+-------------+
[2026-08-12T00:28:00.465+0000] {subprocess.py:93} INFO - only showing top 5 rows
[2026-08-12T00:28:00.467+0000] {subprocess.py:93} INFO - 
[2026-08-12T00:28:00.468+0000] {subprocess.py:93} INFO - AVANT WRITE
[2026-08-12T00:28:00.469+0000] {subprocess.py:93} INFO - DIM_DATE créée avec succès
[2026-08-12T00:28:01.152+0000] {subprocess.py:97} INFO - Command exited with return code 0
[2026-08-12T00:28:01.209+0000] {taskinstance.py:340} INFO - ::group::Post task execution logs
[2026-08-12T00:28:01.211+0000] {taskinstance.py:352} INFO - Marking task as SUCCESS. dag_id=flex_eau_pipeline, task_id=dim_date, run_id=scheduled__2026-08-11T00:00:00+00:00, execution_date=20260811T000000, start_date=20260812T002538, end_date=20260812T002801
[2026-08-12T00:28:01.245+0000] {local_task_job_runner.py:261} INFO - Task exited with return code 0
[2026-08-12T00:28:01.283+0000] {taskinstance.py:3891} INFO - 5 downstream tasks scheduled from follow-on schedule check
[2026-08-12T00:28:01.288+0000] {local_task_job_runner.py:240} INFO - ::endgroup::
