[2026-07-25T20:30:18.557+0000] {local_task_job_runner.py:123} INFO - ::group::Pre task execution logs
[2026-07-25T20:30:18.615+0000] {taskinstance.py:2603} INFO - Dependencies all met for dep_context=non-requeueable deps ti=<TaskInstance: flex_eau_pipeline.dim_forage manual__2026-07-25T20:29:16.467109+00:00 [queued]>
[2026-07-25T20:30:18.636+0000] {taskinstance.py:2603} INFO - Dependencies all met for dep_context=requeueable deps ti=<TaskInstance: flex_eau_pipeline.dim_forage manual__2026-07-25T20:29:16.467109+00:00 [queued]>
[2026-07-25T20:30:18.637+0000] {taskinstance.py:2856} INFO - Starting attempt 1 of 2
[2026-07-25T20:30:18.681+0000] {taskinstance.py:2879} INFO - Executing <Task(BashOperator): dim_forage> on 2026-07-25 20:29:16.467109+00:00
[2026-07-25T20:30:18.701+0000] {standard_task_runner.py:72} INFO - Started process 286 to run task
[2026-07-25T20:30:18.725+0000] {standard_task_runner.py:104} INFO - Running: ['***', 'tasks', 'run', 'flex_eau_pipeline', 'dim_forage', 'manual__2026-07-25T20:29:16.467109+00:00', '--job-id', '26', '--raw', '--subdir', 'DAGS_FOLDER/flex_eau_pipeline.py', '--cfg-path', '/tmp/tmpyp4nx96l']
[2026-07-25T20:30:18.733+0000] {standard_task_runner.py:105} INFO - Job 26: Subtask dim_forage
[2026-07-25T20:30:18.975+0000] {task_command.py:467} INFO - Running <TaskInstance: flex_eau_pipeline.dim_forage manual__2026-07-25T20:29:16.467109+00:00 [running]> on host b1da4d7b7394
[2026-07-25T20:30:19.347+0000] {taskinstance.py:3122} INFO - Exporting env vars: AIRFLOW_CTX_DAG_OWNER='flex-eau' AIRFLOW_CTX_DAG_ID='flex_eau_pipeline' AIRFLOW_CTX_TASK_ID='dim_forage' AIRFLOW_CTX_EXECUTION_DATE='2026-07-25T20:29:16.467109+00:00' AIRFLOW_CTX_TRY_NUMBER='1' AIRFLOW_CTX_DAG_RUN_ID='manual__2026-07-25T20:29:16.467109+00:00'
[2026-07-25T20:30:19.354+0000] {taskinstance.py:731} INFO - ::endgroup::
[2026-07-25T20:30:19.441+0000] {subprocess.py:63} INFO - Tmp dir root location: /tmp
[2026-07-25T20:30:19.442+0000] {subprocess.py:75} INFO - Running command: ['/usr/bin/bash', '-c', 'python spark_jobs/dimensions/dim_forage.py']
[2026-07-25T20:30:19.503+0000] {subprocess.py:86} INFO - Output:
[2026-07-25T20:30:37.524+0000] {subprocess.py:93} INFO - 26/07/25 20:30:37 WARN NativeCodeLoader: Unable to load native-hadoop library for your platform... using builtin-java classes where applicable
[2026-07-25T20:30:38.605+0000] {subprocess.py:93} INFO - Setting default log level to "WARN".
[2026-07-25T20:30:38.607+0000] {subprocess.py:93} INFO - To adjust logging level use sc.setLogLevel(newLevel). For SparkR, use setLogLevel(newLevel).
[2026-07-25T20:30:44.353+0000] {subprocess.py:93} INFO - 26/07/25 20:30:44 WARN Utils: Service 'SparkUI' could not bind on port 4040. Attempting port 4041.
[2026-07-25T20:30:44.364+0000] {subprocess.py:93} INFO - 26/07/25 20:30:44 WARN Utils: Service 'SparkUI' could not bind on port 4041. Attempting port 4042.
[2026-07-25T20:31:40.274+0000] {subprocess.py:93} INFO - [Stage 0:>                                                          (0 + 0) / 1][Stage 0:>                  (0 + 0) / 1][Stage 1:>                  (0 + 0) / 1]26/07/25 20:31:40 WARN TaskSchedulerImpl: Initial job has not accepted any resources; check your cluster UI to ensure that workers are registered and have sufficient resources
[2026-07-25T20:31:55.274+0000] {subprocess.py:93} INFO - 26/07/25 20:31:55 WARN TaskSchedulerImpl: Initial job has not accepted any resources; check your cluster UI to ensure that workers are registered and have sufficient resources
[2026-07-25T20:32:10.274+0000] {subprocess.py:93} INFO - 26/07/25 20:32:10 WARN TaskSchedulerImpl: Initial job has not accepted any resources; check your cluster UI to ensure that workers are registered and have sufficient resources
[2026-07-25T20:32:27.602+0000] {subprocess.py:93} INFO - [Stage 0:>                  (0 + 1) / 1][Stage 1:>                  (0 + 1) / 1]                                                                                [Stage 20:>                                                         (0 + 1) / 1]                                                                                Nombre lignes : 15
[2026-07-25T20:32:27.604+0000] {subprocess.py:93} INFO - +----------+---------+-----------+--------------------------+-------+----------+-----------------+------------------+------+---------+
[2026-07-25T20:32:27.605+0000] {subprocess.py:93} INFO - |forage_key|forage_id|code_forage|nom_forage                |site_id|commune_id|source_energie_id|source_energie    |arrete|transfere|
[2026-07-25T20:32:27.606+0000] {subprocess.py:93} INFO - +----------+---------+-----------+--------------------------+-------+----------+-----------------+------------------+------+---------+
[2026-07-25T20:32:27.607+0000] {subprocess.py:93} INFO - |0         |16       |F-SIB-01   |Forage Principal Sibassor |21     |64        |1                |Electricite       |0     |0        |
[2026-07-25T20:32:27.607+0000] {subprocess.py:93} INFO - |1         |18       |F-NDB-01   |Forage Ndiebel            |22     |47        |1                |Electricite       |0     |0        |
[2026-07-25T20:32:27.608+0000] {subprocess.py:93} INFO - |2         |19       |F-GAN-01   |Forage Gandiaye           |23     |66        |1                |Electricite       |0     |0        |
[2026-07-25T20:32:27.609+0000] {subprocess.py:93} INFO - |3         |22       |F-NGL-01   |Forage Nguelou            |26     |36        |1                |Electricite       |0     |0        |
[2026-07-25T20:32:27.609+0000] {subprocess.py:93} INFO - |4         |23       |F-KYM-01   |Forage Kayemor            |27     |49        |1                |Electricite       |0     |0        |
[2026-07-25T20:32:27.610+0000] {subprocess.py:93} INFO - |5         |26       |F-BKL-01   |Forage Birkelane          |31     |69        |1                |Electricite       |0     |0        |
[2026-07-25T20:32:27.611+0000] {subprocess.py:93} INFO - |6         |27       |F-GNI-01   |Forage Gniby              |32     |8         |1                |Electricite       |0     |0        |
[2026-07-25T20:32:27.612+0000] {subprocess.py:93} INFO - |7         |29       |F-KAH-01   |Forage Kahi               |34     |10        |1                |Electricite       |0     |0        |
[2026-07-25T20:32:27.613+0000] {subprocess.py:93} INFO - |8         |17       |F-SIB-02   |Forage Secondaire Sibassor|21     |64        |3                |Solaire           |0     |0        |
[2026-07-25T20:32:27.614+0000] {subprocess.py:93} INFO - |9         |21       |F-MBD-01   |Forage Mbadakhoune        |25     |32        |3                |Solaire           |0     |0        |
[2026-07-25T20:32:27.615+0000] {subprocess.py:93} INFO - |10        |25       |F-WNG-01   |Forage Wack Ngouna        |29     |61        |3                |Solaire           |0     |0        |
[2026-07-25T20:32:27.616+0000] {subprocess.py:93} INFO - |11        |28       |F-DML-01   |Forage Diamal             |33     |1         |3                |Solaire           |0     |0        |
[2026-07-25T20:32:27.618+0000] {subprocess.py:93} INFO - |12        |20       |F-KSO-01   |Forage Keur Soce          |24     |43        |2                |Groupe Electrogene|0     |0        |
[2026-07-25T20:32:27.619+0000] {subprocess.py:93} INFO - |13        |24       |F-PAO-01   |Forage Paoscoto           |28     |54        |2                |Groupe Electrogene|0     |0        |
[2026-07-25T20:32:27.619+0000] {subprocess.py:93} INFO - |14        |30       |F-MHD-01   |Forage Malem Hoddar       |40     |30        |2                |Groupe Electrogene|0     |0        |
[2026-07-25T20:32:27.620+0000] {subprocess.py:93} INFO - +----------+---------+-----------+--------------------------+-------+----------+-----------------+------------------+------+---------+
[2026-07-25T20:32:27.622+0000] {subprocess.py:93} INFO - 
[2026-07-25T20:32:27.622+0000] {subprocess.py:93} INFO - DIM_FORAGE créée avec succès
[2026-07-25T20:32:28.143+0000] {subprocess.py:97} INFO - Command exited with return code 0
[2026-07-25T20:32:28.206+0000] {taskinstance.py:340} INFO - ::group::Post task execution logs
[2026-07-25T20:32:28.208+0000] {taskinstance.py:352} INFO - Marking task as SUCCESS. dag_id=flex_eau_pipeline, task_id=dim_forage, run_id=manual__2026-07-25T20:29:16.467109+00:00, execution_date=20260725T202916, start_date=20260725T203018, end_date=20260725T203228
[2026-07-25T20:32:28.281+0000] {local_task_job_runner.py:261} INFO - Task exited with return code 0
[2026-07-25T20:32:28.338+0000] {taskinstance.py:3891} INFO - 0 downstream tasks scheduled from follow-on schedule check
[2026-07-25T20:32:28.344+0000] {local_task_job_runner.py:240} INFO - ::endgroup::
