[2026-06-19T17:43:27.688+0000] {local_task_job_runner.py:123} INFO - ::group::Pre task execution logs
[2026-06-19T17:43:27.735+0000] {taskinstance.py:2603} INFO - Dependencies all met for dep_context=non-requeueable deps ti=<TaskInstance: flex_eau_pipeline.dim_date manual__2026-06-19T17:43:27.089079+00:00 [queued]>
[2026-06-19T17:43:27.751+0000] {taskinstance.py:2603} INFO - Dependencies all met for dep_context=requeueable deps ti=<TaskInstance: flex_eau_pipeline.dim_date manual__2026-06-19T17:43:27.089079+00:00 [queued]>
[2026-06-19T17:43:27.752+0000] {taskinstance.py:2856} INFO - Starting attempt 1 of 1
[2026-06-19T17:43:27.796+0000] {taskinstance.py:2879} INFO - Executing <Task(BashOperator): dim_date> on 2026-06-19 17:43:27.089079+00:00
[2026-06-19T17:43:27.817+0000] {logging_mixin.py:190} WARNING - /home/***/.local/lib/python3.12/site-packages/***/task/task_runner/standard_task_runner.py:70 DeprecationWarning: This process (pid=194) is multi-threaded, use of fork() may lead to deadlocks in the child.
[2026-06-19T17:43:27.813+0000] {standard_task_runner.py:104} INFO - Running: ['***', 'tasks', 'run', 'flex_eau_pipeline', 'dim_date', 'manual__2026-06-19T17:43:27.089079+00:00', '--job-id', '3', '--raw', '--subdir', 'DAGS_FOLDER/flex_eau_pipeline.py', '--cfg-path', '/tmp/tmpdc60hxl4']
[2026-06-19T17:43:27.820+0000] {standard_task_runner.py:72} INFO - Started process 195 to run task
[2026-06-19T17:43:27.820+0000] {standard_task_runner.py:105} INFO - Job 3: Subtask dim_date
[2026-06-19T17:43:28.057+0000] {task_command.py:467} INFO - Running <TaskInstance: flex_eau_pipeline.dim_date manual__2026-06-19T17:43:27.089079+00:00 [running]> on host 7a265d66c632
[2026-06-19T17:43:28.285+0000] {taskinstance.py:3122} INFO - Exporting env vars: AIRFLOW_CTX_DAG_OWNER='***' AIRFLOW_CTX_DAG_ID='flex_eau_pipeline' AIRFLOW_CTX_TASK_ID='dim_date' AIRFLOW_CTX_EXECUTION_DATE='2026-06-19T17:43:27.089079+00:00' AIRFLOW_CTX_TRY_NUMBER='1' AIRFLOW_CTX_DAG_RUN_ID='manual__2026-06-19T17:43:27.089079+00:00'
[2026-06-19T17:43:28.287+0000] {taskinstance.py:731} INFO - ::endgroup::
[2026-06-19T17:43:28.320+0000] {subprocess.py:63} INFO - Tmp dir root location: /tmp
[2026-06-19T17:43:28.322+0000] {subprocess.py:75} INFO - Running command: ['/usr/bin/bash', '-c', '\n        cd /opt/project &&         python spark_jobs/dimensions/dim_date.py\n        ']
[2026-06-19T17:43:28.343+0000] {subprocess.py:86} INFO - Output:
[2026-06-19T17:43:29.848+0000] {subprocess.py:93} INFO - /home/***/.local/lib/python3.12/site-packages/pyspark/bin/load-spark-env.sh: line 68: ps: command not found
[2026-06-19T17:43:29.851+0000] {subprocess.py:93} INFO - JAVA_HOME is not set
[2026-06-19T17:43:29.914+0000] {subprocess.py:93} INFO - Traceback (most recent call last):
[2026-06-19T17:43:29.916+0000] {subprocess.py:93} INFO -   File "/opt/project/spark_jobs/dimensions/dim_date.py", line 6, in <module>
[2026-06-19T17:43:29.925+0000] {subprocess.py:93} INFO -     .getOrCreate()
[2026-06-19T17:43:29.927+0000] {subprocess.py:93} INFO -      ^^^^^^^^^^^^^
[2026-06-19T17:43:29.928+0000] {subprocess.py:93} INFO -   File "/home/***/.local/lib/python3.12/site-packages/pyspark/sql/session.py", line 497, in getOrCreate
[2026-06-19T17:43:29.930+0000] {subprocess.py:93} INFO -     sc = SparkContext.getOrCreate(sparkConf)
[2026-06-19T17:43:29.931+0000] {subprocess.py:93} INFO -          ^^^^^^^^^^^^^^^^^^^^^^^^^^^^^^^^^^^
[2026-06-19T17:43:29.932+0000] {subprocess.py:93} INFO -   File "/home/***/.local/lib/python3.12/site-packages/pyspark/context.py", line 515, in getOrCreate
[2026-06-19T17:43:29.933+0000] {subprocess.py:93} INFO -     SparkContext(conf=conf or SparkConf())
[2026-06-19T17:43:29.935+0000] {subprocess.py:93} INFO -   File "/home/***/.local/lib/python3.12/site-packages/pyspark/context.py", line 201, in __init__
[2026-06-19T17:43:29.936+0000] {subprocess.py:93} INFO -     SparkContext._ensure_initialized(self, gateway=gateway, conf=conf)
[2026-06-19T17:43:29.937+0000] {subprocess.py:93} INFO -   File "/home/***/.local/lib/python3.12/site-packages/pyspark/context.py", line 436, in _ensure_initialized
[2026-06-19T17:43:29.939+0000] {subprocess.py:93} INFO -     SparkContext._gateway = gateway or launch_gateway(conf)
[2026-06-19T17:43:29.940+0000] {subprocess.py:93} INFO -                                        ^^^^^^^^^^^^^^^^^^^^
[2026-06-19T17:43:29.941+0000] {subprocess.py:93} INFO -   File "/home/***/.local/lib/python3.12/site-packages/pyspark/java_gateway.py", line 107, in launch_gateway
[2026-06-19T17:43:29.943+0000] {subprocess.py:93} INFO -     raise PySparkRuntimeError(
[2026-06-19T17:43:29.944+0000] {subprocess.py:93} INFO - pyspark.errors.exceptions.base.PySparkRuntimeError: [JAVA_GATEWAY_EXITED] Java gateway process exited before sending its port number.
[2026-06-19T17:43:30.031+0000] {subprocess.py:97} INFO - Command exited with return code 1
[2026-06-19T17:43:30.057+0000] {taskinstance.py:3301} ERROR - Task failed with exception
Traceback (most recent call last):
  File "/home/airflow/.local/lib/python3.12/site-packages/airflow/models/taskinstance.py", line 767, in _execute_task
    result = _execute_callable(context=context, **execute_callable_kwargs)
             ^^^^^^^^^^^^^^^^^^^^^^^^^^^^^^^^^^^^^^^^^^^^^^^^^^^^^^^^^^^^^
  File "/home/airflow/.local/lib/python3.12/site-packages/airflow/models/taskinstance.py", line 733, in _execute_callable
    return ExecutionCallableRunner(
           ^^^^^^^^^^^^^^^^^^^^^^^^
  File "/home/airflow/.local/lib/python3.12/site-packages/airflow/utils/operator_helpers.py", line 252, in run
    return self.func(*args, **kwargs)
           ^^^^^^^^^^^^^^^^^^^^^^^^^^
  File "/home/airflow/.local/lib/python3.12/site-packages/airflow/models/baseoperator.py", line 406, in wrapper
    return func(self, *args, **kwargs)
           ^^^^^^^^^^^^^^^^^^^^^^^^^^^
  File "/home/airflow/.local/lib/python3.12/site-packages/airflow/operators/bash.py", line 249, in execute
    raise AirflowException(
airflow.exceptions.AirflowException: Bash command failed. The command returned a non-zero exit code 1.
[2026-06-19T17:43:30.064+0000] {taskinstance.py:1225} INFO - Marking task as FAILED. dag_id=flex_eau_pipeline, task_id=dim_date, run_id=manual__2026-06-19T17:43:27.089079+00:00, execution_date=20260619T174327, start_date=20260619T174327, end_date=20260619T174330
[2026-06-19T17:43:30.102+0000] {taskinstance.py:340} INFO - ::group::Post task execution logs
[2026-06-19T17:43:30.104+0000] {standard_task_runner.py:124} ERROR - Failed to execute job 3 for task dim_date (Bash command failed. The command returned a non-zero exit code 1.; 195)
Traceback (most recent call last):
  File "/home/airflow/.local/lib/python3.12/site-packages/airflow/task/task_runner/standard_task_runner.py", line 117, in _start_by_fork
    ret = args.func(args, dag=self.dag)
          ^^^^^^^^^^^^^^^^^^^^^^^^^^^^^
  File "/home/airflow/.local/lib/python3.12/site-packages/airflow/cli/cli_config.py", line 49, in command
    return func(*args, **kwargs)
           ^^^^^^^^^^^^^^^^^^^^^
  File "/home/airflow/.local/lib/python3.12/site-packages/airflow/utils/cli.py", line 115, in wrapper
    return f(*args, **kwargs)
           ^^^^^^^^^^^^^^^^^^
  File "/home/airflow/.local/lib/python3.12/site-packages/airflow/cli/commands/task_command.py", line 483, in task_run
    task_return_code = _run_task_by_selected_method(args, _dag, ti)
                       ^^^^^^^^^^^^^^^^^^^^^^^^^^^^^^^^^^^^^^^^^^^^
  File "/home/airflow/.local/lib/python3.12/site-packages/airflow/cli/commands/task_command.py", line 256, in _run_task_by_selected_method
    return _run_raw_task(args, ti)
           ^^^^^^^^^^^^^^^^^^^^^^^
  File "/home/airflow/.local/lib/python3.12/site-packages/airflow/cli/commands/task_command.py", line 341, in _run_raw_task
    return ti._run_raw_task(
           ^^^^^^^^^^^^^^^^^
  File "/home/airflow/.local/lib/python3.12/site-packages/airflow/utils/session.py", line 97, in wrapper
    return func(*args, session=session, **kwargs)
           ^^^^^^^^^^^^^^^^^^^^^^^^^^^^^^^^^^^^^^
  File "/home/airflow/.local/lib/python3.12/site-packages/airflow/models/taskinstance.py", line 2995, in _run_raw_task
    return _run_raw_task(
           ^^^^^^^^^^^^^^
  File "/home/airflow/.local/lib/python3.12/site-packages/airflow/models/taskinstance.py", line 273, in _run_raw_task
    TaskInstance._execute_task_with_callbacks(
  File "/home/airflow/.local/lib/python3.12/site-packages/airflow/models/taskinstance.py", line 3149, in _execute_task_with_callbacks
    result = self._execute_task(context, task_orig)
             ^^^^^^^^^^^^^^^^^^^^^^^^^^^^^^^^^^^^^^
  File "/home/airflow/.local/lib/python3.12/site-packages/airflow/models/taskinstance.py", line 3173, in _execute_task
    return _execute_task(self, context, task_orig)
           ^^^^^^^^^^^^^^^^^^^^^^^^^^^^^^^^^^^^^^^
  File "/home/airflow/.local/lib/python3.12/site-packages/airflow/models/taskinstance.py", line 767, in _execute_task
    result = _execute_callable(context=context, **execute_callable_kwargs)
             ^^^^^^^^^^^^^^^^^^^^^^^^^^^^^^^^^^^^^^^^^^^^^^^^^^^^^^^^^^^^^
  File "/home/airflow/.local/lib/python3.12/site-packages/airflow/models/taskinstance.py", line 733, in _execute_callable
    return ExecutionCallableRunner(
           ^^^^^^^^^^^^^^^^^^^^^^^^
  File "/home/airflow/.local/lib/python3.12/site-packages/airflow/utils/operator_helpers.py", line 252, in run
    return self.func(*args, **kwargs)
           ^^^^^^^^^^^^^^^^^^^^^^^^^^
  File "/home/airflow/.local/lib/python3.12/site-packages/airflow/models/baseoperator.py", line 406, in wrapper
    return func(self, *args, **kwargs)
           ^^^^^^^^^^^^^^^^^^^^^^^^^^^
  File "/home/airflow/.local/lib/python3.12/site-packages/airflow/operators/bash.py", line 249, in execute
    raise AirflowException(
airflow.exceptions.AirflowException: Bash command failed. The command returned a non-zero exit code 1.
[2026-06-19T17:43:30.130+0000] {local_task_job_runner.py:261} INFO - Task exited with return code 1
[2026-06-19T17:43:30.178+0000] {taskinstance.py:3891} INFO - 0 downstream tasks scheduled from follow-on schedule check
[2026-06-19T17:43:30.222+0000] {local_task_job_runner.py:240} INFO - ::endgroup::
