[2026-07-25T20:30:18.565+0000] {local_task_job_runner.py:123} INFO - ::group::Pre task execution logs
[2026-07-25T20:30:18.615+0000] {taskinstance.py:2603} INFO - Dependencies all met for dep_context=non-requeueable deps ti=<TaskInstance: flex_eau_pipeline.dim_geo manual__2026-07-25T20:29:16.467109+00:00 [queued]>
[2026-07-25T20:30:18.636+0000] {taskinstance.py:2603} INFO - Dependencies all met for dep_context=requeueable deps ti=<TaskInstance: flex_eau_pipeline.dim_geo manual__2026-07-25T20:29:16.467109+00:00 [queued]>
[2026-07-25T20:30:18.637+0000] {taskinstance.py:2856} INFO - Starting attempt 1 of 2
[2026-07-25T20:30:18.709+0000] {taskinstance.py:2879} INFO - Executing <Task(BashOperator): dim_geo> on 2026-07-25 20:29:16.467109+00:00
[2026-07-25T20:30:18.734+0000] {standard_task_runner.py:72} INFO - Started process 288 to run task
[2026-07-25T20:30:18.765+0000] {standard_task_runner.py:104} INFO - Running: ['***', 'tasks', 'run', 'flex_eau_pipeline', 'dim_geo', 'manual__2026-07-25T20:29:16.467109+00:00', '--job-id', '27', '--raw', '--subdir', 'DAGS_FOLDER/flex_eau_pipeline.py', '--cfg-path', '/tmp/tmpnleif4d2']
[2026-07-25T20:30:18.773+0000] {standard_task_runner.py:105} INFO - Job 27: Subtask dim_geo
[2026-07-25T20:30:18.998+0000] {task_command.py:467} INFO - Running <TaskInstance: flex_eau_pipeline.dim_geo manual__2026-07-25T20:29:16.467109+00:00 [running]> on host b1da4d7b7394
[2026-07-25T20:30:19.441+0000] {taskinstance.py:3122} INFO - Exporting env vars: AIRFLOW_CTX_DAG_OWNER='flex-eau' AIRFLOW_CTX_DAG_ID='flex_eau_pipeline' AIRFLOW_CTX_TASK_ID='dim_geo' AIRFLOW_CTX_EXECUTION_DATE='2026-07-25T20:29:16.467109+00:00' AIRFLOW_CTX_TRY_NUMBER='1' AIRFLOW_CTX_DAG_RUN_ID='manual__2026-07-25T20:29:16.467109+00:00'
[2026-07-25T20:30:19.444+0000] {taskinstance.py:731} INFO - ::endgroup::
[2026-07-25T20:30:19.531+0000] {subprocess.py:63} INFO - Tmp dir root location: /tmp
[2026-07-25T20:30:19.537+0000] {subprocess.py:75} INFO - Running command: ['/usr/bin/bash', '-c', 'python spark_jobs/dimensions/dim_geo.py']
[2026-07-25T20:30:19.606+0000] {subprocess.py:86} INFO - Output:
[2026-07-25T20:30:35.897+0000] {subprocess.py:93} INFO - 26/07/25 20:30:35 WARN NativeCodeLoader: Unable to load native-hadoop library for your platform... using builtin-java classes where applicable
[2026-07-25T20:30:37.413+0000] {subprocess.py:93} INFO - Setting default log level to "WARN".
[2026-07-25T20:30:37.414+0000] {subprocess.py:93} INFO - To adjust logging level use sc.setLogLevel(newLevel). For SparkR, use setLogLevel(newLevel).
[2026-07-25T20:31:44.050+0000] {subprocess.py:93} INFO - [Stage 0:>                                                          (0 + 0) / 1][Stage 0:>                                                          (0 + 1) / 1][Stage 0:>    (0 + 1) / 1][Stage 1:>    (0 + 1) / 1][Stage 2:>    (0 + 1) / 1]                                                                                [Stage 13:>                                                         (0 + 1) / 1]                                                                                [Stage 46:>                                                         (0 + 1) / 1]                                                                                Nombre lignes : 20
[2026-07-25T20:31:44.053+0000] {subprocess.py:93} INFO - +-------+---------+-----------+----------+--------------+---------------+----------+------------------+-------+------------------+
[2026-07-25T20:31:44.054+0000] {subprocess.py:93} INFO - |geo_key|region_id|region_code|region_nom|departement_id|departement_nom|commune_id|commune_nom       |site_id|site_nom          |
[2026-07-25T20:31:44.055+0000] {subprocess.py:93} INFO - +-------+---------+-----------+----------+--------------+---------------+----------+------------------+-------+------------------+
[2026-07-25T20:31:44.056+0000] {subprocess.py:93} INFO - |0      |1        |KL         |Kaolack   |7             |Nioro du Rip   |49        |Kayemor           |27     |Kayemor           |
[2026-07-25T20:31:44.057+0000] {subprocess.py:93} INFO - |1      |1        |KL         |Kaolack   |7             |Nioro du Rip   |61        |Wack Ngouna       |29     |Wack Ngouna       |
[2026-07-25T20:31:44.058+0000] {subprocess.py:93} INFO - |2      |1        |KL         |Kaolack   |7             |Nioro du Rip   |50        |Medina Sabakh     |30     |Medina Sabakh     |
[2026-07-25T20:31:44.060+0000] {subprocess.py:93} INFO - |3      |1        |KL         |Kaolack   |7             |Nioro du Rip   |54        |Paoscoto          |28     |Paoscoto          |
[2026-07-25T20:31:44.061+0000] {subprocess.py:93} INFO - |4      |1        |KL         |Kaolack   |6             |Kaolack        |47        |Ndiebel           |22     |Ndiebel           |
[2026-07-25T20:31:44.061+0000] {subprocess.py:93} INFO - |5      |1        |KL         |Kaolack   |6             |Kaolack        |64        |Sibassor          |21     |Sibassor          |
[2026-07-25T20:31:44.062+0000] {subprocess.py:93} INFO - |6      |1        |KL         |Kaolack   |6             |Kaolack        |66        |Gandiaye          |23     |Gandiaye          |
[2026-07-25T20:31:44.063+0000] {subprocess.py:93} INFO - |7      |1        |KL         |Kaolack   |6             |Kaolack        |43        |Keur Soce         |24     |Keur Soce         |
[2026-07-25T20:31:44.064+0000] {subprocess.py:93} INFO - |8      |1        |KL         |Kaolack   |5             |Guinguineo     |36        |Nguelou           |26     |Nguelou           |
[2026-07-25T20:31:44.065+0000] {subprocess.py:93} INFO - |9      |1        |KL         |Kaolack   |5             |Guinguineo     |32        |Mbadakhoune       |25     |Mbadakhoune       |
[2026-07-25T20:31:44.066+0000] {subprocess.py:93} INFO - |10     |2        |KF         |Kaffrine  |1             |Birkelane      |69        |Birkelane         |31     |Birkelane         |
[2026-07-25T20:31:44.067+0000] {subprocess.py:93} INFO - |11     |2        |KF         |Kaffrine  |1             |Birkelane      |1         |Diamal            |33     |Diamal            |
[2026-07-25T20:31:44.068+0000] {subprocess.py:93} INFO - |12     |2        |KF         |Kaffrine  |3             |Koungheul      |16        |Fass Thieckene    |37     |Fass Thieckene    |
[2026-07-25T20:31:44.069+0000] {subprocess.py:93} INFO - |13     |2        |KF         |Kaffrine  |3             |Koungheul      |20        |Lour Escale       |39     |Lour Escale       |
[2026-07-25T20:31:44.069+0000] {subprocess.py:93} INFO - |14     |2        |KF         |Kaffrine  |3             |Koungheul      |18        |Ida Mouride       |38     |Ida Mouride       |
[2026-07-25T20:31:44.070+0000] {subprocess.py:93} INFO - |15     |2        |KF         |Kaffrine  |2             |Kaffrine       |62        |Katakel           |35     |Katakel           |
[2026-07-25T20:31:44.071+0000] {subprocess.py:93} INFO - |16     |2        |KF         |Kaffrine  |2             |Kaffrine       |8         |Gniby             |32     |Gniby             |
[2026-07-25T20:31:44.072+0000] {subprocess.py:93} INFO - |17     |2        |KF         |Kaffrine  |2             |Kaffrine       |12        |Diockoul Mbelbouck|36     |Diockoul Mbelbouck|
[2026-07-25T20:31:44.073+0000] {subprocess.py:93} INFO - |18     |2        |KF         |Kaffrine  |2             |Kaffrine       |10        |Kahi              |34     |Kahi              |
[2026-07-25T20:31:44.073+0000] {subprocess.py:93} INFO - |19     |2        |KF         |Kaffrine  |4             |Malem Hodar    |30        |Malem Hoddar      |40     |Malem Hoddar      |
[2026-07-25T20:31:44.074+0000] {subprocess.py:93} INFO - +-------+---------+-----------+----------+--------------+---------------+----------+------------------+-------+------------------+
[2026-07-25T20:31:44.075+0000] {subprocess.py:93} INFO - 
[2026-07-25T20:31:44.077+0000] {subprocess.py:93} INFO - DIM_GEOGRAPHIE créée avec succès
[2026-07-25T20:31:44.637+0000] {subprocess.py:97} INFO - Command exited with return code 0
[2026-07-25T20:31:44.734+0000] {taskinstance.py:340} INFO - ::group::Post task execution logs
[2026-07-25T20:31:44.737+0000] {taskinstance.py:352} INFO - Marking task as SUCCESS. dag_id=flex_eau_pipeline, task_id=dim_geo, run_id=manual__2026-07-25T20:29:16.467109+00:00, execution_date=20260725T202916, start_date=20260725T203018, end_date=20260725T203144
[2026-07-25T20:31:44.796+0000] {local_task_job_runner.py:261} INFO - Task exited with return code 0
[2026-07-25T20:31:44.864+0000] {taskinstance.py:3891} INFO - 0 downstream tasks scheduled from follow-on schedule check
[2026-07-25T20:31:44.868+0000] {local_task_job_runner.py:240} INFO - ::endgroup::
