[2026-07-25T20:30:18.548+0000] {local_task_job_runner.py:123} INFO - ::group::Pre task execution logs
[2026-07-25T20:30:18.601+0000] {taskinstance.py:2603} INFO - Dependencies all met for dep_context=non-requeueable deps ti=<TaskInstance: flex_eau_pipeline.dim_mode_paiement manual__2026-07-25T20:29:16.467109+00:00 [queued]>
[2026-07-25T20:30:18.621+0000] {taskinstance.py:2603} INFO - Dependencies all met for dep_context=requeueable deps ti=<TaskInstance: flex_eau_pipeline.dim_mode_paiement manual__2026-07-25T20:29:16.467109+00:00 [queued]>
[2026-07-25T20:30:18.622+0000] {taskinstance.py:2856} INFO - Starting attempt 1 of 2
[2026-07-25T20:30:18.659+0000] {taskinstance.py:2879} INFO - Executing <Task(BashOperator): dim_mode_paiement> on 2026-07-25 20:29:16.467109+00:00
[2026-07-25T20:30:18.678+0000] {standard_task_runner.py:72} INFO - Started process 282 to run task
[2026-07-25T20:30:18.695+0000] {standard_task_runner.py:104} INFO - Running: ['***', 'tasks', 'run', 'flex_eau_pipeline', 'dim_mode_paiement', 'manual__2026-07-25T20:29:16.467109+00:00', '--job-id', '25', '--raw', '--subdir', 'DAGS_FOLDER/flex_eau_pipeline.py', '--cfg-path', '/tmp/tmp6h6qq3t9']
[2026-07-25T20:30:18.707+0000] {standard_task_runner.py:105} INFO - Job 25: Subtask dim_mode_paiement
[2026-07-25T20:30:18.964+0000] {task_command.py:467} INFO - Running <TaskInstance: flex_eau_pipeline.dim_mode_paiement manual__2026-07-25T20:29:16.467109+00:00 [running]> on host b1da4d7b7394
[2026-07-25T20:30:19.437+0000] {taskinstance.py:3122} INFO - Exporting env vars: AIRFLOW_CTX_DAG_OWNER='flex-eau' AIRFLOW_CTX_DAG_ID='flex_eau_pipeline' AIRFLOW_CTX_TASK_ID='dim_mode_paiement' AIRFLOW_CTX_EXECUTION_DATE='2026-07-25T20:29:16.467109+00:00' AIRFLOW_CTX_TRY_NUMBER='1' AIRFLOW_CTX_DAG_RUN_ID='manual__2026-07-25T20:29:16.467109+00:00'
[2026-07-25T20:30:19.439+0000] {taskinstance.py:731} INFO - ::endgroup::
[2026-07-25T20:30:19.521+0000] {subprocess.py:63} INFO - Tmp dir root location: /tmp
[2026-07-25T20:30:19.523+0000] {subprocess.py:75} INFO - Running command: ['/usr/bin/bash', '-c', 'python spark_jobs/dimensions/dim_mode_paiement.py']
[2026-07-25T20:30:19.568+0000] {subprocess.py:86} INFO - Output:
[2026-07-25T20:30:37.200+0000] {subprocess.py:93} INFO - 26/07/25 20:30:37 WARN NativeCodeLoader: Unable to load native-hadoop library for your platform... using builtin-java classes where applicable
[2026-07-25T20:30:38.365+0000] {subprocess.py:93} INFO - Setting default log level to "WARN".
[2026-07-25T20:30:38.367+0000] {subprocess.py:93} INFO - To adjust logging level use sc.setLogLevel(newLevel). For SparkR, use setLogLevel(newLevel).
[2026-07-25T20:30:45.139+0000] {subprocess.py:93} INFO - 26/07/25 20:30:45 WARN Utils: Service 'SparkUI' could not bind on port 4040. Attempting port 4041.
[2026-07-25T20:30:45.141+0000] {subprocess.py:93} INFO - 26/07/25 20:30:45 WARN Utils: Service 'SparkUI' could not bind on port 4041. Attempting port 4042.
[2026-07-25T20:30:45.167+0000] {subprocess.py:93} INFO - 26/07/25 20:30:45 WARN Utils: Service 'SparkUI' could not bind on port 4042. Attempting port 4043.
[2026-07-25T20:30:45.246+0000] {subprocess.py:93} INFO - 26/07/25 20:30:45 WARN Utils: Service 'SparkUI' could not bind on port 4043. Attempting port 4044.
[2026-07-25T20:31:41.927+0000] {subprocess.py:93} INFO - [Stage 0:>                                                          (0 + 0) / 1]26/07/25 20:31:41 WARN TaskSchedulerImpl: Initial job has not accepted any resources; check your cluster UI to ensure that workers are registered and have sufficient resources
[2026-07-25T20:31:56.926+0000] {subprocess.py:93} INFO - 26/07/25 20:31:56 WARN TaskSchedulerImpl: Initial job has not accepted any resources; check your cluster UI to ensure that workers are registered and have sufficient resources
[2026-07-25T20:32:11.931+0000] {subprocess.py:93} INFO - 26/07/25 20:32:11 WARN TaskSchedulerImpl: Initial job has not accepted any resources; check your cluster UI to ensure that workers are registered and have sufficient resources
[2026-07-25T20:32:26.928+0000] {subprocess.py:93} INFO - 26/07/25 20:32:26 WARN TaskSchedulerImpl: Initial job has not accepted any resources; check your cluster UI to ensure that workers are registered and have sufficient resources
[2026-07-25T20:32:46.995+0000] {subprocess.py:93} INFO - [Stage 0:>                                                          (0 + 0) / 1][Stage 0:>                                                          (0 + 1) / 1][Stage 0:===========================================================(1 + 0) / 1][Stage 2:>                                                          (0 + 1) / 1]                                                                                DIM_MODE_PAIEMENT créée
[2026-07-25T20:32:47.610+0000] {subprocess.py:97} INFO - Command exited with return code 0
[2026-07-25T20:32:47.679+0000] {taskinstance.py:340} INFO - ::group::Post task execution logs
[2026-07-25T20:32:47.680+0000] {taskinstance.py:352} INFO - Marking task as SUCCESS. dag_id=flex_eau_pipeline, task_id=dim_mode_paiement, run_id=manual__2026-07-25T20:29:16.467109+00:00, execution_date=20260725T202916, start_date=20260725T203018, end_date=20260725T203247
[2026-07-25T20:32:47.730+0000] {local_task_job_runner.py:261} INFO - Task exited with return code 0
[2026-07-25T20:32:47.773+0000] {taskinstance.py:3891} INFO - 0 downstream tasks scheduled from follow-on schedule check
[2026-07-25T20:32:47.779+0000] {local_task_job_runner.py:240} INFO - ::endgroup::
