[2026-08-12T00:23:20.679+0000] {local_task_job_runner.py:123} INFO - ::group::Pre task execution logs
[2026-08-12T00:23:20.726+0000] {taskinstance.py:2603} INFO - Dependencies all met for dep_context=non-requeueable deps ti=<TaskInstance: flex_eau_pipeline.ingestion_mysql_staging scheduled__2026-08-11T00:00:00+00:00 [queued]>
[2026-08-12T00:23:20.740+0000] {taskinstance.py:2603} INFO - Dependencies all met for dep_context=requeueable deps ti=<TaskInstance: flex_eau_pipeline.ingestion_mysql_staging scheduled__2026-08-11T00:00:00+00:00 [queued]>
[2026-08-12T00:23:20.741+0000] {taskinstance.py:2856} INFO - Starting attempt 1 of 2
[2026-08-12T00:23:20.772+0000] {taskinstance.py:2879} INFO - Executing <Task(BashOperator): ingestion_mysql_staging> on 2026-08-11 00:00:00+00:00
[2026-08-12T00:23:20.784+0000] {standard_task_runner.py:72} INFO - Started process 6808 to run task
[2026-08-12T00:23:20.790+0000] {standard_task_runner.py:104} INFO - Running: ['***', 'tasks', 'run', 'flex_eau_pipeline', 'ingestion_mysql_staging', 'scheduled__2026-08-11T00:00:00+00:00', '--job-id', '67', '--raw', '--subdir', 'DAGS_FOLDER/flex_eau_pipeline.py', '--cfg-path', '/tmp/tmp5uotfgyd']
[2026-08-12T00:23:20.795+0000] {standard_task_runner.py:105} INFO - Job 67: Subtask ingestion_mysql_staging
[2026-08-12T00:23:20.914+0000] {task_command.py:467} INFO - Running <TaskInstance: flex_eau_pipeline.ingestion_mysql_staging scheduled__2026-08-11T00:00:00+00:00 [running]> on host b97d7a013992
[2026-08-12T00:23:21.076+0000] {taskinstance.py:3122} INFO - Exporting env vars: AIRFLOW_CTX_DAG_OWNER='flex-eau' AIRFLOW_CTX_DAG_ID='flex_eau_pipeline' AIRFLOW_CTX_TASK_ID='ingestion_mysql_staging' AIRFLOW_CTX_EXECUTION_DATE='2026-08-11T00:00:00+00:00' AIRFLOW_CTX_TRY_NUMBER='1' AIRFLOW_CTX_DAG_RUN_ID='scheduled__2026-08-11T00:00:00+00:00'
[2026-08-12T00:23:21.078+0000] {taskinstance.py:731} INFO - ::endgroup::
[2026-08-12T00:23:21.114+0000] {subprocess.py:63} INFO - Tmp dir root location: /tmp
[2026-08-12T00:23:21.115+0000] {subprocess.py:75} INFO - Running command: ['/usr/bin/bash', '-c', '\n        set -e\n        python ingestion/mysql_to_staging.py\n        ']
[2026-08-12T00:23:21.133+0000] {subprocess.py:86} INFO - Output:
[2026-08-12T00:24:24.119+0000] {subprocess.py:93} INFO - 
[2026-08-12T00:24:24.120+0000] {subprocess.py:93} INFO - ===== regions =====
[2026-08-12T00:24:24.121+0000] {subprocess.py:93} INFO - Pipeline flex_staging_pipeline load step completed in 0.18 seconds
[2026-08-12T00:24:24.121+0000] {subprocess.py:93} INFO - 1 load package(s) were loaded to destination postgres and into dataset staging
[2026-08-12T00:24:24.121+0000] {subprocess.py:93} INFO - The postgres destination used postgresql://postgres:***@postgres-staging:5432/flex_staging location to store data
[2026-08-12T00:24:24.122+0000] {subprocess.py:93} INFO - Load package 1786494219.680676 is LOADED and contains no failed jobs
[2026-08-12T00:24:24.122+0000] {subprocess.py:93} INFO - 
[2026-08-12T00:24:24.123+0000] {subprocess.py:93} INFO - ===== departements =====
[2026-08-12T00:24:24.129+0000] {subprocess.py:93} INFO - Pipeline flex_staging_pipeline load step completed in 0.16 seconds
[2026-08-12T00:24:24.134+0000] {subprocess.py:93} INFO - 1 load package(s) were loaded to destination postgres and into dataset staging
[2026-08-12T00:24:24.135+0000] {subprocess.py:93} INFO - The postgres destination used postgresql://postgres:***@postgres-staging:5432/flex_staging location to store data
[2026-08-12T00:24:24.135+0000] {subprocess.py:93} INFO - Load package 1786494221.4943547 is LOADED and contains no failed jobs
[2026-08-12T00:24:24.136+0000] {subprocess.py:93} INFO - 
[2026-08-12T00:24:24.136+0000] {subprocess.py:93} INFO - ===== communes =====
[2026-08-12T00:24:24.137+0000] {subprocess.py:93} INFO - Pipeline flex_staging_pipeline load step completed in 0.21 seconds
[2026-08-12T00:24:24.138+0000] {subprocess.py:93} INFO - 1 load package(s) were loaded to destination postgres and into dataset staging
[2026-08-12T00:24:24.138+0000] {subprocess.py:93} INFO - The postgres destination used postgresql://postgres:***@postgres-staging:5432/flex_staging location to store data
[2026-08-12T00:24:24.139+0000] {subprocess.py:93} INFO - Load package 1786494223.0515568 is LOADED and contains no failed jobs
[2026-08-12T00:24:24.139+0000] {subprocess.py:93} INFO - 
[2026-08-12T00:24:24.140+0000] {subprocess.py:93} INFO - ===== sites =====
[2026-08-12T00:24:24.140+0000] {subprocess.py:93} INFO - Pipeline flex_staging_pipeline load step completed in 0.21 seconds
[2026-08-12T00:24:24.141+0000] {subprocess.py:93} INFO - 1 load package(s) were loaded to destination postgres and into dataset staging
[2026-08-12T00:24:24.141+0000] {subprocess.py:93} INFO - The postgres destination used postgresql://postgres:***@postgres-staging:5432/flex_staging location to store data
[2026-08-12T00:24:24.142+0000] {subprocess.py:93} INFO - Load package 1786494224.6549373 is LOADED and contains no failed jobs
[2026-08-12T00:24:24.142+0000] {subprocess.py:93} INFO - 
[2026-08-12T00:24:24.143+0000] {subprocess.py:93} INFO - ===== usages =====
[2026-08-12T00:24:24.143+0000] {subprocess.py:93} INFO - Pipeline flex_staging_pipeline load step completed in 0.22 seconds
[2026-08-12T00:24:24.144+0000] {subprocess.py:93} INFO - 1 load package(s) were loaded to destination postgres and into dataset staging
[2026-08-12T00:24:24.144+0000] {subprocess.py:93} INFO - The postgres destination used postgresql://postgres:***@postgres-staging:5432/flex_staging location to store data
[2026-08-12T00:24:24.145+0000] {subprocess.py:93} INFO - Load package 1786494226.868312 is LOADED and contains no failed jobs
[2026-08-12T00:24:24.145+0000] {subprocess.py:93} INFO - 
[2026-08-12T00:24:24.146+0000] {subprocess.py:93} INFO - ===== sources_energie =====
[2026-08-12T00:24:24.146+0000] {subprocess.py:93} INFO - Pipeline flex_staging_pipeline load step completed in 0.15 seconds
[2026-08-12T00:24:24.147+0000] {subprocess.py:93} INFO - 1 load package(s) were loaded to destination postgres and into dataset staging
[2026-08-12T00:24:24.147+0000] {subprocess.py:93} INFO - The postgres destination used postgresql://postgres:***@postgres-staging:5432/flex_staging location to store data
[2026-08-12T00:24:24.148+0000] {subprocess.py:93} INFO - Load package 1786494228.471097 is LOADED and contains no failed jobs
[2026-08-12T00:24:24.148+0000] {subprocess.py:93} INFO - 
[2026-08-12T00:24:24.149+0000] {subprocess.py:93} INFO - ===== agents =====
[2026-08-12T00:24:24.149+0000] {subprocess.py:93} INFO - Pipeline flex_staging_pipeline load step completed in 0.18 seconds
[2026-08-12T00:24:24.150+0000] {subprocess.py:93} INFO - 1 load package(s) were loaded to destination postgres and into dataset staging
[2026-08-12T00:24:24.150+0000] {subprocess.py:93} INFO - The postgres destination used postgresql://postgres:***@postgres-staging:5432/flex_staging location to store data
[2026-08-12T00:24:24.151+0000] {subprocess.py:93} INFO - Load package 1786494229.9953132 is LOADED and contains no failed jobs
[2026-08-12T00:24:24.151+0000] {subprocess.py:93} INFO - 
[2026-08-12T00:24:24.152+0000] {subprocess.py:93} INFO - ===== usagers =====
[2026-08-12T00:24:24.152+0000] {subprocess.py:93} INFO - Pipeline flex_staging_pipeline load step completed in 0.18 seconds
[2026-08-12T00:24:24.153+0000] {subprocess.py:93} INFO - 1 load package(s) were loaded to destination postgres and into dataset staging
[2026-08-12T00:24:24.153+0000] {subprocess.py:93} INFO - The postgres destination used postgresql://postgres:***@postgres-staging:5432/flex_staging location to store data
[2026-08-12T00:24:24.153+0000] {subprocess.py:93} INFO - Load package 1786494231.6014426 is LOADED and contains no failed jobs
[2026-08-12T00:24:24.154+0000] {subprocess.py:93} INFO - 
[2026-08-12T00:24:24.154+0000] {subprocess.py:93} INFO - ===== abonnes =====
[2026-08-12T00:24:24.155+0000] {subprocess.py:93} INFO - Pipeline flex_staging_pipeline load step completed in 0.16 seconds
[2026-08-12T00:24:24.155+0000] {subprocess.py:93} INFO - 1 load package(s) were loaded to destination postgres and into dataset staging
[2026-08-12T00:24:24.156+0000] {subprocess.py:93} INFO - The postgres destination used postgresql://postgres:***@postgres-staging:5432/flex_staging location to store data
[2026-08-12T00:24:24.157+0000] {subprocess.py:93} INFO - Load package 1786494233.5042028 is LOADED and contains no failed jobs
[2026-08-12T00:24:24.158+0000] {subprocess.py:93} INFO - 
[2026-08-12T00:24:24.166+0000] {subprocess.py:93} INFO - ===== compteurs =====
[2026-08-12T00:24:24.169+0000] {subprocess.py:93} INFO - Pipeline flex_staging_pipeline load step completed in 0.16 seconds
[2026-08-12T00:24:24.169+0000] {subprocess.py:93} INFO - 1 load package(s) were loaded to destination postgres and into dataset staging
[2026-08-12T00:24:24.170+0000] {subprocess.py:93} INFO - The postgres destination used postgresql://postgres:***@postgres-staging:5432/flex_staging location to store data
[2026-08-12T00:24:24.170+0000] {subprocess.py:93} INFO - Load package 1786494235.080131 is LOADED and contains no failed jobs
[2026-08-12T00:24:24.171+0000] {subprocess.py:93} INFO - 
[2026-08-12T00:24:24.171+0000] {subprocess.py:93} INFO - ===== demandes_abonnement =====
[2026-08-12T00:24:24.171+0000] {subprocess.py:93} INFO - Pipeline flex_staging_pipeline load step completed in 0.20 seconds
[2026-08-12T00:24:24.172+0000] {subprocess.py:93} INFO - 1 load package(s) were loaded to destination postgres and into dataset staging
[2026-08-12T00:24:24.172+0000] {subprocess.py:93} INFO - The postgres destination used postgresql://postgres:***@postgres-staging:5432/flex_staging location to store data
[2026-08-12T00:24:24.173+0000] {subprocess.py:93} INFO - Load package 1786494236.90088 is LOADED and contains no failed jobs
[2026-08-12T00:24:24.173+0000] {subprocess.py:93} INFO - 
[2026-08-12T00:24:24.174+0000] {subprocess.py:93} INFO - ===== devis_materiel =====
[2026-08-12T00:24:24.174+0000] {subprocess.py:93} INFO - Pipeline flex_staging_pipeline load step completed in 0.17 seconds
[2026-08-12T00:24:24.175+0000] {subprocess.py:93} INFO - 1 load package(s) were loaded to destination postgres and into dataset staging
[2026-08-12T00:24:24.176+0000] {subprocess.py:93} INFO - The postgres destination used postgresql://postgres:***@postgres-staging:5432/flex_staging location to store data
[2026-08-12T00:24:24.176+0000] {subprocess.py:93} INFO - Load package 1786494238.5160923 is LOADED and contains no failed jobs
[2026-08-12T00:24:24.177+0000] {subprocess.py:93} INFO - 
[2026-08-12T00:24:24.178+0000] {subprocess.py:93} INFO - ===== releve_compteur =====
[2026-08-12T00:24:24.178+0000] {subprocess.py:93} INFO - Pipeline flex_staging_pipeline load step completed in 0.24 seconds
[2026-08-12T00:24:24.179+0000] {subprocess.py:93} INFO - 1 load package(s) were loaded to destination postgres and into dataset staging
[2026-08-12T00:24:24.179+0000] {subprocess.py:93} INFO - The postgres destination used postgresql://postgres:***@postgres-staging:5432/flex_staging location to store data
[2026-08-12T00:24:24.180+0000] {subprocess.py:93} INFO - Load package 1786494240.187794 is LOADED and contains no failed jobs
[2026-08-12T00:24:24.180+0000] {subprocess.py:93} INFO - 
[2026-08-12T00:24:24.181+0000] {subprocess.py:93} INFO - ===== factures =====
[2026-08-12T00:24:24.181+0000] {subprocess.py:93} INFO - Pipeline flex_staging_pipeline load step completed in 1.18 seconds
[2026-08-12T00:24:24.182+0000] {subprocess.py:93} INFO - 1 load package(s) were loaded to destination postgres and into dataset staging
[2026-08-12T00:24:24.182+0000] {subprocess.py:93} INFO - The postgres destination used postgresql://postgres:***@postgres-staging:5432/flex_staging location to store data
[2026-08-12T00:24:24.183+0000] {subprocess.py:93} INFO - Load package 1786494242.7244852 is LOADED and contains no failed jobs
[2026-08-12T00:24:24.183+0000] {subprocess.py:93} INFO - 
[2026-08-12T00:24:24.184+0000] {subprocess.py:93} INFO - ===== paiements =====
[2026-08-12T00:24:24.184+0000] {subprocess.py:93} INFO - Pipeline flex_staging_pipeline load step completed in 0.18 seconds
[2026-08-12T00:24:24.185+0000] {subprocess.py:93} INFO - 1 load package(s) were loaded to destination postgres and into dataset staging
[2026-08-12T00:24:24.185+0000] {subprocess.py:93} INFO - The postgres destination used postgresql://postgres:***@postgres-staging:5432/flex_staging location to store data
[2026-08-12T00:24:24.186+0000] {subprocess.py:93} INFO - Load package 1786494246.062341 is LOADED and contains no failed jobs
[2026-08-12T00:24:24.186+0000] {subprocess.py:93} INFO - 
[2026-08-12T00:24:24.187+0000] {subprocess.py:93} INFO - ===== forages =====
[2026-08-12T00:24:24.187+0000] {subprocess.py:93} INFO - Pipeline flex_staging_pipeline load step completed in 0.17 seconds
[2026-08-12T00:24:24.188+0000] {subprocess.py:93} INFO - 1 load package(s) were loaded to destination postgres and into dataset staging
[2026-08-12T00:24:24.188+0000] {subprocess.py:93} INFO - The postgres destination used postgresql://postgres:***@postgres-staging:5432/flex_staging location to store data
[2026-08-12T00:24:24.189+0000] {subprocess.py:93} INFO - Load package 1786494248.9146373 is LOADED and contains no failed jobs
[2026-08-12T00:24:24.189+0000] {subprocess.py:93} INFO - 
[2026-08-12T00:24:24.190+0000] {subprocess.py:93} INFO - ===== sessions =====
[2026-08-12T00:24:24.191+0000] {subprocess.py:93} INFO - Pipeline flex_staging_pipeline load step completed in 0.16 seconds
[2026-08-12T00:24:24.191+0000] {subprocess.py:93} INFO - 1 load package(s) were loaded to destination postgres and into dataset staging
[2026-08-12T00:24:24.192+0000] {subprocess.py:93} INFO - The postgres destination used postgresql://postgres:***@postgres-staging:5432/flex_staging location to store data
[2026-08-12T00:24:24.192+0000] {subprocess.py:93} INFO - Load package 1786494250.4288566 is LOADED and contains no failed jobs
[2026-08-12T00:24:24.192+0000] {subprocess.py:93} INFO - 
[2026-08-12T00:24:24.193+0000] {subprocess.py:93} INFO - ===== session_site =====
[2026-08-12T00:24:24.193+0000] {subprocess.py:93} INFO - Pipeline flex_staging_pipeline load step completed in 0.17 seconds
[2026-08-12T00:24:24.194+0000] {subprocess.py:93} INFO - 1 load package(s) were loaded to destination postgres and into dataset staging
[2026-08-12T00:24:24.194+0000] {subprocess.py:93} INFO - The postgres destination used postgresql://postgres:***@postgres-staging:5432/flex_staging location to store data
[2026-08-12T00:24:24.195+0000] {subprocess.py:93} INFO - Load package 1786494251.8569546 is LOADED and contains no failed jobs
[2026-08-12T00:24:24.195+0000] {subprocess.py:93} INFO - 
[2026-08-12T00:24:24.196+0000] {subprocess.py:93} INFO - ===== production =====
[2026-08-12T00:24:24.197+0000] {subprocess.py:93} INFO - Pipeline flex_staging_pipeline load step completed in 0.19 seconds
[2026-08-12T00:24:24.197+0000] {subprocess.py:93} INFO - 1 load package(s) were loaded to destination postgres and into dataset staging
[2026-08-12T00:24:24.197+0000] {subprocess.py:93} INFO - The postgres destination used postgresql://postgres:***@postgres-staging:5432/flex_staging location to store data
[2026-08-12T00:24:24.198+0000] {subprocess.py:93} INFO - Load package 1786494253.3254726 is LOADED and contains no failed jobs
[2026-08-12T00:24:24.198+0000] {subprocess.py:93} INFO - 
[2026-08-12T00:24:24.199+0000] {subprocess.py:93} INFO - ===== consommation_energetique =====
[2026-08-12T00:24:24.199+0000] {subprocess.py:93} INFO - Pipeline flex_staging_pipeline load step completed in 0.17 seconds
[2026-08-12T00:24:24.200+0000] {subprocess.py:93} INFO - 1 load package(s) were loaded to destination postgres and into dataset staging
[2026-08-12T00:24:24.200+0000] {subprocess.py:93} INFO - The postgres destination used postgresql://postgres:***@postgres-staging:5432/flex_staging location to store data
[2026-08-12T00:24:24.200+0000] {subprocess.py:93} INFO - Load package 1786494255.459539 is LOADED and contains no failed jobs
[2026-08-12T00:24:24.201+0000] {subprocess.py:93} INFO - 
[2026-08-12T00:24:24.201+0000] {subprocess.py:93} INFO - ===== factures_electricite =====
[2026-08-12T00:24:24.202+0000] {subprocess.py:93} INFO - Pipeline flex_staging_pipeline load step completed in 0.17 seconds
[2026-08-12T00:24:24.202+0000] {subprocess.py:93} INFO - 1 load package(s) were loaded to destination postgres and into dataset staging
[2026-08-12T00:24:24.203+0000] {subprocess.py:93} INFO - The postgres destination used postgresql://postgres:***@postgres-staging:5432/flex_staging location to store data
[2026-08-12T00:24:24.203+0000] {subprocess.py:93} INFO - Load package 1786494257.0581837 is LOADED and contains no failed jobs
[2026-08-12T00:24:24.204+0000] {subprocess.py:93} INFO - 
[2026-08-12T00:24:24.204+0000] {subprocess.py:93} INFO - ===== paiements_factures =====
[2026-08-12T00:24:24.205+0000] {subprocess.py:93} INFO - Pipeline flex_staging_pipeline load step completed in 0.17 seconds
[2026-08-12T00:24:24.205+0000] {subprocess.py:93} INFO - 1 load package(s) were loaded to destination postgres and into dataset staging
[2026-08-12T00:24:24.206+0000] {subprocess.py:93} INFO - The postgres destination used postgresql://postgres:***@postgres-staging:5432/flex_staging location to store data
[2026-08-12T00:24:24.206+0000] {subprocess.py:93} INFO - Load package 1786494258.8946543 is LOADED and contains no failed jobs
[2026-08-12T00:24:24.207+0000] {subprocess.py:93} INFO - 
[2026-08-12T00:24:24.207+0000] {subprocess.py:93} INFO - ===== incidents =====
[2026-08-12T00:24:24.208+0000] {subprocess.py:93} INFO - Pipeline flex_staging_pipeline load step completed in 0.19 seconds
[2026-08-12T00:24:24.208+0000] {subprocess.py:93} INFO - 1 load package(s) were loaded to destination postgres and into dataset staging
[2026-08-12T00:24:24.209+0000] {subprocess.py:93} INFO - The postgres destination used postgresql://postgres:***@postgres-staging:5432/flex_staging location to store data
[2026-08-12T00:24:24.209+0000] {subprocess.py:93} INFO - Load package 1786494260.4496846 is LOADED and contains no failed jobs
[2026-08-12T00:24:24.210+0000] {subprocess.py:93} INFO - 
[2026-08-12T00:24:24.210+0000] {subprocess.py:93} INFO - ===== interventions =====
[2026-08-12T00:24:32.466+0000] {subprocess.py:93} INFO - Pipeline flex_staging_pipeline load step completed in 0.21 seconds
[2026-08-12T00:24:32.466+0000] {subprocess.py:93} INFO - 1 load package(s) were loaded to destination postgres and into dataset staging
[2026-08-12T00:24:32.467+0000] {subprocess.py:93} INFO - The postgres destination used postgresql://postgres:***@postgres-staging:5432/flex_staging location to store data
[2026-08-12T00:24:32.468+0000] {subprocess.py:93} INFO - Load package 1786494262.3798385 is LOADED and contains no failed jobs
[2026-08-12T00:24:32.468+0000] {subprocess.py:93} INFO - 
[2026-08-12T00:24:32.468+0000] {subprocess.py:93} INFO - ===== moratoires =====
[2026-08-12T00:24:32.469+0000] {subprocess.py:93} INFO - Pipeline flex_staging_pipeline load step completed in 0.19 seconds
[2026-08-12T00:24:32.469+0000] {subprocess.py:93} INFO - 1 load package(s) were loaded to destination postgres and into dataset staging
[2026-08-12T00:24:32.470+0000] {subprocess.py:93} INFO - The postgres destination used postgresql://postgres:***@postgres-staging:5432/flex_staging location to store data
[2026-08-12T00:24:32.470+0000] {subprocess.py:93} INFO - Load package 1786494264.7011108 is LOADED and contains no failed jobs
[2026-08-12T00:24:32.471+0000] {subprocess.py:93} INFO - 
[2026-08-12T00:24:32.471+0000] {subprocess.py:93} INFO - ===== ordres_coupure =====
[2026-08-12T00:24:32.472+0000] {subprocess.py:93} INFO - Pipeline flex_staging_pipeline load step completed in 0.16 seconds
[2026-08-12T00:24:32.472+0000] {subprocess.py:93} INFO - 1 load package(s) were loaded to destination postgres and into dataset staging
[2026-08-12T00:24:32.472+0000] {subprocess.py:93} INFO - The postgres destination used postgresql://postgres:***@postgres-staging:5432/flex_staging location to store data
[2026-08-12T00:24:32.473+0000] {subprocess.py:93} INFO - Load package 1786494266.508295 is LOADED and contains no failed jobs
[2026-08-12T00:24:32.473+0000] {subprocess.py:93} INFO - 
[2026-08-12T00:24:32.474+0000] {subprocess.py:93} INFO - ===== ordres_retablissement =====
[2026-08-12T00:24:32.474+0000] {subprocess.py:93} INFO - Pipeline flex_staging_pipeline load step completed in 0.17 seconds
[2026-08-12T00:24:32.475+0000] {subprocess.py:93} INFO - 1 load package(s) were loaded to destination postgres and into dataset staging
[2026-08-12T00:24:32.475+0000] {subprocess.py:93} INFO - The postgres destination used postgresql://postgres:***@postgres-staging:5432/flex_staging location to store data
[2026-08-12T00:24:32.476+0000] {subprocess.py:93} INFO - Load package 1786494268.047328 is LOADED and contains no failed jobs
[2026-08-12T00:24:32.476+0000] {subprocess.py:93} INFO - 
[2026-08-12T00:24:32.476+0000] {subprocess.py:93} INFO - ===== ordres_resiliation =====
[2026-08-12T00:24:32.477+0000] {subprocess.py:93} INFO - Pipeline flex_staging_pipeline load step completed in 0.17 seconds
[2026-08-12T00:24:32.477+0000] {subprocess.py:93} INFO - 1 load package(s) were loaded to destination postgres and into dataset staging
[2026-08-12T00:24:32.478+0000] {subprocess.py:93} INFO - The postgres destination used postgresql://postgres:***@postgres-staging:5432/flex_staging location to store data
[2026-08-12T00:24:32.478+0000] {subprocess.py:93} INFO - Load package 1786494269.5167494 is LOADED and contains no failed jobs
[2026-08-12T00:24:32.478+0000] {subprocess.py:93} INFO - 
[2026-08-12T00:24:32.479+0000] {subprocess.py:93} INFO - ===== bons_coupure =====
[2026-08-12T00:24:32.479+0000] {subprocess.py:93} INFO - Pipeline flex_staging_pipeline load step completed in 0.16 seconds
[2026-08-12T00:24:32.480+0000] {subprocess.py:93} INFO - 1 load package(s) were loaded to destination postgres and into dataset staging
[2026-08-12T00:24:32.480+0000] {subprocess.py:93} INFO - The postgres destination used postgresql://postgres:***@postgres-staging:5432/flex_staging location to store data
[2026-08-12T00:24:32.480+0000] {subprocess.py:93} INFO - Load package 1786494271.3595717 is LOADED and contains no failed jobs
[2026-08-12T00:25:36.612+0000] {subprocess.py:97} INFO - Command exited with return code 0
[2026-08-12T00:25:36.700+0000] {taskinstance.py:340} INFO - ::group::Post task execution logs
[2026-08-12T00:25:36.701+0000] {taskinstance.py:352} INFO - Marking task as SUCCESS. dag_id=flex_eau_pipeline, task_id=ingestion_mysql_staging, run_id=scheduled__2026-08-11T00:00:00+00:00, execution_date=20260811T000000, start_date=20260812T002320, end_date=20260812T002536
[2026-08-12T00:25:36.740+0000] {local_task_job_runner.py:261} INFO - Task exited with return code 0
[2026-08-12T00:25:36.790+0000] {taskinstance.py:3891} INFO - 8 downstream tasks scheduled from follow-on schedule check
[2026-08-12T00:25:36.799+0000] {local_task_job_runner.py:240} INFO - ::endgroup::
