[2026-07-25T18:15:33.598+0000] {local_task_job_runner.py:123} INFO - ::group::Pre task execution logs
[2026-07-25T18:15:33.652+0000] {taskinstance.py:2603} INFO - Dependencies all met for dep_context=non-requeueable deps ti=<TaskInstance: flex_eau_pipeline.dim_compteur scheduled__2026-07-24T00:00:00+00:00 [queued]>
[2026-07-25T18:15:33.671+0000] {taskinstance.py:2603} INFO - Dependencies all met for dep_context=requeueable deps ti=<TaskInstance: flex_eau_pipeline.dim_compteur scheduled__2026-07-24T00:00:00+00:00 [queued]>
[2026-07-25T18:15:33.672+0000] {taskinstance.py:2856} INFO - Starting attempt 2 of 2
[2026-07-25T18:15:33.715+0000] {taskinstance.py:2879} INFO - Executing <Task(BashOperator): dim_compteur> on 2026-07-24 00:00:00+00:00
[2026-07-25T18:15:33.747+0000] {logging_mixin.py:190} WARNING - /home/***/.local/lib/python3.12/site-packages/***/task/task_runner/standard_task_runner.py:70 DeprecationWarning: This process (pid=1989) is multi-threaded, use of fork() may lead to deadlocks in the child.
[2026-07-25T18:15:33.752+0000] {standard_task_runner.py:72} INFO - Started process 1996 to run task
[2026-07-25T18:15:33.744+0000] {standard_task_runner.py:104} INFO - Running: ['***', 'tasks', 'run', 'flex_eau_pipeline', 'dim_compteur', 'scheduled__2026-07-24T00:00:00+00:00', '--job-id', '17', '--raw', '--subdir', 'DAGS_FOLDER/flex_eau_pipeline.py', '--cfg-path', '/tmp/tmpxcvqh181']
[2026-07-25T18:15:33.759+0000] {standard_task_runner.py:105} INFO - Job 17: Subtask dim_compteur
[2026-07-25T18:15:33.936+0000] {task_command.py:467} INFO - Running <TaskInstance: flex_eau_pipeline.dim_compteur scheduled__2026-07-24T00:00:00+00:00 [running]> on host 30d391bb7be2
[2026-07-25T18:15:34.188+0000] {taskinstance.py:3122} INFO - Exporting env vars: AIRFLOW_CTX_DAG_OWNER='flex-eau' AIRFLOW_CTX_DAG_ID='flex_eau_pipeline' AIRFLOW_CTX_TASK_ID='dim_compteur' AIRFLOW_CTX_EXECUTION_DATE='2026-07-24T00:00:00+00:00' AIRFLOW_CTX_TRY_NUMBER='2' AIRFLOW_CTX_DAG_RUN_ID='scheduled__2026-07-24T00:00:00+00:00'
[2026-07-25T18:15:34.192+0000] {taskinstance.py:731} INFO - ::endgroup::
[2026-07-25T18:15:34.230+0000] {subprocess.py:63} INFO - Tmp dir root location: /tmp
[2026-07-25T18:15:34.234+0000] {subprocess.py:75} INFO - Running command: ['/usr/bin/bash', '-c', 'python spark_jobs/dimensions/dim_compteur.py']
[2026-07-25T18:15:34.263+0000] {subprocess.py:86} INFO - Output:
[2026-07-25T18:15:46.449+0000] {subprocess.py:93} INFO - 26/07/25 18:15:46 WARN NativeCodeLoader: Unable to load native-hadoop library for your platform... using builtin-java classes where applicable
[2026-07-25T18:15:48.066+0000] {subprocess.py:93} INFO - 26/07/25 18:15:48 WARN DependencyUtils: Local jar /opt/jars/postgresql-42.7.8.jar does not exist, skipping.
[2026-07-25T18:15:48.622+0000] {subprocess.py:93} INFO - 26/07/25 18:15:48 INFO SparkContext: Running Spark version 3.5.1
[2026-07-25T18:15:48.634+0000] {subprocess.py:93} INFO - 26/07/25 18:15:48 INFO SparkContext: OS info Linux, 6.6.87.2-microsoft-standard-WSL2, amd64
[2026-07-25T18:15:48.636+0000] {subprocess.py:93} INFO - 26/07/25 18:15:48 INFO SparkContext: Java version 17.0.19
[2026-07-25T18:15:48.916+0000] {subprocess.py:93} INFO - 26/07/25 18:15:48 INFO ResourceUtils: ==============================================================
[2026-07-25T18:15:48.921+0000] {subprocess.py:93} INFO - 26/07/25 18:15:48 INFO ResourceUtils: No custom resources configured for spark.driver.
[2026-07-25T18:15:48.927+0000] {subprocess.py:93} INFO - 26/07/25 18:15:48 INFO ResourceUtils: ==============================================================
[2026-07-25T18:15:48.928+0000] {subprocess.py:93} INFO - 26/07/25 18:15:48 INFO SparkContext: Submitted application: DIM_COMPTEUR
[2026-07-25T18:15:49.278+0000] {subprocess.py:93} INFO - 26/07/25 18:15:49 INFO ResourceProfile: Default ResourceProfile created, executor resources: Map(memory -> name: memory, amount: 1024, script: , vendor: , offHeap -> name: offHeap, amount: 0, script: , vendor: ), task resources: Map(cpus -> name: cpus, amount: 1.0)
[2026-07-25T18:15:49.337+0000] {subprocess.py:93} INFO - 26/07/25 18:15:49 INFO ResourceProfile: Limiting resource is cpu
[2026-07-25T18:15:49.338+0000] {subprocess.py:93} INFO - 26/07/25 18:15:49 INFO ResourceProfileManager: Added ResourceProfile id: 0
[2026-07-25T18:15:49.692+0000] {subprocess.py:93} INFO - 26/07/25 18:15:49 INFO SecurityManager: Changing view acls to: ***
[2026-07-25T18:15:49.701+0000] {subprocess.py:93} INFO - 26/07/25 18:15:49 INFO SecurityManager: Changing modify acls to: ***
[2026-07-25T18:15:49.704+0000] {subprocess.py:93} INFO - 26/07/25 18:15:49 INFO SecurityManager: Changing view acls groups to:
[2026-07-25T18:15:49.705+0000] {subprocess.py:93} INFO - 26/07/25 18:15:49 INFO SecurityManager: Changing modify acls groups to:
[2026-07-25T18:15:49.706+0000] {subprocess.py:93} INFO - 26/07/25 18:15:49 INFO SecurityManager: SecurityManager: authentication disabled; ui acls disabled; users with view permissions: ***; groups with view permissions: EMPTY; users with modify permissions: ***; groups with modify permissions: EMPTY
[2026-07-25T18:15:51.424+0000] {subprocess.py:93} INFO - 26/07/25 18:15:51 INFO Utils: Successfully started service 'sparkDriver' on port 46321.
[2026-07-25T18:15:51.773+0000] {subprocess.py:93} INFO - 26/07/25 18:15:51 INFO SparkEnv: Registering MapOutputTracker
[2026-07-25T18:15:51.977+0000] {subprocess.py:93} INFO - 26/07/25 18:15:51 INFO SparkEnv: Registering BlockManagerMaster
[2026-07-25T18:15:52.075+0000] {subprocess.py:93} INFO - 26/07/25 18:15:52 INFO BlockManagerMasterEndpoint: Using org.apache.spark.storage.DefaultTopologyMapper for getting topology information
[2026-07-25T18:15:52.087+0000] {subprocess.py:93} INFO - 26/07/25 18:15:52 INFO BlockManagerMasterEndpoint: BlockManagerMasterEndpoint up
[2026-07-25T18:15:52.103+0000] {subprocess.py:93} INFO - 26/07/25 18:15:52 INFO SparkEnv: Registering BlockManagerMasterHeartbeat
[2026-07-25T18:15:52.216+0000] {subprocess.py:93} INFO - 26/07/25 18:15:52 INFO DiskBlockManager: Created local directory at /tmp/blockmgr-30be112d-7aac-48f6-ab05-f31d5ff67e5b
[2026-07-25T18:15:52.257+0000] {subprocess.py:93} INFO - 26/07/25 18:15:52 INFO MemoryStore: MemoryStore started with capacity 434.4 MiB
[2026-07-25T18:15:52.359+0000] {subprocess.py:93} INFO - 26/07/25 18:15:52 INFO SparkEnv: Registering OutputCommitCoordinator
[2026-07-25T18:15:53.427+0000] {subprocess.py:93} INFO - 26/07/25 18:15:53 INFO JettyUtils: Start Jetty 0.0.0.0:4040 for SparkUI
[2026-07-25T18:15:53.855+0000] {subprocess.py:93} INFO - 26/07/25 18:15:53 WARN Utils: Service 'SparkUI' could not bind on port 4040. Attempting port 4041.
[2026-07-25T18:15:53.902+0000] {subprocess.py:93} INFO - 26/07/25 18:15:53 INFO Utils: Successfully started service 'SparkUI' on port 4041.
[2026-07-25T18:15:54.148+0000] {subprocess.py:93} INFO - 26/07/25 18:15:54 ERROR SparkContext: Failed to add /opt/jars/postgresql-42.7.8.jar to Spark environment
[2026-07-25T18:15:54.160+0000] {subprocess.py:93} INFO - java.io.FileNotFoundException: Jar /opt/jars/postgresql-42.7.8.jar not found
[2026-07-25T18:15:54.166+0000] {subprocess.py:93} INFO - 	at org.apache.spark.SparkContext.addLocalJarFile$1(SparkContext.scala:2100)
[2026-07-25T18:15:54.177+0000] {subprocess.py:93} INFO - 	at org.apache.spark.SparkContext.addJar(SparkContext.scala:2156)
[2026-07-25T18:15:54.188+0000] {subprocess.py:93} INFO - 	at org.apache.spark.SparkContext.$anonfun$new$15(SparkContext.scala:526)
[2026-07-25T18:15:54.189+0000] {subprocess.py:93} INFO - 	at org.apache.spark.SparkContext.$anonfun$new$15$adapted(SparkContext.scala:526)
[2026-07-25T18:15:54.190+0000] {subprocess.py:93} INFO - 	at scala.collection.mutable.ResizableArray.foreach(ResizableArray.scala:62)
[2026-07-25T18:15:54.194+0000] {subprocess.py:93} INFO - 	at scala.collection.mutable.ResizableArray.foreach$(ResizableArray.scala:55)
[2026-07-25T18:15:54.212+0000] {subprocess.py:93} INFO - 	at scala.collection.mutable.ArrayBuffer.foreach(ArrayBuffer.scala:49)
[2026-07-25T18:15:54.218+0000] {subprocess.py:93} INFO - 	at org.apache.spark.SparkContext.<init>(SparkContext.scala:526)
[2026-07-25T18:15:54.224+0000] {subprocess.py:93} INFO - 	at org.apache.spark.api.java.JavaSparkContext.<init>(JavaSparkContext.scala:58)
[2026-07-25T18:15:54.227+0000] {subprocess.py:93} INFO - 	at java.base/jdk.internal.reflect.NativeConstructorAccessorImpl.newInstance0(Native Method)
[2026-07-25T18:15:54.249+0000] {subprocess.py:93} INFO - 	at java.base/jdk.internal.reflect.NativeConstructorAccessorImpl.newInstance(NativeConstructorAccessorImpl.java:77)
[2026-07-25T18:15:54.255+0000] {subprocess.py:93} INFO - 	at java.base/jdk.internal.reflect.DelegatingConstructorAccessorImpl.newInstance(DelegatingConstructorAccessorImpl.java:45)
[2026-07-25T18:15:54.259+0000] {subprocess.py:93} INFO - 	at java.base/java.lang.reflect.Constructor.newInstanceWithCaller(Constructor.java:500)
[2026-07-25T18:15:54.260+0000] {subprocess.py:93} INFO - 	at java.base/java.lang.reflect.Constructor.newInstance(Constructor.java:481)
[2026-07-25T18:15:54.264+0000] {subprocess.py:93} INFO - 	at py4j.reflection.MethodInvoker.invoke(MethodInvoker.java:247)
[2026-07-25T18:15:54.265+0000] {subprocess.py:93} INFO - 	at py4j.reflection.ReflectionEngine.invoke(ReflectionEngine.java:374)
[2026-07-25T18:15:54.271+0000] {subprocess.py:93} INFO - 	at py4j.Gateway.invoke(Gateway.java:238)
[2026-07-25T18:15:54.280+0000] {subprocess.py:93} INFO - 	at py4j.commands.ConstructorCommand.invokeConstructor(ConstructorCommand.java:80)
[2026-07-25T18:15:54.282+0000] {subprocess.py:93} INFO - 	at py4j.commands.ConstructorCommand.execute(ConstructorCommand.java:69)
[2026-07-25T18:15:54.295+0000] {subprocess.py:93} INFO - 	at py4j.ClientServerConnection.waitForCommands(ClientServerConnection.java:182)
[2026-07-25T18:15:54.296+0000] {subprocess.py:93} INFO - 	at py4j.ClientServerConnection.run(ClientServerConnection.java:106)
[2026-07-25T18:15:54.318+0000] {subprocess.py:93} INFO - 	at java.base/java.lang.Thread.run(Thread.java:840)
[2026-07-25T18:15:55.131+0000] {subprocess.py:93} INFO - 26/07/25 18:15:55 INFO StandaloneAppClient$ClientEndpoint: Connecting to master spark://spark-master:7077...
[2026-07-25T18:15:55.717+0000] {subprocess.py:93} INFO - 26/07/25 18:15:55 INFO TransportClientFactory: Successfully created connection to spark-master/172.22.0.5:7077 after 382 ms (0 ms spent in bootstraps)
[2026-07-25T18:15:56.993+0000] {subprocess.py:93} INFO - 26/07/25 18:15:56 INFO StandaloneSchedulerBackend: Connected to Spark cluster with app ID app-20260725181556-0011
[2026-07-25T18:15:57.099+0000] {subprocess.py:93} INFO - 26/07/25 18:15:57 INFO Utils: Successfully started service 'org.apache.spark.network.netty.NettyBlockTransferService' on port 33967.
[2026-07-25T18:15:57.107+0000] {subprocess.py:93} INFO - 26/07/25 18:15:57 INFO NettyBlockTransferService: Server created on 30d391bb7be2:33967
[2026-07-25T18:15:57.133+0000] {subprocess.py:93} INFO - 26/07/25 18:15:57 INFO BlockManager: Using org.apache.spark.storage.RandomBlockReplicationPolicy for block replication policy
[2026-07-25T18:15:57.171+0000] {subprocess.py:93} INFO - 26/07/25 18:15:57 INFO BlockManagerMaster: Registering BlockManager BlockManagerId(driver, 30d391bb7be2, 33967, None)
[2026-07-25T18:15:57.178+0000] {subprocess.py:93} INFO - 26/07/25 18:15:57 INFO BlockManagerMasterEndpoint: Registering block manager 30d391bb7be2:33967 with 434.4 MiB RAM, BlockManagerId(driver, 30d391bb7be2, 33967, None)
[2026-07-25T18:15:57.193+0000] {subprocess.py:93} INFO - 26/07/25 18:15:57 INFO BlockManagerMaster: Registered BlockManager BlockManagerId(driver, 30d391bb7be2, 33967, None)
[2026-07-25T18:15:57.196+0000] {subprocess.py:93} INFO - 26/07/25 18:15:57 INFO BlockManager: Initialized BlockManager: BlockManagerId(driver, 30d391bb7be2, 33967, None)
[2026-07-25T18:15:58.984+0000] {subprocess.py:93} INFO - 26/07/25 18:15:58 INFO StandaloneSchedulerBackend: SchedulerBackend is ready for scheduling beginning after reached minRegisteredResourcesRatio: 0.0
[2026-07-25T18:16:01.869+0000] {subprocess.py:93} INFO - 26/07/25 18:16:01 INFO SharedState: Setting hive.metastore.warehouse.dir ('null') to the value of spark.sql.warehouse.dir.
[2026-07-25T18:16:02.046+0000] {subprocess.py:93} INFO - 26/07/25 18:16:02 INFO SharedState: Warehouse path is 'file:/opt/project/spark-warehouse'.
[2026-07-25T18:16:06.841+0000] {subprocess.py:93} INFO - Traceback (most recent call last):
[2026-07-25T18:16:06.842+0000] {subprocess.py:93} INFO -   File "/opt/project/spark_jobs/dimensions/dim_compteur.py", line 19, in <module>
[2026-07-25T18:16:06.857+0000] {subprocess.py:93} INFO -     compteurs = spark.read.jdbc(
[2026-07-25T18:16:06.858+0000] {subprocess.py:93} INFO -                 ^^^^^^^^^^^^^^^^
[2026-07-25T18:16:06.859+0000] {subprocess.py:93} INFO -   File "/home/***/.local/lib/python3.12/site-packages/pyspark/sql/readwriter.py", line 946, in jdbc
[2026-07-25T18:16:06.860+0000] {subprocess.py:93} INFO -     return self._df(self._jreader.jdbc(url, table, jprop))
[2026-07-25T18:16:06.863+0000] {subprocess.py:93} INFO -                     ^^^^^^^^^^^^^^^^^^^^^^^^^^^^^^^^^^^^^
[2026-07-25T18:16:06.864+0000] {subprocess.py:93} INFO -   File "/home/***/.local/lib/python3.12/site-packages/py4j/java_gateway.py", line 1322, in __call__
[2026-07-25T18:16:06.865+0000] {subprocess.py:93} INFO -     return_value = get_return_value(
[2026-07-25T18:16:06.866+0000] {subprocess.py:93} INFO -                    ^^^^^^^^^^^^^^^^^
[2026-07-25T18:16:06.870+0000] {subprocess.py:93} INFO -   File "/home/***/.local/lib/python3.12/site-packages/pyspark/errors/exceptions/captured.py", line 179, in deco
[2026-07-25T18:16:06.874+0000] {subprocess.py:93} INFO -     return f(*a, **kw)
[2026-07-25T18:16:06.878+0000] {subprocess.py:93} INFO -            ^^^^^^^^^^^
[2026-07-25T18:16:06.879+0000] {subprocess.py:93} INFO -   File "/home/***/.local/lib/python3.12/site-packages/py4j/protocol.py", line 326, in get_return_value
[2026-07-25T18:16:06.880+0000] {subprocess.py:93} INFO -     raise Py4JJavaError(
[2026-07-25T18:16:06.881+0000] {subprocess.py:93} INFO - py4j.protocol.Py4JJavaError: An error occurred while calling o29.jdbc.
[2026-07-25T18:16:06.882+0000] {subprocess.py:93} INFO - : java.lang.ClassNotFoundException: org.postgresql.Driver
[2026-07-25T18:16:06.883+0000] {subprocess.py:93} INFO - 	at java.base/java.net.URLClassLoader.findClass(URLClassLoader.java:445)
[2026-07-25T18:16:06.894+0000] {subprocess.py:93} INFO - 	at java.base/java.lang.ClassLoader.loadClass(ClassLoader.java:592)
[2026-07-25T18:16:06.897+0000] {subprocess.py:93} INFO - 	at java.base/java.lang.ClassLoader.loadClass(ClassLoader.java:525)
[2026-07-25T18:16:06.900+0000] {subprocess.py:93} INFO - 	at org.apache.spark.sql.execution.datasources.jdbc.DriverRegistry$.register(DriverRegistry.scala:46)
[2026-07-25T18:16:06.901+0000] {subprocess.py:93} INFO - 	at org.apache.spark.sql.execution.datasources.jdbc.JDBCOptions.$anonfun$driverClass$1(JDBCOptions.scala:103)
[2026-07-25T18:16:06.902+0000] {subprocess.py:93} INFO - 	at org.apache.spark.sql.execution.datasources.jdbc.JDBCOptions.$anonfun$driverClass$1$adapted(JDBCOptions.scala:103)
[2026-07-25T18:16:06.934+0000] {subprocess.py:93} INFO - 	at scala.Option.foreach(Option.scala:407)
[2026-07-25T18:16:06.942+0000] {subprocess.py:93} INFO - 	at org.apache.spark.sql.execution.datasources.jdbc.JDBCOptions.<init>(JDBCOptions.scala:103)
[2026-07-25T18:16:06.943+0000] {subprocess.py:93} INFO - 	at org.apache.spark.sql.execution.datasources.jdbc.JDBCOptions.<init>(JDBCOptions.scala:41)
[2026-07-25T18:16:06.944+0000] {subprocess.py:93} INFO - 	at org.apache.spark.sql.execution.datasources.jdbc.JdbcRelationProvider.createRelation(JdbcRelationProvider.scala:34)
[2026-07-25T18:16:06.950+0000] {subprocess.py:93} INFO - 	at org.apache.spark.sql.execution.datasources.DataSource.resolveRelation(DataSource.scala:346)
[2026-07-25T18:16:06.952+0000] {subprocess.py:93} INFO - 	at org.apache.spark.sql.DataFrameReader.loadV1Source(DataFrameReader.scala:229)
[2026-07-25T18:16:06.954+0000] {subprocess.py:93} INFO - 	at org.apache.spark.sql.DataFrameReader.$anonfun$load$2(DataFrameReader.scala:211)
[2026-07-25T18:16:06.955+0000] {subprocess.py:93} INFO - 	at scala.Option.getOrElse(Option.scala:189)
[2026-07-25T18:16:06.956+0000] {subprocess.py:93} INFO - 	at org.apache.spark.sql.DataFrameReader.load(DataFrameReader.scala:211)
[2026-07-25T18:16:06.958+0000] {subprocess.py:93} INFO - 	at org.apache.spark.sql.DataFrameReader.load(DataFrameReader.scala:172)
[2026-07-25T18:16:06.960+0000] {subprocess.py:93} INFO - 	at org.apache.spark.sql.DataFrameReader.jdbc(DataFrameReader.scala:249)
[2026-07-25T18:16:06.962+0000] {subprocess.py:93} INFO - 	at java.base/jdk.internal.reflect.NativeMethodAccessorImpl.invoke0(Native Method)
[2026-07-25T18:16:06.964+0000] {subprocess.py:93} INFO - 	at java.base/jdk.internal.reflect.NativeMethodAccessorImpl.invoke(NativeMethodAccessorImpl.java:77)
[2026-07-25T18:16:06.965+0000] {subprocess.py:93} INFO - 	at java.base/jdk.internal.reflect.DelegatingMethodAccessorImpl.invoke(DelegatingMethodAccessorImpl.java:43)
[2026-07-25T18:16:06.970+0000] {subprocess.py:93} INFO - 	at java.base/java.lang.reflect.Method.invoke(Method.java:569)
[2026-07-25T18:16:06.971+0000] {subprocess.py:93} INFO - 	at py4j.reflection.MethodInvoker.invoke(MethodInvoker.java:244)
[2026-07-25T18:16:06.972+0000] {subprocess.py:93} INFO - 	at py4j.reflection.ReflectionEngine.invoke(ReflectionEngine.java:374)
[2026-07-25T18:16:06.976+0000] {subprocess.py:93} INFO - 	at py4j.Gateway.invoke(Gateway.java:282)
[2026-07-25T18:16:06.978+0000] {subprocess.py:93} INFO - 	at py4j.commands.AbstractCommand.invokeMethod(AbstractCommand.java:132)
[2026-07-25T18:16:06.979+0000] {subprocess.py:93} INFO - 	at py4j.commands.CallCommand.execute(CallCommand.java:79)
[2026-07-25T18:16:06.983+0000] {subprocess.py:93} INFO - 	at py4j.ClientServerConnection.waitForCommands(ClientServerConnection.java:182)
[2026-07-25T18:16:06.987+0000] {subprocess.py:93} INFO - 	at py4j.ClientServerConnection.run(ClientServerConnection.java:106)
[2026-07-25T18:16:06.988+0000] {subprocess.py:93} INFO - 	at java.base/java.lang.Thread.run(Thread.java:840)
[2026-07-25T18:16:06.990+0000] {subprocess.py:93} INFO - 
[2026-07-25T18:16:07.029+0000] {subprocess.py:93} INFO - 26/07/25 18:16:07 INFO StandaloneAppClient$ClientEndpoint: Executor added: app-20260725181556-0011/0 on worker-20260725174002-172.22.0.3-38317 (172.22.0.3:38317) with 8 core(s)
[2026-07-25T18:16:07.057+0000] {subprocess.py:93} INFO - 26/07/25 18:16:07 INFO StandaloneSchedulerBackend: Granted executor ID app-20260725181556-0011/0 on hostPort 172.22.0.3:38317 with 8 core(s), 1024.0 MiB RAM
[2026-07-25T18:16:07.264+0000] {subprocess.py:93} INFO - 26/07/25 18:16:07 INFO StandaloneAppClient$ClientEndpoint: Executor updated: app-20260725181556-0011/0 is now RUNNING
[2026-07-25T18:16:07.386+0000] {subprocess.py:93} INFO - 26/07/25 18:16:07 INFO SparkContext: Invoking stop() from shutdown hook
[2026-07-25T18:16:07.388+0000] {subprocess.py:93} INFO - 26/07/25 18:16:07 INFO SparkContext: SparkContext is stopping with exitCode 0.
[2026-07-25T18:16:07.466+0000] {subprocess.py:93} INFO - 26/07/25 18:16:07 INFO SparkUI: Stopped Spark web UI at http://30d391bb7be2:4041
[2026-07-25T18:16:07.510+0000] {subprocess.py:93} INFO - 26/07/25 18:16:07 INFO StandaloneSchedulerBackend: Shutting down all executors
[2026-07-25T18:16:07.530+0000] {subprocess.py:93} INFO - 26/07/25 18:16:07 INFO StandaloneSchedulerBackend$StandaloneDriverEndpoint: Asking each executor to shut down
[2026-07-25T18:16:07.678+0000] {subprocess.py:93} INFO - 26/07/25 18:16:07 INFO MapOutputTrackerMasterEndpoint: MapOutputTrackerMasterEndpoint stopped!
[2026-07-25T18:16:07.877+0000] {subprocess.py:93} INFO - 26/07/25 18:16:07 INFO MemoryStore: MemoryStore cleared
[2026-07-25T18:16:07.879+0000] {subprocess.py:93} INFO - 26/07/25 18:16:07 INFO BlockManager: BlockManager stopped
[2026-07-25T18:16:07.899+0000] {subprocess.py:93} INFO - 26/07/25 18:16:07 INFO BlockManagerMaster: BlockManagerMaster stopped
[2026-07-25T18:16:07.923+0000] {subprocess.py:93} INFO - 26/07/25 18:16:07 INFO OutputCommitCoordinator$OutputCommitCoordinatorEndpoint: OutputCommitCoordinator stopped!
[2026-07-25T18:16:08.022+0000] {subprocess.py:93} INFO - 26/07/25 18:16:08 INFO SparkContext: Successfully stopped SparkContext
[2026-07-25T18:16:08.025+0000] {subprocess.py:93} INFO - 26/07/25 18:16:08 INFO ShutdownHookManager: Shutdown hook called
[2026-07-25T18:16:08.027+0000] {subprocess.py:93} INFO - 26/07/25 18:16:08 INFO ShutdownHookManager: Deleting directory /tmp/spark-0101433f-491e-46fc-bbe2-d65ebbb1e582
[2026-07-25T18:16:08.047+0000] {subprocess.py:93} INFO - 26/07/25 18:16:08 INFO ShutdownHookManager: Deleting directory /tmp/spark-10944381-b415-45e0-99b5-b164928e19e4
[2026-07-25T18:16:08.071+0000] {subprocess.py:93} INFO - 26/07/25 18:16:08 INFO ShutdownHookManager: Deleting directory /tmp/spark-10944381-b415-45e0-99b5-b164928e19e4/pyspark-8195af52-fb10-486a-acb5-5fb78dc8e5c4
[2026-07-25T18:16:08.598+0000] {subprocess.py:97} INFO - Command exited with return code 1
[2026-07-25T18:16:08.648+0000] {taskinstance.py:3301} ERROR - Task failed with exception
Traceback (most recent call last):
  File "/home/airflow/.local/lib/python3.12/site-packages/airflow/models/taskinstance.py", line 767, in _execute_task
    result = _execute_callable(context=context, **execute_callable_kwargs)
             ^^^^^^^^^^^^^^^^^^^^^^^^^^^^^^^^^^^^^^^^^^^^^^^^^^^^^^^^^^^^^
  File "/home/airflow/.local/lib/python3.12/site-packages/airflow/models/taskinstance.py", line 733, in _execute_callable
    return ExecutionCallableRunner(
           ^^^^^^^^^^^^^^^^^^^^^^^^
  File "/home/airflow/.local/lib/python3.12/site-packages/airflow/utils/operator_helpers.py", line 252, in run
    return self.func(*args, **kwargs)
           ^^^^^^^^^^^^^^^^^^^^^^^^^^
  File "/home/airflow/.local/lib/python3.12/site-packages/airflow/models/baseoperator.py", line 406, in wrapper
    return func(self, *args, **kwargs)
           ^^^^^^^^^^^^^^^^^^^^^^^^^^^
  File "/home/airflow/.local/lib/python3.12/site-packages/airflow/operators/bash.py", line 249, in execute
    raise AirflowException(
airflow.exceptions.AirflowException: Bash command failed. The command returned a non-zero exit code 1.
[2026-07-25T18:16:08.672+0000] {taskinstance.py:1225} INFO - Marking task as FAILED. dag_id=flex_eau_pipeline, task_id=dim_compteur, run_id=scheduled__2026-07-24T00:00:00+00:00, execution_date=20260724T000000, start_date=20260725T181533, end_date=20260725T181608
[2026-07-25T18:16:08.703+0000] {taskinstance.py:340} INFO - ::group::Post task execution logs
[2026-07-25T18:16:08.705+0000] {standard_task_runner.py:124} ERROR - Failed to execute job 17 for task dim_compteur (Bash command failed. The command returned a non-zero exit code 1.; 1996)
Traceback (most recent call last):
  File "/home/airflow/.local/lib/python3.12/site-packages/airflow/task/task_runner/standard_task_runner.py", line 117, in _start_by_fork
    ret = args.func(args, dag=self.dag)
          ^^^^^^^^^^^^^^^^^^^^^^^^^^^^^
  File "/home/airflow/.local/lib/python3.12/site-packages/airflow/cli/cli_config.py", line 49, in command
    return func(*args, **kwargs)
           ^^^^^^^^^^^^^^^^^^^^^
  File "/home/airflow/.local/lib/python3.12/site-packages/airflow/utils/cli.py", line 115, in wrapper
    return f(*args, **kwargs)
           ^^^^^^^^^^^^^^^^^^
  File "/home/airflow/.local/lib/python3.12/site-packages/airflow/cli/commands/task_command.py", line 483, in task_run
    task_return_code = _run_task_by_selected_method(args, _dag, ti)
                       ^^^^^^^^^^^^^^^^^^^^^^^^^^^^^^^^^^^^^^^^^^^^
  File "/home/airflow/.local/lib/python3.12/site-packages/airflow/cli/commands/task_command.py", line 256, in _run_task_by_selected_method
    return _run_raw_task(args, ti)
           ^^^^^^^^^^^^^^^^^^^^^^^
  File "/home/airflow/.local/lib/python3.12/site-packages/airflow/cli/commands/task_command.py", line 341, in _run_raw_task
    return ti._run_raw_task(
           ^^^^^^^^^^^^^^^^^
  File "/home/airflow/.local/lib/python3.12/site-packages/airflow/utils/session.py", line 97, in wrapper
    return func(*args, session=session, **kwargs)
           ^^^^^^^^^^^^^^^^^^^^^^^^^^^^^^^^^^^^^^
  File "/home/airflow/.local/lib/python3.12/site-packages/airflow/models/taskinstance.py", line 2995, in _run_raw_task
    return _run_raw_task(
           ^^^^^^^^^^^^^^
  File "/home/airflow/.local/lib/python3.12/site-packages/airflow/models/taskinstance.py", line 273, in _run_raw_task
    TaskInstance._execute_task_with_callbacks(
  File "/home/airflow/.local/lib/python3.12/site-packages/airflow/models/taskinstance.py", line 3149, in _execute_task_with_callbacks
    result = self._execute_task(context, task_orig)
             ^^^^^^^^^^^^^^^^^^^^^^^^^^^^^^^^^^^^^^
  File "/home/airflow/.local/lib/python3.12/site-packages/airflow/models/taskinstance.py", line 3173, in _execute_task
    return _execute_task(self, context, task_orig)
           ^^^^^^^^^^^^^^^^^^^^^^^^^^^^^^^^^^^^^^^
  File "/home/airflow/.local/lib/python3.12/site-packages/airflow/models/taskinstance.py", line 767, in _execute_task
    result = _execute_callable(context=context, **execute_callable_kwargs)
             ^^^^^^^^^^^^^^^^^^^^^^^^^^^^^^^^^^^^^^^^^^^^^^^^^^^^^^^^^^^^^
  File "/home/airflow/.local/lib/python3.12/site-packages/airflow/models/taskinstance.py", line 733, in _execute_callable
    return ExecutionCallableRunner(
           ^^^^^^^^^^^^^^^^^^^^^^^^
  File "/home/airflow/.local/lib/python3.12/site-packages/airflow/utils/operator_helpers.py", line 252, in run
    return self.func(*args, **kwargs)
           ^^^^^^^^^^^^^^^^^^^^^^^^^^
  File "/home/airflow/.local/lib/python3.12/site-packages/airflow/models/baseoperator.py", line 406, in wrapper
    return func(self, *args, **kwargs)
           ^^^^^^^^^^^^^^^^^^^^^^^^^^^
  File "/home/airflow/.local/lib/python3.12/site-packages/airflow/operators/bash.py", line 249, in execute
    raise AirflowException(
airflow.exceptions.AirflowException: Bash command failed. The command returned a non-zero exit code 1.
[2026-07-25T18:16:08.741+0000] {local_task_job_runner.py:261} INFO - Task exited with return code 1
[2026-07-25T18:16:08.786+0000] {local_task_job_runner.py:240} INFO - ::endgroup::
[2026-07-25T19:55:55.623+0000] {local_task_job_runner.py:123} INFO - ::group::Pre task execution logs
[2026-07-25T19:55:55.703+0000] {taskinstance.py:2603} INFO - Dependencies all met for dep_context=non-requeueable deps ti=<TaskInstance: flex_eau_pipeline.dim_compteur scheduled__2026-07-24T00:00:00+00:00 [queued]>
[2026-07-25T19:55:55.730+0000] {taskinstance.py:2603} INFO - Dependencies all met for dep_context=requeueable deps ti=<TaskInstance: flex_eau_pipeline.dim_compteur scheduled__2026-07-24T00:00:00+00:00 [queued]>
[2026-07-25T19:55:55.731+0000] {taskinstance.py:2856} INFO - Starting attempt 2 of 2
[2026-07-25T19:55:55.814+0000] {taskinstance.py:2879} INFO - Executing <Task(BashOperator): dim_compteur> on 2026-07-24 00:00:00+00:00
[2026-07-25T19:55:55.832+0000] {standard_task_runner.py:72} INFO - Started process 1670 to run task
[2026-07-25T19:55:55.845+0000] {standard_task_runner.py:104} INFO - Running: ['***', 'tasks', 'run', 'flex_eau_pipeline', 'dim_compteur', 'scheduled__2026-07-24T00:00:00+00:00', '--job-id', '13', '--raw', '--subdir', 'DAGS_FOLDER/flex_eau_pipeline.py', '--cfg-path', '/tmp/tmpy88u7nq6']
[2026-07-25T19:55:55.853+0000] {standard_task_runner.py:105} INFO - Job 13: Subtask dim_compteur
[2026-07-25T19:55:56.061+0000] {task_command.py:467} INFO - Running <TaskInstance: flex_eau_pipeline.dim_compteur scheduled__2026-07-24T00:00:00+00:00 [running]> on host 8e34fafe5529
[2026-07-25T19:55:56.348+0000] {taskinstance.py:3122} INFO - Exporting env vars: AIRFLOW_CTX_DAG_OWNER='flex-eau' AIRFLOW_CTX_DAG_ID='flex_eau_pipeline' AIRFLOW_CTX_TASK_ID='dim_compteur' AIRFLOW_CTX_EXECUTION_DATE='2026-07-24T00:00:00+00:00' AIRFLOW_CTX_TRY_NUMBER='2' AIRFLOW_CTX_DAG_RUN_ID='scheduled__2026-07-24T00:00:00+00:00'
[2026-07-25T19:55:56.356+0000] {taskinstance.py:731} INFO - ::endgroup::
[2026-07-25T19:55:56.446+0000] {subprocess.py:63} INFO - Tmp dir root location: /tmp
[2026-07-25T19:55:56.447+0000] {subprocess.py:75} INFO - Running command: ['/usr/bin/bash', '-c', 'python spark_jobs/dimensions/dim_compteur.py']
[2026-07-25T19:55:56.492+0000] {subprocess.py:86} INFO - Output:
[2026-07-25T19:56:08.989+0000] {subprocess.py:93} INFO - 26/07/25 19:56:08 WARN NativeCodeLoader: Unable to load native-hadoop library for your platform... using builtin-java classes where applicable
[2026-07-25T19:56:10.385+0000] {subprocess.py:93} INFO - 26/07/25 19:56:10 WARN DependencyUtils: Local jar /opt/jars/postgresql-42.7.8.jar does not exist, skipping.
[2026-07-25T19:56:11.033+0000] {subprocess.py:93} INFO - 26/07/25 19:56:11 INFO SparkContext: Running Spark version 3.5.1
[2026-07-25T19:56:11.036+0000] {subprocess.py:93} INFO - 26/07/25 19:56:11 INFO SparkContext: OS info Linux, 6.6.87.2-microsoft-standard-WSL2, amd64
[2026-07-25T19:56:11.043+0000] {subprocess.py:93} INFO - 26/07/25 19:56:11 INFO SparkContext: Java version 17.0.19
[2026-07-25T19:56:11.346+0000] {subprocess.py:93} INFO - 26/07/25 19:56:11 INFO ResourceUtils: ==============================================================
[2026-07-25T19:56:11.357+0000] {subprocess.py:93} INFO - 26/07/25 19:56:11 INFO ResourceUtils: No custom resources configured for spark.driver.
[2026-07-25T19:56:11.359+0000] {subprocess.py:93} INFO - 26/07/25 19:56:11 INFO ResourceUtils: ==============================================================
[2026-07-25T19:56:11.362+0000] {subprocess.py:93} INFO - 26/07/25 19:56:11 INFO SparkContext: Submitted application: DIM_COMPTEUR
[2026-07-25T19:56:11.428+0000] {subprocess.py:93} INFO - 26/07/25 19:56:11 INFO ResourceProfile: Default ResourceProfile created, executor resources: Map(memory -> name: memory, amount: 1024, script: , vendor: , offHeap -> name: offHeap, amount: 0, script: , vendor: ), task resources: Map(cpus -> name: cpus, amount: 1.0)
[2026-07-25T19:56:11.457+0000] {subprocess.py:93} INFO - 26/07/25 19:56:11 INFO ResourceProfile: Limiting resource is cpu
[2026-07-25T19:56:11.460+0000] {subprocess.py:93} INFO - 26/07/25 19:56:11 INFO ResourceProfileManager: Added ResourceProfile id: 0
[2026-07-25T19:56:11.658+0000] {subprocess.py:93} INFO - 26/07/25 19:56:11 INFO SecurityManager: Changing view acls to: ***
[2026-07-25T19:56:11.671+0000] {subprocess.py:93} INFO - 26/07/25 19:56:11 INFO SecurityManager: Changing modify acls to: ***
[2026-07-25T19:56:11.676+0000] {subprocess.py:93} INFO - 26/07/25 19:56:11 INFO SecurityManager: Changing view acls groups to:
[2026-07-25T19:56:11.679+0000] {subprocess.py:93} INFO - 26/07/25 19:56:11 INFO SecurityManager: Changing modify acls groups to:
[2026-07-25T19:56:11.683+0000] {subprocess.py:93} INFO - 26/07/25 19:56:11 INFO SecurityManager: SecurityManager: authentication disabled; ui acls disabled; users with view permissions: ***; groups with view permissions: EMPTY; users with modify permissions: ***; groups with modify permissions: EMPTY
[2026-07-25T19:56:13.174+0000] {subprocess.py:93} INFO - 26/07/25 19:56:13 INFO Utils: Successfully started service 'sparkDriver' on port 35751.
[2026-07-25T19:56:13.411+0000] {subprocess.py:93} INFO - 26/07/25 19:56:13 INFO SparkEnv: Registering MapOutputTracker
[2026-07-25T19:56:13.736+0000] {subprocess.py:93} INFO - 26/07/25 19:56:13 INFO SparkEnv: Registering BlockManagerMaster
[2026-07-25T19:56:13.886+0000] {subprocess.py:93} INFO - 26/07/25 19:56:13 INFO BlockManagerMasterEndpoint: Using org.apache.spark.storage.DefaultTopologyMapper for getting topology information
[2026-07-25T19:56:13.907+0000] {subprocess.py:93} INFO - 26/07/25 19:56:13 INFO BlockManagerMasterEndpoint: BlockManagerMasterEndpoint up
[2026-07-25T19:56:13.948+0000] {subprocess.py:93} INFO - 26/07/25 19:56:13 INFO SparkEnv: Registering BlockManagerMasterHeartbeat
[2026-07-25T19:56:14.059+0000] {subprocess.py:93} INFO - 26/07/25 19:56:14 INFO DiskBlockManager: Created local directory at /tmp/blockmgr-c5e8df22-9465-4bac-b380-18a7b5c181b6
[2026-07-25T19:56:14.147+0000] {subprocess.py:93} INFO - 26/07/25 19:56:14 INFO MemoryStore: MemoryStore started with capacity 434.4 MiB
[2026-07-25T19:56:14.228+0000] {subprocess.py:93} INFO - 26/07/25 19:56:14 INFO SparkEnv: Registering OutputCommitCoordinator
[2026-07-25T19:56:15.258+0000] {subprocess.py:93} INFO - 26/07/25 19:56:15 INFO JettyUtils: Start Jetty 0.0.0.0:4040 for SparkUI
[2026-07-25T19:56:16.247+0000] {subprocess.py:93} INFO - 26/07/25 19:56:16 WARN Utils: Service 'SparkUI' could not bind on port 4040. Attempting port 4041.
[2026-07-25T19:56:16.256+0000] {subprocess.py:93} INFO - 26/07/25 19:56:16 WARN Utils: Service 'SparkUI' could not bind on port 4041. Attempting port 4042.
[2026-07-25T19:56:16.259+0000] {subprocess.py:93} INFO - 26/07/25 19:56:16 WARN Utils: Service 'SparkUI' could not bind on port 4042. Attempting port 4043.
[2026-07-25T19:56:16.373+0000] {subprocess.py:93} INFO - 26/07/25 19:56:16 INFO Utils: Successfully started service 'SparkUI' on port 4043.
[2026-07-25T19:56:17.161+0000] {subprocess.py:93} INFO - 26/07/25 19:56:17 ERROR SparkContext: Failed to add /opt/jars/postgresql-42.7.8.jar to Spark environment
[2026-07-25T19:56:17.162+0000] {subprocess.py:93} INFO - java.io.FileNotFoundException: Jar /opt/jars/postgresql-42.7.8.jar not found
[2026-07-25T19:56:17.164+0000] {subprocess.py:93} INFO - 	at org.apache.spark.SparkContext.addLocalJarFile$1(SparkContext.scala:2100)
[2026-07-25T19:56:17.165+0000] {subprocess.py:93} INFO - 	at org.apache.spark.SparkContext.addJar(SparkContext.scala:2156)
[2026-07-25T19:56:17.205+0000] {subprocess.py:93} INFO - 	at org.apache.spark.SparkContext.$anonfun$new$15(SparkContext.scala:526)
[2026-07-25T19:56:17.208+0000] {subprocess.py:93} INFO - 	at org.apache.spark.SparkContext.$anonfun$new$15$adapted(SparkContext.scala:526)
[2026-07-25T19:56:17.209+0000] {subprocess.py:93} INFO - 	at scala.collection.mutable.ResizableArray.foreach(ResizableArray.scala:62)
[2026-07-25T19:56:17.221+0000] {subprocess.py:93} INFO - 	at scala.collection.mutable.ResizableArray.foreach$(ResizableArray.scala:55)
[2026-07-25T19:56:17.226+0000] {subprocess.py:93} INFO - 	at scala.collection.mutable.ArrayBuffer.foreach(ArrayBuffer.scala:49)
[2026-07-25T19:56:17.242+0000] {subprocess.py:93} INFO - 	at org.apache.spark.SparkContext.<init>(SparkContext.scala:526)
[2026-07-25T19:56:17.247+0000] {subprocess.py:93} INFO - 	at org.apache.spark.api.java.JavaSparkContext.<init>(JavaSparkContext.scala:58)
[2026-07-25T19:56:17.248+0000] {subprocess.py:93} INFO - 	at java.base/jdk.internal.reflect.NativeConstructorAccessorImpl.newInstance0(Native Method)
[2026-07-25T19:56:17.249+0000] {subprocess.py:93} INFO - 	at java.base/jdk.internal.reflect.NativeConstructorAccessorImpl.newInstance(NativeConstructorAccessorImpl.java:77)
[2026-07-25T19:56:17.258+0000] {subprocess.py:93} INFO - 	at java.base/jdk.internal.reflect.DelegatingConstructorAccessorImpl.newInstance(DelegatingConstructorAccessorImpl.java:45)
[2026-07-25T19:56:17.264+0000] {subprocess.py:93} INFO - 	at java.base/java.lang.reflect.Constructor.newInstanceWithCaller(Constructor.java:500)
[2026-07-25T19:56:17.266+0000] {subprocess.py:93} INFO - 	at java.base/java.lang.reflect.Constructor.newInstance(Constructor.java:481)
[2026-07-25T19:56:17.266+0000] {subprocess.py:93} INFO - 	at py4j.reflection.MethodInvoker.invoke(MethodInvoker.java:247)
[2026-07-25T19:56:17.267+0000] {subprocess.py:93} INFO - 	at py4j.reflection.ReflectionEngine.invoke(ReflectionEngine.java:374)
[2026-07-25T19:56:17.268+0000] {subprocess.py:93} INFO - 	at py4j.Gateway.invoke(Gateway.java:238)
[2026-07-25T19:56:17.279+0000] {subprocess.py:93} INFO - 	at py4j.commands.ConstructorCommand.invokeConstructor(ConstructorCommand.java:80)
[2026-07-25T19:56:17.283+0000] {subprocess.py:93} INFO - 	at py4j.commands.ConstructorCommand.execute(ConstructorCommand.java:69)
[2026-07-25T19:56:17.286+0000] {subprocess.py:93} INFO - 	at py4j.ClientServerConnection.waitForCommands(ClientServerConnection.java:182)
[2026-07-25T19:56:17.292+0000] {subprocess.py:93} INFO - 	at py4j.ClientServerConnection.run(ClientServerConnection.java:106)
[2026-07-25T19:56:17.300+0000] {subprocess.py:93} INFO - 	at java.base/java.lang.Thread.run(Thread.java:840)
[2026-07-25T19:56:18.024+0000] {subprocess.py:93} INFO - 26/07/25 19:56:18 INFO StandaloneAppClient$ClientEndpoint: Connecting to master spark://spark-master:7077...
[2026-07-25T19:56:18.451+0000] {subprocess.py:93} INFO - 26/07/25 19:56:18 INFO TransportClientFactory: Successfully created connection to spark-master/172.22.0.5:7077 after 236 ms (0 ms spent in bootstraps)
[2026-07-25T19:56:18.328+0000] {subprocess.py:93} INFO - 26/07/25 19:56:18 INFO StandaloneSchedulerBackend: Connected to Spark cluster with app ID app-20260725195618-0011
[2026-07-25T19:56:17.813+0000] {subprocess.py:93} INFO - 26/07/25 19:56:17 INFO Utils: Successfully started service 'org.apache.spark.network.netty.NettyBlockTransferService' on port 36981.
[2026-07-25T19:56:17.817+0000] {subprocess.py:93} INFO - 26/07/25 19:56:17 INFO NettyBlockTransferService: Server created on 8e34fafe5529:36981
[2026-07-25T19:56:17.830+0000] {subprocess.py:93} INFO - 26/07/25 19:56:17 INFO BlockManager: Using org.apache.spark.storage.RandomBlockReplicationPolicy for block replication policy
[2026-07-25T19:56:17.909+0000] {subprocess.py:93} INFO - 26/07/25 19:56:17 INFO BlockManagerMaster: Registering BlockManager BlockManagerId(driver, 8e34fafe5529, 36981, None)
[2026-07-25T19:56:17.961+0000] {subprocess.py:93} INFO - 26/07/25 19:56:17 INFO BlockManagerMasterEndpoint: Registering block manager 8e34fafe5529:36981 with 434.4 MiB RAM, BlockManagerId(driver, 8e34fafe5529, 36981, None)
[2026-07-25T19:56:18.010+0000] {subprocess.py:93} INFO - 26/07/25 19:56:18 INFO BlockManagerMaster: Registered BlockManager BlockManagerId(driver, 8e34fafe5529, 36981, None)
[2026-07-25T19:56:18.025+0000] {subprocess.py:93} INFO - 26/07/25 19:56:18 INFO BlockManager: Initialized BlockManager: BlockManagerId(driver, 8e34fafe5529, 36981, None)
[2026-07-25T19:56:19.388+0000] {subprocess.py:93} INFO - 26/07/25 19:56:19 INFO StandaloneSchedulerBackend: SchedulerBackend is ready for scheduling beginning after reached minRegisteredResourcesRatio: 0.0
[2026-07-25T19:56:20.778+0000] {subprocess.py:93} INFO - 26/07/25 19:56:20 INFO SharedState: Setting hive.metastore.warehouse.dir ('null') to the value of spark.sql.warehouse.dir.
[2026-07-25T19:56:20.789+0000] {subprocess.py:93} INFO - 26/07/25 19:56:20 INFO SharedState: Warehouse path is 'file:/opt/project/spark-warehouse'.
[2026-07-25T19:56:27.170+0000] {subprocess.py:93} INFO - Traceback (most recent call last):
[2026-07-25T19:56:27.177+0000] {subprocess.py:93} INFO -   File "spark_jobs/dimensions/dim_compteur.py", line 19, in <module>
[2026-07-25T19:56:27.179+0000] {subprocess.py:93} INFO -     compteurs = spark.read.jdbc(
[2026-07-25T19:56:27.184+0000] {subprocess.py:93} INFO -   File "/home/***/.local/lib/python3.8/site-packages/pyspark/sql/readwriter.py", line 946, in jdbc
[2026-07-25T19:56:27.185+0000] {subprocess.py:93} INFO -     return self._df(self._jreader.jdbc(url, table, jprop))
[2026-07-25T19:56:27.193+0000] {subprocess.py:93} INFO -   File "/home/***/.local/lib/python3.8/site-packages/py4j/java_gateway.py", line 1322, in __call__
[2026-07-25T19:56:27.194+0000] {subprocess.py:93} INFO -     return_value = get_return_value(
[2026-07-25T19:56:27.203+0000] {subprocess.py:93} INFO -   File "/home/***/.local/lib/python3.8/site-packages/pyspark/errors/exceptions/captured.py", line 179, in deco
[2026-07-25T19:56:27.206+0000] {subprocess.py:93} INFO -     return f(*a, **kw)
[2026-07-25T19:56:27.214+0000] {subprocess.py:93} INFO -   File "/home/***/.local/lib/python3.8/site-packages/py4j/protocol.py", line 326, in get_return_value
[2026-07-25T19:56:27.221+0000] {subprocess.py:93} INFO -     raise Py4JJavaError(
[2026-07-25T19:56:27.230+0000] {subprocess.py:93} INFO - py4j.protocol.Py4JJavaError: An error occurred while calling o29.jdbc.
[2026-07-25T19:56:27.239+0000] {subprocess.py:93} INFO - : java.lang.ClassNotFoundException: org.postgresql.Driver
[2026-07-25T19:56:27.249+0000] {subprocess.py:93} INFO - 	at java.base/java.net.URLClassLoader.findClass(URLClassLoader.java:445)
[2026-07-25T19:56:27.257+0000] {subprocess.py:93} INFO - 	at java.base/java.lang.ClassLoader.loadClass(ClassLoader.java:592)
[2026-07-25T19:56:27.258+0000] {subprocess.py:93} INFO - 	at java.base/java.lang.ClassLoader.loadClass(ClassLoader.java:525)
[2026-07-25T19:56:27.259+0000] {subprocess.py:93} INFO - 	at org.apache.spark.sql.execution.datasources.jdbc.DriverRegistry$.register(DriverRegistry.scala:46)
[2026-07-25T19:56:27.263+0000] {subprocess.py:93} INFO - 	at org.apache.spark.sql.execution.datasources.jdbc.JDBCOptions.$anonfun$driverClass$1(JDBCOptions.scala:103)
[2026-07-25T19:56:27.264+0000] {subprocess.py:93} INFO - 	at org.apache.spark.sql.execution.datasources.jdbc.JDBCOptions.$anonfun$driverClass$1$adapted(JDBCOptions.scala:103)
[2026-07-25T19:56:27.270+0000] {subprocess.py:93} INFO - 	at scala.Option.foreach(Option.scala:407)
[2026-07-25T19:56:27.272+0000] {subprocess.py:93} INFO - 	at org.apache.spark.sql.execution.datasources.jdbc.JDBCOptions.<init>(JDBCOptions.scala:103)
[2026-07-25T19:56:27.279+0000] {subprocess.py:93} INFO - 	at org.apache.spark.sql.execution.datasources.jdbc.JDBCOptions.<init>(JDBCOptions.scala:41)
[2026-07-25T19:56:27.288+0000] {subprocess.py:93} INFO - 	at org.apache.spark.sql.execution.datasources.jdbc.JdbcRelationProvider.createRelation(JdbcRelationProvider.scala:34)
[2026-07-25T19:56:27.289+0000] {subprocess.py:93} INFO - 	at org.apache.spark.sql.execution.datasources.DataSource.resolveRelation(DataSource.scala:346)
[2026-07-25T19:56:27.290+0000] {subprocess.py:93} INFO - 	at org.apache.spark.sql.DataFrameReader.loadV1Source(DataFrameReader.scala:229)
[2026-07-25T19:56:27.291+0000] {subprocess.py:93} INFO - 	at org.apache.spark.sql.DataFrameReader.$anonfun$load$2(DataFrameReader.scala:211)
[2026-07-25T19:56:27.295+0000] {subprocess.py:93} INFO - 	at scala.Option.getOrElse(Option.scala:189)
[2026-07-25T19:56:27.306+0000] {subprocess.py:93} INFO - 	at org.apache.spark.sql.DataFrameReader.load(DataFrameReader.scala:211)
[2026-07-25T19:56:27.307+0000] {subprocess.py:93} INFO - 	at org.apache.spark.sql.DataFrameReader.load(DataFrameReader.scala:172)
[2026-07-25T19:56:27.308+0000] {subprocess.py:93} INFO - 	at org.apache.spark.sql.DataFrameReader.jdbc(DataFrameReader.scala:249)
[2026-07-25T19:56:27.308+0000] {subprocess.py:93} INFO - 	at java.base/jdk.internal.reflect.NativeMethodAccessorImpl.invoke0(Native Method)
[2026-07-25T19:56:27.317+0000] {subprocess.py:93} INFO - 	at java.base/jdk.internal.reflect.NativeMethodAccessorImpl.invoke(NativeMethodAccessorImpl.java:77)
[2026-07-25T19:56:27.319+0000] {subprocess.py:93} INFO - 	at java.base/jdk.internal.reflect.DelegatingMethodAccessorImpl.invoke(DelegatingMethodAccessorImpl.java:43)
[2026-07-25T19:56:27.322+0000] {subprocess.py:93} INFO - 	at java.base/java.lang.reflect.Method.invoke(Method.java:569)
[2026-07-25T19:56:27.324+0000] {subprocess.py:93} INFO - 	at py4j.reflection.MethodInvoker.invoke(MethodInvoker.java:244)
[2026-07-25T19:56:27.325+0000] {subprocess.py:93} INFO - 	at py4j.reflection.ReflectionEngine.invoke(ReflectionEngine.java:374)
[2026-07-25T19:56:27.326+0000] {subprocess.py:93} INFO - 	at py4j.Gateway.invoke(Gateway.java:282)
[2026-07-25T19:56:27.327+0000] {subprocess.py:93} INFO - 	at py4j.commands.AbstractCommand.invokeMethod(AbstractCommand.java:132)
[2026-07-25T19:56:27.329+0000] {subprocess.py:93} INFO - 	at py4j.commands.CallCommand.execute(CallCommand.java:79)
[2026-07-25T19:56:27.333+0000] {subprocess.py:93} INFO - 	at py4j.ClientServerConnection.waitForCommands(ClientServerConnection.java:182)
[2026-07-25T19:56:27.343+0000] {subprocess.py:93} INFO - 	at py4j.ClientServerConnection.run(ClientServerConnection.java:106)
[2026-07-25T19:56:27.367+0000] {subprocess.py:93} INFO - 	at java.base/java.lang.Thread.run(Thread.java:840)
[2026-07-25T19:56:27.380+0000] {subprocess.py:93} INFO - 
[2026-07-25T19:56:27.384+0000] {subprocess.py:93} INFO - 26/07/25 19:56:27 INFO StandaloneAppClient$ClientEndpoint: Executor added: app-20260725195618-0011/0 on worker-20260725194459-172.22.0.8-43525 (172.22.0.8:43525) with 8 core(s)
[2026-07-25T19:56:27.385+0000] {subprocess.py:93} INFO - 26/07/25 19:56:27 INFO StandaloneSchedulerBackend: Granted executor ID app-20260725195618-0011/0 on hostPort 172.22.0.8:43525 with 8 core(s), 1024.0 MiB RAM
[2026-07-25T19:56:27.473+0000] {subprocess.py:93} INFO - 26/07/25 19:56:27 INFO StandaloneAppClient$ClientEndpoint: Executor updated: app-20260725195618-0011/0 is now RUNNING
[2026-07-25T19:56:27.489+0000] {subprocess.py:93} INFO - 26/07/25 19:56:27 INFO SparkContext: Invoking stop() from shutdown hook
[2026-07-25T19:56:27.494+0000] {subprocess.py:93} INFO - 26/07/25 19:56:27 INFO SparkContext: SparkContext is stopping with exitCode 0.
[2026-07-25T19:56:27.574+0000] {subprocess.py:93} INFO - 26/07/25 19:56:27 INFO SparkUI: Stopped Spark web UI at http://8e34fafe5529:4043
[2026-07-25T19:56:27.596+0000] {subprocess.py:93} INFO - 26/07/25 19:56:27 INFO StandaloneSchedulerBackend: Shutting down all executors
[2026-07-25T19:56:27.604+0000] {subprocess.py:93} INFO - 26/07/25 19:56:27 INFO StandaloneSchedulerBackend$StandaloneDriverEndpoint: Asking each executor to shut down
[2026-07-25T19:56:27.698+0000] {subprocess.py:93} INFO - 26/07/25 19:56:27 INFO MapOutputTrackerMasterEndpoint: MapOutputTrackerMasterEndpoint stopped!
[2026-07-25T19:56:27.751+0000] {subprocess.py:93} INFO - 26/07/25 19:56:27 INFO MemoryStore: MemoryStore cleared
[2026-07-25T19:56:27.752+0000] {subprocess.py:93} INFO - 26/07/25 19:56:27 INFO BlockManager: BlockManager stopped
[2026-07-25T19:56:27.763+0000] {subprocess.py:93} INFO - 26/07/25 19:56:27 INFO BlockManagerMaster: BlockManagerMaster stopped
[2026-07-25T19:56:27.766+0000] {subprocess.py:93} INFO - 26/07/25 19:56:27 INFO OutputCommitCoordinator$OutputCommitCoordinatorEndpoint: OutputCommitCoordinator stopped!
[2026-07-25T19:56:27.789+0000] {subprocess.py:93} INFO - 26/07/25 19:56:27 INFO SparkContext: Successfully stopped SparkContext
[2026-07-25T19:56:27.790+0000] {subprocess.py:93} INFO - 26/07/25 19:56:27 INFO ShutdownHookManager: Shutdown hook called
[2026-07-25T19:56:27.791+0000] {subprocess.py:93} INFO - 26/07/25 19:56:27 INFO ShutdownHookManager: Deleting directory /tmp/spark-f5cd5015-7439-4d90-bc18-c6670223a31a
[2026-07-25T19:56:27.802+0000] {subprocess.py:93} INFO - 26/07/25 19:56:27 INFO ShutdownHookManager: Deleting directory /tmp/spark-d529dd8f-009d-4609-843c-e1cb4f8aaef9
[2026-07-25T19:56:27.811+0000] {subprocess.py:93} INFO - 26/07/25 19:56:27 INFO ShutdownHookManager: Deleting directory /tmp/spark-f5cd5015-7439-4d90-bc18-c6670223a31a/pyspark-a58d54db-545d-4b22-992d-b814ef36bf4c
[2026-07-25T19:56:28.217+0000] {subprocess.py:97} INFO - Command exited with return code 1
[2026-07-25T19:56:28.252+0000] {taskinstance.py:3301} ERROR - Task failed with exception
Traceback (most recent call last):
  File "/home/airflow/.local/lib/python3.8/site-packages/airflow/models/taskinstance.py", line 767, in _execute_task
    result = _execute_callable(context=context, **execute_callable_kwargs)
  File "/home/airflow/.local/lib/python3.8/site-packages/airflow/models/taskinstance.py", line 733, in _execute_callable
    return ExecutionCallableRunner(
  File "/home/airflow/.local/lib/python3.8/site-packages/airflow/utils/operator_helpers.py", line 252, in run
    return self.func(*args, **kwargs)
  File "/home/airflow/.local/lib/python3.8/site-packages/airflow/models/baseoperator.py", line 406, in wrapper
    return func(self, *args, **kwargs)
  File "/home/airflow/.local/lib/python3.8/site-packages/airflow/operators/bash.py", line 249, in execute
    raise AirflowException(
airflow.exceptions.AirflowException: Bash command failed. The command returned a non-zero exit code 1.
[2026-07-25T19:56:28.258+0000] {taskinstance.py:1225} INFO - Marking task as FAILED. dag_id=flex_eau_pipeline, task_id=dim_compteur, run_id=scheduled__2026-07-24T00:00:00+00:00, execution_date=20260724T000000, start_date=20260725T195555, end_date=20260725T195628
[2026-07-25T19:56:28.284+0000] {taskinstance.py:340} INFO - ::group::Post task execution logs
[2026-07-25T19:56:28.285+0000] {standard_task_runner.py:124} ERROR - Failed to execute job 13 for task dim_compteur (Bash command failed. The command returned a non-zero exit code 1.; 1670)
Traceback (most recent call last):
  File "/home/airflow/.local/lib/python3.8/site-packages/airflow/task/task_runner/standard_task_runner.py", line 117, in _start_by_fork
    ret = args.func(args, dag=self.dag)
  File "/home/airflow/.local/lib/python3.8/site-packages/airflow/cli/cli_config.py", line 49, in command
    return func(*args, **kwargs)
  File "/home/airflow/.local/lib/python3.8/site-packages/airflow/utils/cli.py", line 115, in wrapper
    return f(*args, **kwargs)
  File "/home/airflow/.local/lib/python3.8/site-packages/airflow/cli/commands/task_command.py", line 483, in task_run
    task_return_code = _run_task_by_selected_method(args, _dag, ti)
  File "/home/airflow/.local/lib/python3.8/site-packages/airflow/cli/commands/task_command.py", line 256, in _run_task_by_selected_method
    return _run_raw_task(args, ti)
  File "/home/airflow/.local/lib/python3.8/site-packages/airflow/cli/commands/task_command.py", line 341, in _run_raw_task
    return ti._run_raw_task(
  File "/home/airflow/.local/lib/python3.8/site-packages/airflow/utils/session.py", line 97, in wrapper
    return func(*args, session=session, **kwargs)
  File "/home/airflow/.local/lib/python3.8/site-packages/airflow/models/taskinstance.py", line 2995, in _run_raw_task
    return _run_raw_task(
  File "/home/airflow/.local/lib/python3.8/site-packages/airflow/models/taskinstance.py", line 273, in _run_raw_task
    TaskInstance._execute_task_with_callbacks(
  File "/home/airflow/.local/lib/python3.8/site-packages/airflow/models/taskinstance.py", line 3149, in _execute_task_with_callbacks
    result = self._execute_task(context, task_orig)
  File "/home/airflow/.local/lib/python3.8/site-packages/airflow/models/taskinstance.py", line 3173, in _execute_task
    return _execute_task(self, context, task_orig)
  File "/home/airflow/.local/lib/python3.8/site-packages/airflow/models/taskinstance.py", line 767, in _execute_task
    result = _execute_callable(context=context, **execute_callable_kwargs)
  File "/home/airflow/.local/lib/python3.8/site-packages/airflow/models/taskinstance.py", line 733, in _execute_callable
    return ExecutionCallableRunner(
  File "/home/airflow/.local/lib/python3.8/site-packages/airflow/utils/operator_helpers.py", line 252, in run
    return self.func(*args, **kwargs)
  File "/home/airflow/.local/lib/python3.8/site-packages/airflow/models/baseoperator.py", line 406, in wrapper
    return func(self, *args, **kwargs)
  File "/home/airflow/.local/lib/python3.8/site-packages/airflow/operators/bash.py", line 249, in execute
    raise AirflowException(
airflow.exceptions.AirflowException: Bash command failed. The command returned a non-zero exit code 1.
[2026-07-25T19:56:28.319+0000] {local_task_job_runner.py:261} INFO - Task exited with return code 1
[2026-07-25T19:56:28.351+0000] {taskinstance.py:3891} INFO - 0 downstream tasks scheduled from follow-on schedule check
[2026-07-25T19:56:28.354+0000] {local_task_job_runner.py:240} INFO - ::endgroup::
