[2026-07-25T18:09:50.449+0000] {local_task_job_runner.py:123} INFO - ::group::Pre task execution logs
[2026-07-25T18:09:50.512+0000] {taskinstance.py:2603} INFO - Dependencies all met for dep_context=non-requeueable deps ti=<TaskInstance: flex_eau_pipeline.dim_compteur scheduled__2026-07-24T00:00:00+00:00 [queued]>
[2026-07-25T18:09:50.526+0000] {taskinstance.py:2603} INFO - Dependencies all met for dep_context=requeueable deps ti=<TaskInstance: flex_eau_pipeline.dim_compteur scheduled__2026-07-24T00:00:00+00:00 [queued]>
[2026-07-25T18:09:50.528+0000] {taskinstance.py:2856} INFO - Starting attempt 1 of 2
[2026-07-25T18:09:50.573+0000] {taskinstance.py:2879} INFO - Executing <Task(BashOperator): dim_compteur> on 2026-07-24 00:00:00+00:00
[2026-07-25T18:09:50.596+0000] {standard_task_runner.py:104} INFO - Running: ['***', 'tasks', 'run', 'flex_eau_pipeline', 'dim_compteur', 'scheduled__2026-07-24T00:00:00+00:00', '--job-id', '8', '--raw', '--subdir', 'DAGS_FOLDER/flex_eau_pipeline.py', '--cfg-path', '/tmp/tmp4h5q1r4h']
[2026-07-25T18:09:50.596+0000] {logging_mixin.py:190} WARNING - /home/***/.local/lib/python3.12/site-packages/***/task/task_runner/standard_task_runner.py:70 DeprecationWarning: This process (pid=518) is multi-threaded, use of fork() may lead to deadlocks in the child.
[2026-07-25T18:09:50.604+0000] {standard_task_runner.py:105} INFO - Job 8: Subtask dim_compteur
[2026-07-25T18:09:50.604+0000] {standard_task_runner.py:72} INFO - Started process 534 to run task
[2026-07-25T18:09:50.792+0000] {task_command.py:467} INFO - Running <TaskInstance: flex_eau_pipeline.dim_compteur scheduled__2026-07-24T00:00:00+00:00 [running]> on host 30d391bb7be2
[2026-07-25T18:09:51.068+0000] {taskinstance.py:3122} INFO - Exporting env vars: AIRFLOW_CTX_DAG_OWNER='flex-eau' AIRFLOW_CTX_DAG_ID='flex_eau_pipeline' AIRFLOW_CTX_TASK_ID='dim_compteur' AIRFLOW_CTX_EXECUTION_DATE='2026-07-24T00:00:00+00:00' AIRFLOW_CTX_TRY_NUMBER='1' AIRFLOW_CTX_DAG_RUN_ID='scheduled__2026-07-24T00:00:00+00:00'
[2026-07-25T18:09:51.070+0000] {taskinstance.py:731} INFO - ::endgroup::
[2026-07-25T18:09:51.110+0000] {subprocess.py:63} INFO - Tmp dir root location: /tmp
[2026-07-25T18:09:51.111+0000] {subprocess.py:75} INFO - Running command: ['/usr/bin/bash', '-c', 'python spark_jobs/dimensions/dim_compteur.py']
[2026-07-25T18:09:51.137+0000] {subprocess.py:86} INFO - Output:
[2026-07-25T18:10:05.617+0000] {subprocess.py:93} INFO - 26/07/25 18:10:05 WARN NativeCodeLoader: Unable to load native-hadoop library for your platform... using builtin-java classes where applicable
[2026-07-25T18:10:07.594+0000] {subprocess.py:93} INFO - 26/07/25 18:10:07 WARN DependencyUtils: Local jar /opt/jars/postgresql-42.7.8.jar does not exist, skipping.
[2026-07-25T18:10:08.054+0000] {subprocess.py:93} INFO - 26/07/25 18:10:08 INFO SparkContext: Running Spark version 3.5.1
[2026-07-25T18:10:08.059+0000] {subprocess.py:93} INFO - 26/07/25 18:10:08 INFO SparkContext: OS info Linux, 6.6.87.2-microsoft-standard-WSL2, amd64
[2026-07-25T18:10:08.061+0000] {subprocess.py:93} INFO - 26/07/25 18:10:08 INFO SparkContext: Java version 17.0.19
[2026-07-25T18:10:08.248+0000] {subprocess.py:93} INFO - 26/07/25 18:10:08 INFO ResourceUtils: ==============================================================
[2026-07-25T18:10:08.250+0000] {subprocess.py:93} INFO - 26/07/25 18:10:08 INFO ResourceUtils: No custom resources configured for spark.driver.
[2026-07-25T18:10:08.257+0000] {subprocess.py:93} INFO - 26/07/25 18:10:08 INFO ResourceUtils: ==============================================================
[2026-07-25T18:10:08.258+0000] {subprocess.py:93} INFO - 26/07/25 18:10:08 INFO SparkContext: Submitted application: DIM_COMPTEUR
[2026-07-25T18:10:08.355+0000] {subprocess.py:93} INFO - 26/07/25 18:10:08 INFO ResourceProfile: Default ResourceProfile created, executor resources: Map(memory -> name: memory, amount: 1024, script: , vendor: , offHeap -> name: offHeap, amount: 0, script: , vendor: ), task resources: Map(cpus -> name: cpus, amount: 1.0)
[2026-07-25T18:10:08.395+0000] {subprocess.py:93} INFO - 26/07/25 18:10:08 INFO ResourceProfile: Limiting resource is cpu
[2026-07-25T18:10:08.402+0000] {subprocess.py:93} INFO - 26/07/25 18:10:08 INFO ResourceProfileManager: Added ResourceProfile id: 0
[2026-07-25T18:10:08.609+0000] {subprocess.py:93} INFO - 26/07/25 18:10:08 INFO SecurityManager: Changing view acls to: ***
[2026-07-25T18:10:08.610+0000] {subprocess.py:93} INFO - 26/07/25 18:10:08 INFO SecurityManager: Changing modify acls to: ***
[2026-07-25T18:10:08.611+0000] {subprocess.py:93} INFO - 26/07/25 18:10:08 INFO SecurityManager: Changing view acls groups to:
[2026-07-25T18:10:08.613+0000] {subprocess.py:93} INFO - 26/07/25 18:10:08 INFO SecurityManager: Changing modify acls groups to:
[2026-07-25T18:10:08.621+0000] {subprocess.py:93} INFO - 26/07/25 18:10:08 INFO SecurityManager: SecurityManager: authentication disabled; ui acls disabled; users with view permissions: ***; groups with view permissions: EMPTY; users with modify permissions: ***; groups with modify permissions: EMPTY
[2026-07-25T18:10:09.942+0000] {subprocess.py:93} INFO - 26/07/25 18:10:09 INFO Utils: Successfully started service 'sparkDriver' on port 34187.
[2026-07-25T18:10:10.053+0000] {subprocess.py:93} INFO - 26/07/25 18:10:10 INFO SparkEnv: Registering MapOutputTracker
[2026-07-25T18:10:10.150+0000] {subprocess.py:93} INFO - 26/07/25 18:10:10 INFO SparkEnv: Registering BlockManagerMaster
[2026-07-25T18:10:10.209+0000] {subprocess.py:93} INFO - 26/07/25 18:10:10 INFO BlockManagerMasterEndpoint: Using org.apache.spark.storage.DefaultTopologyMapper for getting topology information
[2026-07-25T18:10:10.213+0000] {subprocess.py:93} INFO - 26/07/25 18:10:10 INFO BlockManagerMasterEndpoint: BlockManagerMasterEndpoint up
[2026-07-25T18:10:10.230+0000] {subprocess.py:93} INFO - 26/07/25 18:10:10 INFO SparkEnv: Registering BlockManagerMasterHeartbeat
[2026-07-25T18:10:10.352+0000] {subprocess.py:93} INFO - 26/07/25 18:10:10 INFO DiskBlockManager: Created local directory at /tmp/blockmgr-6648ff58-1500-451c-ab56-c29970ba878f
[2026-07-25T18:10:10.442+0000] {subprocess.py:93} INFO - 26/07/25 18:10:10 INFO MemoryStore: MemoryStore started with capacity 434.4 MiB
[2026-07-25T18:10:10.706+0000] {subprocess.py:93} INFO - 26/07/25 18:10:10 INFO SparkEnv: Registering OutputCommitCoordinator
[2026-07-25T18:10:12.225+0000] {subprocess.py:93} INFO - 26/07/25 18:10:12 INFO JettyUtils: Start Jetty 0.0.0.0:4040 for SparkUI
[2026-07-25T18:10:12.770+0000] {subprocess.py:93} INFO - 26/07/25 18:10:12 WARN Utils: Service 'SparkUI' could not bind on port 4040. Attempting port 4041.
[2026-07-25T18:10:12.776+0000] {subprocess.py:93} INFO - 26/07/25 18:10:12 WARN Utils: Service 'SparkUI' could not bind on port 4041. Attempting port 4042.
[2026-07-25T18:10:12.785+0000] {subprocess.py:93} INFO - 26/07/25 18:10:12 WARN Utils: Service 'SparkUI' could not bind on port 4042. Attempting port 4043.
[2026-07-25T18:10:12.792+0000] {subprocess.py:93} INFO - 26/07/25 18:10:12 WARN Utils: Service 'SparkUI' could not bind on port 4043. Attempting port 4044.
[2026-07-25T18:10:12.872+0000] {subprocess.py:93} INFO - 26/07/25 18:10:12 WARN Utils: Service 'SparkUI' could not bind on port 4044. Attempting port 4045.
[2026-07-25T18:10:13.041+0000] {subprocess.py:93} INFO - 26/07/25 18:10:13 INFO Utils: Successfully started service 'SparkUI' on port 4045.
[2026-07-25T18:10:13.437+0000] {subprocess.py:93} INFO - 26/07/25 18:10:13 ERROR SparkContext: Failed to add /opt/jars/postgresql-42.7.8.jar to Spark environment
[2026-07-25T18:10:13.440+0000] {subprocess.py:93} INFO - java.io.FileNotFoundException: Jar /opt/jars/postgresql-42.7.8.jar not found
[2026-07-25T18:10:13.442+0000] {subprocess.py:93} INFO - 	at org.apache.spark.SparkContext.addLocalJarFile$1(SparkContext.scala:2100)
[2026-07-25T18:10:13.444+0000] {subprocess.py:93} INFO - 	at org.apache.spark.SparkContext.addJar(SparkContext.scala:2156)
[2026-07-25T18:10:13.446+0000] {subprocess.py:93} INFO - 	at org.apache.spark.SparkContext.$anonfun$new$15(SparkContext.scala:526)
[2026-07-25T18:10:13.449+0000] {subprocess.py:93} INFO - 	at org.apache.spark.SparkContext.$anonfun$new$15$adapted(SparkContext.scala:526)
[2026-07-25T18:10:13.478+0000] {subprocess.py:93} INFO - 	at scala.collection.mutable.ResizableArray.foreach(ResizableArray.scala:62)
[2026-07-25T18:10:13.484+0000] {subprocess.py:93} INFO - 	at scala.collection.mutable.ResizableArray.foreach$(ResizableArray.scala:55)
[2026-07-25T18:10:13.489+0000] {subprocess.py:93} INFO - 	at scala.collection.mutable.ArrayBuffer.foreach(ArrayBuffer.scala:49)
[2026-07-25T18:10:13.495+0000] {subprocess.py:93} INFO - 	at org.apache.spark.SparkContext.<init>(SparkContext.scala:526)
[2026-07-25T18:10:13.501+0000] {subprocess.py:93} INFO - 	at org.apache.spark.api.java.JavaSparkContext.<init>(JavaSparkContext.scala:58)
[2026-07-25T18:10:13.509+0000] {subprocess.py:93} INFO - 	at java.base/jdk.internal.reflect.NativeConstructorAccessorImpl.newInstance0(Native Method)
[2026-07-25T18:10:13.511+0000] {subprocess.py:93} INFO - 	at java.base/jdk.internal.reflect.NativeConstructorAccessorImpl.newInstance(NativeConstructorAccessorImpl.java:77)
[2026-07-25T18:10:13.514+0000] {subprocess.py:93} INFO - 	at java.base/jdk.internal.reflect.DelegatingConstructorAccessorImpl.newInstance(DelegatingConstructorAccessorImpl.java:45)
[2026-07-25T18:10:13.515+0000] {subprocess.py:93} INFO - 	at java.base/java.lang.reflect.Constructor.newInstanceWithCaller(Constructor.java:500)
[2026-07-25T18:10:13.522+0000] {subprocess.py:93} INFO - 	at java.base/java.lang.reflect.Constructor.newInstance(Constructor.java:481)
[2026-07-25T18:10:13.523+0000] {subprocess.py:93} INFO - 	at py4j.reflection.MethodInvoker.invoke(MethodInvoker.java:247)
[2026-07-25T18:10:13.529+0000] {subprocess.py:93} INFO - 	at py4j.reflection.ReflectionEngine.invoke(ReflectionEngine.java:374)
[2026-07-25T18:10:13.530+0000] {subprocess.py:93} INFO - 	at py4j.Gateway.invoke(Gateway.java:238)
[2026-07-25T18:10:13.533+0000] {subprocess.py:93} INFO - 	at py4j.commands.ConstructorCommand.invokeConstructor(ConstructorCommand.java:80)
[2026-07-25T18:10:13.534+0000] {subprocess.py:93} INFO - 	at py4j.commands.ConstructorCommand.execute(ConstructorCommand.java:69)
[2026-07-25T18:10:13.536+0000] {subprocess.py:93} INFO - 	at py4j.ClientServerConnection.waitForCommands(ClientServerConnection.java:182)
[2026-07-25T18:10:13.537+0000] {subprocess.py:93} INFO - 	at py4j.ClientServerConnection.run(ClientServerConnection.java:106)
[2026-07-25T18:10:13.540+0000] {subprocess.py:93} INFO - 	at java.base/java.lang.Thread.run(Thread.java:840)
[2026-07-25T18:10:14.362+0000] {subprocess.py:93} INFO - 26/07/25 18:10:14 INFO StandaloneAppClient$ClientEndpoint: Connecting to master spark://spark-master:7077...
[2026-07-25T18:10:14.530+0000] {subprocess.py:93} INFO - 26/07/25 18:10:14 INFO TransportClientFactory: Successfully created connection to spark-master/172.22.0.5:7077 after 82 ms (0 ms spent in bootstraps)
[2026-07-25T18:10:15.552+0000] {subprocess.py:93} INFO - 26/07/25 18:10:15 INFO StandaloneSchedulerBackend: Connected to Spark cluster with app ID app-20260725181015-0002
[2026-07-25T18:10:15.719+0000] {subprocess.py:93} INFO - 26/07/25 18:10:15 INFO Utils: Successfully started service 'org.apache.spark.network.netty.NettyBlockTransferService' on port 33787.
[2026-07-25T18:10:15.726+0000] {subprocess.py:93} INFO - 26/07/25 18:10:15 INFO NettyBlockTransferService: Server created on 30d391bb7be2:33787
[2026-07-25T18:10:15.728+0000] {subprocess.py:93} INFO - 26/07/25 18:10:15 INFO BlockManager: Using org.apache.spark.storage.RandomBlockReplicationPolicy for block replication policy
[2026-07-25T18:10:15.749+0000] {subprocess.py:93} INFO - 26/07/25 18:10:15 INFO BlockManagerMaster: Registering BlockManager BlockManagerId(driver, 30d391bb7be2, 33787, None)
[2026-07-25T18:10:15.772+0000] {subprocess.py:93} INFO - 26/07/25 18:10:15 INFO BlockManagerMasterEndpoint: Registering block manager 30d391bb7be2:33787 with 434.4 MiB RAM, BlockManagerId(driver, 30d391bb7be2, 33787, None)
[2026-07-25T18:10:15.781+0000] {subprocess.py:93} INFO - 26/07/25 18:10:15 INFO BlockManagerMaster: Registered BlockManager BlockManagerId(driver, 30d391bb7be2, 33787, None)
[2026-07-25T18:10:15.785+0000] {subprocess.py:93} INFO - 26/07/25 18:10:15 INFO BlockManager: Initialized BlockManager: BlockManagerId(driver, 30d391bb7be2, 33787, None)
[2026-07-25T18:10:17.462+0000] {subprocess.py:93} INFO - 26/07/25 18:10:17 INFO StandaloneSchedulerBackend: SchedulerBackend is ready for scheduling beginning after reached minRegisteredResourcesRatio: 0.0
[2026-07-25T18:10:19.817+0000] {subprocess.py:93} INFO - 26/07/25 18:10:19 INFO SharedState: Setting hive.metastore.warehouse.dir ('null') to the value of spark.sql.warehouse.dir.
[2026-07-25T18:10:19.859+0000] {subprocess.py:93} INFO - 26/07/25 18:10:19 INFO SharedState: Warehouse path is 'file:/opt/project/spark-warehouse'.
[2026-07-25T18:10:28.507+0000] {subprocess.py:93} INFO - Traceback (most recent call last):
[2026-07-25T18:10:28.510+0000] {subprocess.py:93} INFO -   File "/opt/project/spark_jobs/dimensions/dim_compteur.py", line 19, in <module>
[2026-07-25T18:10:28.563+0000] {subprocess.py:93} INFO -     compteurs = spark.read.jdbc(
[2026-07-25T18:10:28.564+0000] {subprocess.py:93} INFO -                 ^^^^^^^^^^^^^^^^
[2026-07-25T18:10:28.582+0000] {subprocess.py:93} INFO -   File "/home/***/.local/lib/python3.12/site-packages/pyspark/sql/readwriter.py", line 946, in jdbc
[2026-07-25T18:10:28.590+0000] {subprocess.py:93} INFO -     return self._df(self._jreader.jdbc(url, table, jprop))
[2026-07-25T18:10:28.597+0000] {subprocess.py:93} INFO -                     ^^^^^^^^^^^^^^^^^^^^^^^^^^^^^^^^^^^^^
[2026-07-25T18:10:28.609+0000] {subprocess.py:93} INFO -   File "/home/***/.local/lib/python3.12/site-packages/py4j/java_gateway.py", line 1322, in __call__
[2026-07-25T18:10:28.625+0000] {subprocess.py:93} INFO -     return_value = get_return_value(
[2026-07-25T18:10:28.630+0000] {subprocess.py:93} INFO -                    ^^^^^^^^^^^^^^^^^
[2026-07-25T18:10:28.640+0000] {subprocess.py:93} INFO -   File "/home/***/.local/lib/python3.12/site-packages/pyspark/errors/exceptions/captured.py", line 179, in deco
[2026-07-25T18:10:28.660+0000] {subprocess.py:93} INFO -     return f(*a, **kw)
[2026-07-25T18:10:28.682+0000] {subprocess.py:93} INFO -            ^^^^^^^^^^^
[2026-07-25T18:10:28.685+0000] {subprocess.py:93} INFO -   File "/home/***/.local/lib/python3.12/site-packages/py4j/protocol.py", line 326, in get_return_value
[2026-07-25T18:10:28.690+0000] {subprocess.py:93} INFO -     raise Py4JJavaError(
[2026-07-25T18:10:28.716+0000] {subprocess.py:93} INFO - py4j.protocol.Py4JJavaError: An error occurred while calling o29.jdbc.
[2026-07-25T18:10:28.726+0000] {subprocess.py:93} INFO - : java.lang.ClassNotFoundException: org.postgresql.Driver
[2026-07-25T18:10:28.727+0000] {subprocess.py:93} INFO - 	at java.base/java.net.URLClassLoader.findClass(URLClassLoader.java:445)
[2026-07-25T18:10:28.730+0000] {subprocess.py:93} INFO - 	at java.base/java.lang.ClassLoader.loadClass(ClassLoader.java:592)
[2026-07-25T18:10:28.743+0000] {subprocess.py:93} INFO - 	at java.base/java.lang.ClassLoader.loadClass(ClassLoader.java:525)
[2026-07-25T18:10:28.746+0000] {subprocess.py:93} INFO - 	at org.apache.spark.sql.execution.datasources.jdbc.DriverRegistry$.register(DriverRegistry.scala:46)
[2026-07-25T18:10:28.748+0000] {subprocess.py:93} INFO - 	at org.apache.spark.sql.execution.datasources.jdbc.JDBCOptions.$anonfun$driverClass$1(JDBCOptions.scala:103)
[2026-07-25T18:10:28.762+0000] {subprocess.py:93} INFO - 	at org.apache.spark.sql.execution.datasources.jdbc.JDBCOptions.$anonfun$driverClass$1$adapted(JDBCOptions.scala:103)
[2026-07-25T18:10:28.766+0000] {subprocess.py:93} INFO - 	at scala.Option.foreach(Option.scala:407)
[2026-07-25T18:10:28.770+0000] {subprocess.py:93} INFO - 	at org.apache.spark.sql.execution.datasources.jdbc.JDBCOptions.<init>(JDBCOptions.scala:103)
[2026-07-25T18:10:28.814+0000] {subprocess.py:93} INFO - 	at org.apache.spark.sql.execution.datasources.jdbc.JDBCOptions.<init>(JDBCOptions.scala:41)
[2026-07-25T18:10:28.817+0000] {subprocess.py:93} INFO - 	at org.apache.spark.sql.execution.datasources.jdbc.JdbcRelationProvider.createRelation(JdbcRelationProvider.scala:34)
[2026-07-25T18:10:28.824+0000] {subprocess.py:93} INFO - 	at org.apache.spark.sql.execution.datasources.DataSource.resolveRelation(DataSource.scala:346)
[2026-07-25T18:10:28.826+0000] {subprocess.py:93} INFO - 	at org.apache.spark.sql.DataFrameReader.loadV1Source(DataFrameReader.scala:229)
[2026-07-25T18:10:28.827+0000] {subprocess.py:93} INFO - 	at org.apache.spark.sql.DataFrameReader.$anonfun$load$2(DataFrameReader.scala:211)
[2026-07-25T18:10:28.828+0000] {subprocess.py:93} INFO - 	at scala.Option.getOrElse(Option.scala:189)
[2026-07-25T18:10:28.850+0000] {subprocess.py:93} INFO - 	at org.apache.spark.sql.DataFrameReader.load(DataFrameReader.scala:211)
[2026-07-25T18:10:28.859+0000] {subprocess.py:93} INFO - 	at org.apache.spark.sql.DataFrameReader.load(DataFrameReader.scala:172)
[2026-07-25T18:10:28.882+0000] {subprocess.py:93} INFO - 	at org.apache.spark.sql.DataFrameReader.jdbc(DataFrameReader.scala:249)
[2026-07-25T18:10:28.903+0000] {subprocess.py:93} INFO - 	at java.base/jdk.internal.reflect.NativeMethodAccessorImpl.invoke0(Native Method)
[2026-07-25T18:10:28.913+0000] {subprocess.py:93} INFO - 	at java.base/jdk.internal.reflect.NativeMethodAccessorImpl.invoke(NativeMethodAccessorImpl.java:77)
[2026-07-25T18:10:28.914+0000] {subprocess.py:93} INFO - 	at java.base/jdk.internal.reflect.DelegatingMethodAccessorImpl.invoke(DelegatingMethodAccessorImpl.java:43)
[2026-07-25T18:10:28.915+0000] {subprocess.py:93} INFO - 	at java.base/java.lang.reflect.Method.invoke(Method.java:569)
[2026-07-25T18:10:28.916+0000] {subprocess.py:93} INFO - 	at py4j.reflection.MethodInvoker.invoke(MethodInvoker.java:244)
[2026-07-25T18:10:28.916+0000] {subprocess.py:93} INFO - 	at py4j.reflection.ReflectionEngine.invoke(ReflectionEngine.java:374)
[2026-07-25T18:10:28.917+0000] {subprocess.py:93} INFO - 	at py4j.Gateway.invoke(Gateway.java:282)
[2026-07-25T18:10:28.918+0000] {subprocess.py:93} INFO - 	at py4j.commands.AbstractCommand.invokeMethod(AbstractCommand.java:132)
[2026-07-25T18:10:28.919+0000] {subprocess.py:93} INFO - 	at py4j.commands.CallCommand.execute(CallCommand.java:79)
[2026-07-25T18:10:28.920+0000] {subprocess.py:93} INFO - 	at py4j.ClientServerConnection.waitForCommands(ClientServerConnection.java:182)
[2026-07-25T18:10:28.921+0000] {subprocess.py:93} INFO - 	at py4j.ClientServerConnection.run(ClientServerConnection.java:106)
[2026-07-25T18:10:28.930+0000] {subprocess.py:93} INFO - 	at java.base/java.lang.Thread.run(Thread.java:840)
[2026-07-25T18:10:28.934+0000] {subprocess.py:93} INFO - 
[2026-07-25T18:10:29.573+0000] {subprocess.py:93} INFO - 26/07/25 18:10:29 INFO SparkContext: Invoking stop() from shutdown hook
[2026-07-25T18:10:29.588+0000] {subprocess.py:93} INFO - 26/07/25 18:10:29 INFO SparkContext: SparkContext is stopping with exitCode 0.
[2026-07-25T18:10:29.677+0000] {subprocess.py:93} INFO - 26/07/25 18:10:29 INFO SparkUI: Stopped Spark web UI at http://30d391bb7be2:4045
[2026-07-25T18:10:29.698+0000] {subprocess.py:93} INFO - 26/07/25 18:10:29 INFO StandaloneSchedulerBackend: Shutting down all executors
[2026-07-25T18:10:29.714+0000] {subprocess.py:93} INFO - 26/07/25 18:10:29 INFO StandaloneSchedulerBackend$StandaloneDriverEndpoint: Asking each executor to shut down
[2026-07-25T18:10:29.976+0000] {subprocess.py:93} INFO - 26/07/25 18:10:29 INFO MapOutputTrackerMasterEndpoint: MapOutputTrackerMasterEndpoint stopped!
[2026-07-25T18:10:30.297+0000] {subprocess.py:93} INFO - 26/07/25 18:10:30 INFO MemoryStore: MemoryStore cleared
[2026-07-25T18:10:30.302+0000] {subprocess.py:93} INFO - 26/07/25 18:10:30 INFO BlockManager: BlockManager stopped
[2026-07-25T18:10:30.320+0000] {subprocess.py:93} INFO - 26/07/25 18:10:30 INFO BlockManagerMaster: BlockManagerMaster stopped
[2026-07-25T18:10:30.336+0000] {subprocess.py:93} INFO - 26/07/25 18:10:30 INFO OutputCommitCoordinator$OutputCommitCoordinatorEndpoint: OutputCommitCoordinator stopped!
[2026-07-25T18:10:30.612+0000] {subprocess.py:93} INFO - 26/07/25 18:10:30 INFO SparkContext: Successfully stopped SparkContext
[2026-07-25T18:10:30.614+0000] {subprocess.py:93} INFO - 26/07/25 18:10:30 INFO ShutdownHookManager: Shutdown hook called
[2026-07-25T18:10:30.615+0000] {subprocess.py:93} INFO - 26/07/25 18:10:30 INFO ShutdownHookManager: Deleting directory /tmp/spark-65a74f45-b608-48d6-ba18-9f4e158188d4/pyspark-f47cbe30-1352-4e8d-9f7c-efebdaf0f459
[2026-07-25T18:10:30.739+0000] {subprocess.py:93} INFO - 26/07/25 18:10:30 INFO ShutdownHookManager: Deleting directory /tmp/spark-65a74f45-b608-48d6-ba18-9f4e158188d4
[2026-07-25T18:10:30.832+0000] {subprocess.py:93} INFO - 26/07/25 18:10:30 INFO ShutdownHookManager: Deleting directory /tmp/spark-33f9f340-768f-4e3a-a5ef-f8af945bd757
[2026-07-25T18:10:31.557+0000] {subprocess.py:97} INFO - Command exited with return code 1
[2026-07-25T18:10:31.641+0000] {taskinstance.py:3301} ERROR - Task failed with exception
Traceback (most recent call last):
  File "/home/airflow/.local/lib/python3.12/site-packages/airflow/models/taskinstance.py", line 767, in _execute_task
    result = _execute_callable(context=context, **execute_callable_kwargs)
             ^^^^^^^^^^^^^^^^^^^^^^^^^^^^^^^^^^^^^^^^^^^^^^^^^^^^^^^^^^^^^
  File "/home/airflow/.local/lib/python3.12/site-packages/airflow/models/taskinstance.py", line 733, in _execute_callable
    return ExecutionCallableRunner(
           ^^^^^^^^^^^^^^^^^^^^^^^^
  File "/home/airflow/.local/lib/python3.12/site-packages/airflow/utils/operator_helpers.py", line 252, in run
    return self.func(*args, **kwargs)
           ^^^^^^^^^^^^^^^^^^^^^^^^^^
  File "/home/airflow/.local/lib/python3.12/site-packages/airflow/models/baseoperator.py", line 406, in wrapper
    return func(self, *args, **kwargs)
           ^^^^^^^^^^^^^^^^^^^^^^^^^^^
  File "/home/airflow/.local/lib/python3.12/site-packages/airflow/operators/bash.py", line 249, in execute
    raise AirflowException(
airflow.exceptions.AirflowException: Bash command failed. The command returned a non-zero exit code 1.
[2026-07-25T18:10:31.725+0000] {taskinstance.py:1225} INFO - Marking task as UP_FOR_RETRY. dag_id=flex_eau_pipeline, task_id=dim_compteur, run_id=scheduled__2026-07-24T00:00:00+00:00, execution_date=20260724T000000, start_date=20260725T180950, end_date=20260725T181031
[2026-07-25T18:10:31.870+0000] {taskinstance.py:340} INFO - ::group::Post task execution logs
[2026-07-25T18:10:31.872+0000] {standard_task_runner.py:124} ERROR - Failed to execute job 8 for task dim_compteur (Bash command failed. The command returned a non-zero exit code 1.; 534)
Traceback (most recent call last):
  File "/home/airflow/.local/lib/python3.12/site-packages/airflow/task/task_runner/standard_task_runner.py", line 117, in _start_by_fork
    ret = args.func(args, dag=self.dag)
          ^^^^^^^^^^^^^^^^^^^^^^^^^^^^^
  File "/home/airflow/.local/lib/python3.12/site-packages/airflow/cli/cli_config.py", line 49, in command
    return func(*args, **kwargs)
           ^^^^^^^^^^^^^^^^^^^^^
  File "/home/airflow/.local/lib/python3.12/site-packages/airflow/utils/cli.py", line 115, in wrapper
    return f(*args, **kwargs)
           ^^^^^^^^^^^^^^^^^^
  File "/home/airflow/.local/lib/python3.12/site-packages/airflow/cli/commands/task_command.py", line 483, in task_run
    task_return_code = _run_task_by_selected_method(args, _dag, ti)
                       ^^^^^^^^^^^^^^^^^^^^^^^^^^^^^^^^^^^^^^^^^^^^
  File "/home/airflow/.local/lib/python3.12/site-packages/airflow/cli/commands/task_command.py", line 256, in _run_task_by_selected_method
    return _run_raw_task(args, ti)
           ^^^^^^^^^^^^^^^^^^^^^^^
  File "/home/airflow/.local/lib/python3.12/site-packages/airflow/cli/commands/task_command.py", line 341, in _run_raw_task
    return ti._run_raw_task(
           ^^^^^^^^^^^^^^^^^
  File "/home/airflow/.local/lib/python3.12/site-packages/airflow/utils/session.py", line 97, in wrapper
    return func(*args, session=session, **kwargs)
           ^^^^^^^^^^^^^^^^^^^^^^^^^^^^^^^^^^^^^^
  File "/home/airflow/.local/lib/python3.12/site-packages/airflow/models/taskinstance.py", line 2995, in _run_raw_task
    return _run_raw_task(
           ^^^^^^^^^^^^^^
  File "/home/airflow/.local/lib/python3.12/site-packages/airflow/models/taskinstance.py", line 273, in _run_raw_task
    TaskInstance._execute_task_with_callbacks(
  File "/home/airflow/.local/lib/python3.12/site-packages/airflow/models/taskinstance.py", line 3149, in _execute_task_with_callbacks
    result = self._execute_task(context, task_orig)
             ^^^^^^^^^^^^^^^^^^^^^^^^^^^^^^^^^^^^^^
  File "/home/airflow/.local/lib/python3.12/site-packages/airflow/models/taskinstance.py", line 3173, in _execute_task
    return _execute_task(self, context, task_orig)
           ^^^^^^^^^^^^^^^^^^^^^^^^^^^^^^^^^^^^^^^
  File "/home/airflow/.local/lib/python3.12/site-packages/airflow/models/taskinstance.py", line 767, in _execute_task
    result = _execute_callable(context=context, **execute_callable_kwargs)
             ^^^^^^^^^^^^^^^^^^^^^^^^^^^^^^^^^^^^^^^^^^^^^^^^^^^^^^^^^^^^^
  File "/home/airflow/.local/lib/python3.12/site-packages/airflow/models/taskinstance.py", line 733, in _execute_callable
    return ExecutionCallableRunner(
           ^^^^^^^^^^^^^^^^^^^^^^^^
  File "/home/airflow/.local/lib/python3.12/site-packages/airflow/utils/operator_helpers.py", line 252, in run
    return self.func(*args, **kwargs)
           ^^^^^^^^^^^^^^^^^^^^^^^^^^
  File "/home/airflow/.local/lib/python3.12/site-packages/airflow/models/baseoperator.py", line 406, in wrapper
    return func(self, *args, **kwargs)
           ^^^^^^^^^^^^^^^^^^^^^^^^^^^
  File "/home/airflow/.local/lib/python3.12/site-packages/airflow/operators/bash.py", line 249, in execute
    raise AirflowException(
airflow.exceptions.AirflowException: Bash command failed. The command returned a non-zero exit code 1.
[2026-07-25T18:10:32.016+0000] {local_task_job_runner.py:261} INFO - Task exited with return code 1
[2026-07-25T18:10:32.101+0000] {local_task_job_runner.py:240} INFO - ::endgroup::
[2026-07-25T19:50:17.895+0000] {local_task_job_runner.py:123} INFO - ::group::Pre task execution logs
[2026-07-25T19:50:17.971+0000] {taskinstance.py:2603} INFO - Dependencies all met for dep_context=non-requeueable deps ti=<TaskInstance: flex_eau_pipeline.dim_compteur scheduled__2026-07-24T00:00:00+00:00 [queued]>
[2026-07-25T19:50:17.989+0000] {taskinstance.py:2603} INFO - Dependencies all met for dep_context=requeueable deps ti=<TaskInstance: flex_eau_pipeline.dim_compteur scheduled__2026-07-24T00:00:00+00:00 [queued]>
[2026-07-25T19:50:17.990+0000] {taskinstance.py:2856} INFO - Starting attempt 1 of 2
[2026-07-25T19:50:18.032+0000] {taskinstance.py:2879} INFO - Executing <Task(BashOperator): dim_compteur> on 2026-07-24 00:00:00+00:00
[2026-07-25T19:50:18.060+0000] {standard_task_runner.py:72} INFO - Started process 282 to run task
[2026-07-25T19:50:18.221+0000] {standard_task_runner.py:104} INFO - Running: ['***', 'tasks', 'run', 'flex_eau_pipeline', 'dim_compteur', 'scheduled__2026-07-24T00:00:00+00:00', '--job-id', '10', '--raw', '--subdir', 'DAGS_FOLDER/flex_eau_pipeline.py', '--cfg-path', '/tmp/tmpb2zm29xq']
[2026-07-25T19:50:18.260+0000] {standard_task_runner.py:105} INFO - Job 10: Subtask dim_compteur
[2026-07-25T19:50:18.798+0000] {task_command.py:467} INFO - Running <TaskInstance: flex_eau_pipeline.dim_compteur scheduled__2026-07-24T00:00:00+00:00 [running]> on host 8e34fafe5529
[2026-07-25T19:50:19.304+0000] {taskinstance.py:3122} INFO - Exporting env vars: AIRFLOW_CTX_DAG_OWNER='flex-eau' AIRFLOW_CTX_DAG_ID='flex_eau_pipeline' AIRFLOW_CTX_TASK_ID='dim_compteur' AIRFLOW_CTX_EXECUTION_DATE='2026-07-24T00:00:00+00:00' AIRFLOW_CTX_TRY_NUMBER='1' AIRFLOW_CTX_DAG_RUN_ID='scheduled__2026-07-24T00:00:00+00:00'
[2026-07-25T19:50:19.306+0000] {taskinstance.py:731} INFO - ::endgroup::
[2026-07-25T19:50:19.377+0000] {subprocess.py:63} INFO - Tmp dir root location: /tmp
[2026-07-25T19:50:19.379+0000] {subprocess.py:75} INFO - Running command: ['/usr/bin/bash', '-c', 'python spark_jobs/dimensions/dim_compteur.py']
[2026-07-25T19:50:19.424+0000] {subprocess.py:86} INFO - Output:
[2026-07-25T19:50:33.001+0000] {subprocess.py:93} INFO - 26/07/25 19:50:32 WARN NativeCodeLoader: Unable to load native-hadoop library for your platform... using builtin-java classes where applicable
[2026-07-25T19:50:34.378+0000] {subprocess.py:93} INFO - 26/07/25 19:50:34 WARN DependencyUtils: Local jar /opt/jars/postgresql-42.7.8.jar does not exist, skipping.
[2026-07-25T19:50:34.877+0000] {subprocess.py:93} INFO - 26/07/25 19:50:34 INFO SparkContext: Running Spark version 3.5.1
[2026-07-25T19:50:34.880+0000] {subprocess.py:93} INFO - 26/07/25 19:50:34 INFO SparkContext: OS info Linux, 6.6.87.2-microsoft-standard-WSL2, amd64
[2026-07-25T19:50:34.882+0000] {subprocess.py:93} INFO - 26/07/25 19:50:34 INFO SparkContext: Java version 17.0.19
[2026-07-25T19:50:35.108+0000] {subprocess.py:93} INFO - 26/07/25 19:50:35 INFO ResourceUtils: ==============================================================
[2026-07-25T19:50:35.115+0000] {subprocess.py:93} INFO - 26/07/25 19:50:35 INFO ResourceUtils: No custom resources configured for spark.driver.
[2026-07-25T19:50:35.116+0000] {subprocess.py:93} INFO - 26/07/25 19:50:35 INFO ResourceUtils: ==============================================================
[2026-07-25T19:50:35.117+0000] {subprocess.py:93} INFO - 26/07/25 19:50:35 INFO SparkContext: Submitted application: DIM_COMPTEUR
[2026-07-25T19:50:35.218+0000] {subprocess.py:93} INFO - 26/07/25 19:50:35 INFO ResourceProfile: Default ResourceProfile created, executor resources: Map(memory -> name: memory, amount: 1024, script: , vendor: , offHeap -> name: offHeap, amount: 0, script: , vendor: ), task resources: Map(cpus -> name: cpus, amount: 1.0)
[2026-07-25T19:50:35.254+0000] {subprocess.py:93} INFO - 26/07/25 19:50:35 INFO ResourceProfile: Limiting resource is cpu
[2026-07-25T19:50:35.258+0000] {subprocess.py:93} INFO - 26/07/25 19:50:35 INFO ResourceProfileManager: Added ResourceProfile id: 0
[2026-07-25T19:50:35.518+0000] {subprocess.py:93} INFO - 26/07/25 19:50:35 INFO SecurityManager: Changing view acls to: ***
[2026-07-25T19:50:35.520+0000] {subprocess.py:93} INFO - 26/07/25 19:50:35 INFO SecurityManager: Changing modify acls to: ***
[2026-07-25T19:50:35.527+0000] {subprocess.py:93} INFO - 26/07/25 19:50:35 INFO SecurityManager: Changing view acls groups to:
[2026-07-25T19:50:35.529+0000] {subprocess.py:93} INFO - 26/07/25 19:50:35 INFO SecurityManager: Changing modify acls groups to:
[2026-07-25T19:50:35.529+0000] {subprocess.py:93} INFO - 26/07/25 19:50:35 INFO SecurityManager: SecurityManager: authentication disabled; ui acls disabled; users with view permissions: ***; groups with view permissions: EMPTY; users with modify permissions: ***; groups with modify permissions: EMPTY
[2026-07-25T19:50:37.055+0000] {subprocess.py:93} INFO - 26/07/25 19:50:37 INFO Utils: Successfully started service 'sparkDriver' on port 34927.
[2026-07-25T19:50:37.249+0000] {subprocess.py:93} INFO - 26/07/25 19:50:37 INFO SparkEnv: Registering MapOutputTracker
[2026-07-25T19:50:37.528+0000] {subprocess.py:93} INFO - 26/07/25 19:50:37 INFO SparkEnv: Registering BlockManagerMaster
[2026-07-25T19:50:37.633+0000] {subprocess.py:93} INFO - 26/07/25 19:50:37 INFO BlockManagerMasterEndpoint: Using org.apache.spark.storage.DefaultTopologyMapper for getting topology information
[2026-07-25T19:50:37.640+0000] {subprocess.py:93} INFO - 26/07/25 19:50:37 INFO BlockManagerMasterEndpoint: BlockManagerMasterEndpoint up
[2026-07-25T19:50:37.656+0000] {subprocess.py:93} INFO - 26/07/25 19:50:37 INFO SparkEnv: Registering BlockManagerMasterHeartbeat
[2026-07-25T19:50:37.986+0000] {subprocess.py:93} INFO - 26/07/25 19:50:37 INFO DiskBlockManager: Created local directory at /tmp/blockmgr-31b39733-e519-428d-9e07-df59758f2846
[2026-07-25T19:50:38.112+0000] {subprocess.py:93} INFO - 26/07/25 19:50:38 INFO MemoryStore: MemoryStore started with capacity 434.4 MiB
[2026-07-25T19:50:38.231+0000] {subprocess.py:93} INFO - 26/07/25 19:50:38 INFO SparkEnv: Registering OutputCommitCoordinator
[2026-07-25T19:50:39.182+0000] {subprocess.py:93} INFO - 26/07/25 19:50:39 INFO JettyUtils: Start Jetty 0.0.0.0:4040 for SparkUI
[2026-07-25T19:50:39.694+0000] {subprocess.py:93} INFO - 26/07/25 19:50:39 WARN Utils: Service 'SparkUI' could not bind on port 4040. Attempting port 4041.
[2026-07-25T19:50:39.717+0000] {subprocess.py:93} INFO - 26/07/25 19:50:39 WARN Utils: Service 'SparkUI' could not bind on port 4041. Attempting port 4042.
[2026-07-25T19:50:39.847+0000] {subprocess.py:93} INFO - 26/07/25 19:50:39 INFO Utils: Successfully started service 'SparkUI' on port 4042.
[2026-07-25T19:50:40.176+0000] {subprocess.py:93} INFO - 26/07/25 19:50:40 ERROR SparkContext: Failed to add /opt/jars/postgresql-42.7.8.jar to Spark environment
[2026-07-25T19:50:40.181+0000] {subprocess.py:93} INFO - java.io.FileNotFoundException: Jar /opt/jars/postgresql-42.7.8.jar not found
[2026-07-25T19:50:40.184+0000] {subprocess.py:93} INFO - 	at org.apache.spark.SparkContext.addLocalJarFile$1(SparkContext.scala:2100)
[2026-07-25T19:50:40.187+0000] {subprocess.py:93} INFO - 	at org.apache.spark.SparkContext.addJar(SparkContext.scala:2156)
[2026-07-25T19:50:40.196+0000] {subprocess.py:93} INFO - 	at org.apache.spark.SparkContext.$anonfun$new$15(SparkContext.scala:526)
[2026-07-25T19:50:40.202+0000] {subprocess.py:93} INFO - 	at org.apache.spark.SparkContext.$anonfun$new$15$adapted(SparkContext.scala:526)
[2026-07-25T19:50:40.208+0000] {subprocess.py:93} INFO - 	at scala.collection.mutable.ResizableArray.foreach(ResizableArray.scala:62)
[2026-07-25T19:50:40.210+0000] {subprocess.py:93} INFO - 	at scala.collection.mutable.ResizableArray.foreach$(ResizableArray.scala:55)
[2026-07-25T19:50:40.222+0000] {subprocess.py:93} INFO - 	at scala.collection.mutable.ArrayBuffer.foreach(ArrayBuffer.scala:49)
[2026-07-25T19:50:40.223+0000] {subprocess.py:93} INFO - 	at org.apache.spark.SparkContext.<init>(SparkContext.scala:526)
[2026-07-25T19:50:40.224+0000] {subprocess.py:93} INFO - 	at org.apache.spark.api.java.JavaSparkContext.<init>(JavaSparkContext.scala:58)
[2026-07-25T19:50:40.226+0000] {subprocess.py:93} INFO - 	at java.base/jdk.internal.reflect.NativeConstructorAccessorImpl.newInstance0(Native Method)
[2026-07-25T19:50:40.227+0000] {subprocess.py:93} INFO - 	at java.base/jdk.internal.reflect.NativeConstructorAccessorImpl.newInstance(NativeConstructorAccessorImpl.java:77)
[2026-07-25T19:50:40.228+0000] {subprocess.py:93} INFO - 	at java.base/jdk.internal.reflect.DelegatingConstructorAccessorImpl.newInstance(DelegatingConstructorAccessorImpl.java:45)
[2026-07-25T19:50:40.229+0000] {subprocess.py:93} INFO - 	at java.base/java.lang.reflect.Constructor.newInstanceWithCaller(Constructor.java:500)
[2026-07-25T19:50:40.231+0000] {subprocess.py:93} INFO - 	at java.base/java.lang.reflect.Constructor.newInstance(Constructor.java:481)
[2026-07-25T19:50:40.233+0000] {subprocess.py:93} INFO - 	at py4j.reflection.MethodInvoker.invoke(MethodInvoker.java:247)
[2026-07-25T19:50:40.238+0000] {subprocess.py:93} INFO - 	at py4j.reflection.ReflectionEngine.invoke(ReflectionEngine.java:374)
[2026-07-25T19:50:40.240+0000] {subprocess.py:93} INFO - 	at py4j.Gateway.invoke(Gateway.java:238)
[2026-07-25T19:50:40.244+0000] {subprocess.py:93} INFO - 	at py4j.commands.ConstructorCommand.invokeConstructor(ConstructorCommand.java:80)
[2026-07-25T19:50:40.246+0000] {subprocess.py:93} INFO - 	at py4j.commands.ConstructorCommand.execute(ConstructorCommand.java:69)
[2026-07-25T19:50:40.246+0000] {subprocess.py:93} INFO - 	at py4j.ClientServerConnection.waitForCommands(ClientServerConnection.java:182)
[2026-07-25T19:50:40.249+0000] {subprocess.py:93} INFO - 	at py4j.ClientServerConnection.run(ClientServerConnection.java:106)
[2026-07-25T19:50:40.251+0000] {subprocess.py:93} INFO - 	at java.base/java.lang.Thread.run(Thread.java:840)
[2026-07-25T19:50:41.033+0000] {subprocess.py:93} INFO - 26/07/25 19:50:41 INFO StandaloneAppClient$ClientEndpoint: Connecting to master spark://spark-master:7077...
[2026-07-25T19:50:41.378+0000] {subprocess.py:93} INFO - 26/07/25 19:50:41 INFO TransportClientFactory: Successfully created connection to spark-master/172.22.0.5:7077 after 131 ms (0 ms spent in bootstraps)
[2026-07-25T19:50:42.584+0000] {subprocess.py:93} INFO - 26/07/25 19:50:42 INFO StandaloneSchedulerBackend: Connected to Spark cluster with app ID app-20260725195042-0000
[2026-07-25T19:50:42.654+0000] {subprocess.py:93} INFO - 26/07/25 19:50:42 INFO Utils: Successfully started service 'org.apache.spark.network.netty.NettyBlockTransferService' on port 45393.
[2026-07-25T19:50:42.655+0000] {subprocess.py:93} INFO - 26/07/25 19:50:42 INFO NettyBlockTransferService: Server created on 8e34fafe5529:45393
[2026-07-25T19:50:42.664+0000] {subprocess.py:93} INFO - 26/07/25 19:50:42 INFO BlockManager: Using org.apache.spark.storage.RandomBlockReplicationPolicy for block replication policy
[2026-07-25T19:50:42.696+0000] {subprocess.py:93} INFO - 26/07/25 19:50:42 INFO BlockManagerMaster: Registering BlockManager BlockManagerId(driver, 8e34fafe5529, 45393, None)
[2026-07-25T19:50:42.706+0000] {subprocess.py:93} INFO - 26/07/25 19:50:42 INFO BlockManagerMasterEndpoint: Registering block manager 8e34fafe5529:45393 with 434.4 MiB RAM, BlockManagerId(driver, 8e34fafe5529, 45393, None)
[2026-07-25T19:50:42.709+0000] {subprocess.py:93} INFO - 26/07/25 19:50:42 INFO BlockManagerMaster: Registered BlockManager BlockManagerId(driver, 8e34fafe5529, 45393, None)
[2026-07-25T19:50:42.713+0000] {subprocess.py:93} INFO - 26/07/25 19:50:42 INFO BlockManager: Initialized BlockManager: BlockManagerId(driver, 8e34fafe5529, 45393, None)
[2026-07-25T19:50:42.801+0000] {subprocess.py:93} INFO - 26/07/25 19:50:42 INFO StandaloneAppClient$ClientEndpoint: Executor added: app-20260725195042-0000/0 on worker-20260725194459-172.22.0.8-43525 (172.22.0.8:43525) with 8 core(s)
[2026-07-25T19:50:42.813+0000] {subprocess.py:93} INFO - 26/07/25 19:50:42 INFO StandaloneSchedulerBackend: Granted executor ID app-20260725195042-0000/0 on hostPort 172.22.0.8:43525 with 8 core(s), 1024.0 MiB RAM
[2026-07-25T19:50:43.650+0000] {subprocess.py:93} INFO - 26/07/25 19:50:43 INFO StandaloneAppClient$ClientEndpoint: Executor updated: app-20260725195042-0000/0 is now RUNNING
[2026-07-25T19:50:44.409+0000] {subprocess.py:93} INFO - 26/07/25 19:50:44 INFO StandaloneSchedulerBackend: SchedulerBackend is ready for scheduling beginning after reached minRegisteredResourcesRatio: 0.0
[2026-07-25T19:50:45.797+0000] {subprocess.py:93} INFO - 26/07/25 19:50:45 INFO SharedState: Setting hive.metastore.warehouse.dir ('null') to the value of spark.sql.warehouse.dir.
[2026-07-25T19:50:45.812+0000] {subprocess.py:93} INFO - 26/07/25 19:50:45 INFO SharedState: Warehouse path is 'file:/opt/project/spark-warehouse'.
[2026-07-25T19:50:52.031+0000] {subprocess.py:93} INFO - Traceback (most recent call last):
[2026-07-25T19:50:52.047+0000] {subprocess.py:93} INFO -   File "spark_jobs/dimensions/dim_compteur.py", line 19, in <module>
[2026-07-25T19:50:52.050+0000] {subprocess.py:93} INFO -     compteurs = spark.read.jdbc(
[2026-07-25T19:50:52.070+0000] {subprocess.py:93} INFO -   File "/home/***/.local/lib/python3.8/site-packages/pyspark/sql/readwriter.py", line 946, in jdbc
[2026-07-25T19:50:52.077+0000] {subprocess.py:93} INFO -     return self._df(self._jreader.jdbc(url, table, jprop))
[2026-07-25T19:50:52.078+0000] {subprocess.py:93} INFO -   File "/home/***/.local/lib/python3.8/site-packages/py4j/java_gateway.py", line 1322, in __call__
[2026-07-25T19:50:52.079+0000] {subprocess.py:93} INFO -     return_value = get_return_value(
[2026-07-25T19:50:52.081+0000] {subprocess.py:93} INFO -   File "/home/***/.local/lib/python3.8/site-packages/pyspark/errors/exceptions/captured.py", line 179, in deco
[2026-07-25T19:50:52.082+0000] {subprocess.py:93} INFO -     return f(*a, **kw)
[2026-07-25T19:50:52.083+0000] {subprocess.py:93} INFO -   File "/home/***/.local/lib/python3.8/site-packages/py4j/protocol.py", line 326, in get_return_value
[2026-07-25T19:50:52.085+0000] {subprocess.py:93} INFO -     raise Py4JJavaError(
[2026-07-25T19:50:52.086+0000] {subprocess.py:93} INFO - py4j.protocol.Py4JJavaError: An error occurred while calling o29.jdbc.
[2026-07-25T19:50:52.086+0000] {subprocess.py:93} INFO - : java.lang.ClassNotFoundException: org.postgresql.Driver
[2026-07-25T19:50:52.102+0000] {subprocess.py:93} INFO - 	at java.base/java.net.URLClassLoader.findClass(URLClassLoader.java:445)
[2026-07-25T19:50:52.122+0000] {subprocess.py:93} INFO - 	at java.base/java.lang.ClassLoader.loadClass(ClassLoader.java:592)
[2026-07-25T19:50:52.126+0000] {subprocess.py:93} INFO - 	at java.base/java.lang.ClassLoader.loadClass(ClassLoader.java:525)
[2026-07-25T19:50:52.134+0000] {subprocess.py:93} INFO - 	at org.apache.spark.sql.execution.datasources.jdbc.DriverRegistry$.register(DriverRegistry.scala:46)
[2026-07-25T19:50:52.135+0000] {subprocess.py:93} INFO - 	at org.apache.spark.sql.execution.datasources.jdbc.JDBCOptions.$anonfun$driverClass$1(JDBCOptions.scala:103)
[2026-07-25T19:50:52.136+0000] {subprocess.py:93} INFO - 	at org.apache.spark.sql.execution.datasources.jdbc.JDBCOptions.$anonfun$driverClass$1$adapted(JDBCOptions.scala:103)
[2026-07-25T19:50:52.138+0000] {subprocess.py:93} INFO - 	at scala.Option.foreach(Option.scala:407)
[2026-07-25T19:50:52.150+0000] {subprocess.py:93} INFO - 	at org.apache.spark.sql.execution.datasources.jdbc.JDBCOptions.<init>(JDBCOptions.scala:103)
[2026-07-25T19:50:52.152+0000] {subprocess.py:93} INFO - 	at org.apache.spark.sql.execution.datasources.jdbc.JDBCOptions.<init>(JDBCOptions.scala:41)
[2026-07-25T19:50:52.153+0000] {subprocess.py:93} INFO - 	at org.apache.spark.sql.execution.datasources.jdbc.JdbcRelationProvider.createRelation(JdbcRelationProvider.scala:34)
[2026-07-25T19:50:52.166+0000] {subprocess.py:93} INFO - 	at org.apache.spark.sql.execution.datasources.DataSource.resolveRelation(DataSource.scala:346)
[2026-07-25T19:50:52.178+0000] {subprocess.py:93} INFO - 	at org.apache.spark.sql.DataFrameReader.loadV1Source(DataFrameReader.scala:229)
[2026-07-25T19:50:52.182+0000] {subprocess.py:93} INFO - 	at org.apache.spark.sql.DataFrameReader.$anonfun$load$2(DataFrameReader.scala:211)
[2026-07-25T19:50:52.184+0000] {subprocess.py:93} INFO - 	at scala.Option.getOrElse(Option.scala:189)
[2026-07-25T19:50:52.186+0000] {subprocess.py:93} INFO - 	at org.apache.spark.sql.DataFrameReader.load(DataFrameReader.scala:211)
[2026-07-25T19:50:52.193+0000] {subprocess.py:93} INFO - 	at org.apache.spark.sql.DataFrameReader.load(DataFrameReader.scala:172)
[2026-07-25T19:50:52.195+0000] {subprocess.py:93} INFO - 	at org.apache.spark.sql.DataFrameReader.jdbc(DataFrameReader.scala:249)
[2026-07-25T19:50:52.211+0000] {subprocess.py:93} INFO - 	at java.base/jdk.internal.reflect.NativeMethodAccessorImpl.invoke0(Native Method)
[2026-07-25T19:50:52.212+0000] {subprocess.py:93} INFO - 	at java.base/jdk.internal.reflect.NativeMethodAccessorImpl.invoke(NativeMethodAccessorImpl.java:77)
[2026-07-25T19:50:52.219+0000] {subprocess.py:93} INFO - 	at java.base/jdk.internal.reflect.DelegatingMethodAccessorImpl.invoke(DelegatingMethodAccessorImpl.java:43)
[2026-07-25T19:50:52.220+0000] {subprocess.py:93} INFO - 	at java.base/java.lang.reflect.Method.invoke(Method.java:569)
[2026-07-25T19:50:52.226+0000] {subprocess.py:93} INFO - 	at py4j.reflection.MethodInvoker.invoke(MethodInvoker.java:244)
[2026-07-25T19:50:52.228+0000] {subprocess.py:93} INFO - 	at py4j.reflection.ReflectionEngine.invoke(ReflectionEngine.java:374)
[2026-07-25T19:50:52.240+0000] {subprocess.py:93} INFO - 	at py4j.Gateway.invoke(Gateway.java:282)
[2026-07-25T19:50:52.271+0000] {subprocess.py:93} INFO - 	at py4j.commands.AbstractCommand.invokeMethod(AbstractCommand.java:132)
[2026-07-25T19:50:52.278+0000] {subprocess.py:93} INFO - 	at py4j.commands.CallCommand.execute(CallCommand.java:79)
[2026-07-25T19:50:52.282+0000] {subprocess.py:93} INFO - 	at py4j.ClientServerConnection.waitForCommands(ClientServerConnection.java:182)
[2026-07-25T19:50:52.291+0000] {subprocess.py:93} INFO - 	at py4j.ClientServerConnection.run(ClientServerConnection.java:106)
[2026-07-25T19:50:52.294+0000] {subprocess.py:93} INFO - 	at java.base/java.lang.Thread.run(Thread.java:840)
[2026-07-25T19:50:52.302+0000] {subprocess.py:93} INFO - 
[2026-07-25T19:50:52.485+0000] {subprocess.py:93} INFO - 26/07/25 19:50:52 INFO SparkContext: Invoking stop() from shutdown hook
[2026-07-25T19:50:52.498+0000] {subprocess.py:93} INFO - 26/07/25 19:50:52 INFO SparkContext: SparkContext is stopping with exitCode 0.
[2026-07-25T19:50:52.578+0000] {subprocess.py:93} INFO - 26/07/25 19:50:52 INFO SparkUI: Stopped Spark web UI at http://8e34fafe5529:4042
[2026-07-25T19:50:52.604+0000] {subprocess.py:93} INFO - 26/07/25 19:50:52 INFO StandaloneSchedulerBackend: Shutting down all executors
[2026-07-25T19:50:52.625+0000] {subprocess.py:93} INFO - 26/07/25 19:50:52 INFO StandaloneSchedulerBackend$StandaloneDriverEndpoint: Asking each executor to shut down
[2026-07-25T19:50:52.729+0000] {subprocess.py:93} INFO - 26/07/25 19:50:52 INFO MapOutputTrackerMasterEndpoint: MapOutputTrackerMasterEndpoint stopped!
[2026-07-25T19:50:52.896+0000] {subprocess.py:93} INFO - 26/07/25 19:50:52 INFO MemoryStore: MemoryStore cleared
[2026-07-25T19:50:52.902+0000] {subprocess.py:93} INFO - 26/07/25 19:50:52 INFO BlockManager: BlockManager stopped
[2026-07-25T19:50:52.924+0000] {subprocess.py:93} INFO - 26/07/25 19:50:52 INFO BlockManagerMaster: BlockManagerMaster stopped
[2026-07-25T19:50:52.954+0000] {subprocess.py:93} INFO - 26/07/25 19:50:52 INFO OutputCommitCoordinator$OutputCommitCoordinatorEndpoint: OutputCommitCoordinator stopped!
[2026-07-25T19:50:53.040+0000] {subprocess.py:93} INFO - 26/07/25 19:50:53 INFO SparkContext: Successfully stopped SparkContext
[2026-07-25T19:50:53.043+0000] {subprocess.py:93} INFO - 26/07/25 19:50:53 INFO ShutdownHookManager: Shutdown hook called
[2026-07-25T19:50:53.053+0000] {subprocess.py:93} INFO - 26/07/25 19:50:53 INFO ShutdownHookManager: Deleting directory /tmp/spark-e8de34b0-8dfa-4e9d-9f44-b50f7db9a7f4
[2026-07-25T19:50:53.078+0000] {subprocess.py:93} INFO - 26/07/25 19:50:53 INFO ShutdownHookManager: Deleting directory /tmp/spark-57630b3a-7de3-47ce-8f42-17ee92ffae0c/pyspark-d6c67cf8-925f-4dfd-949b-fc8f438135fd
[2026-07-25T19:50:53.110+0000] {subprocess.py:93} INFO - 26/07/25 19:50:53 INFO ShutdownHookManager: Deleting directory /tmp/spark-57630b3a-7de3-47ce-8f42-17ee92ffae0c
[2026-07-25T19:50:53.777+0000] {subprocess.py:97} INFO - Command exited with return code 1
[2026-07-25T19:50:53.840+0000] {taskinstance.py:3301} ERROR - Task failed with exception
Traceback (most recent call last):
  File "/home/airflow/.local/lib/python3.8/site-packages/airflow/models/taskinstance.py", line 767, in _execute_task
    result = _execute_callable(context=context, **execute_callable_kwargs)
  File "/home/airflow/.local/lib/python3.8/site-packages/airflow/models/taskinstance.py", line 733, in _execute_callable
    return ExecutionCallableRunner(
  File "/home/airflow/.local/lib/python3.8/site-packages/airflow/utils/operator_helpers.py", line 252, in run
    return self.func(*args, **kwargs)
  File "/home/airflow/.local/lib/python3.8/site-packages/airflow/models/baseoperator.py", line 406, in wrapper
    return func(self, *args, **kwargs)
  File "/home/airflow/.local/lib/python3.8/site-packages/airflow/operators/bash.py", line 249, in execute
    raise AirflowException(
airflow.exceptions.AirflowException: Bash command failed. The command returned a non-zero exit code 1.
[2026-07-25T19:50:53.945+0000] {taskinstance.py:1225} INFO - Marking task as UP_FOR_RETRY. dag_id=flex_eau_pipeline, task_id=dim_compteur, run_id=scheduled__2026-07-24T00:00:00+00:00, execution_date=20260724T000000, start_date=20260725T195017, end_date=20260725T195053
[2026-07-25T19:50:54.076+0000] {taskinstance.py:340} INFO - ::group::Post task execution logs
[2026-07-25T19:50:54.078+0000] {standard_task_runner.py:124} ERROR - Failed to execute job 10 for task dim_compteur (Bash command failed. The command returned a non-zero exit code 1.; 282)
Traceback (most recent call last):
  File "/home/airflow/.local/lib/python3.8/site-packages/airflow/task/task_runner/standard_task_runner.py", line 117, in _start_by_fork
    ret = args.func(args, dag=self.dag)
  File "/home/airflow/.local/lib/python3.8/site-packages/airflow/cli/cli_config.py", line 49, in command
    return func(*args, **kwargs)
  File "/home/airflow/.local/lib/python3.8/site-packages/airflow/utils/cli.py", line 115, in wrapper
    return f(*args, **kwargs)
  File "/home/airflow/.local/lib/python3.8/site-packages/airflow/cli/commands/task_command.py", line 483, in task_run
    task_return_code = _run_task_by_selected_method(args, _dag, ti)
  File "/home/airflow/.local/lib/python3.8/site-packages/airflow/cli/commands/task_command.py", line 256, in _run_task_by_selected_method
    return _run_raw_task(args, ti)
  File "/home/airflow/.local/lib/python3.8/site-packages/airflow/cli/commands/task_command.py", line 341, in _run_raw_task
    return ti._run_raw_task(
  File "/home/airflow/.local/lib/python3.8/site-packages/airflow/utils/session.py", line 97, in wrapper
    return func(*args, session=session, **kwargs)
  File "/home/airflow/.local/lib/python3.8/site-packages/airflow/models/taskinstance.py", line 2995, in _run_raw_task
    return _run_raw_task(
  File "/home/airflow/.local/lib/python3.8/site-packages/airflow/models/taskinstance.py", line 273, in _run_raw_task
    TaskInstance._execute_task_with_callbacks(
  File "/home/airflow/.local/lib/python3.8/site-packages/airflow/models/taskinstance.py", line 3149, in _execute_task_with_callbacks
    result = self._execute_task(context, task_orig)
  File "/home/airflow/.local/lib/python3.8/site-packages/airflow/models/taskinstance.py", line 3173, in _execute_task
    return _execute_task(self, context, task_orig)
  File "/home/airflow/.local/lib/python3.8/site-packages/airflow/models/taskinstance.py", line 767, in _execute_task
    result = _execute_callable(context=context, **execute_callable_kwargs)
  File "/home/airflow/.local/lib/python3.8/site-packages/airflow/models/taskinstance.py", line 733, in _execute_callable
    return ExecutionCallableRunner(
  File "/home/airflow/.local/lib/python3.8/site-packages/airflow/utils/operator_helpers.py", line 252, in run
    return self.func(*args, **kwargs)
  File "/home/airflow/.local/lib/python3.8/site-packages/airflow/models/baseoperator.py", line 406, in wrapper
    return func(self, *args, **kwargs)
  File "/home/airflow/.local/lib/python3.8/site-packages/airflow/operators/bash.py", line 249, in execute
    raise AirflowException(
airflow.exceptions.AirflowException: Bash command failed. The command returned a non-zero exit code 1.
[2026-07-25T19:50:54.181+0000] {local_task_job_runner.py:261} INFO - Task exited with return code 1
[2026-07-25T19:50:54.347+0000] {local_task_job_runner.py:240} INFO - ::endgroup::
