[2026-08-12T00:25:38.261+0000] {local_task_job_runner.py:123} INFO - ::group::Pre task execution logs
[2026-08-12T00:25:38.362+0000] {taskinstance.py:2603} INFO - Dependencies all met for dep_context=non-requeueable deps ti=<TaskInstance: flex_eau_pipeline.dim_usage scheduled__2026-08-11T00:00:00+00:00 [queued]>
[2026-08-12T00:25:38.403+0000] {taskinstance.py:2603} INFO - Dependencies all met for dep_context=requeueable deps ti=<TaskInstance: flex_eau_pipeline.dim_usage scheduled__2026-08-11T00:00:00+00:00 [queued]>
[2026-08-12T00:25:38.411+0000] {taskinstance.py:2856} INFO - Starting attempt 1 of 2
[2026-08-12T00:25:38.464+0000] {taskinstance.py:2879} INFO - Executing <Task(BashOperator): dim_usage> on 2026-08-11 00:00:00+00:00
[2026-08-12T00:25:38.496+0000] {standard_task_runner.py:72} INFO - Started process 6886 to run task
[2026-08-12T00:25:38.520+0000] {standard_task_runner.py:104} INFO - Running: ['***', 'tasks', 'run', 'flex_eau_pipeline', 'dim_usage', 'scheduled__2026-08-11T00:00:00+00:00', '--job-id', '70', '--raw', '--subdir', 'DAGS_FOLDER/flex_eau_pipeline.py', '--cfg-path', '/tmp/tmpyj354omi']
[2026-08-12T00:25:38.537+0000] {standard_task_runner.py:105} INFO - Job 70: Subtask dim_usage
[2026-08-12T00:25:38.800+0000] {task_command.py:467} INFO - Running <TaskInstance: flex_eau_pipeline.dim_usage scheduled__2026-08-11T00:00:00+00:00 [running]> on host b97d7a013992
[2026-08-12T00:25:39.098+0000] {taskinstance.py:3122} INFO - Exporting env vars: AIRFLOW_CTX_DAG_OWNER='flex-eau' AIRFLOW_CTX_DAG_ID='flex_eau_pipeline' AIRFLOW_CTX_TASK_ID='dim_usage' AIRFLOW_CTX_EXECUTION_DATE='2026-08-11T00:00:00+00:00' AIRFLOW_CTX_TRY_NUMBER='1' AIRFLOW_CTX_DAG_RUN_ID='scheduled__2026-08-11T00:00:00+00:00'
[2026-08-12T00:25:39.105+0000] {taskinstance.py:731} INFO - ::endgroup::
[2026-08-12T00:25:39.165+0000] {subprocess.py:63} INFO - Tmp dir root location: /tmp
[2026-08-12T00:25:39.169+0000] {subprocess.py:75} INFO - Running command: ['/usr/bin/bash', '-c', 'python spark_jobs/dimensions/dim_usage.py']
[2026-08-12T00:25:39.216+0000] {subprocess.py:86} INFO - Output:
[2026-08-12T00:25:52.821+0000] {subprocess.py:93} INFO - 26/08/12 00:25:52 WARN NativeCodeLoader: Unable to load native-hadoop library for your platform... using builtin-java classes where applicable
[2026-08-12T00:25:54.648+0000] {subprocess.py:93} INFO - Setting default log level to "WARN".
[2026-08-12T00:25:54.649+0000] {subprocess.py:93} INFO - To adjust logging level use sc.setLogLevel(newLevel). For SparkR, use setLogLevel(newLevel).
[2026-08-12T00:26:00.466+0000] {subprocess.py:93} INFO - 26/08/12 00:26:00 WARN Utils: Service 'SparkUI' could not bind on port 4040. Attempting port 4041.
[2026-08-12T00:26:00.472+0000] {subprocess.py:93} INFO - 26/08/12 00:26:00 WARN Utils: Service 'SparkUI' could not bind on port 4041. Attempting port 4042.
[2026-08-12T00:26:00.482+0000] {subprocess.py:93} INFO - 26/08/12 00:26:00 WARN Utils: Service 'SparkUI' could not bind on port 4042. Attempting port 4043.
[2026-08-12T00:26:00.484+0000] {subprocess.py:93} INFO - 26/08/12 00:26:00 WARN Utils: Service 'SparkUI' could not bind on port 4043. Attempting port 4044.
[2026-08-12T00:26:00.484+0000] {subprocess.py:93} INFO - 26/08/12 00:26:00 WARN Utils: Service 'SparkUI' could not bind on port 4044. Attempting port 4045.
[2026-08-12T00:26:43.683+0000] {subprocess.py:93} INFO - [Stage 0:>                                                          (0 + 0) / 1]26/08/12 00:26:43 WARN TaskSchedulerImpl: Initial job has not accepted any resources; check your cluster UI to ensure that workers are registered and have sufficient resources
[2026-08-12T00:26:58.683+0000] {subprocess.py:93} INFO - 26/08/12 00:26:58 WARN TaskSchedulerImpl: Initial job has not accepted any resources; check your cluster UI to ensure that workers are registered and have sufficient resources
[2026-08-12T00:27:13.682+0000] {subprocess.py:93} INFO - 26/08/12 00:27:13 WARN TaskSchedulerImpl: Initial job has not accepted any resources; check your cluster UI to ensure that workers are registered and have sufficient resources
[2026-08-12T00:27:30.766+0000] {subprocess.py:93} INFO - [Stage 0:>                                                          (0 + 1) / 1]                                                                                [Stage 4:>                                                          (0 + 1) / 1]                                                                                Nombre lignes : 8
[2026-08-12T00:27:30.768+0000] {subprocess.py:93} INFO - +---------+--------+----------+-------------------------+--------+----+-------+
[2026-08-12T00:27:30.773+0000] {subprocess.py:93} INFO - |usage_key|usage_id|code_usage|type_usage               |tarif_ht|tva |surtaxe|
[2026-08-12T00:27:30.775+0000] {subprocess.py:93} INFO - +---------+--------+----------+-------------------------+--------+----+-------+
[2026-08-12T00:27:30.776+0000] {subprocess.py:93} INFO - |0        |1       |BD        |Branchement Domestique   |250.0   |0.0 |0.0    |
[2026-08-12T00:27:30.777+0000] {subprocess.py:93} INFO - |1        |2       |BF        |Borne Fontaine           |270.0   |48.6|3.25   |
[2026-08-12T00:27:30.778+0000] {subprocess.py:93} INFO - |2        |3       |AC        |Activite Commerciale     |350.0   |63.0|3.25   |
[2026-08-12T00:27:30.779+0000] {subprocess.py:93} INFO - |3        |4       |AB        |Abreuvoir                |200.0   |0.0 |0.0    |
[2026-08-12T00:27:30.780+0000] {subprocess.py:93} INFO - |4        |5       |BC        |Branchement Communautaire|250.0   |0.0 |0.0    |
[2026-08-12T00:27:30.781+0000] {subprocess.py:93} INFO - |5        |6       |MA        |Maraichage               |200.0   |0.0 |0.0    |
[2026-08-12T00:27:30.785+0000] {subprocess.py:93} INFO - |6        |7       |UC        |Usage Commercial         |350.0   |63.0|3.25   |
[2026-08-12T00:27:30.786+0000] {subprocess.py:93} INFO - |7        |8       |PT        |Potence                  |350.0   |63.0|3.25   |
[2026-08-12T00:27:30.787+0000] {subprocess.py:93} INFO - +---------+--------+----------+-------------------------+--------+----+-------+
[2026-08-12T00:27:30.788+0000] {subprocess.py:93} INFO - 
[2026-08-12T00:27:30.788+0000] {subprocess.py:93} INFO - DIM_USAGE créée avec succès
[2026-08-12T00:27:31.444+0000] {subprocess.py:97} INFO - Command exited with return code 0
[2026-08-12T00:27:31.499+0000] {taskinstance.py:340} INFO - ::group::Post task execution logs
[2026-08-12T00:27:31.500+0000] {taskinstance.py:352} INFO - Marking task as SUCCESS. dag_id=flex_eau_pipeline, task_id=dim_usage, run_id=scheduled__2026-08-11T00:00:00+00:00, execution_date=20260811T000000, start_date=20260812T002538, end_date=20260812T002731
[2026-08-12T00:27:31.557+0000] {local_task_job_runner.py:261} INFO - Task exited with return code 0
[2026-08-12T00:27:31.589+0000] {taskinstance.py:3891} INFO - 0 downstream tasks scheduled from follow-on schedule check
[2026-08-12T00:27:31.595+0000] {local_task_job_runner.py:240} INFO - ::endgroup::
