[2026-08-11T18:10:10.114+0000] {local_task_job_runner.py:123} INFO - ::group::Pre task execution logs
[2026-08-11T18:10:10.163+0000] {taskinstance.py:2603} INFO - Dependencies all met for dep_context=non-requeueable deps ti=<TaskInstance: flex_eau_pipeline.dim_compteur scheduled__2026-08-10T00:00:00+00:00 [queued]>
[2026-08-11T18:10:10.187+0000] {taskinstance.py:2603} INFO - Dependencies all met for dep_context=requeueable deps ti=<TaskInstance: flex_eau_pipeline.dim_compteur scheduled__2026-08-10T00:00:00+00:00 [queued]>
[2026-08-11T18:10:10.191+0000] {taskinstance.py:2856} INFO - Starting attempt 1 of 2
[2026-08-11T18:10:10.234+0000] {taskinstance.py:2879} INFO - Executing <Task(BashOperator): dim_compteur> on 2026-08-10 00:00:00+00:00
[2026-08-11T18:10:10.260+0000] {standard_task_runner.py:72} INFO - Started process 346 to run task
[2026-08-11T18:10:10.278+0000] {standard_task_runner.py:104} INFO - Running: ['***', 'tasks', 'run', 'flex_eau_pipeline', 'dim_compteur', 'scheduled__2026-08-10T00:00:00+00:00', '--job-id', '60', '--raw', '--subdir', 'DAGS_FOLDER/flex_eau_pipeline.py', '--cfg-path', '/tmp/tmp93unndue']
[2026-08-11T18:10:10.292+0000] {standard_task_runner.py:105} INFO - Job 60: Subtask dim_compteur
[2026-08-11T18:10:10.499+0000] {task_command.py:467} INFO - Running <TaskInstance: flex_eau_pipeline.dim_compteur scheduled__2026-08-10T00:00:00+00:00 [running]> on host b97d7a013992
[2026-08-11T18:10:10.854+0000] {taskinstance.py:3122} INFO - Exporting env vars: AIRFLOW_CTX_DAG_OWNER='flex-eau' AIRFLOW_CTX_DAG_ID='flex_eau_pipeline' AIRFLOW_CTX_TASK_ID='dim_compteur' AIRFLOW_CTX_EXECUTION_DATE='2026-08-10T00:00:00+00:00' AIRFLOW_CTX_TRY_NUMBER='1' AIRFLOW_CTX_DAG_RUN_ID='scheduled__2026-08-10T00:00:00+00:00'
[2026-08-11T18:10:10.856+0000] {taskinstance.py:731} INFO - ::endgroup::
[2026-08-11T18:10:10.897+0000] {subprocess.py:63} INFO - Tmp dir root location: /tmp
[2026-08-11T18:10:10.898+0000] {subprocess.py:75} INFO - Running command: ['/usr/bin/bash', '-c', 'python spark_jobs/dimensions/dim_compteur.py']
[2026-08-11T18:10:10.924+0000] {subprocess.py:86} INFO - Output:
[2026-08-11T18:10:35.279+0000] {subprocess.py:93} INFO - 26/08/11 18:10:35 WARN NativeCodeLoader: Unable to load native-hadoop library for your platform... using builtin-java classes where applicable
[2026-08-11T18:10:39.843+0000] {subprocess.py:93} INFO - Setting default log level to "WARN".
[2026-08-11T18:10:39.846+0000] {subprocess.py:93} INFO - To adjust logging level use sc.setLogLevel(newLevel). For SparkR, use setLogLevel(newLevel).
[2026-08-11T18:11:57.962+0000] {subprocess.py:93} INFO - [Stage 0:>                                                          (0 + 0) / 1]26/08/11 18:11:57 WARN TaskSchedulerImpl: Initial job has not accepted any resources; check your cluster UI to ensure that workers are registered and have sufficient resources
[2026-08-11T18:12:12.897+0000] {subprocess.py:93} INFO - 26/08/11 18:12:12 WARN TaskSchedulerImpl: Initial job has not accepted any resources; check your cluster UI to ensure that workers are registered and have sufficient resources
[2026-08-11T18:12:27.961+0000] {subprocess.py:93} INFO - 26/08/11 18:12:27 WARN TaskSchedulerImpl: Initial job has not accepted any resources; check your cluster UI to ensure that workers are registered and have sufficient resources
[2026-08-11T18:12:42.897+0000] {subprocess.py:93} INFO - [Stage 0:>                                                          (0 + 0) / 1]26/08/11 18:12:42 WARN TaskSchedulerImpl: Initial job has not accepted any resources; check your cluster UI to ensure that workers are registered and have sufficient resources
[2026-08-11T18:12:56.316+0000] {subprocess.py:93} INFO - [Stage 0:>                                                          (0 + 1) / 1]                                                                                DIM_COMPTEUR créée
[2026-08-11T18:12:57.365+0000] {subprocess.py:97} INFO - Command exited with return code 0
[2026-08-11T18:12:57.715+0000] {taskinstance.py:340} INFO - ::group::Post task execution logs
[2026-08-11T18:12:57.720+0000] {taskinstance.py:352} INFO - Marking task as SUCCESS. dag_id=flex_eau_pipeline, task_id=dim_compteur, run_id=scheduled__2026-08-10T00:00:00+00:00, execution_date=20260810T000000, start_date=20260811T181010, end_date=20260811T181257
[2026-08-11T18:12:57.855+0000] {local_task_job_runner.py:261} INFO - Task exited with return code 0
[2026-08-11T18:12:58.039+0000] {taskinstance.py:3891} INFO - 0 downstream tasks scheduled from follow-on schedule check
[2026-08-11T18:12:58.044+0000] {local_task_job_runner.py:240} INFO - ::endgroup::
