[2026-07-25T18:15:33.597+0000] {local_task_job_runner.py:123} INFO - ::group::Pre task execution logs
[2026-07-25T18:15:33.654+0000] {taskinstance.py:2603} INFO - Dependencies all met for dep_context=non-requeueable deps ti=<TaskInstance: flex_eau_pipeline.dim_usage scheduled__2026-07-24T00:00:00+00:00 [queued]>
[2026-07-25T18:15:33.671+0000] {taskinstance.py:2603} INFO - Dependencies all met for dep_context=requeueable deps ti=<TaskInstance: flex_eau_pipeline.dim_usage scheduled__2026-07-24T00:00:00+00:00 [queued]>
[2026-07-25T18:15:33.672+0000] {taskinstance.py:2856} INFO - Starting attempt 2 of 2
[2026-07-25T18:15:33.702+0000] {taskinstance.py:2879} INFO - Executing <Task(BashOperator): dim_usage> on 2026-07-24 00:00:00+00:00
[2026-07-25T18:15:33.726+0000] {standard_task_runner.py:104} INFO - Running: ['***', 'tasks', 'run', 'flex_eau_pipeline', 'dim_usage', 'scheduled__2026-07-24T00:00:00+00:00', '--job-id', '18', '--raw', '--subdir', 'DAGS_FOLDER/flex_eau_pipeline.py', '--cfg-path', '/tmp/tmplsnb407f']
[2026-07-25T18:15:33.734+0000] {standard_task_runner.py:105} INFO - Job 18: Subtask dim_usage
[2026-07-25T18:15:33.726+0000] {logging_mixin.py:190} WARNING - /home/***/.local/lib/python3.12/site-packages/***/task/task_runner/standard_task_runner.py:70 DeprecationWarning: This process (pid=1988) is multi-threaded, use of fork() may lead to deadlocks in the child.
[2026-07-25T18:15:33.754+0000] {standard_task_runner.py:72} INFO - Started process 1993 to run task
[2026-07-25T18:15:33.930+0000] {task_command.py:467} INFO - Running <TaskInstance: flex_eau_pipeline.dim_usage scheduled__2026-07-24T00:00:00+00:00 [running]> on host 30d391bb7be2
[2026-07-25T18:15:34.184+0000] {taskinstance.py:3122} INFO - Exporting env vars: AIRFLOW_CTX_DAG_OWNER='flex-eau' AIRFLOW_CTX_DAG_ID='flex_eau_pipeline' AIRFLOW_CTX_TASK_ID='dim_usage' AIRFLOW_CTX_EXECUTION_DATE='2026-07-24T00:00:00+00:00' AIRFLOW_CTX_TRY_NUMBER='2' AIRFLOW_CTX_DAG_RUN_ID='scheduled__2026-07-24T00:00:00+00:00'
[2026-07-25T18:15:34.186+0000] {taskinstance.py:731} INFO - ::endgroup::
[2026-07-25T18:15:34.231+0000] {subprocess.py:63} INFO - Tmp dir root location: /tmp
[2026-07-25T18:15:34.238+0000] {subprocess.py:75} INFO - Running command: ['/usr/bin/bash', '-c', 'python spark_jobs/dimensions/dim_usage.py']
[2026-07-25T18:15:34.261+0000] {subprocess.py:86} INFO - Output:
[2026-07-25T18:15:47.868+0000] {subprocess.py:93} INFO - 26/07/25 18:15:47 WARN NativeCodeLoader: Unable to load native-hadoop library for your platform... using builtin-java classes where applicable
[2026-07-25T18:15:49.497+0000] {subprocess.py:93} INFO - 26/07/25 18:15:49 WARN DependencyUtils: Local jar /opt/jars/postgresql-42.7.8.jar does not exist, skipping.
[2026-07-25T18:15:50.168+0000] {subprocess.py:93} INFO - 26/07/25 18:15:50 INFO SparkContext: Running Spark version 3.5.1
[2026-07-25T18:15:50.176+0000] {subprocess.py:93} INFO - 26/07/25 18:15:50 INFO SparkContext: OS info Linux, 6.6.87.2-microsoft-standard-WSL2, amd64
[2026-07-25T18:15:50.184+0000] {subprocess.py:93} INFO - 26/07/25 18:15:50 INFO SparkContext: Java version 17.0.19
[2026-07-25T18:15:50.409+0000] {subprocess.py:93} INFO - 26/07/25 18:15:50 INFO ResourceUtils: ==============================================================
[2026-07-25T18:15:50.411+0000] {subprocess.py:93} INFO - 26/07/25 18:15:50 INFO ResourceUtils: No custom resources configured for spark.driver.
[2026-07-25T18:15:50.414+0000] {subprocess.py:93} INFO - 26/07/25 18:15:50 INFO ResourceUtils: ==============================================================
[2026-07-25T18:15:50.425+0000] {subprocess.py:93} INFO - 26/07/25 18:15:50 INFO SparkContext: Submitted application: DIM_USAGE
[2026-07-25T18:15:50.629+0000] {subprocess.py:93} INFO - 26/07/25 18:15:50 INFO ResourceProfile: Default ResourceProfile created, executor resources: Map(memory -> name: memory, amount: 1024, script: , vendor: , offHeap -> name: offHeap, amount: 0, script: , vendor: ), task resources: Map(cpus -> name: cpus, amount: 1.0)
[2026-07-25T18:15:50.674+0000] {subprocess.py:93} INFO - 26/07/25 18:15:50 INFO ResourceProfile: Limiting resource is cpu
[2026-07-25T18:15:50.683+0000] {subprocess.py:93} INFO - 26/07/25 18:15:50 INFO ResourceProfileManager: Added ResourceProfile id: 0
[2026-07-25T18:15:50.971+0000] {subprocess.py:93} INFO - 26/07/25 18:15:50 INFO SecurityManager: Changing view acls to: ***
[2026-07-25T18:15:50.979+0000] {subprocess.py:93} INFO - 26/07/25 18:15:50 INFO SecurityManager: Changing modify acls to: ***
[2026-07-25T18:15:50.981+0000] {subprocess.py:93} INFO - 26/07/25 18:15:50 INFO SecurityManager: Changing view acls groups to:
[2026-07-25T18:15:50.992+0000] {subprocess.py:93} INFO - 26/07/25 18:15:50 INFO SecurityManager: Changing modify acls groups to:
[2026-07-25T18:15:50.997+0000] {subprocess.py:93} INFO - 26/07/25 18:15:50 INFO SecurityManager: SecurityManager: authentication disabled; ui acls disabled; users with view permissions: ***; groups with view permissions: EMPTY; users with modify permissions: ***; groups with modify permissions: EMPTY
[2026-07-25T18:15:52.087+0000] {subprocess.py:93} INFO - 26/07/25 18:15:52 INFO Utils: Successfully started service 'sparkDriver' on port 42185.
[2026-07-25T18:15:52.312+0000] {subprocess.py:93} INFO - 26/07/25 18:15:52 INFO SparkEnv: Registering MapOutputTracker
[2026-07-25T18:15:52.490+0000] {subprocess.py:93} INFO - 26/07/25 18:15:52 INFO SparkEnv: Registering BlockManagerMaster
[2026-07-25T18:15:52.547+0000] {subprocess.py:93} INFO - 26/07/25 18:15:52 INFO BlockManagerMasterEndpoint: Using org.apache.spark.storage.DefaultTopologyMapper for getting topology information
[2026-07-25T18:15:52.558+0000] {subprocess.py:93} INFO - 26/07/25 18:15:52 INFO BlockManagerMasterEndpoint: BlockManagerMasterEndpoint up
[2026-07-25T18:15:52.583+0000] {subprocess.py:93} INFO - 26/07/25 18:15:52 INFO SparkEnv: Registering BlockManagerMasterHeartbeat
[2026-07-25T18:15:52.917+0000] {subprocess.py:93} INFO - 26/07/25 18:15:52 INFO DiskBlockManager: Created local directory at /tmp/blockmgr-c2678c62-af26-45a3-b620-75c0dd946686
[2026-07-25T18:15:53.126+0000] {subprocess.py:93} INFO - 26/07/25 18:15:53 INFO MemoryStore: MemoryStore started with capacity 434.4 MiB
[2026-07-25T18:15:53.321+0000] {subprocess.py:93} INFO - 26/07/25 18:15:53 INFO SparkEnv: Registering OutputCommitCoordinator
[2026-07-25T18:15:54.491+0000] {subprocess.py:93} INFO - 26/07/25 18:15:54 INFO JettyUtils: Start Jetty 0.0.0.0:4040 for SparkUI
[2026-07-25T18:15:55.037+0000] {subprocess.py:93} INFO - 26/07/25 18:15:55 WARN Utils: Service 'SparkUI' could not bind on port 4040. Attempting port 4041.
[2026-07-25T18:15:55.073+0000] {subprocess.py:93} INFO - 26/07/25 18:15:55 WARN Utils: Service 'SparkUI' could not bind on port 4041. Attempting port 4042.
[2026-07-25T18:15:55.082+0000] {subprocess.py:93} INFO - 26/07/25 18:15:55 WARN Utils: Service 'SparkUI' could not bind on port 4042. Attempting port 4043.
[2026-07-25T18:15:55.086+0000] {subprocess.py:93} INFO - 26/07/25 18:15:55 WARN Utils: Service 'SparkUI' could not bind on port 4043. Attempting port 4044.
[2026-07-25T18:15:55.087+0000] {subprocess.py:93} INFO - 26/07/25 18:15:55 WARN Utils: Service 'SparkUI' could not bind on port 4044. Attempting port 4045.
[2026-07-25T18:15:55.088+0000] {subprocess.py:93} INFO - 26/07/25 18:15:55 WARN Utils: Service 'SparkUI' could not bind on port 4045. Attempting port 4046.
[2026-07-25T18:15:55.309+0000] {subprocess.py:93} INFO - 26/07/25 18:15:55 INFO Utils: Successfully started service 'SparkUI' on port 4046.
[2026-07-25T18:15:55.582+0000] {subprocess.py:93} INFO - 26/07/25 18:15:55 ERROR SparkContext: Failed to add /opt/jars/postgresql-42.7.8.jar to Spark environment
[2026-07-25T18:15:55.590+0000] {subprocess.py:93} INFO - java.io.FileNotFoundException: Jar /opt/jars/postgresql-42.7.8.jar not found
[2026-07-25T18:15:55.597+0000] {subprocess.py:93} INFO - 	at org.apache.spark.SparkContext.addLocalJarFile$1(SparkContext.scala:2100)
[2026-07-25T18:15:55.603+0000] {subprocess.py:93} INFO - 	at org.apache.spark.SparkContext.addJar(SparkContext.scala:2156)
[2026-07-25T18:15:55.613+0000] {subprocess.py:93} INFO - 	at org.apache.spark.SparkContext.$anonfun$new$15(SparkContext.scala:526)
[2026-07-25T18:15:55.625+0000] {subprocess.py:93} INFO - 	at org.apache.spark.SparkContext.$anonfun$new$15$adapted(SparkContext.scala:526)
[2026-07-25T18:15:55.636+0000] {subprocess.py:93} INFO - 	at scala.collection.mutable.ResizableArray.foreach(ResizableArray.scala:62)
[2026-07-25T18:15:55.641+0000] {subprocess.py:93} INFO - 	at scala.collection.mutable.ResizableArray.foreach$(ResizableArray.scala:55)
[2026-07-25T18:15:55.645+0000] {subprocess.py:93} INFO - 	at scala.collection.mutable.ArrayBuffer.foreach(ArrayBuffer.scala:49)
[2026-07-25T18:15:55.656+0000] {subprocess.py:93} INFO - 	at org.apache.spark.SparkContext.<init>(SparkContext.scala:526)
[2026-07-25T18:15:55.673+0000] {subprocess.py:93} INFO - 	at org.apache.spark.api.java.JavaSparkContext.<init>(JavaSparkContext.scala:58)
[2026-07-25T18:15:55.677+0000] {subprocess.py:93} INFO - 	at java.base/jdk.internal.reflect.NativeConstructorAccessorImpl.newInstance0(Native Method)
[2026-07-25T18:15:55.678+0000] {subprocess.py:93} INFO - 	at java.base/jdk.internal.reflect.NativeConstructorAccessorImpl.newInstance(NativeConstructorAccessorImpl.java:77)
[2026-07-25T18:15:55.686+0000] {subprocess.py:93} INFO - 	at java.base/jdk.internal.reflect.DelegatingConstructorAccessorImpl.newInstance(DelegatingConstructorAccessorImpl.java:45)
[2026-07-25T18:15:55.696+0000] {subprocess.py:93} INFO - 	at java.base/java.lang.reflect.Constructor.newInstanceWithCaller(Constructor.java:500)
[2026-07-25T18:15:55.701+0000] {subprocess.py:93} INFO - 	at java.base/java.lang.reflect.Constructor.newInstance(Constructor.java:481)
[2026-07-25T18:15:55.714+0000] {subprocess.py:93} INFO - 	at py4j.reflection.MethodInvoker.invoke(MethodInvoker.java:247)
[2026-07-25T18:15:55.718+0000] {subprocess.py:93} INFO - 	at py4j.reflection.ReflectionEngine.invoke(ReflectionEngine.java:374)
[2026-07-25T18:15:55.729+0000] {subprocess.py:93} INFO - 	at py4j.Gateway.invoke(Gateway.java:238)
[2026-07-25T18:15:55.734+0000] {subprocess.py:93} INFO - 	at py4j.commands.ConstructorCommand.invokeConstructor(ConstructorCommand.java:80)
[2026-07-25T18:15:55.782+0000] {subprocess.py:93} INFO - 	at py4j.commands.ConstructorCommand.execute(ConstructorCommand.java:69)
[2026-07-25T18:15:55.783+0000] {subprocess.py:93} INFO - 	at py4j.ClientServerConnection.waitForCommands(ClientServerConnection.java:182)
[2026-07-25T18:15:55.784+0000] {subprocess.py:93} INFO - 	at py4j.ClientServerConnection.run(ClientServerConnection.java:106)
[2026-07-25T18:15:55.785+0000] {subprocess.py:93} INFO - 	at java.base/java.lang.Thread.run(Thread.java:840)
[2026-07-25T18:15:56.553+0000] {subprocess.py:93} INFO - 26/07/25 18:15:56 INFO StandaloneAppClient$ClientEndpoint: Connecting to master spark://spark-master:7077...
[2026-07-25T18:15:57.132+0000] {subprocess.py:93} INFO - 26/07/25 18:15:57 INFO TransportClientFactory: Successfully created connection to spark-master/172.22.0.5:7077 after 342 ms (0 ms spent in bootstraps)
[2026-07-25T18:15:57.955+0000] {subprocess.py:93} INFO - 26/07/25 18:15:57 INFO StandaloneSchedulerBackend: Connected to Spark cluster with app ID app-20260725181557-0014
[2026-07-25T18:15:58.033+0000] {subprocess.py:93} INFO - 26/07/25 18:15:58 INFO Utils: Successfully started service 'org.apache.spark.network.netty.NettyBlockTransferService' on port 37897.
[2026-07-25T18:15:58.034+0000] {subprocess.py:93} INFO - 26/07/25 18:15:58 INFO NettyBlockTransferService: Server created on 30d391bb7be2:37897
[2026-07-25T18:15:58.050+0000] {subprocess.py:93} INFO - 26/07/25 18:15:58 INFO BlockManager: Using org.apache.spark.storage.RandomBlockReplicationPolicy for block replication policy
[2026-07-25T18:15:58.062+0000] {subprocess.py:93} INFO - 26/07/25 18:15:58 INFO BlockManagerMaster: Registering BlockManager BlockManagerId(driver, 30d391bb7be2, 37897, None)
[2026-07-25T18:15:58.075+0000] {subprocess.py:93} INFO - 26/07/25 18:15:58 INFO BlockManagerMasterEndpoint: Registering block manager 30d391bb7be2:37897 with 434.4 MiB RAM, BlockManagerId(driver, 30d391bb7be2, 37897, None)
[2026-07-25T18:15:58.083+0000] {subprocess.py:93} INFO - 26/07/25 18:15:58 INFO BlockManagerMaster: Registered BlockManager BlockManagerId(driver, 30d391bb7be2, 37897, None)
[2026-07-25T18:15:58.098+0000] {subprocess.py:93} INFO - 26/07/25 18:15:58 INFO BlockManager: Initialized BlockManager: BlockManagerId(driver, 30d391bb7be2, 37897, None)
[2026-07-25T18:15:59.772+0000] {subprocess.py:93} INFO - 26/07/25 18:15:59 INFO StandaloneSchedulerBackend: SchedulerBackend is ready for scheduling beginning after reached minRegisteredResourcesRatio: 0.0
[2026-07-25T18:16:02.878+0000] {subprocess.py:93} INFO - 26/07/25 18:16:02 INFO SharedState: Setting hive.metastore.warehouse.dir ('null') to the value of spark.sql.warehouse.dir.
[2026-07-25T18:16:02.897+0000] {subprocess.py:93} INFO - 26/07/25 18:16:02 INFO SharedState: Warehouse path is 'file:/opt/project/spark-warehouse'.
[2026-07-25T18:16:07.129+0000] {subprocess.py:93} INFO - Traceback (most recent call last):
[2026-07-25T18:16:07.130+0000] {subprocess.py:93} INFO -   File "/opt/project/spark_jobs/dimensions/dim_usage.py", line 31, in <module>
[2026-07-25T18:16:07.136+0000] {subprocess.py:93} INFO -     usages = spark.read.jdbc(
[2026-07-25T18:16:07.138+0000] {subprocess.py:93} INFO -              ^^^^^^^^^^^^^^^^
[2026-07-25T18:16:07.139+0000] {subprocess.py:93} INFO -   File "/home/***/.local/lib/python3.12/site-packages/pyspark/sql/readwriter.py", line 946, in jdbc
[2026-07-25T18:16:07.143+0000] {subprocess.py:93} INFO -     return self._df(self._jreader.jdbc(url, table, jprop))
[2026-07-25T18:16:07.144+0000] {subprocess.py:93} INFO -                     ^^^^^^^^^^^^^^^^^^^^^^^^^^^^^^^^^^^^^
[2026-07-25T18:16:07.145+0000] {subprocess.py:93} INFO -   File "/home/***/.local/lib/python3.12/site-packages/py4j/java_gateway.py", line 1322, in __call__
[2026-07-25T18:16:07.150+0000] {subprocess.py:93} INFO -     return_value = get_return_value(
[2026-07-25T18:16:07.155+0000] {subprocess.py:93} INFO -                    ^^^^^^^^^^^^^^^^^
[2026-07-25T18:16:07.159+0000] {subprocess.py:93} INFO -   File "/home/***/.local/lib/python3.12/site-packages/pyspark/errors/exceptions/captured.py", line 179, in deco
[2026-07-25T18:16:07.160+0000] {subprocess.py:93} INFO -     return f(*a, **kw)
[2026-07-25T18:16:07.164+0000] {subprocess.py:93} INFO -            ^^^^^^^^^^^
[2026-07-25T18:16:07.165+0000] {subprocess.py:93} INFO -   File "/home/***/.local/lib/python3.12/site-packages/py4j/protocol.py", line 326, in get_return_value
[2026-07-25T18:16:07.170+0000] {subprocess.py:93} INFO -     raise Py4JJavaError(
[2026-07-25T18:16:07.171+0000] {subprocess.py:93} INFO - py4j.protocol.Py4JJavaError: An error occurred while calling o29.jdbc.
[2026-07-25T18:16:07.174+0000] {subprocess.py:93} INFO - : java.lang.ClassNotFoundException: org.postgresql.Driver
[2026-07-25T18:16:07.176+0000] {subprocess.py:93} INFO - 	at java.base/java.net.URLClassLoader.findClass(URLClassLoader.java:445)
[2026-07-25T18:16:07.178+0000] {subprocess.py:93} INFO - 	at java.base/java.lang.ClassLoader.loadClass(ClassLoader.java:592)
[2026-07-25T18:16:07.182+0000] {subprocess.py:93} INFO - 	at java.base/java.lang.ClassLoader.loadClass(ClassLoader.java:525)
[2026-07-25T18:16:07.185+0000] {subprocess.py:93} INFO - 	at org.apache.spark.sql.execution.datasources.jdbc.DriverRegistry$.register(DriverRegistry.scala:46)
[2026-07-25T18:16:07.187+0000] {subprocess.py:93} INFO - 	at org.apache.spark.sql.execution.datasources.jdbc.JDBCOptions.$anonfun$driverClass$1(JDBCOptions.scala:103)
[2026-07-25T18:16:07.189+0000] {subprocess.py:93} INFO - 	at org.apache.spark.sql.execution.datasources.jdbc.JDBCOptions.$anonfun$driverClass$1$adapted(JDBCOptions.scala:103)
[2026-07-25T18:16:07.192+0000] {subprocess.py:93} INFO - 	at scala.Option.foreach(Option.scala:407)
[2026-07-25T18:16:07.195+0000] {subprocess.py:93} INFO - 	at org.apache.spark.sql.execution.datasources.jdbc.JDBCOptions.<init>(JDBCOptions.scala:103)
[2026-07-25T18:16:07.197+0000] {subprocess.py:93} INFO - 	at org.apache.spark.sql.execution.datasources.jdbc.JDBCOptions.<init>(JDBCOptions.scala:41)
[2026-07-25T18:16:07.202+0000] {subprocess.py:93} INFO - 	at org.apache.spark.sql.execution.datasources.jdbc.JdbcRelationProvider.createRelation(JdbcRelationProvider.scala:34)
[2026-07-25T18:16:07.203+0000] {subprocess.py:93} INFO - 	at org.apache.spark.sql.execution.datasources.DataSource.resolveRelation(DataSource.scala:346)
[2026-07-25T18:16:07.204+0000] {subprocess.py:93} INFO - 	at org.apache.spark.sql.DataFrameReader.loadV1Source(DataFrameReader.scala:229)
[2026-07-25T18:16:07.205+0000] {subprocess.py:93} INFO - 	at org.apache.spark.sql.DataFrameReader.$anonfun$load$2(DataFrameReader.scala:211)
[2026-07-25T18:16:07.206+0000] {subprocess.py:93} INFO - 	at scala.Option.getOrElse(Option.scala:189)
[2026-07-25T18:16:07.210+0000] {subprocess.py:93} INFO - 	at org.apache.spark.sql.DataFrameReader.load(DataFrameReader.scala:211)
[2026-07-25T18:16:07.227+0000] {subprocess.py:93} INFO - 	at org.apache.spark.sql.DataFrameReader.load(DataFrameReader.scala:172)
[2026-07-25T18:16:07.229+0000] {subprocess.py:93} INFO - 	at org.apache.spark.sql.DataFrameReader.jdbc(DataFrameReader.scala:249)
[2026-07-25T18:16:07.230+0000] {subprocess.py:93} INFO - 	at java.base/jdk.internal.reflect.NativeMethodAccessorImpl.invoke0(Native Method)
[2026-07-25T18:16:07.231+0000] {subprocess.py:93} INFO - 	at java.base/jdk.internal.reflect.NativeMethodAccessorImpl.invoke(NativeMethodAccessorImpl.java:77)
[2026-07-25T18:16:07.231+0000] {subprocess.py:93} INFO - 	at java.base/jdk.internal.reflect.DelegatingMethodAccessorImpl.invoke(DelegatingMethodAccessorImpl.java:43)
[2026-07-25T18:16:07.234+0000] {subprocess.py:93} INFO - 	at java.base/java.lang.reflect.Method.invoke(Method.java:569)
[2026-07-25T18:16:07.235+0000] {subprocess.py:93} INFO - 	at py4j.reflection.MethodInvoker.invoke(MethodInvoker.java:244)
[2026-07-25T18:16:07.242+0000] {subprocess.py:93} INFO - 	at py4j.reflection.ReflectionEngine.invoke(ReflectionEngine.java:374)
[2026-07-25T18:16:07.244+0000] {subprocess.py:93} INFO - 	at py4j.Gateway.invoke(Gateway.java:282)
[2026-07-25T18:16:07.245+0000] {subprocess.py:93} INFO - 	at py4j.commands.AbstractCommand.invokeMethod(AbstractCommand.java:132)
[2026-07-25T18:16:07.246+0000] {subprocess.py:93} INFO - 	at py4j.commands.CallCommand.execute(CallCommand.java:79)
[2026-07-25T18:16:07.247+0000] {subprocess.py:93} INFO - 	at py4j.ClientServerConnection.waitForCommands(ClientServerConnection.java:182)
[2026-07-25T18:16:07.248+0000] {subprocess.py:93} INFO - 	at py4j.ClientServerConnection.run(ClientServerConnection.java:106)
[2026-07-25T18:16:07.249+0000] {subprocess.py:93} INFO - 	at java.base/java.lang.Thread.run(Thread.java:840)
[2026-07-25T18:16:07.250+0000] {subprocess.py:93} INFO - 
[2026-07-25T18:16:07.523+0000] {subprocess.py:93} INFO - 26/07/25 18:16:07 INFO SparkContext: Invoking stop() from shutdown hook
[2026-07-25T18:16:07.526+0000] {subprocess.py:93} INFO - 26/07/25 18:16:07 INFO SparkContext: SparkContext is stopping with exitCode 0.
[2026-07-25T18:16:07.552+0000] {subprocess.py:93} INFO - 26/07/25 18:16:07 INFO SparkUI: Stopped Spark web UI at http://30d391bb7be2:4046
[2026-07-25T18:16:07.564+0000] {subprocess.py:93} INFO - 26/07/25 18:16:07 INFO StandaloneSchedulerBackend: Shutting down all executors
[2026-07-25T18:16:07.572+0000] {subprocess.py:93} INFO - 26/07/25 18:16:07 INFO StandaloneSchedulerBackend$StandaloneDriverEndpoint: Asking each executor to shut down
[2026-07-25T18:16:07.644+0000] {subprocess.py:93} INFO - 26/07/25 18:16:07 INFO MapOutputTrackerMasterEndpoint: MapOutputTrackerMasterEndpoint stopped!
[2026-07-25T18:16:07.903+0000] {subprocess.py:93} INFO - 26/07/25 18:16:07 INFO MemoryStore: MemoryStore cleared
[2026-07-25T18:16:07.904+0000] {subprocess.py:93} INFO - 26/07/25 18:16:07 INFO BlockManager: BlockManager stopped
[2026-07-25T18:16:07.929+0000] {subprocess.py:93} INFO - 26/07/25 18:16:07 INFO BlockManagerMaster: BlockManagerMaster stopped
[2026-07-25T18:16:07.937+0000] {subprocess.py:93} INFO - 26/07/25 18:16:07 INFO OutputCommitCoordinator$OutputCommitCoordinatorEndpoint: OutputCommitCoordinator stopped!
[2026-07-25T18:16:08.024+0000] {subprocess.py:93} INFO - 26/07/25 18:16:08 INFO SparkContext: Successfully stopped SparkContext
[2026-07-25T18:16:08.025+0000] {subprocess.py:93} INFO - 26/07/25 18:16:08 INFO ShutdownHookManager: Shutdown hook called
[2026-07-25T18:16:08.029+0000] {subprocess.py:93} INFO - 26/07/25 18:16:08 INFO ShutdownHookManager: Deleting directory /tmp/spark-534c9f69-ab81-4667-9928-f652a4a91415
[2026-07-25T18:16:08.063+0000] {subprocess.py:93} INFO - 26/07/25 18:16:08 INFO ShutdownHookManager: Deleting directory /tmp/spark-ade84208-cc9c-4e0e-a938-4542e7577da5/pyspark-8791ea19-aaa0-42d0-b4ba-51e89d0d6f22
[2026-07-25T18:16:08.085+0000] {subprocess.py:93} INFO - 26/07/25 18:16:08 INFO ShutdownHookManager: Deleting directory /tmp/spark-ade84208-cc9c-4e0e-a938-4542e7577da5
[2026-07-25T18:16:08.598+0000] {subprocess.py:97} INFO - Command exited with return code 1
[2026-07-25T18:16:08.647+0000] {taskinstance.py:3301} ERROR - Task failed with exception
Traceback (most recent call last):
  File "/home/airflow/.local/lib/python3.12/site-packages/airflow/models/taskinstance.py", line 767, in _execute_task
    result = _execute_callable(context=context, **execute_callable_kwargs)
             ^^^^^^^^^^^^^^^^^^^^^^^^^^^^^^^^^^^^^^^^^^^^^^^^^^^^^^^^^^^^^
  File "/home/airflow/.local/lib/python3.12/site-packages/airflow/models/taskinstance.py", line 733, in _execute_callable
    return ExecutionCallableRunner(
           ^^^^^^^^^^^^^^^^^^^^^^^^
  File "/home/airflow/.local/lib/python3.12/site-packages/airflow/utils/operator_helpers.py", line 252, in run
    return self.func(*args, **kwargs)
           ^^^^^^^^^^^^^^^^^^^^^^^^^^
  File "/home/airflow/.local/lib/python3.12/site-packages/airflow/models/baseoperator.py", line 406, in wrapper
    return func(self, *args, **kwargs)
           ^^^^^^^^^^^^^^^^^^^^^^^^^^^
  File "/home/airflow/.local/lib/python3.12/site-packages/airflow/operators/bash.py", line 249, in execute
    raise AirflowException(
airflow.exceptions.AirflowException: Bash command failed. The command returned a non-zero exit code 1.
[2026-07-25T18:16:08.660+0000] {taskinstance.py:1225} INFO - Marking task as FAILED. dag_id=flex_eau_pipeline, task_id=dim_usage, run_id=scheduled__2026-07-24T00:00:00+00:00, execution_date=20260724T000000, start_date=20260725T181533, end_date=20260725T181608
[2026-07-25T18:16:08.696+0000] {taskinstance.py:340} INFO - ::group::Post task execution logs
[2026-07-25T18:16:08.697+0000] {standard_task_runner.py:124} ERROR - Failed to execute job 18 for task dim_usage (Bash command failed. The command returned a non-zero exit code 1.; 1993)
Traceback (most recent call last):
  File "/home/airflow/.local/lib/python3.12/site-packages/airflow/task/task_runner/standard_task_runner.py", line 117, in _start_by_fork
    ret = args.func(args, dag=self.dag)
          ^^^^^^^^^^^^^^^^^^^^^^^^^^^^^
  File "/home/airflow/.local/lib/python3.12/site-packages/airflow/cli/cli_config.py", line 49, in command
    return func(*args, **kwargs)
           ^^^^^^^^^^^^^^^^^^^^^
  File "/home/airflow/.local/lib/python3.12/site-packages/airflow/utils/cli.py", line 115, in wrapper
    return f(*args, **kwargs)
           ^^^^^^^^^^^^^^^^^^
  File "/home/airflow/.local/lib/python3.12/site-packages/airflow/cli/commands/task_command.py", line 483, in task_run
    task_return_code = _run_task_by_selected_method(args, _dag, ti)
                       ^^^^^^^^^^^^^^^^^^^^^^^^^^^^^^^^^^^^^^^^^^^^
  File "/home/airflow/.local/lib/python3.12/site-packages/airflow/cli/commands/task_command.py", line 256, in _run_task_by_selected_method
    return _run_raw_task(args, ti)
           ^^^^^^^^^^^^^^^^^^^^^^^
  File "/home/airflow/.local/lib/python3.12/site-packages/airflow/cli/commands/task_command.py", line 341, in _run_raw_task
    return ti._run_raw_task(
           ^^^^^^^^^^^^^^^^^
  File "/home/airflow/.local/lib/python3.12/site-packages/airflow/utils/session.py", line 97, in wrapper
    return func(*args, session=session, **kwargs)
           ^^^^^^^^^^^^^^^^^^^^^^^^^^^^^^^^^^^^^^
  File "/home/airflow/.local/lib/python3.12/site-packages/airflow/models/taskinstance.py", line 2995, in _run_raw_task
    return _run_raw_task(
           ^^^^^^^^^^^^^^
  File "/home/airflow/.local/lib/python3.12/site-packages/airflow/models/taskinstance.py", line 273, in _run_raw_task
    TaskInstance._execute_task_with_callbacks(
  File "/home/airflow/.local/lib/python3.12/site-packages/airflow/models/taskinstance.py", line 3149, in _execute_task_with_callbacks
    result = self._execute_task(context, task_orig)
             ^^^^^^^^^^^^^^^^^^^^^^^^^^^^^^^^^^^^^^
  File "/home/airflow/.local/lib/python3.12/site-packages/airflow/models/taskinstance.py", line 3173, in _execute_task
    return _execute_task(self, context, task_orig)
           ^^^^^^^^^^^^^^^^^^^^^^^^^^^^^^^^^^^^^^^
  File "/home/airflow/.local/lib/python3.12/site-packages/airflow/models/taskinstance.py", line 767, in _execute_task
    result = _execute_callable(context=context, **execute_callable_kwargs)
             ^^^^^^^^^^^^^^^^^^^^^^^^^^^^^^^^^^^^^^^^^^^^^^^^^^^^^^^^^^^^^
  File "/home/airflow/.local/lib/python3.12/site-packages/airflow/models/taskinstance.py", line 733, in _execute_callable
    return ExecutionCallableRunner(
           ^^^^^^^^^^^^^^^^^^^^^^^^
  File "/home/airflow/.local/lib/python3.12/site-packages/airflow/utils/operator_helpers.py", line 252, in run
    return self.func(*args, **kwargs)
           ^^^^^^^^^^^^^^^^^^^^^^^^^^
  File "/home/airflow/.local/lib/python3.12/site-packages/airflow/models/baseoperator.py", line 406, in wrapper
    return func(self, *args, **kwargs)
           ^^^^^^^^^^^^^^^^^^^^^^^^^^^
  File "/home/airflow/.local/lib/python3.12/site-packages/airflow/operators/bash.py", line 249, in execute
    raise AirflowException(
airflow.exceptions.AirflowException: Bash command failed. The command returned a non-zero exit code 1.
[2026-07-25T18:16:08.735+0000] {local_task_job_runner.py:261} INFO - Task exited with return code 1
[2026-07-25T18:16:08.805+0000] {taskinstance.py:3891} INFO - 0 downstream tasks scheduled from follow-on schedule check
[2026-07-25T18:16:08.818+0000] {local_task_job_runner.py:240} INFO - ::endgroup::
[2026-07-25T19:55:55.835+0000] {local_task_job_runner.py:123} INFO - ::group::Pre task execution logs
[2026-07-25T19:55:55.911+0000] {taskinstance.py:2603} INFO - Dependencies all met for dep_context=non-requeueable deps ti=<TaskInstance: flex_eau_pipeline.dim_usage scheduled__2026-07-24T00:00:00+00:00 [queued]>
[2026-07-25T19:55:55.932+0000] {taskinstance.py:2603} INFO - Dependencies all met for dep_context=requeueable deps ti=<TaskInstance: flex_eau_pipeline.dim_usage scheduled__2026-07-24T00:00:00+00:00 [queued]>
[2026-07-25T19:55:55.936+0000] {taskinstance.py:2856} INFO - Starting attempt 2 of 2
[2026-07-25T19:55:55.987+0000] {taskinstance.py:2879} INFO - Executing <Task(BashOperator): dim_usage> on 2026-07-24 00:00:00+00:00
[2026-07-25T19:55:56.009+0000] {standard_task_runner.py:72} INFO - Started process 1675 to run task
[2026-07-25T19:55:56.022+0000] {standard_task_runner.py:104} INFO - Running: ['***', 'tasks', 'run', 'flex_eau_pipeline', 'dim_usage', 'scheduled__2026-07-24T00:00:00+00:00', '--job-id', '16', '--raw', '--subdir', 'DAGS_FOLDER/flex_eau_pipeline.py', '--cfg-path', '/tmp/tmpi0223xfz']
[2026-07-25T19:55:56.029+0000] {standard_task_runner.py:105} INFO - Job 16: Subtask dim_usage
[2026-07-25T19:55:56.223+0000] {task_command.py:467} INFO - Running <TaskInstance: flex_eau_pipeline.dim_usage scheduled__2026-07-24T00:00:00+00:00 [running]> on host 8e34fafe5529
[2026-07-25T19:55:56.495+0000] {taskinstance.py:3122} INFO - Exporting env vars: AIRFLOW_CTX_DAG_OWNER='flex-eau' AIRFLOW_CTX_DAG_ID='flex_eau_pipeline' AIRFLOW_CTX_TASK_ID='dim_usage' AIRFLOW_CTX_EXECUTION_DATE='2026-07-24T00:00:00+00:00' AIRFLOW_CTX_TRY_NUMBER='2' AIRFLOW_CTX_DAG_RUN_ID='scheduled__2026-07-24T00:00:00+00:00'
[2026-07-25T19:55:56.501+0000] {taskinstance.py:731} INFO - ::endgroup::
[2026-07-25T19:55:56.559+0000] {subprocess.py:63} INFO - Tmp dir root location: /tmp
[2026-07-25T19:55:56.563+0000] {subprocess.py:75} INFO - Running command: ['/usr/bin/bash', '-c', 'python spark_jobs/dimensions/dim_usage.py']
[2026-07-25T19:55:56.601+0000] {subprocess.py:86} INFO - Output:
[2026-07-25T19:56:09.479+0000] {subprocess.py:93} INFO - 26/07/25 19:56:09 WARN NativeCodeLoader: Unable to load native-hadoop library for your platform... using builtin-java classes where applicable
[2026-07-25T19:56:10.646+0000] {subprocess.py:93} INFO - 26/07/25 19:56:10 WARN DependencyUtils: Local jar /opt/jars/postgresql-42.7.8.jar does not exist, skipping.
[2026-07-25T19:56:11.382+0000] {subprocess.py:93} INFO - 26/07/25 19:56:11 INFO SparkContext: Running Spark version 3.5.1
[2026-07-25T19:56:11.388+0000] {subprocess.py:93} INFO - 26/07/25 19:56:11 INFO SparkContext: OS info Linux, 6.6.87.2-microsoft-standard-WSL2, amd64
[2026-07-25T19:56:11.389+0000] {subprocess.py:93} INFO - 26/07/25 19:56:11 INFO SparkContext: Java version 17.0.19
[2026-07-25T19:56:11.544+0000] {subprocess.py:93} INFO - 26/07/25 19:56:11 INFO ResourceUtils: ==============================================================
[2026-07-25T19:56:11.546+0000] {subprocess.py:93} INFO - 26/07/25 19:56:11 INFO ResourceUtils: No custom resources configured for spark.driver.
[2026-07-25T19:56:11.550+0000] {subprocess.py:93} INFO - 26/07/25 19:56:11 INFO ResourceUtils: ==============================================================
[2026-07-25T19:56:11.559+0000] {subprocess.py:93} INFO - 26/07/25 19:56:11 INFO SparkContext: Submitted application: DIM_USAGE
[2026-07-25T19:56:11.802+0000] {subprocess.py:93} INFO - 26/07/25 19:56:11 INFO ResourceProfile: Default ResourceProfile created, executor resources: Map(memory -> name: memory, amount: 1024, script: , vendor: , offHeap -> name: offHeap, amount: 0, script: , vendor: ), task resources: Map(cpus -> name: cpus, amount: 1.0)
[2026-07-25T19:56:11.858+0000] {subprocess.py:93} INFO - 26/07/25 19:56:11 INFO ResourceProfile: Limiting resource is cpu
[2026-07-25T19:56:11.865+0000] {subprocess.py:93} INFO - 26/07/25 19:56:11 INFO ResourceProfileManager: Added ResourceProfile id: 0
[2026-07-25T19:56:12.047+0000] {subprocess.py:93} INFO - 26/07/25 19:56:12 INFO SecurityManager: Changing view acls to: ***
[2026-07-25T19:56:12.058+0000] {subprocess.py:93} INFO - 26/07/25 19:56:12 INFO SecurityManager: Changing modify acls to: ***
[2026-07-25T19:56:12.059+0000] {subprocess.py:93} INFO - 26/07/25 19:56:12 INFO SecurityManager: Changing view acls groups to:
[2026-07-25T19:56:12.060+0000] {subprocess.py:93} INFO - 26/07/25 19:56:12 INFO SecurityManager: Changing modify acls groups to:
[2026-07-25T19:56:12.065+0000] {subprocess.py:93} INFO - 26/07/25 19:56:12 INFO SecurityManager: SecurityManager: authentication disabled; ui acls disabled; users with view permissions: ***; groups with view permissions: EMPTY; users with modify permissions: ***; groups with modify permissions: EMPTY
[2026-07-25T19:56:13.405+0000] {subprocess.py:93} INFO - 26/07/25 19:56:13 INFO Utils: Successfully started service 'sparkDriver' on port 35305.
[2026-07-25T19:56:13.566+0000] {subprocess.py:93} INFO - 26/07/25 19:56:13 INFO SparkEnv: Registering MapOutputTracker
[2026-07-25T19:56:13.797+0000] {subprocess.py:93} INFO - 26/07/25 19:56:13 INFO SparkEnv: Registering BlockManagerMaster
[2026-07-25T19:56:13.905+0000] {subprocess.py:93} INFO - 26/07/25 19:56:13 INFO BlockManagerMasterEndpoint: Using org.apache.spark.storage.DefaultTopologyMapper for getting topology information
[2026-07-25T19:56:13.911+0000] {subprocess.py:93} INFO - 26/07/25 19:56:13 INFO BlockManagerMasterEndpoint: BlockManagerMasterEndpoint up
[2026-07-25T19:56:13.944+0000] {subprocess.py:93} INFO - 26/07/25 19:56:13 INFO SparkEnv: Registering BlockManagerMasterHeartbeat
[2026-07-25T19:56:14.037+0000] {subprocess.py:93} INFO - 26/07/25 19:56:14 INFO DiskBlockManager: Created local directory at /tmp/blockmgr-0b43b5ea-7895-44e6-bbc8-c810a7011005
[2026-07-25T19:56:14.103+0000] {subprocess.py:93} INFO - 26/07/25 19:56:14 INFO MemoryStore: MemoryStore started with capacity 434.4 MiB
[2026-07-25T19:56:14.197+0000] {subprocess.py:93} INFO - 26/07/25 19:56:14 INFO SparkEnv: Registering OutputCommitCoordinator
[2026-07-25T19:56:15.264+0000] {subprocess.py:93} INFO - 26/07/25 19:56:15 INFO JettyUtils: Start Jetty 0.0.0.0:4040 for SparkUI
[2026-07-25T19:56:15.939+0000] {subprocess.py:93} INFO - 26/07/25 19:56:15 INFO Utils: Successfully started service 'SparkUI' on port 4040.
[2026-07-25T19:56:16.291+0000] {subprocess.py:93} INFO - 26/07/25 19:56:16 ERROR SparkContext: Failed to add /opt/jars/postgresql-42.7.8.jar to Spark environment
[2026-07-25T19:56:16.295+0000] {subprocess.py:93} INFO - java.io.FileNotFoundException: Jar /opt/jars/postgresql-42.7.8.jar not found
[2026-07-25T19:56:16.298+0000] {subprocess.py:93} INFO - 	at org.apache.spark.SparkContext.addLocalJarFile$1(SparkContext.scala:2100)
[2026-07-25T19:56:16.299+0000] {subprocess.py:93} INFO - 	at org.apache.spark.SparkContext.addJar(SparkContext.scala:2156)
[2026-07-25T19:56:16.307+0000] {subprocess.py:93} INFO - 	at org.apache.spark.SparkContext.$anonfun$new$15(SparkContext.scala:526)
[2026-07-25T19:56:16.308+0000] {subprocess.py:93} INFO - 	at org.apache.spark.SparkContext.$anonfun$new$15$adapted(SparkContext.scala:526)
[2026-07-25T19:56:16.315+0000] {subprocess.py:93} INFO - 	at scala.collection.mutable.ResizableArray.foreach(ResizableArray.scala:62)
[2026-07-25T19:56:16.316+0000] {subprocess.py:93} INFO - 	at scala.collection.mutable.ResizableArray.foreach$(ResizableArray.scala:55)
[2026-07-25T19:56:16.332+0000] {subprocess.py:93} INFO - 	at scala.collection.mutable.ArrayBuffer.foreach(ArrayBuffer.scala:49)
[2026-07-25T19:56:16.333+0000] {subprocess.py:93} INFO - 	at org.apache.spark.SparkContext.<init>(SparkContext.scala:526)
[2026-07-25T19:56:16.334+0000] {subprocess.py:93} INFO - 	at org.apache.spark.api.java.JavaSparkContext.<init>(JavaSparkContext.scala:58)
[2026-07-25T19:56:16.377+0000] {subprocess.py:93} INFO - 	at java.base/jdk.internal.reflect.NativeConstructorAccessorImpl.newInstance0(Native Method)
[2026-07-25T19:56:16.378+0000] {subprocess.py:93} INFO - 	at java.base/jdk.internal.reflect.NativeConstructorAccessorImpl.newInstance(NativeConstructorAccessorImpl.java:77)
[2026-07-25T19:56:16.383+0000] {subprocess.py:93} INFO - 	at java.base/jdk.internal.reflect.DelegatingConstructorAccessorImpl.newInstance(DelegatingConstructorAccessorImpl.java:45)
[2026-07-25T19:56:16.384+0000] {subprocess.py:93} INFO - 	at java.base/java.lang.reflect.Constructor.newInstanceWithCaller(Constructor.java:500)
[2026-07-25T19:56:16.386+0000] {subprocess.py:93} INFO - 	at java.base/java.lang.reflect.Constructor.newInstance(Constructor.java:481)
[2026-07-25T19:56:16.420+0000] {subprocess.py:93} INFO - 	at py4j.reflection.MethodInvoker.invoke(MethodInvoker.java:247)
[2026-07-25T19:56:16.421+0000] {subprocess.py:93} INFO - 	at py4j.reflection.ReflectionEngine.invoke(ReflectionEngine.java:374)
[2026-07-25T19:56:16.422+0000] {subprocess.py:93} INFO - 	at py4j.Gateway.invoke(Gateway.java:238)
[2026-07-25T19:56:16.423+0000] {subprocess.py:93} INFO - 	at py4j.commands.ConstructorCommand.invokeConstructor(ConstructorCommand.java:80)
[2026-07-25T19:56:16.425+0000] {subprocess.py:93} INFO - 	at py4j.commands.ConstructorCommand.execute(ConstructorCommand.java:69)
[2026-07-25T19:56:16.426+0000] {subprocess.py:93} INFO - 	at py4j.ClientServerConnection.waitForCommands(ClientServerConnection.java:182)
[2026-07-25T19:56:16.427+0000] {subprocess.py:93} INFO - 	at py4j.ClientServerConnection.run(ClientServerConnection.java:106)
[2026-07-25T19:56:16.429+0000] {subprocess.py:93} INFO - 	at java.base/java.lang.Thread.run(Thread.java:840)
[2026-07-25T19:56:17.317+0000] {subprocess.py:93} INFO - 26/07/25 19:56:17 INFO StandaloneAppClient$ClientEndpoint: Connecting to master spark://spark-master:7077...
[2026-07-25T19:56:17.683+0000] {subprocess.py:93} INFO - 26/07/25 19:56:17 INFO TransportClientFactory: Successfully created connection to spark-master/172.22.0.5:7077 after 158 ms (0 ms spent in bootstraps)
[2026-07-25T19:56:18.415+0000] {subprocess.py:93} INFO - 26/07/25 19:56:18 INFO StandaloneSchedulerBackend: Connected to Spark cluster with app ID app-20260725195618-0008
[2026-07-25T19:56:18.428+0000] {subprocess.py:93} INFO - 26/07/25 19:56:18 INFO StandaloneAppClient$ClientEndpoint: Executor added: app-20260725195618-0008/0 on worker-20260725194459-172.22.0.8-43525 (172.22.0.8:43525) with 8 core(s)
[2026-07-25T19:56:18.433+0000] {subprocess.py:93} INFO - 26/07/25 19:56:18 INFO StandaloneSchedulerBackend: Granted executor ID app-20260725195618-0008/0 on hostPort 172.22.0.8:43525 with 8 core(s), 1024.0 MiB RAM
[2026-07-25T19:56:18.486+0000] {subprocess.py:93} INFO - 26/07/25 19:56:18 INFO Utils: Successfully started service 'org.apache.spark.network.netty.NettyBlockTransferService' on port 35489.
[2026-07-25T19:56:18.488+0000] {subprocess.py:93} INFO - 26/07/25 19:56:18 INFO NettyBlockTransferService: Server created on 8e34fafe5529:35489
[2026-07-25T19:56:18.514+0000] {subprocess.py:93} INFO - 26/07/25 19:56:18 INFO BlockManager: Using org.apache.spark.storage.RandomBlockReplicationPolicy for block replication policy
[2026-07-25T19:56:18.607+0000] {subprocess.py:93} INFO - 26/07/25 19:56:18 INFO BlockManagerMaster: Registering BlockManager BlockManagerId(driver, 8e34fafe5529, 35489, None)
[2026-07-25T19:56:18.621+0000] {subprocess.py:93} INFO - 26/07/25 19:56:18 INFO BlockManagerMasterEndpoint: Registering block manager 8e34fafe5529:35489 with 434.4 MiB RAM, BlockManagerId(driver, 8e34fafe5529, 35489, None)
[2026-07-25T19:56:18.651+0000] {subprocess.py:93} INFO - 26/07/25 19:56:18 INFO BlockManagerMaster: Registered BlockManager BlockManagerId(driver, 8e34fafe5529, 35489, None)
[2026-07-25T19:56:18.661+0000] {subprocess.py:93} INFO - 26/07/25 19:56:18 INFO BlockManager: Initialized BlockManager: BlockManagerId(driver, 8e34fafe5529, 35489, None)
[2026-07-25T19:56:18.719+0000] {subprocess.py:93} INFO - 26/07/25 19:56:18 INFO StandaloneAppClient$ClientEndpoint: Executor updated: app-20260725195618-0008/0 is now RUNNING
[2026-07-25T19:56:18.653+0000] {subprocess.py:93} INFO - 26/07/25 19:56:18 INFO StandaloneSchedulerBackend: SchedulerBackend is ready for scheduling beginning after reached minRegisteredResourcesRatio: 0.0
[2026-07-25T19:56:20.188+0000] {subprocess.py:93} INFO - 26/07/25 19:56:20 INFO SharedState: Setting hive.metastore.warehouse.dir ('null') to the value of spark.sql.warehouse.dir.
[2026-07-25T19:56:20.226+0000] {subprocess.py:93} INFO - 26/07/25 19:56:20 INFO SharedState: Warehouse path is 'file:/opt/project/spark-warehouse'.
[2026-07-25T19:56:25.474+0000] {subprocess.py:93} INFO - Traceback (most recent call last):
[2026-07-25T19:56:25.509+0000] {subprocess.py:93} INFO -   File "spark_jobs/dimensions/dim_usage.py", line 31, in <module>
[2026-07-25T19:56:25.525+0000] {subprocess.py:93} INFO -     usages = spark.read.jdbc(
[2026-07-25T19:56:25.563+0000] {subprocess.py:93} INFO -   File "/home/***/.local/lib/python3.8/site-packages/pyspark/sql/readwriter.py", line 946, in jdbc
[2026-07-25T19:56:25.569+0000] {subprocess.py:93} INFO -     return self._df(self._jreader.jdbc(url, table, jprop))
[2026-07-25T19:56:25.577+0000] {subprocess.py:93} INFO -   File "/home/***/.local/lib/python3.8/site-packages/py4j/java_gateway.py", line 1322, in __call__
[2026-07-25T19:56:25.586+0000] {subprocess.py:93} INFO -     return_value = get_return_value(
[2026-07-25T19:56:25.607+0000] {subprocess.py:93} INFO -   File "/home/***/.local/lib/python3.8/site-packages/pyspark/errors/exceptions/captured.py", line 179, in deco
[2026-07-25T19:56:25.617+0000] {subprocess.py:93} INFO -     return f(*a, **kw)
[2026-07-25T19:56:25.633+0000] {subprocess.py:93} INFO -   File "/home/***/.local/lib/python3.8/site-packages/py4j/protocol.py", line 326, in get_return_value
[2026-07-25T19:56:25.639+0000] {subprocess.py:93} INFO -     raise Py4JJavaError(
[2026-07-25T19:56:25.648+0000] {subprocess.py:93} INFO - py4j.protocol.Py4JJavaError: An error occurred while calling o29.jdbc.
[2026-07-25T19:56:25.665+0000] {subprocess.py:93} INFO - : java.lang.ClassNotFoundException: org.postgresql.Driver
[2026-07-25T19:56:25.669+0000] {subprocess.py:93} INFO - 	at java.base/java.net.URLClassLoader.findClass(URLClassLoader.java:445)
[2026-07-25T19:56:25.677+0000] {subprocess.py:93} INFO - 	at java.base/java.lang.ClassLoader.loadClass(ClassLoader.java:592)
[2026-07-25T19:56:25.706+0000] {subprocess.py:93} INFO - 	at java.base/java.lang.ClassLoader.loadClass(ClassLoader.java:525)
[2026-07-25T19:56:25.707+0000] {subprocess.py:93} INFO - 	at org.apache.spark.sql.execution.datasources.jdbc.DriverRegistry$.register(DriverRegistry.scala:46)
[2026-07-25T19:56:25.712+0000] {subprocess.py:93} INFO - 	at org.apache.spark.sql.execution.datasources.jdbc.JDBCOptions.$anonfun$driverClass$1(JDBCOptions.scala:103)
[2026-07-25T19:56:25.714+0000] {subprocess.py:93} INFO - 	at org.apache.spark.sql.execution.datasources.jdbc.JDBCOptions.$anonfun$driverClass$1$adapted(JDBCOptions.scala:103)
[2026-07-25T19:56:25.721+0000] {subprocess.py:93} INFO - 	at scala.Option.foreach(Option.scala:407)
[2026-07-25T19:56:25.723+0000] {subprocess.py:93} INFO - 	at org.apache.spark.sql.execution.datasources.jdbc.JDBCOptions.<init>(JDBCOptions.scala:103)
[2026-07-25T19:56:25.724+0000] {subprocess.py:93} INFO - 	at org.apache.spark.sql.execution.datasources.jdbc.JDBCOptions.<init>(JDBCOptions.scala:41)
[2026-07-25T19:56:25.726+0000] {subprocess.py:93} INFO - 	at org.apache.spark.sql.execution.datasources.jdbc.JdbcRelationProvider.createRelation(JdbcRelationProvider.scala:34)
[2026-07-25T19:56:25.727+0000] {subprocess.py:93} INFO - 	at org.apache.spark.sql.execution.datasources.DataSource.resolveRelation(DataSource.scala:346)
[2026-07-25T19:56:25.728+0000] {subprocess.py:93} INFO - 	at org.apache.spark.sql.DataFrameReader.loadV1Source(DataFrameReader.scala:229)
[2026-07-25T19:56:25.731+0000] {subprocess.py:93} INFO - 	at org.apache.spark.sql.DataFrameReader.$anonfun$load$2(DataFrameReader.scala:211)
[2026-07-25T19:56:25.732+0000] {subprocess.py:93} INFO - 	at scala.Option.getOrElse(Option.scala:189)
[2026-07-25T19:56:25.745+0000] {subprocess.py:93} INFO - 	at org.apache.spark.sql.DataFrameReader.load(DataFrameReader.scala:211)
[2026-07-25T19:56:25.746+0000] {subprocess.py:93} INFO - 	at org.apache.spark.sql.DataFrameReader.load(DataFrameReader.scala:172)
[2026-07-25T19:56:25.751+0000] {subprocess.py:93} INFO - 	at org.apache.spark.sql.DataFrameReader.jdbc(DataFrameReader.scala:249)
[2026-07-25T19:56:25.752+0000] {subprocess.py:93} INFO - 	at java.base/jdk.internal.reflect.NativeMethodAccessorImpl.invoke0(Native Method)
[2026-07-25T19:56:25.765+0000] {subprocess.py:93} INFO - 	at java.base/jdk.internal.reflect.NativeMethodAccessorImpl.invoke(NativeMethodAccessorImpl.java:77)
[2026-07-25T19:56:25.766+0000] {subprocess.py:93} INFO - 	at java.base/jdk.internal.reflect.DelegatingMethodAccessorImpl.invoke(DelegatingMethodAccessorImpl.java:43)
[2026-07-25T19:56:25.768+0000] {subprocess.py:93} INFO - 	at java.base/java.lang.reflect.Method.invoke(Method.java:569)
[2026-07-25T19:56:25.769+0000] {subprocess.py:93} INFO - 	at py4j.reflection.MethodInvoker.invoke(MethodInvoker.java:244)
[2026-07-25T19:56:25.770+0000] {subprocess.py:93} INFO - 	at py4j.reflection.ReflectionEngine.invoke(ReflectionEngine.java:374)
[2026-07-25T19:56:25.771+0000] {subprocess.py:93} INFO - 	at py4j.Gateway.invoke(Gateway.java:282)
[2026-07-25T19:56:25.771+0000] {subprocess.py:93} INFO - 	at py4j.commands.AbstractCommand.invokeMethod(AbstractCommand.java:132)
[2026-07-25T19:56:25.775+0000] {subprocess.py:93} INFO - 	at py4j.commands.CallCommand.execute(CallCommand.java:79)
[2026-07-25T19:56:25.776+0000] {subprocess.py:93} INFO - 	at py4j.ClientServerConnection.waitForCommands(ClientServerConnection.java:182)
[2026-07-25T19:56:25.785+0000] {subprocess.py:93} INFO - 	at py4j.ClientServerConnection.run(ClientServerConnection.java:106)
[2026-07-25T19:56:25.786+0000] {subprocess.py:93} INFO - 	at java.base/java.lang.Thread.run(Thread.java:840)
[2026-07-25T19:56:25.787+0000] {subprocess.py:93} INFO - 
[2026-07-25T19:56:25.788+0000] {subprocess.py:93} INFO - 26/07/25 19:56:25 INFO SparkContext: Invoking stop() from shutdown hook
[2026-07-25T19:56:25.789+0000] {subprocess.py:93} INFO - 26/07/25 19:56:25 INFO SparkContext: SparkContext is stopping with exitCode 0.
[2026-07-25T19:56:25.809+0000] {subprocess.py:93} INFO - 26/07/25 19:56:25 INFO SparkUI: Stopped Spark web UI at http://8e34fafe5529:4040
[2026-07-25T19:56:25.826+0000] {subprocess.py:93} INFO - 26/07/25 19:56:25 INFO StandaloneSchedulerBackend: Shutting down all executors
[2026-07-25T19:56:25.827+0000] {subprocess.py:93} INFO - 26/07/25 19:56:25 INFO StandaloneSchedulerBackend$StandaloneDriverEndpoint: Asking each executor to shut down
[2026-07-25T19:56:25.893+0000] {subprocess.py:93} INFO - 26/07/25 19:56:25 INFO MapOutputTrackerMasterEndpoint: MapOutputTrackerMasterEndpoint stopped!
[2026-07-25T19:56:26.126+0000] {subprocess.py:93} INFO - 26/07/25 19:56:26 INFO MemoryStore: MemoryStore cleared
[2026-07-25T19:56:26.128+0000] {subprocess.py:93} INFO - 26/07/25 19:56:26 INFO BlockManager: BlockManager stopped
[2026-07-25T19:56:26.173+0000] {subprocess.py:93} INFO - 26/07/25 19:56:26 INFO BlockManagerMaster: BlockManagerMaster stopped
[2026-07-25T19:56:26.175+0000] {subprocess.py:93} INFO - 26/07/25 19:56:26 ERROR TransportRequestHandler: Error sending result RpcResponse[requestId=7861341287520223080,body=NioManagedBuffer[buf=java.nio.HeapByteBuffer[pos=0 lim=47 cap=64]]] to /172.22.0.8:48440; closing connection
[2026-07-25T19:56:26.181+0000] {subprocess.py:93} INFO - java.io.IOException: Broken pipe
[2026-07-25T19:56:26.183+0000] {subprocess.py:93} INFO - 	at java.base/sun.nio.ch.FileDispatcherImpl.write0(Native Method)
[2026-07-25T19:56:26.185+0000] {subprocess.py:93} INFO - 	at java.base/sun.nio.ch.SocketDispatcher.write(SocketDispatcher.java:62)
[2026-07-25T19:56:26.189+0000] {subprocess.py:93} INFO - 	at java.base/sun.nio.ch.IOUtil.writeFromNativeBuffer(IOUtil.java:132)
[2026-07-25T19:56:26.190+0000] {subprocess.py:93} INFO - 	at java.base/sun.nio.ch.IOUtil.write(IOUtil.java:97)
[2026-07-25T19:56:26.192+0000] {subprocess.py:93} INFO - 	at java.base/sun.nio.ch.IOUtil.write(IOUtil.java:53)
[2026-07-25T19:56:26.193+0000] {subprocess.py:93} INFO - 	at java.base/sun.nio.ch.SocketChannelImpl.write(SocketChannelImpl.java:532)
[2026-07-25T19:56:26.197+0000] {subprocess.py:93} INFO - 	at org.apache.spark.network.protocol.MessageWithHeader.copyByteBuf(MessageWithHeader.java:148)
[2026-07-25T19:56:26.198+0000] {subprocess.py:93} INFO - 	at org.apache.spark.network.protocol.MessageWithHeader.transferTo(MessageWithHeader.java:123)
[2026-07-25T19:56:26.199+0000] {subprocess.py:93} INFO - 	at io.netty.channel.socket.nio.NioSocketChannel.doWriteFileRegion(NioSocketChannel.java:369)
[2026-07-25T19:56:26.203+0000] {subprocess.py:93} INFO - 	at io.netty.channel.nio.AbstractNioByteChannel.doWriteInternal(AbstractNioByteChannel.java:238)
[2026-07-25T19:56:26.205+0000] {subprocess.py:93} INFO - 	at io.netty.channel.nio.AbstractNioByteChannel.doWrite0(AbstractNioByteChannel.java:212)
[2026-07-25T19:56:26.209+0000] {subprocess.py:93} INFO - 	at io.netty.channel.socket.nio.NioSocketChannel.doWrite(NioSocketChannel.java:407)
[2026-07-25T19:56:26.210+0000] {subprocess.py:93} INFO - 	at io.netty.channel.AbstractChannel$AbstractUnsafe.flush0(AbstractChannel.java:931)
[2026-07-25T19:56:26.214+0000] {subprocess.py:93} INFO - 	at io.netty.channel.nio.AbstractNioChannel$AbstractNioUnsafe.flush0(AbstractNioChannel.java:354)
[2026-07-25T19:56:26.215+0000] {subprocess.py:93} INFO - 	at io.netty.channel.AbstractChannel$AbstractUnsafe.flush(AbstractChannel.java:895)
[2026-07-25T19:56:26.216+0000] {subprocess.py:93} INFO - 	at io.netty.channel.DefaultChannelPipeline$HeadContext.flush(DefaultChannelPipeline.java:1372)
[2026-07-25T19:56:26.222+0000] {subprocess.py:93} INFO - 	at io.netty.channel.AbstractChannelHandlerContext.invokeFlush0(AbstractChannelHandlerContext.java:921)
[2026-07-25T19:56:26.223+0000] {subprocess.py:93} INFO - 	at io.netty.channel.AbstractChannelHandlerContext.invokeFlush(AbstractChannelHandlerContext.java:907)
[2026-07-25T19:56:26.230+0000] {subprocess.py:93} INFO - 	at io.netty.channel.AbstractChannelHandlerContext.flush(AbstractChannelHandlerContext.java:893)
[2026-07-25T19:56:26.231+0000] {subprocess.py:93} INFO - 	at io.netty.channel.ChannelDuplexHandler.flush(ChannelDuplexHandler.java:127)
[2026-07-25T19:56:26.234+0000] {subprocess.py:93} INFO - 	at io.netty.channel.AbstractChannelHandlerContext.invokeFlush0(AbstractChannelHandlerContext.java:923)
[2026-07-25T19:56:26.244+0000] {subprocess.py:93} INFO - 	at io.netty.channel.AbstractChannelHandlerContext.invokeWriteAndFlush(AbstractChannelHandlerContext.java:941)
[2026-07-25T19:56:26.247+0000] {subprocess.py:93} INFO - 	at io.netty.channel.AbstractChannelHandlerContext$WriteTask.run(AbstractChannelHandlerContext.java:1247)
[2026-07-25T19:56:26.259+0000] {subprocess.py:93} INFO - 	at io.netty.util.concurrent.AbstractEventExecutor.runTask(AbstractEventExecutor.java:174)
[2026-07-25T19:56:26.261+0000] {subprocess.py:93} INFO - 	at io.netty.util.concurrent.AbstractEventExecutor.safeExecute(AbstractEventExecutor.java:167)
[2026-07-25T19:56:26.264+0000] {subprocess.py:93} INFO - 	at io.netty.util.concurrent.SingleThreadEventExecutor.runAllTasks(SingleThreadEventExecutor.java:470)
[2026-07-25T19:56:26.275+0000] {subprocess.py:93} INFO - 	at io.netty.channel.nio.NioEventLoop.run(NioEventLoop.java:566)
[2026-07-25T19:56:26.279+0000] {subprocess.py:93} INFO - 	at io.netty.util.concurrent.SingleThreadEventExecutor$4.run(SingleThreadEventExecutor.java:997)
[2026-07-25T19:56:26.280+0000] {subprocess.py:93} INFO - 	at io.netty.util.internal.ThreadExecutorMap$2.run(ThreadExecutorMap.java:74)
[2026-07-25T19:56:26.282+0000] {subprocess.py:93} INFO - 	at io.netty.util.concurrent.FastThreadLocalRunnable.run(FastThreadLocalRunnable.java:30)
[2026-07-25T19:56:26.283+0000] {subprocess.py:93} INFO - 	at java.base/java.lang.Thread.run(Thread.java:840)
[2026-07-25T19:56:26.284+0000] {subprocess.py:93} INFO - 26/07/25 19:56:26 INFO OutputCommitCoordinator$OutputCommitCoordinatorEndpoint: OutputCommitCoordinator stopped!
[2026-07-25T19:56:26.408+0000] {subprocess.py:93} INFO - 26/07/25 19:56:26 INFO SparkContext: Successfully stopped SparkContext
[2026-07-25T19:56:26.412+0000] {subprocess.py:93} INFO - 26/07/25 19:56:26 INFO ShutdownHookManager: Shutdown hook called
[2026-07-25T19:56:26.413+0000] {subprocess.py:93} INFO - 26/07/25 19:56:26 INFO ShutdownHookManager: Deleting directory /tmp/spark-85f3cea5-c8d4-4b57-8c1d-551a7b8a712e
[2026-07-25T19:56:26.490+0000] {subprocess.py:93} INFO - 26/07/25 19:56:26 INFO ShutdownHookManager: Deleting directory /tmp/spark-85f3cea5-c8d4-4b57-8c1d-551a7b8a712e/pyspark-7745421d-6b42-4ba7-a9c6-be4f8781a6a6
[2026-07-25T19:56:26.540+0000] {subprocess.py:93} INFO - 26/07/25 19:56:26 INFO ShutdownHookManager: Deleting directory /tmp/spark-d3d9030c-696a-4a4e-9b7c-be0c62d5eef0
[2026-07-25T19:56:27.385+0000] {subprocess.py:97} INFO - Command exited with return code 1
[2026-07-25T19:56:27.450+0000] {taskinstance.py:3301} ERROR - Task failed with exception
Traceback (most recent call last):
  File "/home/airflow/.local/lib/python3.8/site-packages/airflow/models/taskinstance.py", line 767, in _execute_task
    result = _execute_callable(context=context, **execute_callable_kwargs)
  File "/home/airflow/.local/lib/python3.8/site-packages/airflow/models/taskinstance.py", line 733, in _execute_callable
    return ExecutionCallableRunner(
  File "/home/airflow/.local/lib/python3.8/site-packages/airflow/utils/operator_helpers.py", line 252, in run
    return self.func(*args, **kwargs)
  File "/home/airflow/.local/lib/python3.8/site-packages/airflow/models/baseoperator.py", line 406, in wrapper
    return func(self, *args, **kwargs)
  File "/home/airflow/.local/lib/python3.8/site-packages/airflow/operators/bash.py", line 249, in execute
    raise AirflowException(
airflow.exceptions.AirflowException: Bash command failed. The command returned a non-zero exit code 1.
[2026-07-25T19:56:27.468+0000] {taskinstance.py:1225} INFO - Marking task as FAILED. dag_id=flex_eau_pipeline, task_id=dim_usage, run_id=scheduled__2026-07-24T00:00:00+00:00, execution_date=20260724T000000, start_date=20260725T195555, end_date=20260725T195627
[2026-07-25T19:56:27.525+0000] {taskinstance.py:340} INFO - ::group::Post task execution logs
[2026-07-25T19:56:27.537+0000] {standard_task_runner.py:124} ERROR - Failed to execute job 16 for task dim_usage (Bash command failed. The command returned a non-zero exit code 1.; 1675)
Traceback (most recent call last):
  File "/home/airflow/.local/lib/python3.8/site-packages/airflow/task/task_runner/standard_task_runner.py", line 117, in _start_by_fork
    ret = args.func(args, dag=self.dag)
  File "/home/airflow/.local/lib/python3.8/site-packages/airflow/cli/cli_config.py", line 49, in command
    return func(*args, **kwargs)
  File "/home/airflow/.local/lib/python3.8/site-packages/airflow/utils/cli.py", line 115, in wrapper
    return f(*args, **kwargs)
  File "/home/airflow/.local/lib/python3.8/site-packages/airflow/cli/commands/task_command.py", line 483, in task_run
    task_return_code = _run_task_by_selected_method(args, _dag, ti)
  File "/home/airflow/.local/lib/python3.8/site-packages/airflow/cli/commands/task_command.py", line 256, in _run_task_by_selected_method
    return _run_raw_task(args, ti)
  File "/home/airflow/.local/lib/python3.8/site-packages/airflow/cli/commands/task_command.py", line 341, in _run_raw_task
    return ti._run_raw_task(
  File "/home/airflow/.local/lib/python3.8/site-packages/airflow/utils/session.py", line 97, in wrapper
    return func(*args, session=session, **kwargs)
  File "/home/airflow/.local/lib/python3.8/site-packages/airflow/models/taskinstance.py", line 2995, in _run_raw_task
    return _run_raw_task(
  File "/home/airflow/.local/lib/python3.8/site-packages/airflow/models/taskinstance.py", line 273, in _run_raw_task
    TaskInstance._execute_task_with_callbacks(
  File "/home/airflow/.local/lib/python3.8/site-packages/airflow/models/taskinstance.py", line 3149, in _execute_task_with_callbacks
    result = self._execute_task(context, task_orig)
  File "/home/airflow/.local/lib/python3.8/site-packages/airflow/models/taskinstance.py", line 3173, in _execute_task
    return _execute_task(self, context, task_orig)
  File "/home/airflow/.local/lib/python3.8/site-packages/airflow/models/taskinstance.py", line 767, in _execute_task
    result = _execute_callable(context=context, **execute_callable_kwargs)
  File "/home/airflow/.local/lib/python3.8/site-packages/airflow/models/taskinstance.py", line 733, in _execute_callable
    return ExecutionCallableRunner(
  File "/home/airflow/.local/lib/python3.8/site-packages/airflow/utils/operator_helpers.py", line 252, in run
    return self.func(*args, **kwargs)
  File "/home/airflow/.local/lib/python3.8/site-packages/airflow/models/baseoperator.py", line 406, in wrapper
    return func(self, *args, **kwargs)
  File "/home/airflow/.local/lib/python3.8/site-packages/airflow/operators/bash.py", line 249, in execute
    raise AirflowException(
airflow.exceptions.AirflowException: Bash command failed. The command returned a non-zero exit code 1.
[2026-07-25T19:56:27.610+0000] {local_task_job_runner.py:261} INFO - Task exited with return code 1
[2026-07-25T19:56:27.666+0000] {local_task_job_runner.py:240} INFO - ::endgroup::
