[2026-06-19T13:00:58.703+0000] {local_task_job_runner.py:123} INFO - ::group::Pre task execution logs
[2026-06-19T13:00:58.738+0000] {taskinstance.py:2603} INFO - Dependencies all met for dep_context=non-requeueable deps ti=<TaskInstance: flex_eau_pipeline.ingestion_mysql_staging manual__2026-06-19T13:00:57.581868+00:00 [queued]>
[2026-06-19T13:00:58.752+0000] {taskinstance.py:2603} INFO - Dependencies all met for dep_context=requeueable deps ti=<TaskInstance: flex_eau_pipeline.ingestion_mysql_staging manual__2026-06-19T13:00:57.581868+00:00 [queued]>
[2026-06-19T13:00:58.753+0000] {taskinstance.py:2856} INFO - Starting attempt 1 of 1
[2026-06-19T13:00:58.794+0000] {taskinstance.py:2879} INFO - Executing <Task(BashOperator): ingestion_mysql_staging> on 2026-06-19 13:00:57.581868+00:00
[2026-06-19T13:00:58.812+0000] {logging_mixin.py:190} WARNING - /home/***/.local/lib/python3.12/site-packages/***/task/task_runner/standard_task_runner.py:70 DeprecationWarning: This process (pid=930) is multi-threaded, use of fork() may lead to deadlocks in the child.
[2026-06-19T13:00:58.810+0000] {standard_task_runner.py:104} INFO - Running: ['***', 'tasks', 'run', 'flex_eau_pipeline', 'ingestion_mysql_staging', 'manual__2026-06-19T13:00:57.581868+00:00', '--job-id', '12', '--raw', '--subdir', 'DAGS_FOLDER/flex_eau_pipeline.py', '--cfg-path', '/tmp/tmpgnbg0nhh']
[2026-06-19T13:00:58.815+0000] {standard_task_runner.py:72} INFO - Started process 931 to run task
[2026-06-19T13:00:58.815+0000] {standard_task_runner.py:105} INFO - Job 12: Subtask ingestion_mysql_staging
[2026-06-19T13:00:58.928+0000] {task_command.py:467} INFO - Running <TaskInstance: flex_eau_pipeline.ingestion_mysql_staging manual__2026-06-19T13:00:57.581868+00:00 [running]> on host 7614ee4a67ce
[2026-06-19T13:00:59.153+0000] {taskinstance.py:3122} INFO - Exporting env vars: AIRFLOW_CTX_DAG_OWNER='***' AIRFLOW_CTX_DAG_ID='flex_eau_pipeline' AIRFLOW_CTX_TASK_ID='ingestion_mysql_staging' AIRFLOW_CTX_EXECUTION_DATE='2026-06-19T13:00:57.581868+00:00' AIRFLOW_CTX_TRY_NUMBER='1' AIRFLOW_CTX_DAG_RUN_ID='manual__2026-06-19T13:00:57.581868+00:00'
[2026-06-19T13:00:59.156+0000] {taskinstance.py:731} INFO - ::endgroup::
[2026-06-19T13:00:59.209+0000] {subprocess.py:63} INFO - Tmp dir root location: /tmp
[2026-06-19T13:00:59.216+0000] {subprocess.py:75} INFO - Running command: ['/usr/bin/bash', '-c', '\n        cd /opt/project &&         python ingestion/mysql_to_staging.py\n        ']
[2026-06-19T13:00:59.241+0000] {subprocess.py:86} INFO - Output:
[2026-06-19T13:01:07.477+0000] {subprocess.py:93} INFO - 
[2026-06-19T13:01:07.479+0000] {subprocess.py:93} INFO - ===== regions =====
[2026-06-19T13:01:07.480+0000] {subprocess.py:93} INFO - Traceback (most recent call last):
[2026-06-19T13:01:07.481+0000] {subprocess.py:93} INFO -   File "/home/***/.local/lib/python3.12/site-packages/sqlalchemy/engine/base.py", line 3371, in _wrap_pool_connect
[2026-06-19T13:01:07.482+0000] {subprocess.py:93} INFO -     return fn()
[2026-06-19T13:01:07.483+0000] {subprocess.py:93} INFO -            ^^^^
[2026-06-19T13:01:07.484+0000] {subprocess.py:93} INFO -   File "/home/***/.local/lib/python3.12/site-packages/sqlalchemy/pool/base.py", line 327, in connect
[2026-06-19T13:01:07.485+0000] {subprocess.py:93} INFO -     return _ConnectionFairy._checkout(self)
[2026-06-19T13:01:07.486+0000] {subprocess.py:93} INFO -            ^^^^^^^^^^^^^^^^^^^^^^^^^^^^^^^^
[2026-06-19T13:01:07.487+0000] {subprocess.py:93} INFO -   File "/home/***/.local/lib/python3.12/site-packages/sqlalchemy/pool/base.py", line 894, in _checkout
[2026-06-19T13:01:07.487+0000] {subprocess.py:93} INFO -     fairy = _ConnectionRecord.checkout(pool)
[2026-06-19T13:01:07.488+0000] {subprocess.py:93} INFO -             ^^^^^^^^^^^^^^^^^^^^^^^^^^^^^^^^
[2026-06-19T13:01:07.489+0000] {subprocess.py:93} INFO -   File "/home/***/.local/lib/python3.12/site-packages/sqlalchemy/pool/base.py", line 493, in checkout
[2026-06-19T13:01:07.490+0000] {subprocess.py:93} INFO -     rec = pool._do_get()
[2026-06-19T13:01:07.490+0000] {subprocess.py:93} INFO -           ^^^^^^^^^^^^^^
[2026-06-19T13:01:07.491+0000] {subprocess.py:93} INFO -   File "/home/***/.local/lib/python3.12/site-packages/sqlalchemy/pool/impl.py", line 145, in _do_get
[2026-06-19T13:01:07.492+0000] {subprocess.py:93} INFO -     with util.safe_reraise():
[2026-06-19T13:01:07.493+0000] {subprocess.py:93} INFO -   File "/home/***/.local/lib/python3.12/site-packages/sqlalchemy/util/langhelpers.py", line 70, in __exit__
[2026-06-19T13:01:07.494+0000] {subprocess.py:93} INFO -     compat.raise_(
[2026-06-19T13:01:07.495+0000] {subprocess.py:93} INFO -   File "/home/***/.local/lib/python3.12/site-packages/sqlalchemy/util/compat.py", line 211, in raise_
[2026-06-19T13:01:07.497+0000] {subprocess.py:93} INFO -     raise exception
[2026-06-19T13:01:07.498+0000] {subprocess.py:93} INFO -   File "/home/***/.local/lib/python3.12/site-packages/sqlalchemy/pool/impl.py", line 143, in _do_get
[2026-06-19T13:01:07.499+0000] {subprocess.py:93} INFO -     return self._create_connection()
[2026-06-19T13:01:07.500+0000] {subprocess.py:93} INFO -            ^^^^^^^^^^^^^^^^^^^^^^^^^
[2026-06-19T13:01:07.501+0000] {subprocess.py:93} INFO -   File "/home/***/.local/lib/python3.12/site-packages/sqlalchemy/pool/base.py", line 273, in _create_connection
[2026-06-19T13:01:07.502+0000] {subprocess.py:93} INFO -     return _ConnectionRecord(self)
[2026-06-19T13:01:07.503+0000] {subprocess.py:93} INFO -            ^^^^^^^^^^^^^^^^^^^^^^^
[2026-06-19T13:01:07.504+0000] {subprocess.py:93} INFO -   File "/home/***/.local/lib/python3.12/site-packages/sqlalchemy/pool/base.py", line 388, in __init__
[2026-06-19T13:01:07.505+0000] {subprocess.py:93} INFO -     self.__connect()
[2026-06-19T13:01:07.505+0000] {subprocess.py:93} INFO -   File "/home/***/.local/lib/python3.12/site-packages/sqlalchemy/pool/base.py", line 690, in __connect
[2026-06-19T13:01:07.506+0000] {subprocess.py:93} INFO -     with util.safe_reraise():
[2026-06-19T13:01:07.507+0000] {subprocess.py:93} INFO -   File "/home/***/.local/lib/python3.12/site-packages/sqlalchemy/util/langhelpers.py", line 70, in __exit__
[2026-06-19T13:01:07.508+0000] {subprocess.py:93} INFO -     compat.raise_(
[2026-06-19T13:01:07.508+0000] {subprocess.py:93} INFO -   File "/home/***/.local/lib/python3.12/site-packages/sqlalchemy/util/compat.py", line 211, in raise_
[2026-06-19T13:01:07.509+0000] {subprocess.py:93} INFO -     raise exception
[2026-06-19T13:01:07.510+0000] {subprocess.py:93} INFO -   File "/home/***/.local/lib/python3.12/site-packages/sqlalchemy/pool/base.py", line 686, in __connect
[2026-06-19T13:01:07.511+0000] {subprocess.py:93} INFO -     self.dbapi_connection = connection = pool._invoke_creator(self)
[2026-06-19T13:01:07.512+0000] {subprocess.py:93} INFO -                                          ^^^^^^^^^^^^^^^^^^^^^^^^^^
[2026-06-19T13:01:07.512+0000] {subprocess.py:93} INFO -   File "/home/***/.local/lib/python3.12/site-packages/sqlalchemy/engine/create.py", line 574, in connect
[2026-06-19T13:01:07.513+0000] {subprocess.py:93} INFO -     return dialect.connect(*cargs, **cparams)
[2026-06-19T13:01:07.514+0000] {subprocess.py:93} INFO -            ^^^^^^^^^^^^^^^^^^^^^^^^^^^^^^^^^^
[2026-06-19T13:01:07.515+0000] {subprocess.py:93} INFO -   File "/home/***/.local/lib/python3.12/site-packages/sqlalchemy/engine/default.py", line 598, in connect
[2026-06-19T13:01:07.516+0000] {subprocess.py:93} INFO -     return self.dbapi.connect(*cargs, **cparams)
[2026-06-19T13:01:07.517+0000] {subprocess.py:93} INFO -            ^^^^^^^^^^^^^^^^^^^^^^^^^^^^^^^^^^^^^
[2026-06-19T13:01:07.517+0000] {subprocess.py:93} INFO -   File "/home/***/.local/lib/python3.12/site-packages/pymysql/connections.py", line 372, in __init__
[2026-06-19T13:01:07.518+0000] {subprocess.py:93} INFO -     self.connect()
[2026-06-19T13:01:07.518+0000] {subprocess.py:93} INFO -   File "/home/***/.local/lib/python3.12/site-packages/pymysql/connections.py", line 702, in connect
[2026-06-19T13:01:07.519+0000] {subprocess.py:93} INFO -     self._request_authentication()
[2026-06-19T13:01:07.520+0000] {subprocess.py:93} INFO -   File "/home/***/.local/lib/python3.12/site-packages/pymysql/connections.py", line 1000, in _request_authentication
[2026-06-19T13:01:07.521+0000] {subprocess.py:93} INFO -     auth_packet = self._read_packet()
[2026-06-19T13:01:07.521+0000] {subprocess.py:93} INFO -                   ^^^^^^^^^^^^^^^^^^^
[2026-06-19T13:01:07.522+0000] {subprocess.py:93} INFO -   File "/home/***/.local/lib/python3.12/site-packages/pymysql/connections.py", line 803, in _read_packet
[2026-06-19T13:01:07.523+0000] {subprocess.py:93} INFO -     packet.raise_for_error()
[2026-06-19T13:01:07.524+0000] {subprocess.py:93} INFO -   File "/home/***/.local/lib/python3.12/site-packages/pymysql/protocol.py", line 219, in raise_for_error
[2026-06-19T13:01:07.524+0000] {subprocess.py:93} INFO -     err.raise_mysql_exception(self._data)
[2026-06-19T13:01:07.525+0000] {subprocess.py:93} INFO -   File "/home/***/.local/lib/python3.12/site-packages/pymysql/err.py", line 154, in raise_mysql_exception
[2026-06-19T13:01:07.526+0000] {subprocess.py:93} INFO -     raise errorclass(errno, errval, sqlstate=sqlstate)
[2026-06-19T13:01:07.527+0000] {subprocess.py:93} INFO - pymysql.err.OperationalError: (1049, "Unknown database 'flex_operations_db'")
[2026-06-19T13:01:07.527+0000] {subprocess.py:93} INFO - 
[2026-06-19T13:01:07.528+0000] {subprocess.py:93} INFO - The above exception was the direct cause of the following exception:
[2026-06-19T13:01:07.529+0000] {subprocess.py:93} INFO - 
[2026-06-19T13:01:07.529+0000] {subprocess.py:93} INFO - Traceback (most recent call last):
[2026-06-19T13:01:07.530+0000] {subprocess.py:93} INFO -   File "/home/***/.local/lib/python3.12/site-packages/dlt/extract/pipe_iterator.py", line 274, in _get_source_item
[2026-06-19T13:01:07.531+0000] {subprocess.py:93} INFO -     pipe_item = next(gen)
[2026-06-19T13:01:07.531+0000] {subprocess.py:93} INFO -                 ^^^^^^^^^
[2026-06-19T13:01:07.532+0000] {subprocess.py:93} INFO -   File "/opt/project/ingestion/mysql_to_staging.py", line 24, in resource
[2026-06-19T13:01:07.533+0000] {subprocess.py:93} INFO -     df = pd.read_sql(query, mysql_engine)
[2026-06-19T13:01:07.534+0000] {subprocess.py:93} INFO -          ^^^^^^^^^^^^^^^^^^^^^^^^^^^^^^^^
[2026-06-19T13:01:07.534+0000] {subprocess.py:93} INFO -   File "/home/***/.local/lib/python3.12/site-packages/pandas/io/sql.py", line 652, in read_sql
[2026-06-19T13:01:07.535+0000] {subprocess.py:93} INFO -     with pandasSQL_builder(con) as pandas_sql:
[2026-06-19T13:01:07.536+0000] {subprocess.py:93} INFO -          ^^^^^^^^^^^^^^^^^^^^^^
[2026-06-19T13:01:07.536+0000] {subprocess.py:93} INFO -   File "/home/***/.local/lib/python3.12/site-packages/pandas/io/sql.py", line 851, in pandasSQL_builder
[2026-06-19T13:01:07.537+0000] {subprocess.py:93} INFO -     return SQLDatabase(con, schema, need_transaction)
[2026-06-19T13:01:07.537+0000] {subprocess.py:93} INFO -            ^^^^^^^^^^^^^^^^^^^^^^^^^^^^^^^^^^^^^^^^^^
[2026-06-19T13:01:07.538+0000] {subprocess.py:93} INFO -   File "/home/***/.local/lib/python3.12/site-packages/pandas/io/sql.py", line 1576, in __init__
[2026-06-19T13:01:07.539+0000] {subprocess.py:93} INFO -     con = self.exit_stack.enter_context(con.connect())
[2026-06-19T13:01:07.540+0000] {subprocess.py:93} INFO -                                         ^^^^^^^^^^^^^
[2026-06-19T13:01:07.540+0000] {subprocess.py:93} INFO -   File "/home/***/.local/lib/python3.12/site-packages/sqlalchemy/engine/base.py", line 3325, in connect
[2026-06-19T13:01:07.541+0000] {subprocess.py:93} INFO -     return self._connection_cls(self, close_with_result=close_with_result)
[2026-06-19T13:01:07.541+0000] {subprocess.py:93} INFO -            ^^^^^^^^^^^^^^^^^^^^^^^^^^^^^^^^^^^^^^^^^^^^^^^^^^^^^^^^^^^^^^^
[2026-06-19T13:01:07.542+0000] {subprocess.py:93} INFO -   File "/home/***/.local/lib/python3.12/site-packages/sqlalchemy/engine/base.py", line 96, in __init__
[2026-06-19T13:01:07.543+0000] {subprocess.py:93} INFO -     else engine.raw_connection()
[2026-06-19T13:01:07.543+0000] {subprocess.py:93} INFO -          ^^^^^^^^^^^^^^^^^^^^^^^
[2026-06-19T13:01:07.544+0000] {subprocess.py:93} INFO -   File "/home/***/.local/lib/python3.12/site-packages/sqlalchemy/engine/base.py", line 3404, in raw_connection
[2026-06-19T13:01:07.545+0000] {subprocess.py:93} INFO -     return self._wrap_pool_connect(self.pool.connect, _connection)
[2026-06-19T13:01:07.545+0000] {subprocess.py:93} INFO -            ^^^^^^^^^^^^^^^^^^^^^^^^^^^^^^^^^^^^^^^^^^^^^^^^^^^^^^^
[2026-06-19T13:01:07.546+0000] {subprocess.py:93} INFO -   File "/home/***/.local/lib/python3.12/site-packages/sqlalchemy/engine/base.py", line 3374, in _wrap_pool_connect
[2026-06-19T13:01:07.547+0000] {subprocess.py:93} INFO -     Connection._handle_dbapi_exception_noconnection(
[2026-06-19T13:01:07.548+0000] {subprocess.py:93} INFO -   File "/home/***/.local/lib/python3.12/site-packages/sqlalchemy/engine/base.py", line 2208, in _handle_dbapi_exception_noconnection
[2026-06-19T13:01:07.548+0000] {subprocess.py:93} INFO -     util.raise_(
[2026-06-19T13:01:07.549+0000] {subprocess.py:93} INFO -   File "/home/***/.local/lib/python3.12/site-packages/sqlalchemy/util/compat.py", line 211, in raise_
[2026-06-19T13:01:07.550+0000] {subprocess.py:93} INFO -     raise exception
[2026-06-19T13:01:07.550+0000] {subprocess.py:93} INFO -   File "/home/***/.local/lib/python3.12/site-packages/sqlalchemy/engine/base.py", line 3371, in _wrap_pool_connect
[2026-06-19T13:01:07.551+0000] {subprocess.py:93} INFO -     return fn()
[2026-06-19T13:01:07.552+0000] {subprocess.py:93} INFO -            ^^^^
[2026-06-19T13:01:07.553+0000] {subprocess.py:93} INFO -   File "/home/***/.local/lib/python3.12/site-packages/sqlalchemy/pool/base.py", line 327, in connect
[2026-06-19T13:01:07.554+0000] {subprocess.py:93} INFO -     return _ConnectionFairy._checkout(self)
[2026-06-19T13:01:07.555+0000] {subprocess.py:93} INFO -            ^^^^^^^^^^^^^^^^^^^^^^^^^^^^^^^^
[2026-06-19T13:01:07.555+0000] {subprocess.py:93} INFO -   File "/home/***/.local/lib/python3.12/site-packages/sqlalchemy/pool/base.py", line 894, in _checkout
[2026-06-19T13:01:07.556+0000] {subprocess.py:93} INFO -     fairy = _ConnectionRecord.checkout(pool)
[2026-06-19T13:01:07.557+0000] {subprocess.py:93} INFO -             ^^^^^^^^^^^^^^^^^^^^^^^^^^^^^^^^
[2026-06-19T13:01:07.557+0000] {subprocess.py:93} INFO -   File "/home/***/.local/lib/python3.12/site-packages/sqlalchemy/pool/base.py", line 493, in checkout
[2026-06-19T13:01:07.558+0000] {subprocess.py:93} INFO -     rec = pool._do_get()
[2026-06-19T13:01:07.559+0000] {subprocess.py:93} INFO -           ^^^^^^^^^^^^^^
[2026-06-19T13:01:07.560+0000] {subprocess.py:93} INFO -   File "/home/***/.local/lib/python3.12/site-packages/sqlalchemy/pool/impl.py", line 145, in _do_get
[2026-06-19T13:01:07.560+0000] {subprocess.py:93} INFO -     with util.safe_reraise():
[2026-06-19T13:01:07.561+0000] {subprocess.py:93} INFO -   File "/home/***/.local/lib/python3.12/site-packages/sqlalchemy/util/langhelpers.py", line 70, in __exit__
[2026-06-19T13:01:07.562+0000] {subprocess.py:93} INFO -     compat.raise_(
[2026-06-19T13:01:07.563+0000] {subprocess.py:93} INFO -   File "/home/***/.local/lib/python3.12/site-packages/sqlalchemy/util/compat.py", line 211, in raise_
[2026-06-19T13:01:07.564+0000] {subprocess.py:93} INFO -     raise exception
[2026-06-19T13:01:07.564+0000] {subprocess.py:93} INFO -   File "/home/***/.local/lib/python3.12/site-packages/sqlalchemy/pool/impl.py", line 143, in _do_get
[2026-06-19T13:01:07.565+0000] {subprocess.py:93} INFO -     return self._create_connection()
[2026-06-19T13:01:07.566+0000] {subprocess.py:93} INFO -            ^^^^^^^^^^^^^^^^^^^^^^^^^
[2026-06-19T13:01:07.567+0000] {subprocess.py:93} INFO -   File "/home/***/.local/lib/python3.12/site-packages/sqlalchemy/pool/base.py", line 273, in _create_connection
[2026-06-19T13:01:07.568+0000] {subprocess.py:93} INFO -     return _ConnectionRecord(self)
[2026-06-19T13:01:07.569+0000] {subprocess.py:93} INFO -            ^^^^^^^^^^^^^^^^^^^^^^^
[2026-06-19T13:01:07.569+0000] {subprocess.py:93} INFO -   File "/home/***/.local/lib/python3.12/site-packages/sqlalchemy/pool/base.py", line 388, in __init__
[2026-06-19T13:01:07.570+0000] {subprocess.py:93} INFO -     self.__connect()
[2026-06-19T13:01:07.571+0000] {subprocess.py:93} INFO -   File "/home/***/.local/lib/python3.12/site-packages/sqlalchemy/pool/base.py", line 690, in __connect
[2026-06-19T13:01:07.572+0000] {subprocess.py:93} INFO -     with util.safe_reraise():
[2026-06-19T13:01:07.572+0000] {subprocess.py:93} INFO -   File "/home/***/.local/lib/python3.12/site-packages/sqlalchemy/util/langhelpers.py", line 70, in __exit__
[2026-06-19T13:01:07.573+0000] {subprocess.py:93} INFO -     compat.raise_(
[2026-06-19T13:01:07.573+0000] {subprocess.py:93} INFO -   File "/home/***/.local/lib/python3.12/site-packages/sqlalchemy/util/compat.py", line 211, in raise_
[2026-06-19T13:01:07.574+0000] {subprocess.py:93} INFO -     raise exception
[2026-06-19T13:01:07.575+0000] {subprocess.py:93} INFO -   File "/home/***/.local/lib/python3.12/site-packages/sqlalchemy/pool/base.py", line 686, in __connect
[2026-06-19T13:01:07.575+0000] {subprocess.py:93} INFO -     self.dbapi_connection = connection = pool._invoke_creator(self)
[2026-06-19T13:01:07.576+0000] {subprocess.py:93} INFO -                                          ^^^^^^^^^^^^^^^^^^^^^^^^^^
[2026-06-19T13:01:07.577+0000] {subprocess.py:93} INFO -   File "/home/***/.local/lib/python3.12/site-packages/sqlalchemy/engine/create.py", line 574, in connect
[2026-06-19T13:01:07.577+0000] {subprocess.py:93} INFO -     return dialect.connect(*cargs, **cparams)
[2026-06-19T13:01:07.578+0000] {subprocess.py:93} INFO -            ^^^^^^^^^^^^^^^^^^^^^^^^^^^^^^^^^^
[2026-06-19T13:01:07.579+0000] {subprocess.py:93} INFO -   File "/home/***/.local/lib/python3.12/site-packages/sqlalchemy/engine/default.py", line 598, in connect
[2026-06-19T13:01:07.580+0000] {subprocess.py:93} INFO -     return self.dbapi.connect(*cargs, **cparams)
[2026-06-19T13:01:07.581+0000] {subprocess.py:93} INFO -            ^^^^^^^^^^^^^^^^^^^^^^^^^^^^^^^^^^^^^
[2026-06-19T13:01:07.582+0000] {subprocess.py:93} INFO -   File "/home/***/.local/lib/python3.12/site-packages/pymysql/connections.py", line 372, in __init__
[2026-06-19T13:01:07.583+0000] {subprocess.py:93} INFO -     self.connect()
[2026-06-19T13:01:07.584+0000] {subprocess.py:93} INFO -   File "/home/***/.local/lib/python3.12/site-packages/pymysql/connections.py", line 702, in connect
[2026-06-19T13:01:07.585+0000] {subprocess.py:93} INFO -     self._request_authentication()
[2026-06-19T13:01:07.585+0000] {subprocess.py:93} INFO -   File "/home/***/.local/lib/python3.12/site-packages/pymysql/connections.py", line 1000, in _request_authentication
[2026-06-19T13:01:07.586+0000] {subprocess.py:93} INFO -     auth_packet = self._read_packet()
[2026-06-19T13:01:07.587+0000] {subprocess.py:93} INFO -                   ^^^^^^^^^^^^^^^^^^^
[2026-06-19T13:01:07.588+0000] {subprocess.py:93} INFO -   File "/home/***/.local/lib/python3.12/site-packages/pymysql/connections.py", line 803, in _read_packet
[2026-06-19T13:01:07.588+0000] {subprocess.py:93} INFO -     packet.raise_for_error()
[2026-06-19T13:01:07.589+0000] {subprocess.py:93} INFO -   File "/home/***/.local/lib/python3.12/site-packages/pymysql/protocol.py", line 219, in raise_for_error
[2026-06-19T13:01:07.590+0000] {subprocess.py:93} INFO -     err.raise_mysql_exception(self._data)
[2026-06-19T13:01:07.591+0000] {subprocess.py:93} INFO -   File "/home/***/.local/lib/python3.12/site-packages/pymysql/err.py", line 154, in raise_mysql_exception
[2026-06-19T13:01:07.592+0000] {subprocess.py:93} INFO -     raise errorclass(errno, errval, sqlstate=sqlstate)
[2026-06-19T13:01:07.593+0000] {subprocess.py:93} INFO - sqlalchemy.exc.OperationalError: (pymysql.err.OperationalError) (1049, "Unknown database 'flex_operations_db'")
[2026-06-19T13:01:07.594+0000] {subprocess.py:93} INFO - (Background on this error at: https://sqlalche.me/e/14/e3q8)
[2026-06-19T13:01:07.595+0000] {subprocess.py:93} INFO - 
[2026-06-19T13:01:07.595+0000] {subprocess.py:93} INFO - The above exception was the direct cause of the following exception:
[2026-06-19T13:01:07.596+0000] {subprocess.py:93} INFO - 
[2026-06-19T13:01:07.597+0000] {subprocess.py:93} INFO - Traceback (most recent call last):
[2026-06-19T13:01:07.598+0000] {subprocess.py:93} INFO -   File "/home/***/.local/lib/python3.12/site-packages/dlt/pipeline/pipeline.py", line 500, in extract
[2026-06-19T13:01:07.599+0000] {subprocess.py:93} INFO -     self._extract_source(
[2026-06-19T13:01:07.599+0000] {subprocess.py:93} INFO -   File "/home/***/.local/lib/python3.12/site-packages/dlt/pipeline/pipeline.py", line 1437, in _extract_source
[2026-06-19T13:01:07.600+0000] {subprocess.py:93} INFO -     load_id = extract.extract(
[2026-06-19T13:01:07.601+0000] {subprocess.py:93} INFO -               ^^^^^^^^^^^^^^^^
[2026-06-19T13:01:07.602+0000] {subprocess.py:93} INFO -   File "/home/***/.local/lib/python3.12/site-packages/dlt/extract/extract.py", line 592, in extract
[2026-06-19T13:01:07.602+0000] {subprocess.py:93} INFO -     self._extract_single_source(
[2026-06-19T13:01:07.603+0000] {subprocess.py:93} INFO -   File "/home/***/.local/lib/python3.12/site-packages/dlt/extract/extract.py", line 509, in _extract_single_source
[2026-06-19T13:01:07.604+0000] {subprocess.py:93} INFO -     for pipe_item in pipes:
[2026-06-19T13:01:07.604+0000] {subprocess.py:93} INFO -                      ^^^^^
[2026-06-19T13:01:07.605+0000] {subprocess.py:93} INFO -   File "/home/***/.local/lib/python3.12/site-packages/dlt/extract/pipe_iterator.py", line 158, in __next__
[2026-06-19T13:01:07.606+0000] {subprocess.py:93} INFO -     pipe_item = self._get_source_item()
[2026-06-19T13:01:07.606+0000] {subprocess.py:93} INFO -                 ^^^^^^^^^^^^^^^^^^^^^^^
[2026-06-19T13:01:07.607+0000] {subprocess.py:93} INFO -   File "/home/***/.local/lib/python3.12/site-packages/dlt/extract/pipe_iterator.py", line 304, in _get_source_item
[2026-06-19T13:01:07.608+0000] {subprocess.py:93} INFO -     raise ResourceExtractionError(pipe.name, gen, str(ex), "generator") from ex
[2026-06-19T13:01:07.609+0000] {subprocess.py:93} INFO - dlt.extract.exceptions.ResourceExtractionError: In processing pipe `regions`: extraction of resource `regions` in `generator` `resource` caused an exception: (pymysql.err.OperationalError) (1049, "Unknown database 'flex_operations_db'")
[2026-06-19T13:01:07.609+0000] {subprocess.py:93} INFO - (Background on this error at: https://sqlalche.me/e/14/e3q8)
[2026-06-19T13:01:07.610+0000] {subprocess.py:93} INFO - 
[2026-06-19T13:01:07.611+0000] {subprocess.py:93} INFO - The above exception was the direct cause of the following exception:
[2026-06-19T13:01:07.612+0000] {subprocess.py:93} INFO - 
[2026-06-19T13:01:07.613+0000] {subprocess.py:93} INFO - Traceback (most recent call last):
[2026-06-19T13:01:07.613+0000] {subprocess.py:93} INFO -   File "/opt/project/ingestion/mysql_to_staging.py", line 42, in <module>
[2026-06-19T13:01:07.614+0000] {subprocess.py:93} INFO -     load_info = pipeline.run(
[2026-06-19T13:01:07.615+0000] {subprocess.py:93} INFO -                 ^^^^^^^^^^^^^
[2026-06-19T13:01:07.616+0000] {subprocess.py:93} INFO -   File "/home/***/.local/lib/python3.12/site-packages/dlt/pipeline/pipeline.py", line 231, in _wrap
[2026-06-19T13:01:07.616+0000] {subprocess.py:93} INFO -     step_info = f(self, *args, **kwargs)
[2026-06-19T13:01:07.617+0000] {subprocess.py:93} INFO -                 ^^^^^^^^^^^^^^^^^^^^^^^^
[2026-06-19T13:01:07.618+0000] {subprocess.py:93} INFO -   File "/home/***/.local/lib/python3.12/site-packages/dlt/pipeline/pipeline.py", line 279, in _wrap
[2026-06-19T13:01:07.618+0000] {subprocess.py:93} INFO -     return f(self, *args, **kwargs)
[2026-06-19T13:01:07.619+0000] {subprocess.py:93} INFO -            ^^^^^^^^^^^^^^^^^^^^^^^^
[2026-06-19T13:01:07.620+0000] {subprocess.py:93} INFO -   File "/home/***/.local/lib/python3.12/site-packages/dlt/pipeline/pipeline.py", line 777, in run
[2026-06-19T13:01:07.621+0000] {subprocess.py:93} INFO -     self.extract(
[2026-06-19T13:01:07.621+0000] {subprocess.py:93} INFO -   File "/home/***/.local/lib/python3.12/site-packages/dlt/pipeline/pipeline.py", line 231, in _wrap
[2026-06-19T13:01:07.622+0000] {subprocess.py:93} INFO -     step_info = f(self, *args, **kwargs)
[2026-06-19T13:01:07.623+0000] {subprocess.py:93} INFO -                 ^^^^^^^^^^^^^^^^^^^^^^^^
[2026-06-19T13:01:07.624+0000] {subprocess.py:93} INFO -   File "/home/***/.local/lib/python3.12/site-packages/dlt/pipeline/pipeline.py", line 170, in _wrap
[2026-06-19T13:01:07.624+0000] {subprocess.py:93} INFO -     return f(self, *args, **kwargs)
[2026-06-19T13:01:07.625+0000] {subprocess.py:93} INFO -            ^^^^^^^^^^^^^^^^^^^^^^^^
[2026-06-19T13:01:07.626+0000] {subprocess.py:93} INFO -   File "/home/***/.local/lib/python3.12/site-packages/dlt/pipeline/pipeline.py", line 184, in _wrap
[2026-06-19T13:01:07.627+0000] {subprocess.py:93} INFO -     rv = f(self, *args, **kwargs)
[2026-06-19T13:01:07.627+0000] {subprocess.py:93} INFO -          ^^^^^^^^^^^^^^^^^^^^^^^^
[2026-06-19T13:01:07.629+0000] {subprocess.py:93} INFO -   File "/home/***/.local/lib/python3.12/site-packages/dlt/pipeline/pipeline.py", line 279, in _wrap
[2026-06-19T13:01:07.630+0000] {subprocess.py:93} INFO -     return f(self, *args, **kwargs)
[2026-06-19T13:01:07.630+0000] {subprocess.py:93} INFO -            ^^^^^^^^^^^^^^^^^^^^^^^^
[2026-06-19T13:01:07.631+0000] {subprocess.py:93} INFO -   File "/home/***/.local/lib/python3.12/site-packages/dlt/pipeline/pipeline.py", line 523, in extract
[2026-06-19T13:01:07.632+0000] {subprocess.py:93} INFO -     raise PipelineStepFailed(
[2026-06-19T13:01:07.633+0000] {subprocess.py:93} INFO - dlt.pipeline.exceptions.PipelineStepFailed: Pipeline execution failed at `step=extract` when processing package with `load_id=1781874067.0341532` with exception:
[2026-06-19T13:01:07.634+0000] {subprocess.py:93} INFO - 
[2026-06-19T13:01:07.634+0000] {subprocess.py:93} INFO - <class 'dlt.extract.exceptions.ResourceExtractionError'>
[2026-06-19T13:01:07.635+0000] {subprocess.py:93} INFO - In processing pipe `regions`: extraction of resource `regions` in `generator` `resource` caused an exception: (pymysql.err.OperationalError) (1049, "Unknown database 'flex_operations_db'")
[2026-06-19T13:01:07.636+0000] {subprocess.py:93} INFO - (Background on this error at: https://sqlalche.me/e/14/e3q8)
[2026-06-19T13:01:08.716+0000] {subprocess.py:97} INFO - Command exited with return code 1
[2026-06-19T13:01:08.776+0000] {taskinstance.py:3301} ERROR - Task failed with exception
Traceback (most recent call last):
  File "/home/airflow/.local/lib/python3.12/site-packages/airflow/models/taskinstance.py", line 767, in _execute_task
    result = _execute_callable(context=context, **execute_callable_kwargs)
             ^^^^^^^^^^^^^^^^^^^^^^^^^^^^^^^^^^^^^^^^^^^^^^^^^^^^^^^^^^^^^
  File "/home/airflow/.local/lib/python3.12/site-packages/airflow/models/taskinstance.py", line 733, in _execute_callable
    return ExecutionCallableRunner(
           ^^^^^^^^^^^^^^^^^^^^^^^^
  File "/home/airflow/.local/lib/python3.12/site-packages/airflow/utils/operator_helpers.py", line 252, in run
    return self.func(*args, **kwargs)
           ^^^^^^^^^^^^^^^^^^^^^^^^^^
  File "/home/airflow/.local/lib/python3.12/site-packages/airflow/models/baseoperator.py", line 406, in wrapper
    return func(self, *args, **kwargs)
           ^^^^^^^^^^^^^^^^^^^^^^^^^^^
  File "/home/airflow/.local/lib/python3.12/site-packages/airflow/operators/bash.py", line 249, in execute
    raise AirflowException(
airflow.exceptions.AirflowException: Bash command failed. The command returned a non-zero exit code 1.
[2026-06-19T13:01:08.802+0000] {taskinstance.py:1225} INFO - Marking task as FAILED. dag_id=flex_eau_pipeline, task_id=ingestion_mysql_staging, run_id=manual__2026-06-19T13:00:57.581868+00:00, execution_date=20260619T130057, start_date=20260619T130058, end_date=20260619T130108
[2026-06-19T13:01:08.865+0000] {taskinstance.py:340} INFO - ::group::Post task execution logs
[2026-06-19T13:01:08.866+0000] {standard_task_runner.py:124} ERROR - Failed to execute job 12 for task ingestion_mysql_staging (Bash command failed. The command returned a non-zero exit code 1.; 931)
Traceback (most recent call last):
  File "/home/airflow/.local/lib/python3.12/site-packages/airflow/task/task_runner/standard_task_runner.py", line 117, in _start_by_fork
    ret = args.func(args, dag=self.dag)
          ^^^^^^^^^^^^^^^^^^^^^^^^^^^^^
  File "/home/airflow/.local/lib/python3.12/site-packages/airflow/cli/cli_config.py", line 49, in command
    return func(*args, **kwargs)
           ^^^^^^^^^^^^^^^^^^^^^
  File "/home/airflow/.local/lib/python3.12/site-packages/airflow/utils/cli.py", line 115, in wrapper
    return f(*args, **kwargs)
           ^^^^^^^^^^^^^^^^^^
  File "/home/airflow/.local/lib/python3.12/site-packages/airflow/cli/commands/task_command.py", line 483, in task_run
    task_return_code = _run_task_by_selected_method(args, _dag, ti)
                       ^^^^^^^^^^^^^^^^^^^^^^^^^^^^^^^^^^^^^^^^^^^^
  File "/home/airflow/.local/lib/python3.12/site-packages/airflow/cli/commands/task_command.py", line 256, in _run_task_by_selected_method
    return _run_raw_task(args, ti)
           ^^^^^^^^^^^^^^^^^^^^^^^
  File "/home/airflow/.local/lib/python3.12/site-packages/airflow/cli/commands/task_command.py", line 341, in _run_raw_task
    return ti._run_raw_task(
           ^^^^^^^^^^^^^^^^^
  File "/home/airflow/.local/lib/python3.12/site-packages/airflow/utils/session.py", line 97, in wrapper
    return func(*args, session=session, **kwargs)
           ^^^^^^^^^^^^^^^^^^^^^^^^^^^^^^^^^^^^^^
  File "/home/airflow/.local/lib/python3.12/site-packages/airflow/models/taskinstance.py", line 2995, in _run_raw_task
    return _run_raw_task(
           ^^^^^^^^^^^^^^
  File "/home/airflow/.local/lib/python3.12/site-packages/airflow/models/taskinstance.py", line 273, in _run_raw_task
    TaskInstance._execute_task_with_callbacks(
  File "/home/airflow/.local/lib/python3.12/site-packages/airflow/models/taskinstance.py", line 3149, in _execute_task_with_callbacks
    result = self._execute_task(context, task_orig)
             ^^^^^^^^^^^^^^^^^^^^^^^^^^^^^^^^^^^^^^
  File "/home/airflow/.local/lib/python3.12/site-packages/airflow/models/taskinstance.py", line 3173, in _execute_task
    return _execute_task(self, context, task_orig)
           ^^^^^^^^^^^^^^^^^^^^^^^^^^^^^^^^^^^^^^^
  File "/home/airflow/.local/lib/python3.12/site-packages/airflow/models/taskinstance.py", line 767, in _execute_task
    result = _execute_callable(context=context, **execute_callable_kwargs)
             ^^^^^^^^^^^^^^^^^^^^^^^^^^^^^^^^^^^^^^^^^^^^^^^^^^^^^^^^^^^^^
  File "/home/airflow/.local/lib/python3.12/site-packages/airflow/models/taskinstance.py", line 733, in _execute_callable
    return ExecutionCallableRunner(
           ^^^^^^^^^^^^^^^^^^^^^^^^
  File "/home/airflow/.local/lib/python3.12/site-packages/airflow/utils/operator_helpers.py", line 252, in run
    return self.func(*args, **kwargs)
           ^^^^^^^^^^^^^^^^^^^^^^^^^^
  File "/home/airflow/.local/lib/python3.12/site-packages/airflow/models/baseoperator.py", line 406, in wrapper
    return func(self, *args, **kwargs)
           ^^^^^^^^^^^^^^^^^^^^^^^^^^^
  File "/home/airflow/.local/lib/python3.12/site-packages/airflow/operators/bash.py", line 249, in execute
    raise AirflowException(
airflow.exceptions.AirflowException: Bash command failed. The command returned a non-zero exit code 1.
[2026-06-19T13:01:08.917+0000] {local_task_job_runner.py:261} INFO - Task exited with return code 1
[2026-06-19T13:01:08.980+0000] {taskinstance.py:3891} INFO - 0 downstream tasks scheduled from follow-on schedule check
[2026-06-19T13:01:09.004+0000] {local_task_job_runner.py:240} INFO - ::endgroup::
