[2026-08-12T00:25:38.299+0000] {local_task_job_runner.py:123} INFO - ::group::Pre task execution logs
[2026-08-12T00:25:38.410+0000] {taskinstance.py:2603} INFO - Dependencies all met for dep_context=non-requeueable deps ti=<TaskInstance: flex_eau_pipeline.dim_mode_paiement scheduled__2026-08-11T00:00:00+00:00 [queued]>
[2026-08-12T00:25:38.447+0000] {taskinstance.py:2603} INFO - Dependencies all met for dep_context=requeueable deps ti=<TaskInstance: flex_eau_pipeline.dim_mode_paiement scheduled__2026-08-11T00:00:00+00:00 [queued]>
[2026-08-12T00:25:38.459+0000] {taskinstance.py:2856} INFO - Starting attempt 1 of 2
[2026-08-12T00:25:38.518+0000] {taskinstance.py:2879} INFO - Executing <Task(BashOperator): dim_mode_paiement> on 2026-08-11 00:00:00+00:00
[2026-08-12T00:25:38.544+0000] {standard_task_runner.py:72} INFO - Started process 6891 to run task
[2026-08-12T00:25:38.557+0000] {standard_task_runner.py:104} INFO - Running: ['***', 'tasks', 'run', 'flex_eau_pipeline', 'dim_mode_paiement', 'scheduled__2026-08-11T00:00:00+00:00', '--job-id', '74', '--raw', '--subdir', 'DAGS_FOLDER/flex_eau_pipeline.py', '--cfg-path', '/tmp/tmpng4hrd3n']
[2026-08-12T00:25:38.566+0000] {standard_task_runner.py:105} INFO - Job 74: Subtask dim_mode_paiement
[2026-08-12T00:25:38.802+0000] {task_command.py:467} INFO - Running <TaskInstance: flex_eau_pipeline.dim_mode_paiement scheduled__2026-08-11T00:00:00+00:00 [running]> on host b97d7a013992
[2026-08-12T00:25:39.086+0000] {taskinstance.py:3122} INFO - Exporting env vars: AIRFLOW_CTX_DAG_OWNER='flex-eau' AIRFLOW_CTX_DAG_ID='flex_eau_pipeline' AIRFLOW_CTX_TASK_ID='dim_mode_paiement' AIRFLOW_CTX_EXECUTION_DATE='2026-08-11T00:00:00+00:00' AIRFLOW_CTX_TRY_NUMBER='1' AIRFLOW_CTX_DAG_RUN_ID='scheduled__2026-08-11T00:00:00+00:00'
[2026-08-12T00:25:39.090+0000] {taskinstance.py:731} INFO - ::endgroup::
[2026-08-12T00:25:39.153+0000] {subprocess.py:63} INFO - Tmp dir root location: /tmp
[2026-08-12T00:25:39.157+0000] {subprocess.py:75} INFO - Running command: ['/usr/bin/bash', '-c', 'python spark_jobs/dimensions/dim_mode_paiement.py']
[2026-08-12T00:25:39.195+0000] {subprocess.py:86} INFO - Output:
[2026-08-12T00:25:52.837+0000] {subprocess.py:93} INFO - 26/08/12 00:25:52 WARN NativeCodeLoader: Unable to load native-hadoop library for your platform... using builtin-java classes where applicable
[2026-08-12T00:25:54.601+0000] {subprocess.py:93} INFO - Setting default log level to "WARN".
[2026-08-12T00:25:54.603+0000] {subprocess.py:93} INFO - To adjust logging level use sc.setLogLevel(newLevel). For SparkR, use setLogLevel(newLevel).
[2026-08-12T00:26:00.204+0000] {subprocess.py:93} INFO - 26/08/12 00:26:00 WARN Utils: Service 'SparkUI' could not bind on port 4040. Attempting port 4041.
[2026-08-12T00:26:00.236+0000] {subprocess.py:93} INFO - 26/08/12 00:26:00 WARN Utils: Service 'SparkUI' could not bind on port 4041. Attempting port 4042.
[2026-08-12T00:26:43.650+0000] {subprocess.py:93} INFO - [Stage 0:>                                                          (0 + 0) / 1][Stage 0:>                                                          (0 + 1) / 1][Stage 2:>                                                          (0 + 1) / 1]                                                                                DIM_MODE_PAIEMENT créée
[2026-08-12T00:26:44.185+0000] {subprocess.py:97} INFO - Command exited with return code 0
[2026-08-12T00:26:44.243+0000] {taskinstance.py:340} INFO - ::group::Post task execution logs
[2026-08-12T00:26:44.246+0000] {taskinstance.py:352} INFO - Marking task as SUCCESS. dag_id=flex_eau_pipeline, task_id=dim_mode_paiement, run_id=scheduled__2026-08-11T00:00:00+00:00, execution_date=20260811T000000, start_date=20260812T002538, end_date=20260812T002644
[2026-08-12T00:26:44.309+0000] {local_task_job_runner.py:261} INFO - Task exited with return code 0
[2026-08-12T00:26:44.338+0000] {local_task_job_runner.py:240} INFO - ::endgroup::
