[2026-08-11T18:03:07.194+0000] {local_task_job_runner.py:123} INFO - ::group::Pre task execution logs
[2026-08-11T18:03:07.277+0000] {taskinstance.py:2603} INFO - Dependencies all met for dep_context=non-requeueable deps ti=<TaskInstance: flex_eau_pipeline.ingestion_mysql_staging scheduled__2026-08-10T00:00:00+00:00 [queued]>
[2026-08-11T18:03:07.298+0000] {taskinstance.py:2603} INFO - Dependencies all met for dep_context=requeueable deps ti=<TaskInstance: flex_eau_pipeline.ingestion_mysql_staging scheduled__2026-08-10T00:00:00+00:00 [queued]>
[2026-08-11T18:03:07.299+0000] {taskinstance.py:2856} INFO - Starting attempt 1 of 2
[2026-08-11T18:03:07.364+0000] {taskinstance.py:2879} INFO - Executing <Task(BashOperator): ingestion_mysql_staging> on 2026-08-10 00:00:00+00:00
[2026-08-11T18:03:07.371+0000] {standard_task_runner.py:72} INFO - Started process 176 to run task
[2026-08-11T18:03:07.382+0000] {standard_task_runner.py:104} INFO - Running: ['***', 'tasks', 'run', 'flex_eau_pipeline', 'ingestion_mysql_staging', 'scheduled__2026-08-10T00:00:00+00:00', '--job-id', '51', '--raw', '--subdir', 'DAGS_FOLDER/flex_eau_pipeline.py', '--cfg-path', '/tmp/tmp4xc54mbb']
[2026-08-11T18:03:07.388+0000] {standard_task_runner.py:105} INFO - Job 51: Subtask ingestion_mysql_staging
[2026-08-11T18:03:07.655+0000] {task_command.py:467} INFO - Running <TaskInstance: flex_eau_pipeline.ingestion_mysql_staging scheduled__2026-08-10T00:00:00+00:00 [running]> on host b97d7a013992
[2026-08-11T18:03:08.100+0000] {taskinstance.py:3122} INFO - Exporting env vars: AIRFLOW_CTX_DAG_OWNER='flex-eau' AIRFLOW_CTX_DAG_ID='flex_eau_pipeline' AIRFLOW_CTX_TASK_ID='ingestion_mysql_staging' AIRFLOW_CTX_EXECUTION_DATE='2026-08-10T00:00:00+00:00' AIRFLOW_CTX_TRY_NUMBER='1' AIRFLOW_CTX_DAG_RUN_ID='scheduled__2026-08-10T00:00:00+00:00'
[2026-08-11T18:03:08.103+0000] {taskinstance.py:731} INFO - ::endgroup::
[2026-08-11T18:03:08.173+0000] {subprocess.py:63} INFO - Tmp dir root location: /tmp
[2026-08-11T18:03:08.174+0000] {subprocess.py:75} INFO - Running command: ['/usr/bin/bash', '-c', '\n        set -e\n        python ingestion/mysql_to_staging.py\n        ']
[2026-08-11T18:03:08.238+0000] {subprocess.py:86} INFO - Output:
[2026-08-11T18:03:32.167+0000] {subprocess.py:93} INFO - 
[2026-08-11T18:03:32.176+0000] {subprocess.py:93} INFO - ===== regions =====
[2026-08-11T18:03:32.243+0000] {subprocess.py:93} INFO - Traceback (most recent call last):
[2026-08-11T18:03:32.245+0000] {subprocess.py:93} INFO -   File "/home/***/.local/lib/python3.8/site-packages/sqlalchemy/engine/base.py", line 3371, in _wrap_pool_connect
[2026-08-11T18:03:32.250+0000] {subprocess.py:93} INFO -     return fn()
[2026-08-11T18:03:32.255+0000] {subprocess.py:93} INFO -   File "/home/***/.local/lib/python3.8/site-packages/sqlalchemy/pool/base.py", line 327, in connect
[2026-08-11T18:03:32.258+0000] {subprocess.py:93} INFO -     return _ConnectionFairy._checkout(self)
[2026-08-11T18:03:32.259+0000] {subprocess.py:93} INFO -   File "/home/***/.local/lib/python3.8/site-packages/sqlalchemy/pool/base.py", line 894, in _checkout
[2026-08-11T18:03:32.261+0000] {subprocess.py:93} INFO -     fairy = _ConnectionRecord.checkout(pool)
[2026-08-11T18:03:32.264+0000] {subprocess.py:93} INFO -   File "/home/***/.local/lib/python3.8/site-packages/sqlalchemy/pool/base.py", line 493, in checkout
[2026-08-11T18:03:32.268+0000] {subprocess.py:93} INFO -     rec = pool._do_get()
[2026-08-11T18:03:32.272+0000] {subprocess.py:93} INFO -   File "/home/***/.local/lib/python3.8/site-packages/sqlalchemy/pool/impl.py", line 146, in _do_get
[2026-08-11T18:03:32.273+0000] {subprocess.py:93} INFO -     self._dec_overflow()
[2026-08-11T18:03:32.273+0000] {subprocess.py:93} INFO -   File "/home/***/.local/lib/python3.8/site-packages/sqlalchemy/util/langhelpers.py", line 70, in __exit__
[2026-08-11T18:03:32.276+0000] {subprocess.py:93} INFO -     compat.raise_(
[2026-08-11T18:03:32.278+0000] {subprocess.py:93} INFO -   File "/home/***/.local/lib/python3.8/site-packages/sqlalchemy/util/compat.py", line 211, in raise_
[2026-08-11T18:03:32.282+0000] {subprocess.py:93} INFO -     raise exception
[2026-08-11T18:03:32.284+0000] {subprocess.py:93} INFO -   File "/home/***/.local/lib/python3.8/site-packages/sqlalchemy/pool/impl.py", line 143, in _do_get
[2026-08-11T18:03:32.287+0000] {subprocess.py:93} INFO -     return self._create_connection()
[2026-08-11T18:03:32.288+0000] {subprocess.py:93} INFO -   File "/home/***/.local/lib/python3.8/site-packages/sqlalchemy/pool/base.py", line 273, in _create_connection
[2026-08-11T18:03:32.289+0000] {subprocess.py:93} INFO -     return _ConnectionRecord(self)
[2026-08-11T18:03:32.290+0000] {subprocess.py:93} INFO -   File "/home/***/.local/lib/python3.8/site-packages/sqlalchemy/pool/base.py", line 388, in __init__
[2026-08-11T18:03:32.291+0000] {subprocess.py:93} INFO -     self.__connect()
[2026-08-11T18:03:32.292+0000] {subprocess.py:93} INFO -   File "/home/***/.local/lib/python3.8/site-packages/sqlalchemy/pool/base.py", line 691, in __connect
[2026-08-11T18:03:32.294+0000] {subprocess.py:93} INFO -     pool.logger.debug("Error on connect(): %s", e)
[2026-08-11T18:03:32.300+0000] {subprocess.py:93} INFO -   File "/home/***/.local/lib/python3.8/site-packages/sqlalchemy/util/langhelpers.py", line 70, in __exit__
[2026-08-11T18:03:32.304+0000] {subprocess.py:93} INFO -     compat.raise_(
[2026-08-11T18:03:32.305+0000] {subprocess.py:93} INFO -   File "/home/***/.local/lib/python3.8/site-packages/sqlalchemy/util/compat.py", line 211, in raise_
[2026-08-11T18:03:32.306+0000] {subprocess.py:93} INFO -     raise exception
[2026-08-11T18:03:32.307+0000] {subprocess.py:93} INFO -   File "/home/***/.local/lib/python3.8/site-packages/sqlalchemy/pool/base.py", line 686, in __connect
[2026-08-11T18:03:32.324+0000] {subprocess.py:93} INFO -     self.dbapi_connection = connection = pool._invoke_creator(self)
[2026-08-11T18:03:32.326+0000] {subprocess.py:93} INFO -   File "/home/***/.local/lib/python3.8/site-packages/sqlalchemy/engine/create.py", line 574, in connect
[2026-08-11T18:03:32.327+0000] {subprocess.py:93} INFO -     return dialect.connect(*cargs, **cparams)
[2026-08-11T18:03:32.328+0000] {subprocess.py:93} INFO -   File "/home/***/.local/lib/python3.8/site-packages/sqlalchemy/engine/default.py", line 598, in connect
[2026-08-11T18:03:32.329+0000] {subprocess.py:93} INFO -     return self.dbapi.connect(*cargs, **cparams)
[2026-08-11T18:03:32.335+0000] {subprocess.py:93} INFO -   File "/home/***/.local/lib/python3.8/site-packages/pymysql/connections.py", line 365, in __init__
[2026-08-11T18:03:32.340+0000] {subprocess.py:93} INFO -     self.connect()
[2026-08-11T18:03:32.342+0000] {subprocess.py:93} INFO -   File "/home/***/.local/lib/python3.8/site-packages/pymysql/connections.py", line 681, in connect
[2026-08-11T18:03:32.343+0000] {subprocess.py:93} INFO -     self._request_authentication()
[2026-08-11T18:03:32.344+0000] {subprocess.py:93} INFO -   File "/home/***/.local/lib/python3.8/site-packages/pymysql/connections.py", line 958, in _request_authentication
[2026-08-11T18:03:32.345+0000] {subprocess.py:93} INFO -     auth_packet = self._read_packet()
[2026-08-11T18:03:32.354+0000] {subprocess.py:93} INFO -   File "/home/***/.local/lib/python3.8/site-packages/pymysql/connections.py", line 782, in _read_packet
[2026-08-11T18:03:32.355+0000] {subprocess.py:93} INFO -     packet.raise_for_error()
[2026-08-11T18:03:32.357+0000] {subprocess.py:93} INFO -   File "/home/***/.local/lib/python3.8/site-packages/pymysql/protocol.py", line 219, in raise_for_error
[2026-08-11T18:03:32.360+0000] {subprocess.py:93} INFO -     err.raise_mysql_exception(self._data)
[2026-08-11T18:03:32.361+0000] {subprocess.py:93} INFO -   File "/home/***/.local/lib/python3.8/site-packages/pymysql/err.py", line 150, in raise_mysql_exception
[2026-08-11T18:03:32.362+0000] {subprocess.py:93} INFO -     raise errorclass(errno, errval)
[2026-08-11T18:03:32.365+0000] {subprocess.py:93} INFO - pymysql.err.OperationalError: (1045, "Access denied for user 'root'@'localhost' (using password: NO)")
[2026-08-11T18:03:32.367+0000] {subprocess.py:93} INFO - 
[2026-08-11T18:03:32.371+0000] {subprocess.py:93} INFO - The above exception was the direct cause of the following exception:
[2026-08-11T18:03:32.372+0000] {subprocess.py:93} INFO - 
[2026-08-11T18:03:32.374+0000] {subprocess.py:93} INFO - Traceback (most recent call last):
[2026-08-11T18:03:32.375+0000] {subprocess.py:93} INFO -   File "/home/***/.local/lib/python3.8/site-packages/dlt/extract/pipe_iterator.py", line 277, in _get_source_item
[2026-08-11T18:03:32.376+0000] {subprocess.py:93} INFO -     pipe_item = next(gen)
[2026-08-11T18:03:32.378+0000] {subprocess.py:93} INFO -   File "ingestion/mysql_to_staging.py", line 19, in resource
[2026-08-11T18:03:32.380+0000] {subprocess.py:93} INFO -     df = pd.read_sql(query, mysql_engine)
[2026-08-11T18:03:32.381+0000] {subprocess.py:93} INFO -   File "/home/***/.local/lib/python3.8/site-packages/pandas/io/sql.py", line 633, in read_sql
[2026-08-11T18:03:32.382+0000] {subprocess.py:93} INFO -     with pandasSQL_builder(con) as pandas_sql:
[2026-08-11T18:03:32.383+0000] {subprocess.py:93} INFO -   File "/home/***/.local/lib/python3.8/site-packages/pandas/io/sql.py", line 832, in pandasSQL_builder
[2026-08-11T18:03:32.385+0000] {subprocess.py:93} INFO -     return SQLDatabase(con, schema, need_transaction)
[2026-08-11T18:03:32.387+0000] {subprocess.py:93} INFO -   File "/home/***/.local/lib/python3.8/site-packages/pandas/io/sql.py", line 1539, in __init__
[2026-08-11T18:03:32.389+0000] {subprocess.py:93} INFO -     con = self.exit_stack.enter_context(con.connect())
[2026-08-11T18:03:32.391+0000] {subprocess.py:93} INFO -   File "/home/***/.local/lib/python3.8/site-packages/sqlalchemy/engine/base.py", line 3325, in connect
[2026-08-11T18:03:32.393+0000] {subprocess.py:93} INFO -     return self._connection_cls(self, close_with_result=close_with_result)
[2026-08-11T18:03:32.400+0000] {subprocess.py:93} INFO -   File "/home/***/.local/lib/python3.8/site-packages/sqlalchemy/engine/base.py", line 96, in __init__
[2026-08-11T18:03:32.403+0000] {subprocess.py:93} INFO -     else engine.raw_connection()
[2026-08-11T18:03:32.407+0000] {subprocess.py:93} INFO -   File "/home/***/.local/lib/python3.8/site-packages/sqlalchemy/engine/base.py", line 3404, in raw_connection
[2026-08-11T18:03:32.409+0000] {subprocess.py:93} INFO -     return self._wrap_pool_connect(self.pool.connect, _connection)
[2026-08-11T18:03:32.412+0000] {subprocess.py:93} INFO -   File "/home/***/.local/lib/python3.8/site-packages/sqlalchemy/engine/base.py", line 3374, in _wrap_pool_connect
[2026-08-11T18:03:32.417+0000] {subprocess.py:93} INFO -     Connection._handle_dbapi_exception_noconnection(
[2026-08-11T18:03:32.418+0000] {subprocess.py:93} INFO -   File "/home/***/.local/lib/python3.8/site-packages/sqlalchemy/engine/base.py", line 2208, in _handle_dbapi_exception_noconnection
[2026-08-11T18:03:32.419+0000] {subprocess.py:93} INFO -     util.raise_(
[2026-08-11T18:03:32.420+0000] {subprocess.py:93} INFO -   File "/home/***/.local/lib/python3.8/site-packages/sqlalchemy/util/compat.py", line 211, in raise_
[2026-08-11T18:03:32.422+0000] {subprocess.py:93} INFO -     raise exception
[2026-08-11T18:03:32.423+0000] {subprocess.py:93} INFO -   File "/home/***/.local/lib/python3.8/site-packages/sqlalchemy/engine/base.py", line 3371, in _wrap_pool_connect
[2026-08-11T18:03:32.424+0000] {subprocess.py:93} INFO -     return fn()
[2026-08-11T18:03:32.426+0000] {subprocess.py:93} INFO -   File "/home/***/.local/lib/python3.8/site-packages/sqlalchemy/pool/base.py", line 327, in connect
[2026-08-11T18:03:32.434+0000] {subprocess.py:93} INFO -     return _ConnectionFairy._checkout(self)
[2026-08-11T18:03:32.436+0000] {subprocess.py:93} INFO -   File "/home/***/.local/lib/python3.8/site-packages/sqlalchemy/pool/base.py", line 894, in _checkout
[2026-08-11T18:03:32.437+0000] {subprocess.py:93} INFO -     fairy = _ConnectionRecord.checkout(pool)
[2026-08-11T18:03:32.438+0000] {subprocess.py:93} INFO -   File "/home/***/.local/lib/python3.8/site-packages/sqlalchemy/pool/base.py", line 493, in checkout
[2026-08-11T18:03:32.440+0000] {subprocess.py:93} INFO -     rec = pool._do_get()
[2026-08-11T18:03:32.441+0000] {subprocess.py:93} INFO -   File "/home/***/.local/lib/python3.8/site-packages/sqlalchemy/pool/impl.py", line 146, in _do_get
[2026-08-11T18:03:32.442+0000] {subprocess.py:93} INFO -     self._dec_overflow()
[2026-08-11T18:03:32.443+0000] {subprocess.py:93} INFO -   File "/home/***/.local/lib/python3.8/site-packages/sqlalchemy/util/langhelpers.py", line 70, in __exit__
[2026-08-11T18:03:32.444+0000] {subprocess.py:93} INFO -     compat.raise_(
[2026-08-11T18:03:32.445+0000] {subprocess.py:93} INFO -   File "/home/***/.local/lib/python3.8/site-packages/sqlalchemy/util/compat.py", line 211, in raise_
[2026-08-11T18:03:32.448+0000] {subprocess.py:93} INFO -     raise exception
[2026-08-11T18:03:32.450+0000] {subprocess.py:93} INFO -   File "/home/***/.local/lib/python3.8/site-packages/sqlalchemy/pool/impl.py", line 143, in _do_get
[2026-08-11T18:03:32.451+0000] {subprocess.py:93} INFO -     return self._create_connection()
[2026-08-11T18:03:32.452+0000] {subprocess.py:93} INFO -   File "/home/***/.local/lib/python3.8/site-packages/sqlalchemy/pool/base.py", line 273, in _create_connection
[2026-08-11T18:03:32.457+0000] {subprocess.py:93} INFO -     return _ConnectionRecord(self)
[2026-08-11T18:03:32.460+0000] {subprocess.py:93} INFO -   File "/home/***/.local/lib/python3.8/site-packages/sqlalchemy/pool/base.py", line 388, in __init__
[2026-08-11T18:03:32.462+0000] {subprocess.py:93} INFO -     self.__connect()
[2026-08-11T18:03:32.464+0000] {subprocess.py:93} INFO -   File "/home/***/.local/lib/python3.8/site-packages/sqlalchemy/pool/base.py", line 691, in __connect
[2026-08-11T18:03:32.465+0000] {subprocess.py:93} INFO -     pool.logger.debug("Error on connect(): %s", e)
[2026-08-11T18:03:32.466+0000] {subprocess.py:93} INFO -   File "/home/***/.local/lib/python3.8/site-packages/sqlalchemy/util/langhelpers.py", line 70, in __exit__
[2026-08-11T18:03:32.467+0000] {subprocess.py:93} INFO -     compat.raise_(
[2026-08-11T18:03:32.468+0000] {subprocess.py:93} INFO -   File "/home/***/.local/lib/python3.8/site-packages/sqlalchemy/util/compat.py", line 211, in raise_
[2026-08-11T18:03:32.469+0000] {subprocess.py:93} INFO -     raise exception
[2026-08-11T18:03:32.470+0000] {subprocess.py:93} INFO -   File "/home/***/.local/lib/python3.8/site-packages/sqlalchemy/pool/base.py", line 686, in __connect
[2026-08-11T18:03:32.471+0000] {subprocess.py:93} INFO -     self.dbapi_connection = connection = pool._invoke_creator(self)
[2026-08-11T18:03:32.472+0000] {subprocess.py:93} INFO -   File "/home/***/.local/lib/python3.8/site-packages/sqlalchemy/engine/create.py", line 574, in connect
[2026-08-11T18:03:32.473+0000] {subprocess.py:93} INFO -     return dialect.connect(*cargs, **cparams)
[2026-08-11T18:03:32.481+0000] {subprocess.py:93} INFO -   File "/home/***/.local/lib/python3.8/site-packages/sqlalchemy/engine/default.py", line 598, in connect
[2026-08-11T18:03:32.482+0000] {subprocess.py:93} INFO -     return self.dbapi.connect(*cargs, **cparams)
[2026-08-11T18:03:32.484+0000] {subprocess.py:93} INFO -   File "/home/***/.local/lib/python3.8/site-packages/pymysql/connections.py", line 365, in __init__
[2026-08-11T18:03:32.486+0000] {subprocess.py:93} INFO -     self.connect()
[2026-08-11T18:03:32.487+0000] {subprocess.py:93} INFO -   File "/home/***/.local/lib/python3.8/site-packages/pymysql/connections.py", line 681, in connect
[2026-08-11T18:03:32.489+0000] {subprocess.py:93} INFO -     self._request_authentication()
[2026-08-11T18:03:32.491+0000] {subprocess.py:93} INFO -   File "/home/***/.local/lib/python3.8/site-packages/pymysql/connections.py", line 958, in _request_authentication
[2026-08-11T18:03:32.492+0000] {subprocess.py:93} INFO -     auth_packet = self._read_packet()
[2026-08-11T18:03:32.493+0000] {subprocess.py:93} INFO -   File "/home/***/.local/lib/python3.8/site-packages/pymysql/connections.py", line 782, in _read_packet
[2026-08-11T18:03:32.494+0000] {subprocess.py:93} INFO -     packet.raise_for_error()
[2026-08-11T18:03:32.495+0000] {subprocess.py:93} INFO -   File "/home/***/.local/lib/python3.8/site-packages/pymysql/protocol.py", line 219, in raise_for_error
[2026-08-11T18:03:32.496+0000] {subprocess.py:93} INFO -     err.raise_mysql_exception(self._data)
[2026-08-11T18:03:32.500+0000] {subprocess.py:93} INFO -   File "/home/***/.local/lib/python3.8/site-packages/pymysql/err.py", line 150, in raise_mysql_exception
[2026-08-11T18:03:32.502+0000] {subprocess.py:93} INFO -     raise errorclass(errno, errval)
[2026-08-11T18:03:32.503+0000] {subprocess.py:93} INFO - sqlalchemy.exc.OperationalError: (pymysql.err.OperationalError) (1045, "Access denied for user 'root'@'localhost' (using password: NO)")
[2026-08-11T18:03:32.505+0000] {subprocess.py:93} INFO - (Background on this error at: https://sqlalche.me/e/14/e3q8)
[2026-08-11T18:03:32.506+0000] {subprocess.py:93} INFO - 
[2026-08-11T18:03:32.507+0000] {subprocess.py:93} INFO - The above exception was the direct cause of the following exception:
[2026-08-11T18:03:32.509+0000] {subprocess.py:93} INFO - 
[2026-08-11T18:03:32.510+0000] {subprocess.py:93} INFO - Traceback (most recent call last):
[2026-08-11T18:03:32.516+0000] {subprocess.py:93} INFO -   File "/home/***/.local/lib/python3.8/site-packages/dlt/pipeline/pipeline.py", line 471, in extract
[2026-08-11T18:03:32.522+0000] {subprocess.py:93} INFO -     self._extract_source(
[2026-08-11T18:03:32.523+0000] {subprocess.py:93} INFO -   File "/home/***/.local/lib/python3.8/site-packages/dlt/pipeline/pipeline.py", line 1239, in _extract_source
[2026-08-11T18:03:32.525+0000] {subprocess.py:93} INFO -     load_id = extract.extract(
[2026-08-11T18:03:32.527+0000] {subprocess.py:93} INFO -   File "/home/***/.local/lib/python3.8/site-packages/dlt/extract/extract.py", line 421, in extract
[2026-08-11T18:03:32.530+0000] {subprocess.py:93} INFO -     self._extract_single_source(
[2026-08-11T18:03:32.531+0000] {subprocess.py:93} INFO -   File "/home/***/.local/lib/python3.8/site-packages/dlt/extract/extract.py", line 344, in _extract_single_source
[2026-08-11T18:03:32.534+0000] {subprocess.py:93} INFO -     for pipe_item in pipes:
[2026-08-11T18:03:32.536+0000] {subprocess.py:93} INFO -   File "/home/***/.local/lib/python3.8/site-packages/dlt/extract/pipe_iterator.py", line 162, in __next__
[2026-08-11T18:03:32.537+0000] {subprocess.py:93} INFO -     pipe_item = self._get_source_item()
[2026-08-11T18:03:32.541+0000] {subprocess.py:93} INFO -   File "/home/***/.local/lib/python3.8/site-packages/dlt/extract/pipe_iterator.py", line 307, in _get_source_item
[2026-08-11T18:03:32.543+0000] {subprocess.py:93} INFO -     raise ResourceExtractionError(pipe.name, gen, str(ex), "generator") from ex
[2026-08-11T18:03:32.543+0000] {subprocess.py:93} INFO - dlt.extract.exceptions.ResourceExtractionError: In processing pipe regions: extraction of resource regions in generator resource caused an exception: (pymysql.err.OperationalError) (1045, "Access denied for user 'root'@'localhost' (using password: NO)")
[2026-08-11T18:03:32.546+0000] {subprocess.py:93} INFO - (Background on this error at: https://sqlalche.me/e/14/e3q8)
[2026-08-11T18:03:32.550+0000] {subprocess.py:93} INFO - 
[2026-08-11T18:03:32.557+0000] {subprocess.py:93} INFO - The above exception was the direct cause of the following exception:
[2026-08-11T18:03:32.558+0000] {subprocess.py:93} INFO - 
[2026-08-11T18:03:32.559+0000] {subprocess.py:93} INFO - Traceback (most recent call last):
[2026-08-11T18:03:32.560+0000] {subprocess.py:93} INFO -   File "ingestion/mysql_to_staging.py", line 32, in <module>
[2026-08-11T18:03:32.561+0000] {subprocess.py:93} INFO -     load_info = pipeline.run(
[2026-08-11T18:03:32.562+0000] {subprocess.py:93} INFO -   File "/home/***/.local/lib/python3.8/site-packages/dlt/pipeline/pipeline.py", line 226, in _wrap
[2026-08-11T18:03:32.565+0000] {subprocess.py:93} INFO -     step_info = f(self, *args, **kwargs)
[2026-08-11T18:03:32.566+0000] {subprocess.py:93} INFO -   File "/home/***/.local/lib/python3.8/site-packages/dlt/pipeline/pipeline.py", line 275, in _wrap
[2026-08-11T18:03:32.568+0000] {subprocess.py:93} INFO -     return f(self, *args, **kwargs)
[2026-08-11T18:03:32.569+0000] {subprocess.py:93} INFO -   File "/home/***/.local/lib/python3.8/site-packages/dlt/pipeline/pipeline.py", line 735, in run
[2026-08-11T18:03:32.570+0000] {subprocess.py:93} INFO -     self.extract(
[2026-08-11T18:03:32.571+0000] {subprocess.py:93} INFO -   File "/home/***/.local/lib/python3.8/site-packages/dlt/pipeline/pipeline.py", line 226, in _wrap
[2026-08-11T18:03:32.572+0000] {subprocess.py:93} INFO -     step_info = f(self, *args, **kwargs)
[2026-08-11T18:03:32.573+0000] {subprocess.py:93} INFO -   File "/home/***/.local/lib/python3.8/site-packages/dlt/pipeline/pipeline.py", line 180, in _wrap
[2026-08-11T18:03:32.574+0000] {subprocess.py:93} INFO -     rv = f(self, *args, **kwargs)
[2026-08-11T18:03:32.575+0000] {subprocess.py:93} INFO -   File "/home/***/.local/lib/python3.8/site-packages/dlt/pipeline/pipeline.py", line 166, in _wrap
[2026-08-11T18:03:32.577+0000] {subprocess.py:93} INFO -     return f(self, *args, **kwargs)
[2026-08-11T18:03:32.578+0000] {subprocess.py:93} INFO -   File "/home/***/.local/lib/python3.8/site-packages/dlt/pipeline/pipeline.py", line 275, in _wrap
[2026-08-11T18:03:32.579+0000] {subprocess.py:93} INFO -     return f(self, *args, **kwargs)
[2026-08-11T18:03:32.581+0000] {subprocess.py:93} INFO -   File "/home/***/.local/lib/python3.8/site-packages/dlt/pipeline/pipeline.py", line 492, in extract
[2026-08-11T18:03:32.582+0000] {subprocess.py:93} INFO -     raise PipelineStepFailed(
[2026-08-11T18:03:32.583+0000] {subprocess.py:93} INFO - dlt.pipeline.exceptions.PipelineStepFailed: Pipeline execution failed at stage extract when processing package 1786471409.5145192 with exception:
[2026-08-11T18:03:32.588+0000] {subprocess.py:93} INFO - 
[2026-08-11T18:03:32.589+0000] {subprocess.py:93} INFO - <class 'dlt.extract.exceptions.ResourceExtractionError'>
[2026-08-11T18:03:32.591+0000] {subprocess.py:93} INFO - In processing pipe regions: extraction of resource regions in generator resource caused an exception: (pymysql.err.OperationalError) (1045, "Access denied for user 'root'@'localhost' (using password: NO)")
[2026-08-11T18:03:32.592+0000] {subprocess.py:93} INFO - (Background on this error at: https://sqlalche.me/e/14/e3q8)
[2026-08-11T18:03:38.086+0000] {subprocess.py:97} INFO - Command exited with return code 1
[2026-08-11T18:03:38.167+0000] {taskinstance.py:3301} ERROR - Task failed with exception
Traceback (most recent call last):
  File "/home/airflow/.local/lib/python3.8/site-packages/airflow/models/taskinstance.py", line 767, in _execute_task
    result = _execute_callable(context=context, **execute_callable_kwargs)
  File "/home/airflow/.local/lib/python3.8/site-packages/airflow/models/taskinstance.py", line 733, in _execute_callable
    return ExecutionCallableRunner(
  File "/home/airflow/.local/lib/python3.8/site-packages/airflow/utils/operator_helpers.py", line 252, in run
    return self.func(*args, **kwargs)
  File "/home/airflow/.local/lib/python3.8/site-packages/airflow/models/baseoperator.py", line 406, in wrapper
    return func(self, *args, **kwargs)
  File "/home/airflow/.local/lib/python3.8/site-packages/airflow/operators/bash.py", line 249, in execute
    raise AirflowException(
airflow.exceptions.AirflowException: Bash command failed. The command returned a non-zero exit code 1.
[2026-08-11T18:03:38.233+0000] {taskinstance.py:1225} INFO - Marking task as UP_FOR_RETRY. dag_id=flex_eau_pipeline, task_id=ingestion_mysql_staging, run_id=scheduled__2026-08-10T00:00:00+00:00, execution_date=20260810T000000, start_date=20260811T180307, end_date=20260811T180338
[2026-08-11T18:03:38.396+0000] {taskinstance.py:340} INFO - ::group::Post task execution logs
[2026-08-11T18:03:38.492+0000] {standard_task_runner.py:124} ERROR - Failed to execute job 51 for task ingestion_mysql_staging (Bash command failed. The command returned a non-zero exit code 1.; 176)
Traceback (most recent call last):
  File "/home/airflow/.local/lib/python3.8/site-packages/airflow/task/task_runner/standard_task_runner.py", line 117, in _start_by_fork
    ret = args.func(args, dag=self.dag)
  File "/home/airflow/.local/lib/python3.8/site-packages/airflow/cli/cli_config.py", line 49, in command
    return func(*args, **kwargs)
  File "/home/airflow/.local/lib/python3.8/site-packages/airflow/utils/cli.py", line 115, in wrapper
    return f(*args, **kwargs)
  File "/home/airflow/.local/lib/python3.8/site-packages/airflow/cli/commands/task_command.py", line 483, in task_run
    task_return_code = _run_task_by_selected_method(args, _dag, ti)
  File "/home/airflow/.local/lib/python3.8/site-packages/airflow/cli/commands/task_command.py", line 256, in _run_task_by_selected_method
    return _run_raw_task(args, ti)
  File "/home/airflow/.local/lib/python3.8/site-packages/airflow/cli/commands/task_command.py", line 341, in _run_raw_task
    return ti._run_raw_task(
  File "/home/airflow/.local/lib/python3.8/site-packages/airflow/utils/session.py", line 97, in wrapper
    return func(*args, session=session, **kwargs)
  File "/home/airflow/.local/lib/python3.8/site-packages/airflow/models/taskinstance.py", line 2995, in _run_raw_task
    return _run_raw_task(
  File "/home/airflow/.local/lib/python3.8/site-packages/airflow/models/taskinstance.py", line 273, in _run_raw_task
    TaskInstance._execute_task_with_callbacks(
  File "/home/airflow/.local/lib/python3.8/site-packages/airflow/models/taskinstance.py", line 3149, in _execute_task_with_callbacks
    result = self._execute_task(context, task_orig)
  File "/home/airflow/.local/lib/python3.8/site-packages/airflow/models/taskinstance.py", line 3173, in _execute_task
    return _execute_task(self, context, task_orig)
  File "/home/airflow/.local/lib/python3.8/site-packages/airflow/models/taskinstance.py", line 767, in _execute_task
    result = _execute_callable(context=context, **execute_callable_kwargs)
  File "/home/airflow/.local/lib/python3.8/site-packages/airflow/models/taskinstance.py", line 733, in _execute_callable
    return ExecutionCallableRunner(
  File "/home/airflow/.local/lib/python3.8/site-packages/airflow/utils/operator_helpers.py", line 252, in run
    return self.func(*args, **kwargs)
  File "/home/airflow/.local/lib/python3.8/site-packages/airflow/models/baseoperator.py", line 406, in wrapper
    return func(self, *args, **kwargs)
  File "/home/airflow/.local/lib/python3.8/site-packages/airflow/operators/bash.py", line 249, in execute
    raise AirflowException(
airflow.exceptions.AirflowException: Bash command failed. The command returned a non-zero exit code 1.
[2026-08-11T18:03:38.946+0000] {local_task_job_runner.py:261} INFO - Task exited with return code 1
[2026-08-11T18:03:39.247+0000] {taskinstance.py:3891} INFO - 0 downstream tasks scheduled from follow-on schedule check
[2026-08-11T18:03:39.262+0000] {local_task_job_runner.py:240} INFO - ::endgroup::
