[2026-07-28T00:49:47.169+0000] {local_task_job_runner.py:123} INFO - ::group::Pre task execution logs
[2026-07-28T00:49:47.222+0000] {taskinstance.py:2603} INFO - Dependencies all met for dep_context=non-requeueable deps ti=<TaskInstance: flex_eau_pipeline.fact_energie scheduled__2026-07-27T00:00:00+00:00 [queued]>
[2026-07-28T00:49:47.244+0000] {taskinstance.py:2603} INFO - Dependencies all met for dep_context=requeueable deps ti=<TaskInstance: flex_eau_pipeline.fact_energie scheduled__2026-07-27T00:00:00+00:00 [queued]>
[2026-07-28T00:49:47.245+0000] {taskinstance.py:2856} INFO - Starting attempt 1 of 2
[2026-07-28T00:49:47.277+0000] {taskinstance.py:2879} INFO - Executing <Task(BashOperator): fact_energie> on 2026-07-27 00:00:00+00:00
[2026-07-28T00:49:47.292+0000] {standard_task_runner.py:72} INFO - Started process 2249 to run task
[2026-07-28T00:49:47.304+0000] {standard_task_runner.py:104} INFO - Running: ['***', 'tasks', 'run', 'flex_eau_pipeline', 'fact_energie', 'scheduled__2026-07-27T00:00:00+00:00', '--job-id', '47', '--raw', '--subdir', 'DAGS_FOLDER/flex_eau_pipeline.py', '--cfg-path', '/tmp/tmp0_98at2j']
[2026-07-28T00:49:47.311+0000] {standard_task_runner.py:105} INFO - Job 47: Subtask fact_energie
[2026-07-28T00:49:47.469+0000] {task_command.py:467} INFO - Running <TaskInstance: flex_eau_pipeline.fact_energie scheduled__2026-07-27T00:00:00+00:00 [running]> on host b97d7a013992
[2026-07-28T00:49:47.725+0000] {taskinstance.py:3122} INFO - Exporting env vars: AIRFLOW_CTX_DAG_OWNER='flex-eau' AIRFLOW_CTX_DAG_ID='flex_eau_pipeline' AIRFLOW_CTX_TASK_ID='fact_energie' AIRFLOW_CTX_EXECUTION_DATE='2026-07-27T00:00:00+00:00' AIRFLOW_CTX_TRY_NUMBER='1' AIRFLOW_CTX_DAG_RUN_ID='scheduled__2026-07-27T00:00:00+00:00'
[2026-07-28T00:49:47.728+0000] {taskinstance.py:731} INFO - ::endgroup::
[2026-07-28T00:49:47.777+0000] {subprocess.py:63} INFO - Tmp dir root location: /tmp
[2026-07-28T00:49:47.779+0000] {subprocess.py:75} INFO - Running command: ['/usr/bin/bash', '-c', 'python spark_jobs/facts/fact_energie.py']
[2026-07-28T00:49:47.814+0000] {subprocess.py:86} INFO - Output:
[2026-07-28T00:49:57.110+0000] {subprocess.py:93} INFO - 26/07/28 00:49:57 WARN NativeCodeLoader: Unable to load native-hadoop library for your platform... using builtin-java classes where applicable
[2026-07-28T00:49:58.139+0000] {subprocess.py:93} INFO - Setting default log level to "WARN".
[2026-07-28T00:49:58.142+0000] {subprocess.py:93} INFO - To adjust logging level use sc.setLogLevel(newLevel). For SparkR, use setLogLevel(newLevel).
[2026-07-28T00:50:01.434+0000] {subprocess.py:93} INFO - 26/07/28 00:50:01 WARN Utils: Service 'SparkUI' could not bind on port 4040. Attempting port 4041.
[2026-07-28T00:50:01.447+0000] {subprocess.py:93} INFO - 26/07/28 00:50:01 WARN Utils: Service 'SparkUI' could not bind on port 4041. Attempting port 4042.
[2026-07-28T00:50:01.449+0000] {subprocess.py:93} INFO - 26/07/28 00:50:01 WARN Utils: Service 'SparkUI' could not bind on port 4042. Attempting port 4043.
[2026-07-28T00:50:38.299+0000] {subprocess.py:93} INFO - [Stage 0:>                                                          (0 + 0) / 1][Stage 0:>                  (0 + 0) / 1][Stage 1:>                  (0 + 0) / 1][Stage 0:>    (0 + 0) / 1][Stage 1:>    (0 + 0) / 1][Stage 2:>    (0 + 0) / 1]26/07/28 00:50:38 WARN TaskSchedulerImpl: Initial job has not accepted any resources; check your cluster UI to ensure that workers are registered and have sufficient resources
[2026-07-28T00:50:53.255+0000] {subprocess.py:93} INFO - 26/07/28 00:50:53 WARN TaskSchedulerImpl: Initial job has not accepted any resources; check your cluster UI to ensure that workers are registered and have sufficient resources
[2026-07-28T00:51:08.295+0000] {subprocess.py:93} INFO - 26/07/28 00:51:08 WARN TaskSchedulerImpl: Initial job has not accepted any resources; check your cluster UI to ensure that workers are registered and have sufficient resources
[2026-07-28T00:51:31.666+0000] {subprocess.py:93} INFO - [Stage 0:>    (0 + 1) / 1][Stage 1:>    (0 + 1) / 1][Stage 2:>    (0 + 1) / 1][Stage 0:>    (0 + 1) / 1][Stage 1:>    (0 + 1) / 1][Stage 2:=====(1 + 0) / 1][Stage 0:>                                                          (0 + 1) / 1][Stage 0:>                  (0 + 1) / 1][Stage 5:>                  (0 + 1) / 1]                                                                                [Stage 25:>                                                         (0 + 1) / 1]                                                                                Nombre lignes : 360
[2026-07-28T00:51:31.668+0000] {subprocess.py:93} INFO - +--------+-------+----------+------------+-----------------+----------------+
[2026-07-28T00:51:31.668+0000] {subprocess.py:93} INFO - |date_key|geo_key|forage_key|kwh_consomme|cout_energie_fcfa|nb_consommations|
[2026-07-28T00:51:31.669+0000] {subprocess.py:93} INFO - +--------+-------+----------+------------+-----------------+----------------+
[2026-07-28T00:51:31.669+0000] {subprocess.py:93} INFO - |20240131|5      |0         |475         |184120.0         |1               |
[2026-07-28T00:51:31.670+0000] {subprocess.py:93} INFO - |20240229|5      |0         |576         |199952.0         |1               |
[2026-07-28T00:51:31.671+0000] {subprocess.py:93} INFO - |20240331|5      |0         |470         |182006.0         |1               |
[2026-07-28T00:51:31.671+0000] {subprocess.py:93} INFO - |20240430|5      |0         |562         |178558.0         |1               |
[2026-07-28T00:51:31.672+0000] {subprocess.py:93} INFO - |20240531|5      |0         |445         |194550.0         |1               |
[2026-07-28T00:51:31.672+0000] {subprocess.py:93} INFO - |20240630|5      |0         |596         |129434.0         |1               |
[2026-07-28T00:51:31.673+0000] {subprocess.py:93} INFO - |20240731|5      |0         |528         |188308.0         |1               |
[2026-07-28T00:51:31.673+0000] {subprocess.py:93} INFO - |20240831|5      |0         |468         |132954.0         |1               |
[2026-07-28T00:51:31.673+0000] {subprocess.py:93} INFO - |20240930|5      |0         |555         |151359.0         |1               |
[2026-07-28T00:51:31.674+0000] {subprocess.py:93} INFO - |20241031|5      |0         |526         |199245.0         |1               |
[2026-07-28T00:51:31.674+0000] {subprocess.py:93} INFO - |20241130|5      |0         |410         |143425.0         |1               |
[2026-07-28T00:51:31.675+0000] {subprocess.py:93} INFO - |20241231|5      |0         |461         |171871.0         |1               |
[2026-07-28T00:51:31.675+0000] {subprocess.py:93} INFO - |20250131|5      |0         |465         |174726.0         |1               |
[2026-07-28T00:51:31.676+0000] {subprocess.py:93} INFO - |20250228|5      |0         |488         |132967.0         |1               |
[2026-07-28T00:51:31.676+0000] {subprocess.py:93} INFO - |20250331|5      |0         |496         |193837.0         |1               |
[2026-07-28T00:51:31.677+0000] {subprocess.py:93} INFO - |20250430|5      |0         |433         |126209.0         |1               |
[2026-07-28T00:51:31.678+0000] {subprocess.py:93} INFO - |20250531|5      |0         |576         |133437.0         |1               |
[2026-07-28T00:51:31.678+0000] {subprocess.py:93} INFO - |20250630|5      |0         |439         |159434.0         |1               |
[2026-07-28T00:51:31.679+0000] {subprocess.py:93} INFO - |20250731|5      |0         |573         |188313.0         |1               |
[2026-07-28T00:51:31.680+0000] {subprocess.py:93} INFO - |20250831|5      |0         |533         |183049.0         |1               |
[2026-07-28T00:51:31.680+0000] {subprocess.py:93} INFO - +--------+-------+----------+------------+-----------------+----------------+
[2026-07-28T00:51:31.681+0000] {subprocess.py:93} INFO - only showing top 20 rows
[2026-07-28T00:51:31.682+0000] {subprocess.py:93} INFO - 
[2026-07-28T00:51:31.683+0000] {subprocess.py:93} INFO - FACT_ENERGIE créée avec succès
[2026-07-28T00:51:32.200+0000] {subprocess.py:97} INFO - Command exited with return code 0
[2026-07-28T00:51:32.271+0000] {taskinstance.py:340} INFO - ::group::Post task execution logs
[2026-07-28T00:51:32.273+0000] {taskinstance.py:352} INFO - Marking task as SUCCESS. dag_id=flex_eau_pipeline, task_id=fact_energie, run_id=scheduled__2026-07-27T00:00:00+00:00, execution_date=20260727T000000, start_date=20260728T004947, end_date=20260728T005132
[2026-07-28T00:51:32.327+0000] {local_task_job_runner.py:261} INFO - Task exited with return code 0
[2026-07-28T00:51:32.359+0000] {taskinstance.py:3891} INFO - 0 downstream tasks scheduled from follow-on schedule check
[2026-07-28T00:51:32.365+0000] {local_task_job_runner.py:240} INFO - ::endgroup::
