[2026-07-28T00:36:03.532+0000] {local_task_job_runner.py:123} INFO - ::group::Pre task execution logs
[2026-07-28T00:36:03.573+0000] {taskinstance.py:2603} INFO - Dependencies all met for dep_context=non-requeueable deps ti=<TaskInstance: flex_eau_pipeline.dim_compteur scheduled__2026-07-26T00:00:00+00:00 [queued]>
[2026-07-28T00:36:03.595+0000] {taskinstance.py:2603} INFO - Dependencies all met for dep_context=requeueable deps ti=<TaskInstance: flex_eau_pipeline.dim_compteur scheduled__2026-07-26T00:00:00+00:00 [queued]>
[2026-07-28T00:36:03.598+0000] {taskinstance.py:2856} INFO - Starting attempt 1 of 2
[2026-07-28T00:36:03.631+0000] {taskinstance.py:2879} INFO - Executing <Task(BashOperator): dim_compteur> on 2026-07-26 00:00:00+00:00
[2026-07-28T00:36:03.651+0000] {standard_task_runner.py:72} INFO - Started process 330 to run task
[2026-07-28T00:36:03.661+0000] {standard_task_runner.py:104} INFO - Running: ['***', 'tasks', 'run', 'flex_eau_pipeline', 'dim_compteur', 'scheduled__2026-07-26T00:00:00+00:00', '--job-id', '54', '--raw', '--subdir', 'DAGS_FOLDER/flex_eau_pipeline.py', '--cfg-path', '/tmp/tmpdnbxm4_q']
[2026-07-28T00:36:03.668+0000] {standard_task_runner.py:105} INFO - Job 54: Subtask dim_compteur
[2026-07-28T00:36:03.857+0000] {task_command.py:467} INFO - Running <TaskInstance: flex_eau_pipeline.dim_compteur scheduled__2026-07-26T00:00:00+00:00 [running]> on host b1da4d7b7394
[2026-07-28T00:36:04.164+0000] {taskinstance.py:3122} INFO - Exporting env vars: AIRFLOW_CTX_DAG_OWNER='flex-eau' AIRFLOW_CTX_DAG_ID='flex_eau_pipeline' AIRFLOW_CTX_TASK_ID='dim_compteur' AIRFLOW_CTX_EXECUTION_DATE='2026-07-26T00:00:00+00:00' AIRFLOW_CTX_TRY_NUMBER='1' AIRFLOW_CTX_DAG_RUN_ID='scheduled__2026-07-26T00:00:00+00:00'
[2026-07-28T00:36:04.166+0000] {taskinstance.py:731} INFO - ::endgroup::
[2026-07-28T00:36:04.215+0000] {subprocess.py:63} INFO - Tmp dir root location: /tmp
[2026-07-28T00:36:04.217+0000] {subprocess.py:75} INFO - Running command: ['/usr/bin/bash', '-c', 'python spark_jobs/dimensions/dim_compteur.py']
[2026-07-28T00:36:04.244+0000] {subprocess.py:86} INFO - Output:
[2026-07-28T00:36:18.359+0000] {subprocess.py:93} INFO - 26/07/28 00:36:18 WARN NativeCodeLoader: Unable to load native-hadoop library for your platform... using builtin-java classes where applicable
[2026-07-28T00:36:21.165+0000] {subprocess.py:93} INFO - Setting default log level to "WARN".
[2026-07-28T00:36:21.180+0000] {subprocess.py:93} INFO - To adjust logging level use sc.setLogLevel(newLevel). For SparkR, use setLogLevel(newLevel).
[2026-07-28T00:36:26.184+0000] {subprocess.py:93} INFO - 26/07/28 00:36:26 WARN Utils: Service 'SparkUI' could not bind on port 4040. Attempting port 4041.
[2026-07-28T00:36:26.199+0000] {subprocess.py:93} INFO - 26/07/28 00:36:26 WARN Utils: Service 'SparkUI' could not bind on port 4041. Attempting port 4042.
[2026-07-28T00:36:26.200+0000] {subprocess.py:93} INFO - 26/07/28 00:36:26 WARN Utils: Service 'SparkUI' could not bind on port 4042. Attempting port 4043.
[2026-07-28T00:36:26.201+0000] {subprocess.py:93} INFO - 26/07/28 00:36:26 WARN Utils: Service 'SparkUI' could not bind on port 4043. Attempting port 4044.
[2026-07-28T00:36:26.238+0000] {subprocess.py:93} INFO - 26/07/28 00:36:26 WARN Utils: Service 'SparkUI' could not bind on port 4044. Attempting port 4045.
[2026-07-28T00:36:26.240+0000] {subprocess.py:93} INFO - 26/07/28 00:36:26 WARN Utils: Service 'SparkUI' could not bind on port 4045. Attempting port 4046.
[2026-07-28T00:36:26.240+0000] {subprocess.py:93} INFO - 26/07/28 00:36:26 WARN Utils: Service 'SparkUI' could not bind on port 4046. Attempting port 4047.
[2026-07-28T00:37:08.290+0000] {subprocess.py:93} INFO - [Stage 0:>                                                          (0 + 0) / 1]26/07/28 00:37:08 WARN TaskSchedulerImpl: Initial job has not accepted any resources; check your cluster UI to ensure that workers are registered and have sufficient resources
[2026-07-28T00:37:23.257+0000] {subprocess.py:93} INFO - 26/07/28 00:37:23 WARN TaskSchedulerImpl: Initial job has not accepted any resources; check your cluster UI to ensure that workers are registered and have sufficient resources
[2026-07-28T00:37:38.285+0000] {subprocess.py:93} INFO - 26/07/28 00:37:38 WARN TaskSchedulerImpl: Initial job has not accepted any resources; check your cluster UI to ensure that workers are registered and have sufficient resources
[2026-07-28T00:37:43.404+0000] {subprocess.py:93} INFO - [Stage 0:>                                                          (0 + 1) / 1]                                                                                DIM_COMPTEUR créée
[2026-07-28T00:37:43.938+0000] {subprocess.py:97} INFO - Command exited with return code 0
[2026-07-28T00:37:44.004+0000] {taskinstance.py:340} INFO - ::group::Post task execution logs
[2026-07-28T00:37:44.006+0000] {taskinstance.py:352} INFO - Marking task as SUCCESS. dag_id=flex_eau_pipeline, task_id=dim_compteur, run_id=scheduled__2026-07-26T00:00:00+00:00, execution_date=20260726T000000, start_date=20260728T003603, end_date=20260728T003744
[2026-07-28T00:37:44.070+0000] {local_task_job_runner.py:261} INFO - Task exited with return code 0
[2026-07-28T00:37:44.108+0000] {taskinstance.py:3891} INFO - 0 downstream tasks scheduled from follow-on schedule check
[2026-07-28T00:37:44.111+0000] {local_task_job_runner.py:240} INFO - ::endgroup::
