[2026-07-25T18:09:50.430+0000] {local_task_job_runner.py:123} INFO - ::group::Pre task execution logs
[2026-07-25T18:09:50.479+0000] {taskinstance.py:2603} INFO - Dependencies all met for dep_context=non-requeueable deps ti=<TaskInstance: flex_eau_pipeline.dim_abonne scheduled__2026-07-24T00:00:00+00:00 [queued]>
[2026-07-25T18:09:50.496+0000] {taskinstance.py:2603} INFO - Dependencies all met for dep_context=requeueable deps ti=<TaskInstance: flex_eau_pipeline.dim_abonne scheduled__2026-07-24T00:00:00+00:00 [queued]>
[2026-07-25T18:09:50.500+0000] {taskinstance.py:2856} INFO - Starting attempt 1 of 2
[2026-07-25T18:09:50.522+0000] {taskinstance.py:2879} INFO - Executing <Task(BashOperator): dim_abonne> on 2026-07-24 00:00:00+00:00
[2026-07-25T18:09:50.542+0000] {logging_mixin.py:190} WARNING - /home/***/.local/lib/python3.12/site-packages/***/task/task_runner/standard_task_runner.py:70 DeprecationWarning: This process (pid=519) is multi-threaded, use of fork() may lead to deadlocks in the child.
[2026-07-25T18:09:50.549+0000] {standard_task_runner.py:72} INFO - Started process 525 to run task
[2026-07-25T18:09:50.544+0000] {standard_task_runner.py:104} INFO - Running: ['***', 'tasks', 'run', 'flex_eau_pipeline', 'dim_abonne', 'scheduled__2026-07-24T00:00:00+00:00', '--job-id', '4', '--raw', '--subdir', 'DAGS_FOLDER/flex_eau_pipeline.py', '--cfg-path', '/tmp/tmp1xo62udd']
[2026-07-25T18:09:50.553+0000] {standard_task_runner.py:105} INFO - Job 4: Subtask dim_abonne
[2026-07-25T18:09:50.742+0000] {task_command.py:467} INFO - Running <TaskInstance: flex_eau_pipeline.dim_abonne scheduled__2026-07-24T00:00:00+00:00 [running]> on host 30d391bb7be2
[2026-07-25T18:09:51.022+0000] {taskinstance.py:3122} INFO - Exporting env vars: AIRFLOW_CTX_DAG_OWNER='flex-eau' AIRFLOW_CTX_DAG_ID='flex_eau_pipeline' AIRFLOW_CTX_TASK_ID='dim_abonne' AIRFLOW_CTX_EXECUTION_DATE='2026-07-24T00:00:00+00:00' AIRFLOW_CTX_TRY_NUMBER='1' AIRFLOW_CTX_DAG_RUN_ID='scheduled__2026-07-24T00:00:00+00:00'
[2026-07-25T18:09:51.026+0000] {taskinstance.py:731} INFO - ::endgroup::
[2026-07-25T18:09:51.068+0000] {subprocess.py:63} INFO - Tmp dir root location: /tmp
[2026-07-25T18:09:51.069+0000] {subprocess.py:75} INFO - Running command: ['/usr/bin/bash', '-c', 'python spark_jobs/dimensions/dim_abonne.py']
[2026-07-25T18:09:51.102+0000] {subprocess.py:86} INFO - Output:
[2026-07-25T18:10:05.669+0000] {subprocess.py:93} INFO - 26/07/25 18:10:05 WARN NativeCodeLoader: Unable to load native-hadoop library for your platform... using builtin-java classes where applicable
[2026-07-25T18:10:07.417+0000] {subprocess.py:93} INFO - 26/07/25 18:10:07 WARN DependencyUtils: Local jar /opt/jars/postgresql-42.7.8.jar does not exist, skipping.
[2026-07-25T18:10:07.909+0000] {subprocess.py:93} INFO - 26/07/25 18:10:07 INFO SparkContext: Running Spark version 3.5.1
[2026-07-25T18:10:07.911+0000] {subprocess.py:93} INFO - 26/07/25 18:10:07 INFO SparkContext: OS info Linux, 6.6.87.2-microsoft-standard-WSL2, amd64
[2026-07-25T18:10:07.913+0000] {subprocess.py:93} INFO - 26/07/25 18:10:07 INFO SparkContext: Java version 17.0.19
[2026-07-25T18:10:08.104+0000] {subprocess.py:93} INFO - 26/07/25 18:10:08 INFO ResourceUtils: ==============================================================
[2026-07-25T18:10:08.110+0000] {subprocess.py:93} INFO - 26/07/25 18:10:08 INFO ResourceUtils: No custom resources configured for spark.driver.
[2026-07-25T18:10:08.122+0000] {subprocess.py:93} INFO - 26/07/25 18:10:08 INFO ResourceUtils: ==============================================================
[2026-07-25T18:10:08.133+0000] {subprocess.py:93} INFO - 26/07/25 18:10:08 INFO SparkContext: Submitted application: DIM_ABONNE
[2026-07-25T18:10:08.211+0000] {subprocess.py:93} INFO - 26/07/25 18:10:08 INFO ResourceProfile: Default ResourceProfile created, executor resources: Map(memory -> name: memory, amount: 1024, script: , vendor: , offHeap -> name: offHeap, amount: 0, script: , vendor: ), task resources: Map(cpus -> name: cpus, amount: 1.0)
[2026-07-25T18:10:08.235+0000] {subprocess.py:93} INFO - 26/07/25 18:10:08 INFO ResourceProfile: Limiting resource is cpu
[2026-07-25T18:10:08.238+0000] {subprocess.py:93} INFO - 26/07/25 18:10:08 INFO ResourceProfileManager: Added ResourceProfile id: 0
[2026-07-25T18:10:08.587+0000] {subprocess.py:93} INFO - 26/07/25 18:10:08 INFO SecurityManager: Changing view acls to: ***
[2026-07-25T18:10:08.588+0000] {subprocess.py:93} INFO - 26/07/25 18:10:08 INFO SecurityManager: Changing modify acls to: ***
[2026-07-25T18:10:08.591+0000] {subprocess.py:93} INFO - 26/07/25 18:10:08 INFO SecurityManager: Changing view acls groups to:
[2026-07-25T18:10:08.592+0000] {subprocess.py:93} INFO - 26/07/25 18:10:08 INFO SecurityManager: Changing modify acls groups to:
[2026-07-25T18:10:08.603+0000] {subprocess.py:93} INFO - 26/07/25 18:10:08 INFO SecurityManager: SecurityManager: authentication disabled; ui acls disabled; users with view permissions: ***; groups with view permissions: EMPTY; users with modify permissions: ***; groups with modify permissions: EMPTY
[2026-07-25T18:10:09.892+0000] {subprocess.py:93} INFO - 26/07/25 18:10:09 INFO Utils: Successfully started service 'sparkDriver' on port 37607.
[2026-07-25T18:10:09.988+0000] {subprocess.py:93} INFO - 26/07/25 18:10:09 INFO SparkEnv: Registering MapOutputTracker
[2026-07-25T18:10:10.220+0000] {subprocess.py:93} INFO - 26/07/25 18:10:10 INFO SparkEnv: Registering BlockManagerMaster
[2026-07-25T18:10:10.304+0000] {subprocess.py:93} INFO - 26/07/25 18:10:10 INFO BlockManagerMasterEndpoint: Using org.apache.spark.storage.DefaultTopologyMapper for getting topology information
[2026-07-25T18:10:10.317+0000] {subprocess.py:93} INFO - 26/07/25 18:10:10 INFO BlockManagerMasterEndpoint: BlockManagerMasterEndpoint up
[2026-07-25T18:10:10.345+0000] {subprocess.py:93} INFO - 26/07/25 18:10:10 INFO SparkEnv: Registering BlockManagerMasterHeartbeat
[2026-07-25T18:10:10.591+0000] {subprocess.py:93} INFO - 26/07/25 18:10:10 INFO DiskBlockManager: Created local directory at /tmp/blockmgr-8a249ffd-cbcd-400f-a0c6-bb3def8524f4
[2026-07-25T18:10:10.757+0000] {subprocess.py:93} INFO - 26/07/25 18:10:10 INFO MemoryStore: MemoryStore started with capacity 434.4 MiB
[2026-07-25T18:10:10.874+0000] {subprocess.py:93} INFO - 26/07/25 18:10:10 INFO SparkEnv: Registering OutputCommitCoordinator
[2026-07-25T18:10:12.217+0000] {subprocess.py:93} INFO - 26/07/25 18:10:12 INFO JettyUtils: Start Jetty 0.0.0.0:4040 for SparkUI
[2026-07-25T18:10:12.684+0000] {subprocess.py:93} INFO - 26/07/25 18:10:12 WARN Utils: Service 'SparkUI' could not bind on port 4040. Attempting port 4041.
[2026-07-25T18:10:12.706+0000] {subprocess.py:93} INFO - 26/07/25 18:10:12 WARN Utils: Service 'SparkUI' could not bind on port 4041. Attempting port 4042.
[2026-07-25T18:10:12.752+0000] {subprocess.py:93} INFO - 26/07/25 18:10:12 WARN Utils: Service 'SparkUI' could not bind on port 4042. Attempting port 4043.
[2026-07-25T18:10:12.758+0000] {subprocess.py:93} INFO - 26/07/25 18:10:12 WARN Utils: Service 'SparkUI' could not bind on port 4043. Attempting port 4044.
[2026-07-25T18:10:12.936+0000] {subprocess.py:93} INFO - 26/07/25 18:10:12 INFO Utils: Successfully started service 'SparkUI' on port 4044.
[2026-07-25T18:10:13.053+0000] {subprocess.py:93} INFO - 26/07/25 18:10:13 ERROR SparkContext: Failed to add /opt/jars/postgresql-42.7.8.jar to Spark environment
[2026-07-25T18:10:13.054+0000] {subprocess.py:93} INFO - java.io.FileNotFoundException: Jar /opt/jars/postgresql-42.7.8.jar not found
[2026-07-25T18:10:13.055+0000] {subprocess.py:93} INFO - 	at org.apache.spark.SparkContext.addLocalJarFile$1(SparkContext.scala:2100)
[2026-07-25T18:10:13.056+0000] {subprocess.py:93} INFO - 	at org.apache.spark.SparkContext.addJar(SparkContext.scala:2156)
[2026-07-25T18:10:13.065+0000] {subprocess.py:93} INFO - 	at org.apache.spark.SparkContext.$anonfun$new$15(SparkContext.scala:526)
[2026-07-25T18:10:13.066+0000] {subprocess.py:93} INFO - 	at org.apache.spark.SparkContext.$anonfun$new$15$adapted(SparkContext.scala:526)
[2026-07-25T18:10:13.067+0000] {subprocess.py:93} INFO - 	at scala.collection.mutable.ResizableArray.foreach(ResizableArray.scala:62)
[2026-07-25T18:10:13.068+0000] {subprocess.py:93} INFO - 	at scala.collection.mutable.ResizableArray.foreach$(ResizableArray.scala:55)
[2026-07-25T18:10:13.069+0000] {subprocess.py:93} INFO - 	at scala.collection.mutable.ArrayBuffer.foreach(ArrayBuffer.scala:49)
[2026-07-25T18:10:13.070+0000] {subprocess.py:93} INFO - 	at org.apache.spark.SparkContext.<init>(SparkContext.scala:526)
[2026-07-25T18:10:13.085+0000] {subprocess.py:93} INFO - 	at org.apache.spark.api.java.JavaSparkContext.<init>(JavaSparkContext.scala:58)
[2026-07-25T18:10:13.089+0000] {subprocess.py:93} INFO - 	at java.base/jdk.internal.reflect.NativeConstructorAccessorImpl.newInstance0(Native Method)
[2026-07-25T18:10:13.093+0000] {subprocess.py:93} INFO - 	at java.base/jdk.internal.reflect.NativeConstructorAccessorImpl.newInstance(NativeConstructorAccessorImpl.java:77)
[2026-07-25T18:10:13.094+0000] {subprocess.py:93} INFO - 	at java.base/jdk.internal.reflect.DelegatingConstructorAccessorImpl.newInstance(DelegatingConstructorAccessorImpl.java:45)
[2026-07-25T18:10:13.095+0000] {subprocess.py:93} INFO - 	at java.base/java.lang.reflect.Constructor.newInstanceWithCaller(Constructor.java:500)
[2026-07-25T18:10:13.106+0000] {subprocess.py:93} INFO - 	at java.base/java.lang.reflect.Constructor.newInstance(Constructor.java:481)
[2026-07-25T18:10:13.110+0000] {subprocess.py:93} INFO - 	at py4j.reflection.MethodInvoker.invoke(MethodInvoker.java:247)
[2026-07-25T18:10:13.138+0000] {subprocess.py:93} INFO - 	at py4j.reflection.ReflectionEngine.invoke(ReflectionEngine.java:374)
[2026-07-25T18:10:13.140+0000] {subprocess.py:93} INFO - 	at py4j.Gateway.invoke(Gateway.java:238)
[2026-07-25T18:10:13.141+0000] {subprocess.py:93} INFO - 	at py4j.commands.ConstructorCommand.invokeConstructor(ConstructorCommand.java:80)
[2026-07-25T18:10:13.142+0000] {subprocess.py:93} INFO - 	at py4j.commands.ConstructorCommand.execute(ConstructorCommand.java:69)
[2026-07-25T18:10:13.144+0000] {subprocess.py:93} INFO - 	at py4j.ClientServerConnection.waitForCommands(ClientServerConnection.java:182)
[2026-07-25T18:10:13.147+0000] {subprocess.py:93} INFO - 	at py4j.ClientServerConnection.run(ClientServerConnection.java:106)
[2026-07-25T18:10:13.149+0000] {subprocess.py:93} INFO - 	at java.base/java.lang.Thread.run(Thread.java:840)
[2026-07-25T18:10:13.637+0000] {subprocess.py:93} INFO - 26/07/25 18:10:13 INFO StandaloneAppClient$ClientEndpoint: Connecting to master spark://spark-master:7077...
[2026-07-25T18:10:14.111+0000] {subprocess.py:93} INFO - 26/07/25 18:10:14 INFO TransportClientFactory: Successfully created connection to spark-master/172.22.0.5:7077 after 208 ms (0 ms spent in bootstraps)
[2026-07-25T18:10:15.534+0000] {subprocess.py:93} INFO - 26/07/25 18:10:15 INFO StandaloneSchedulerBackend: Connected to Spark cluster with app ID app-20260725181015-0001
[2026-07-25T18:10:15.618+0000] {subprocess.py:93} INFO - 26/07/25 18:10:15 INFO Utils: Successfully started service 'org.apache.spark.network.netty.NettyBlockTransferService' on port 33019.
[2026-07-25T18:10:15.623+0000] {subprocess.py:93} INFO - 26/07/25 18:10:15 INFO NettyBlockTransferService: Server created on 30d391bb7be2:33019
[2026-07-25T18:10:15.642+0000] {subprocess.py:93} INFO - 26/07/25 18:10:15 INFO BlockManager: Using org.apache.spark.storage.RandomBlockReplicationPolicy for block replication policy
[2026-07-25T18:10:15.718+0000] {subprocess.py:93} INFO - 26/07/25 18:10:15 INFO BlockManagerMaster: Registering BlockManager BlockManagerId(driver, 30d391bb7be2, 33019, None)
[2026-07-25T18:10:15.742+0000] {subprocess.py:93} INFO - 26/07/25 18:10:15 INFO BlockManagerMasterEndpoint: Registering block manager 30d391bb7be2:33019 with 434.4 MiB RAM, BlockManagerId(driver, 30d391bb7be2, 33019, None)
[2026-07-25T18:10:15.743+0000] {subprocess.py:93} INFO - 26/07/25 18:10:15 INFO BlockManagerMaster: Registered BlockManager BlockManagerId(driver, 30d391bb7be2, 33019, None)
[2026-07-25T18:10:15.772+0000] {subprocess.py:93} INFO - 26/07/25 18:10:15 INFO BlockManager: Initialized BlockManager: BlockManagerId(driver, 30d391bb7be2, 33019, None)
[2026-07-25T18:10:18.939+0000] {subprocess.py:93} INFO - 26/07/25 18:10:18 INFO StandaloneSchedulerBackend: SchedulerBackend is ready for scheduling beginning after reached minRegisteredResourcesRatio: 0.0
[2026-07-25T18:10:20.788+0000] {subprocess.py:93} INFO - 26/07/25 18:10:20 INFO SharedState: Setting hive.metastore.warehouse.dir ('null') to the value of spark.sql.warehouse.dir.
[2026-07-25T18:10:20.797+0000] {subprocess.py:93} INFO - 26/07/25 18:10:20 INFO SharedState: Warehouse path is 'file:/opt/project/spark-warehouse'.
[2026-07-25T18:10:28.656+0000] {subprocess.py:93} INFO - Traceback (most recent call last):
[2026-07-25T18:10:28.660+0000] {subprocess.py:93} INFO -   File "/opt/project/spark_jobs/dimensions/dim_abonne.py", line 27, in <module>
[2026-07-25T18:10:28.690+0000] {subprocess.py:93} INFO -     abonnes = spark.read.jdbc(
[2026-07-25T18:10:28.691+0000] {subprocess.py:93} INFO -               ^^^^^^^^^^^^^^^^
[2026-07-25T18:10:28.704+0000] {subprocess.py:93} INFO -   File "/home/***/.local/lib/python3.12/site-packages/pyspark/sql/readwriter.py", line 946, in jdbc
[2026-07-25T18:10:28.705+0000] {subprocess.py:93} INFO -     return self._df(self._jreader.jdbc(url, table, jprop))
[2026-07-25T18:10:28.707+0000] {subprocess.py:93} INFO -                     ^^^^^^^^^^^^^^^^^^^^^^^^^^^^^^^^^^^^^
[2026-07-25T18:10:28.710+0000] {subprocess.py:93} INFO -   File "/home/***/.local/lib/python3.12/site-packages/py4j/java_gateway.py", line 1322, in __call__
[2026-07-25T18:10:28.720+0000] {subprocess.py:93} INFO -     return_value = get_return_value(
[2026-07-25T18:10:28.722+0000] {subprocess.py:93} INFO -                    ^^^^^^^^^^^^^^^^^
[2026-07-25T18:10:28.724+0000] {subprocess.py:93} INFO -   File "/home/***/.local/lib/python3.12/site-packages/pyspark/errors/exceptions/captured.py", line 179, in deco
[2026-07-25T18:10:28.725+0000] {subprocess.py:93} INFO -     return f(*a, **kw)
[2026-07-25T18:10:28.727+0000] {subprocess.py:93} INFO -            ^^^^^^^^^^^
[2026-07-25T18:10:28.743+0000] {subprocess.py:93} INFO -   File "/home/***/.local/lib/python3.12/site-packages/py4j/protocol.py", line 326, in get_return_value
[2026-07-25T18:10:28.745+0000] {subprocess.py:93} INFO -     raise Py4JJavaError(
[2026-07-25T18:10:28.747+0000] {subprocess.py:93} INFO - py4j.protocol.Py4JJavaError: An error occurred while calling o29.jdbc.
[2026-07-25T18:10:28.763+0000] {subprocess.py:93} INFO - : java.lang.ClassNotFoundException: org.postgresql.Driver
[2026-07-25T18:10:28.764+0000] {subprocess.py:93} INFO - 	at java.base/java.net.URLClassLoader.findClass(URLClassLoader.java:445)
[2026-07-25T18:10:28.770+0000] {subprocess.py:93} INFO - 	at java.base/java.lang.ClassLoader.loadClass(ClassLoader.java:592)
[2026-07-25T18:10:28.776+0000] {subprocess.py:93} INFO - 	at java.base/java.lang.ClassLoader.loadClass(ClassLoader.java:525)
[2026-07-25T18:10:28.780+0000] {subprocess.py:93} INFO - 	at org.apache.spark.sql.execution.datasources.jdbc.DriverRegistry$.register(DriverRegistry.scala:46)
[2026-07-25T18:10:28.814+0000] {subprocess.py:93} INFO - 	at org.apache.spark.sql.execution.datasources.jdbc.JDBCOptions.$anonfun$driverClass$1(JDBCOptions.scala:103)
[2026-07-25T18:10:28.823+0000] {subprocess.py:93} INFO - 	at org.apache.spark.sql.execution.datasources.jdbc.JDBCOptions.$anonfun$driverClass$1$adapted(JDBCOptions.scala:103)
[2026-07-25T18:10:28.825+0000] {subprocess.py:93} INFO - 	at scala.Option.foreach(Option.scala:407)
[2026-07-25T18:10:28.830+0000] {subprocess.py:93} INFO - 	at org.apache.spark.sql.execution.datasources.jdbc.JDBCOptions.<init>(JDBCOptions.scala:103)
[2026-07-25T18:10:28.861+0000] {subprocess.py:93} INFO - 	at org.apache.spark.sql.execution.datasources.jdbc.JDBCOptions.<init>(JDBCOptions.scala:41)
[2026-07-25T18:10:28.862+0000] {subprocess.py:93} INFO - 	at org.apache.spark.sql.execution.datasources.jdbc.JdbcRelationProvider.createRelation(JdbcRelationProvider.scala:34)
[2026-07-25T18:10:28.864+0000] {subprocess.py:93} INFO - 	at org.apache.spark.sql.execution.datasources.DataSource.resolveRelation(DataSource.scala:346)
[2026-07-25T18:10:28.870+0000] {subprocess.py:93} INFO - 	at org.apache.spark.sql.DataFrameReader.loadV1Source(DataFrameReader.scala:229)
[2026-07-25T18:10:28.919+0000] {subprocess.py:93} INFO - 	at org.apache.spark.sql.DataFrameReader.$anonfun$load$2(DataFrameReader.scala:211)
[2026-07-25T18:10:28.921+0000] {subprocess.py:93} INFO - 	at scala.Option.getOrElse(Option.scala:189)
[2026-07-25T18:10:28.923+0000] {subprocess.py:93} INFO - 	at org.apache.spark.sql.DataFrameReader.load(DataFrameReader.scala:211)
[2026-07-25T18:10:28.931+0000] {subprocess.py:93} INFO - 	at org.apache.spark.sql.DataFrameReader.load(DataFrameReader.scala:172)
[2026-07-25T18:10:28.932+0000] {subprocess.py:93} INFO - 	at org.apache.spark.sql.DataFrameReader.jdbc(DataFrameReader.scala:249)
[2026-07-25T18:10:28.943+0000] {subprocess.py:93} INFO - 	at java.base/jdk.internal.reflect.NativeMethodAccessorImpl.invoke0(Native Method)
[2026-07-25T18:10:28.950+0000] {subprocess.py:93} INFO - 	at java.base/jdk.internal.reflect.NativeMethodAccessorImpl.invoke(NativeMethodAccessorImpl.java:77)
[2026-07-25T18:10:28.952+0000] {subprocess.py:93} INFO - 	at java.base/jdk.internal.reflect.DelegatingMethodAccessorImpl.invoke(DelegatingMethodAccessorImpl.java:43)
[2026-07-25T18:10:28.953+0000] {subprocess.py:93} INFO - 	at java.base/java.lang.reflect.Method.invoke(Method.java:569)
[2026-07-25T18:10:28.955+0000] {subprocess.py:93} INFO - 	at py4j.reflection.MethodInvoker.invoke(MethodInvoker.java:244)
[2026-07-25T18:10:28.963+0000] {subprocess.py:93} INFO - 	at py4j.reflection.ReflectionEngine.invoke(ReflectionEngine.java:374)
[2026-07-25T18:10:28.969+0000] {subprocess.py:93} INFO - 	at py4j.Gateway.invoke(Gateway.java:282)
[2026-07-25T18:10:28.972+0000] {subprocess.py:93} INFO - 	at py4j.commands.AbstractCommand.invokeMethod(AbstractCommand.java:132)
[2026-07-25T18:10:28.973+0000] {subprocess.py:93} INFO - 	at py4j.commands.CallCommand.execute(CallCommand.java:79)
[2026-07-25T18:10:28.997+0000] {subprocess.py:93} INFO - 	at py4j.ClientServerConnection.waitForCommands(ClientServerConnection.java:182)
[2026-07-25T18:10:29.008+0000] {subprocess.py:93} INFO - 	at py4j.ClientServerConnection.run(ClientServerConnection.java:106)
[2026-07-25T18:10:29.024+0000] {subprocess.py:93} INFO - 	at java.base/java.lang.Thread.run(Thread.java:840)
[2026-07-25T18:10:29.029+0000] {subprocess.py:93} INFO - 
[2026-07-25T18:10:29.658+0000] {subprocess.py:93} INFO - 26/07/25 18:10:29 INFO SparkContext: Invoking stop() from shutdown hook
[2026-07-25T18:10:29.680+0000] {subprocess.py:93} INFO - 26/07/25 18:10:29 INFO SparkContext: SparkContext is stopping with exitCode 0.
[2026-07-25T18:10:29.754+0000] {subprocess.py:93} INFO - 26/07/25 18:10:29 INFO SparkUI: Stopped Spark web UI at http://30d391bb7be2:4044
[2026-07-25T18:10:29.834+0000] {subprocess.py:93} INFO - 26/07/25 18:10:29 INFO StandaloneSchedulerBackend: Shutting down all executors
[2026-07-25T18:10:29.855+0000] {subprocess.py:93} INFO - 26/07/25 18:10:29 INFO StandaloneSchedulerBackend$StandaloneDriverEndpoint: Asking each executor to shut down
[2026-07-25T18:10:30.121+0000] {subprocess.py:93} INFO - 26/07/25 18:10:30 INFO MapOutputTrackerMasterEndpoint: MapOutputTrackerMasterEndpoint stopped!
[2026-07-25T18:10:30.274+0000] {subprocess.py:93} INFO - 26/07/25 18:10:30 INFO MemoryStore: MemoryStore cleared
[2026-07-25T18:10:30.299+0000] {subprocess.py:93} INFO - 26/07/25 18:10:30 INFO BlockManager: BlockManager stopped
[2026-07-25T18:10:30.403+0000] {subprocess.py:93} INFO - 26/07/25 18:10:30 INFO BlockManagerMaster: BlockManagerMaster stopped
[2026-07-25T18:10:30.421+0000] {subprocess.py:93} INFO - 26/07/25 18:10:30 INFO OutputCommitCoordinator$OutputCommitCoordinatorEndpoint: OutputCommitCoordinator stopped!
[2026-07-25T18:10:30.645+0000] {subprocess.py:93} INFO - 26/07/25 18:10:30 INFO SparkContext: Successfully stopped SparkContext
[2026-07-25T18:10:30.652+0000] {subprocess.py:93} INFO - 26/07/25 18:10:30 INFO ShutdownHookManager: Shutdown hook called
[2026-07-25T18:10:30.655+0000] {subprocess.py:93} INFO - 26/07/25 18:10:30 INFO ShutdownHookManager: Deleting directory /tmp/spark-e4b190b1-bb99-4f30-ade1-82fbc56a525a/pyspark-54f09a66-d478-45f1-810d-6430ead680fc
[2026-07-25T18:10:30.764+0000] {subprocess.py:93} INFO - 26/07/25 18:10:30 INFO ShutdownHookManager: Deleting directory /tmp/spark-f4af1d76-49b2-4a04-b7d9-23bdfb6f331c
[2026-07-25T18:10:31.010+0000] {subprocess.py:93} INFO - 26/07/25 18:10:30 INFO ShutdownHookManager: Deleting directory /tmp/spark-e4b190b1-bb99-4f30-ade1-82fbc56a525a
[2026-07-25T18:10:31.702+0000] {subprocess.py:97} INFO - Command exited with return code 1
[2026-07-25T18:10:31.801+0000] {taskinstance.py:3301} ERROR - Task failed with exception
Traceback (most recent call last):
  File "/home/airflow/.local/lib/python3.12/site-packages/airflow/models/taskinstance.py", line 767, in _execute_task
    result = _execute_callable(context=context, **execute_callable_kwargs)
             ^^^^^^^^^^^^^^^^^^^^^^^^^^^^^^^^^^^^^^^^^^^^^^^^^^^^^^^^^^^^^
  File "/home/airflow/.local/lib/python3.12/site-packages/airflow/models/taskinstance.py", line 733, in _execute_callable
    return ExecutionCallableRunner(
           ^^^^^^^^^^^^^^^^^^^^^^^^
  File "/home/airflow/.local/lib/python3.12/site-packages/airflow/utils/operator_helpers.py", line 252, in run
    return self.func(*args, **kwargs)
           ^^^^^^^^^^^^^^^^^^^^^^^^^^
  File "/home/airflow/.local/lib/python3.12/site-packages/airflow/models/baseoperator.py", line 406, in wrapper
    return func(self, *args, **kwargs)
           ^^^^^^^^^^^^^^^^^^^^^^^^^^^
  File "/home/airflow/.local/lib/python3.12/site-packages/airflow/operators/bash.py", line 249, in execute
    raise AirflowException(
airflow.exceptions.AirflowException: Bash command failed. The command returned a non-zero exit code 1.
[2026-07-25T18:10:31.841+0000] {taskinstance.py:1225} INFO - Marking task as UP_FOR_RETRY. dag_id=flex_eau_pipeline, task_id=dim_abonne, run_id=scheduled__2026-07-24T00:00:00+00:00, execution_date=20260724T000000, start_date=20260725T180950, end_date=20260725T181031
[2026-07-25T18:10:31.947+0000] {taskinstance.py:340} INFO - ::group::Post task execution logs
[2026-07-25T18:10:31.951+0000] {standard_task_runner.py:124} ERROR - Failed to execute job 4 for task dim_abonne (Bash command failed. The command returned a non-zero exit code 1.; 525)
Traceback (most recent call last):
  File "/home/airflow/.local/lib/python3.12/site-packages/airflow/task/task_runner/standard_task_runner.py", line 117, in _start_by_fork
    ret = args.func(args, dag=self.dag)
          ^^^^^^^^^^^^^^^^^^^^^^^^^^^^^
  File "/home/airflow/.local/lib/python3.12/site-packages/airflow/cli/cli_config.py", line 49, in command
    return func(*args, **kwargs)
           ^^^^^^^^^^^^^^^^^^^^^
  File "/home/airflow/.local/lib/python3.12/site-packages/airflow/utils/cli.py", line 115, in wrapper
    return f(*args, **kwargs)
           ^^^^^^^^^^^^^^^^^^
  File "/home/airflow/.local/lib/python3.12/site-packages/airflow/cli/commands/task_command.py", line 483, in task_run
    task_return_code = _run_task_by_selected_method(args, _dag, ti)
                       ^^^^^^^^^^^^^^^^^^^^^^^^^^^^^^^^^^^^^^^^^^^^
  File "/home/airflow/.local/lib/python3.12/site-packages/airflow/cli/commands/task_command.py", line 256, in _run_task_by_selected_method
    return _run_raw_task(args, ti)
           ^^^^^^^^^^^^^^^^^^^^^^^
  File "/home/airflow/.local/lib/python3.12/site-packages/airflow/cli/commands/task_command.py", line 341, in _run_raw_task
    return ti._run_raw_task(
           ^^^^^^^^^^^^^^^^^
  File "/home/airflow/.local/lib/python3.12/site-packages/airflow/utils/session.py", line 97, in wrapper
    return func(*args, session=session, **kwargs)
           ^^^^^^^^^^^^^^^^^^^^^^^^^^^^^^^^^^^^^^
  File "/home/airflow/.local/lib/python3.12/site-packages/airflow/models/taskinstance.py", line 2995, in _run_raw_task
    return _run_raw_task(
           ^^^^^^^^^^^^^^
  File "/home/airflow/.local/lib/python3.12/site-packages/airflow/models/taskinstance.py", line 273, in _run_raw_task
    TaskInstance._execute_task_with_callbacks(
  File "/home/airflow/.local/lib/python3.12/site-packages/airflow/models/taskinstance.py", line 3149, in _execute_task_with_callbacks
    result = self._execute_task(context, task_orig)
             ^^^^^^^^^^^^^^^^^^^^^^^^^^^^^^^^^^^^^^
  File "/home/airflow/.local/lib/python3.12/site-packages/airflow/models/taskinstance.py", line 3173, in _execute_task
    return _execute_task(self, context, task_orig)
           ^^^^^^^^^^^^^^^^^^^^^^^^^^^^^^^^^^^^^^^
  File "/home/airflow/.local/lib/python3.12/site-packages/airflow/models/taskinstance.py", line 767, in _execute_task
    result = _execute_callable(context=context, **execute_callable_kwargs)
             ^^^^^^^^^^^^^^^^^^^^^^^^^^^^^^^^^^^^^^^^^^^^^^^^^^^^^^^^^^^^^
  File "/home/airflow/.local/lib/python3.12/site-packages/airflow/models/taskinstance.py", line 733, in _execute_callable
    return ExecutionCallableRunner(
           ^^^^^^^^^^^^^^^^^^^^^^^^
  File "/home/airflow/.local/lib/python3.12/site-packages/airflow/utils/operator_helpers.py", line 252, in run
    return self.func(*args, **kwargs)
           ^^^^^^^^^^^^^^^^^^^^^^^^^^
  File "/home/airflow/.local/lib/python3.12/site-packages/airflow/models/baseoperator.py", line 406, in wrapper
    return func(self, *args, **kwargs)
           ^^^^^^^^^^^^^^^^^^^^^^^^^^^
  File "/home/airflow/.local/lib/python3.12/site-packages/airflow/operators/bash.py", line 249, in execute
    raise AirflowException(
airflow.exceptions.AirflowException: Bash command failed. The command returned a non-zero exit code 1.
[2026-07-25T18:10:32.024+0000] {local_task_job_runner.py:261} INFO - Task exited with return code 1
[2026-07-25T18:10:32.096+0000] {local_task_job_runner.py:240} INFO - ::endgroup::
[2026-07-25T19:50:17.899+0000] {local_task_job_runner.py:123} INFO - ::group::Pre task execution logs
[2026-07-25T19:50:17.974+0000] {taskinstance.py:2603} INFO - Dependencies all met for dep_context=non-requeueable deps ti=<TaskInstance: flex_eau_pipeline.dim_abonne scheduled__2026-07-24T00:00:00+00:00 [queued]>
[2026-07-25T19:50:17.992+0000] {taskinstance.py:2603} INFO - Dependencies all met for dep_context=requeueable deps ti=<TaskInstance: flex_eau_pipeline.dim_abonne scheduled__2026-07-24T00:00:00+00:00 [queued]>
[2026-07-25T19:50:17.994+0000] {taskinstance.py:2856} INFO - Starting attempt 1 of 2
[2026-07-25T19:50:18.026+0000] {taskinstance.py:2879} INFO - Executing <Task(BashOperator): dim_abonne> on 2026-07-24 00:00:00+00:00
[2026-07-25T19:50:18.047+0000] {standard_task_runner.py:72} INFO - Started process 276 to run task
[2026-07-25T19:50:18.105+0000] {standard_task_runner.py:104} INFO - Running: ['***', 'tasks', 'run', 'flex_eau_pipeline', 'dim_abonne', 'scheduled__2026-07-24T00:00:00+00:00', '--job-id', '8', '--raw', '--subdir', 'DAGS_FOLDER/flex_eau_pipeline.py', '--cfg-path', '/tmp/tmpydsrw5m8']
[2026-07-25T19:50:18.191+0000] {standard_task_runner.py:105} INFO - Job 8: Subtask dim_abonne
[2026-07-25T19:50:18.806+0000] {task_command.py:467} INFO - Running <TaskInstance: flex_eau_pipeline.dim_abonne scheduled__2026-07-24T00:00:00+00:00 [running]> on host 8e34fafe5529
[2026-07-25T19:50:19.318+0000] {taskinstance.py:3122} INFO - Exporting env vars: AIRFLOW_CTX_DAG_OWNER='flex-eau' AIRFLOW_CTX_DAG_ID='flex_eau_pipeline' AIRFLOW_CTX_TASK_ID='dim_abonne' AIRFLOW_CTX_EXECUTION_DATE='2026-07-24T00:00:00+00:00' AIRFLOW_CTX_TRY_NUMBER='1' AIRFLOW_CTX_DAG_RUN_ID='scheduled__2026-07-24T00:00:00+00:00'
[2026-07-25T19:50:19.323+0000] {taskinstance.py:731} INFO - ::endgroup::
[2026-07-25T19:50:19.370+0000] {subprocess.py:63} INFO - Tmp dir root location: /tmp
[2026-07-25T19:50:19.373+0000] {subprocess.py:75} INFO - Running command: ['/usr/bin/bash', '-c', 'python spark_jobs/dimensions/dim_abonne.py']
[2026-07-25T19:50:19.423+0000] {subprocess.py:86} INFO - Output:
[2026-07-25T19:50:32.866+0000] {subprocess.py:93} INFO - 26/07/25 19:50:32 WARN NativeCodeLoader: Unable to load native-hadoop library for your platform... using builtin-java classes where applicable
[2026-07-25T19:50:34.171+0000] {subprocess.py:93} INFO - 26/07/25 19:50:34 WARN DependencyUtils: Local jar /opt/jars/postgresql-42.7.8.jar does not exist, skipping.
[2026-07-25T19:50:34.826+0000] {subprocess.py:93} INFO - 26/07/25 19:50:34 INFO SparkContext: Running Spark version 3.5.1
[2026-07-25T19:50:34.827+0000] {subprocess.py:93} INFO - 26/07/25 19:50:34 INFO SparkContext: OS info Linux, 6.6.87.2-microsoft-standard-WSL2, amd64
[2026-07-25T19:50:34.830+0000] {subprocess.py:93} INFO - 26/07/25 19:50:34 INFO SparkContext: Java version 17.0.19
[2026-07-25T19:50:34.988+0000] {subprocess.py:93} INFO - 26/07/25 19:50:34 INFO ResourceUtils: ==============================================================
[2026-07-25T19:50:34.990+0000] {subprocess.py:93} INFO - 26/07/25 19:50:34 INFO ResourceUtils: No custom resources configured for spark.driver.
[2026-07-25T19:50:34.999+0000] {subprocess.py:93} INFO - 26/07/25 19:50:34 INFO ResourceUtils: ==============================================================
[2026-07-25T19:50:35.004+0000] {subprocess.py:93} INFO - 26/07/25 19:50:34 INFO SparkContext: Submitted application: DIM_ABONNE
[2026-07-25T19:50:35.093+0000] {subprocess.py:93} INFO - 26/07/25 19:50:35 INFO ResourceProfile: Default ResourceProfile created, executor resources: Map(memory -> name: memory, amount: 1024, script: , vendor: , offHeap -> name: offHeap, amount: 0, script: , vendor: ), task resources: Map(cpus -> name: cpus, amount: 1.0)
[2026-07-25T19:50:35.119+0000] {subprocess.py:93} INFO - 26/07/25 19:50:35 INFO ResourceProfile: Limiting resource is cpu
[2026-07-25T19:50:35.126+0000] {subprocess.py:93} INFO - 26/07/25 19:50:35 INFO ResourceProfileManager: Added ResourceProfile id: 0
[2026-07-25T19:50:35.390+0000] {subprocess.py:93} INFO - 26/07/25 19:50:35 INFO SecurityManager: Changing view acls to: ***
[2026-07-25T19:50:35.398+0000] {subprocess.py:93} INFO - 26/07/25 19:50:35 INFO SecurityManager: Changing modify acls to: ***
[2026-07-25T19:50:35.400+0000] {subprocess.py:93} INFO - 26/07/25 19:50:35 INFO SecurityManager: Changing view acls groups to:
[2026-07-25T19:50:35.401+0000] {subprocess.py:93} INFO - 26/07/25 19:50:35 INFO SecurityManager: Changing modify acls groups to:
[2026-07-25T19:50:35.402+0000] {subprocess.py:93} INFO - 26/07/25 19:50:35 INFO SecurityManager: SecurityManager: authentication disabled; ui acls disabled; users with view permissions: ***; groups with view permissions: EMPTY; users with modify permissions: ***; groups with modify permissions: EMPTY
[2026-07-25T19:50:37.024+0000] {subprocess.py:93} INFO - 26/07/25 19:50:37 INFO Utils: Successfully started service 'sparkDriver' on port 34899.
[2026-07-25T19:50:37.243+0000] {subprocess.py:93} INFO - 26/07/25 19:50:37 INFO SparkEnv: Registering MapOutputTracker
[2026-07-25T19:50:37.602+0000] {subprocess.py:93} INFO - 26/07/25 19:50:37 INFO SparkEnv: Registering BlockManagerMaster
[2026-07-25T19:50:37.804+0000] {subprocess.py:93} INFO - 26/07/25 19:50:37 INFO BlockManagerMasterEndpoint: Using org.apache.spark.storage.DefaultTopologyMapper for getting topology information
[2026-07-25T19:50:37.826+0000] {subprocess.py:93} INFO - 26/07/25 19:50:37 INFO BlockManagerMasterEndpoint: BlockManagerMasterEndpoint up
[2026-07-25T19:50:37.873+0000] {subprocess.py:93} INFO - 26/07/25 19:50:37 INFO SparkEnv: Registering BlockManagerMasterHeartbeat
[2026-07-25T19:50:38.103+0000] {subprocess.py:93} INFO - 26/07/25 19:50:38 INFO DiskBlockManager: Created local directory at /tmp/blockmgr-df8b2ab3-8f6e-4546-9c4e-af1711dc3204
[2026-07-25T19:50:38.166+0000] {subprocess.py:93} INFO - 26/07/25 19:50:38 INFO MemoryStore: MemoryStore started with capacity 434.4 MiB
[2026-07-25T19:50:38.436+0000] {subprocess.py:93} INFO - 26/07/25 19:50:38 INFO SparkEnv: Registering OutputCommitCoordinator
[2026-07-25T19:50:39.240+0000] {subprocess.py:93} INFO - 26/07/25 19:50:39 INFO JettyUtils: Start Jetty 0.0.0.0:4040 for SparkUI
[2026-07-25T19:50:39.784+0000] {subprocess.py:93} INFO - 26/07/25 19:50:39 WARN Utils: Service 'SparkUI' could not bind on port 4040. Attempting port 4041.
[2026-07-25T19:50:39.791+0000] {subprocess.py:93} INFO - 26/07/25 19:50:39 WARN Utils: Service 'SparkUI' could not bind on port 4041. Attempting port 4042.
[2026-07-25T19:50:39.800+0000] {subprocess.py:93} INFO - 26/07/25 19:50:39 WARN Utils: Service 'SparkUI' could not bind on port 4042. Attempting port 4043.
[2026-07-25T19:50:39.922+0000] {subprocess.py:93} INFO - 26/07/25 19:50:39 INFO Utils: Successfully started service 'SparkUI' on port 4043.
[2026-07-25T19:50:40.195+0000] {subprocess.py:93} INFO - 26/07/25 19:50:40 ERROR SparkContext: Failed to add /opt/jars/postgresql-42.7.8.jar to Spark environment
[2026-07-25T19:50:40.202+0000] {subprocess.py:93} INFO - java.io.FileNotFoundException: Jar /opt/jars/postgresql-42.7.8.jar not found
[2026-07-25T19:50:40.206+0000] {subprocess.py:93} INFO - 	at org.apache.spark.SparkContext.addLocalJarFile$1(SparkContext.scala:2100)
[2026-07-25T19:50:40.207+0000] {subprocess.py:93} INFO - 	at org.apache.spark.SparkContext.addJar(SparkContext.scala:2156)
[2026-07-25T19:50:40.208+0000] {subprocess.py:93} INFO - 	at org.apache.spark.SparkContext.$anonfun$new$15(SparkContext.scala:526)
[2026-07-25T19:50:40.210+0000] {subprocess.py:93} INFO - 	at org.apache.spark.SparkContext.$anonfun$new$15$adapted(SparkContext.scala:526)
[2026-07-25T19:50:40.225+0000] {subprocess.py:93} INFO - 	at scala.collection.mutable.ResizableArray.foreach(ResizableArray.scala:62)
[2026-07-25T19:50:40.227+0000] {subprocess.py:93} INFO - 	at scala.collection.mutable.ResizableArray.foreach$(ResizableArray.scala:55)
[2026-07-25T19:50:40.228+0000] {subprocess.py:93} INFO - 	at scala.collection.mutable.ArrayBuffer.foreach(ArrayBuffer.scala:49)
[2026-07-25T19:50:40.245+0000] {subprocess.py:93} INFO - 	at org.apache.spark.SparkContext.<init>(SparkContext.scala:526)
[2026-07-25T19:50:40.250+0000] {subprocess.py:93} INFO - 	at org.apache.spark.api.java.JavaSparkContext.<init>(JavaSparkContext.scala:58)
[2026-07-25T19:50:40.254+0000] {subprocess.py:93} INFO - 	at java.base/jdk.internal.reflect.NativeConstructorAccessorImpl.newInstance0(Native Method)
[2026-07-25T19:50:40.255+0000] {subprocess.py:93} INFO - 	at java.base/jdk.internal.reflect.NativeConstructorAccessorImpl.newInstance(NativeConstructorAccessorImpl.java:77)
[2026-07-25T19:50:40.256+0000] {subprocess.py:93} INFO - 	at java.base/jdk.internal.reflect.DelegatingConstructorAccessorImpl.newInstance(DelegatingConstructorAccessorImpl.java:45)
[2026-07-25T19:50:40.257+0000] {subprocess.py:93} INFO - 	at java.base/java.lang.reflect.Constructor.newInstanceWithCaller(Constructor.java:500)
[2026-07-25T19:50:40.259+0000] {subprocess.py:93} INFO - 	at java.base/java.lang.reflect.Constructor.newInstance(Constructor.java:481)
[2026-07-25T19:50:40.261+0000] {subprocess.py:93} INFO - 	at py4j.reflection.MethodInvoker.invoke(MethodInvoker.java:247)
[2026-07-25T19:50:40.267+0000] {subprocess.py:93} INFO - 	at py4j.reflection.ReflectionEngine.invoke(ReflectionEngine.java:374)
[2026-07-25T19:50:40.270+0000] {subprocess.py:93} INFO - 	at py4j.Gateway.invoke(Gateway.java:238)
[2026-07-25T19:50:40.278+0000] {subprocess.py:93} INFO - 	at py4j.commands.ConstructorCommand.invokeConstructor(ConstructorCommand.java:80)
[2026-07-25T19:50:40.279+0000] {subprocess.py:93} INFO - 	at py4j.commands.ConstructorCommand.execute(ConstructorCommand.java:69)
[2026-07-25T19:50:40.281+0000] {subprocess.py:93} INFO - 	at py4j.ClientServerConnection.waitForCommands(ClientServerConnection.java:182)
[2026-07-25T19:50:40.283+0000] {subprocess.py:93} INFO - 	at py4j.ClientServerConnection.run(ClientServerConnection.java:106)
[2026-07-25T19:50:40.285+0000] {subprocess.py:93} INFO - 	at java.base/java.lang.Thread.run(Thread.java:840)
[2026-07-25T19:50:40.963+0000] {subprocess.py:93} INFO - 26/07/25 19:50:40 INFO StandaloneAppClient$ClientEndpoint: Connecting to master spark://spark-master:7077...
[2026-07-25T19:50:41.408+0000] {subprocess.py:93} INFO - 26/07/25 19:50:41 INFO TransportClientFactory: Successfully created connection to spark-master/172.22.0.5:7077 after 254 ms (0 ms spent in bootstraps)
[2026-07-25T19:50:42.823+0000] {subprocess.py:93} INFO - 26/07/25 19:50:42 INFO StandaloneSchedulerBackend: Connected to Spark cluster with app ID app-20260725195042-0002
[2026-07-25T19:50:42.954+0000] {subprocess.py:93} INFO - 26/07/25 19:50:42 INFO Utils: Successfully started service 'org.apache.spark.network.netty.NettyBlockTransferService' on port 38545.
[2026-07-25T19:50:42.957+0000] {subprocess.py:93} INFO - 26/07/25 19:50:42 INFO NettyBlockTransferService: Server created on 8e34fafe5529:38545
[2026-07-25T19:50:42.995+0000] {subprocess.py:93} INFO - 26/07/25 19:50:42 INFO BlockManager: Using org.apache.spark.storage.RandomBlockReplicationPolicy for block replication policy
[2026-07-25T19:50:43.014+0000] {subprocess.py:93} INFO - 26/07/25 19:50:43 INFO BlockManagerMaster: Registering BlockManager BlockManagerId(driver, 8e34fafe5529, 38545, None)
[2026-07-25T19:50:43.021+0000] {subprocess.py:93} INFO - 26/07/25 19:50:43 INFO BlockManagerMasterEndpoint: Registering block manager 8e34fafe5529:38545 with 434.4 MiB RAM, BlockManagerId(driver, 8e34fafe5529, 38545, None)
[2026-07-25T19:50:43.043+0000] {subprocess.py:93} INFO - 26/07/25 19:50:43 INFO BlockManagerMaster: Registered BlockManager BlockManagerId(driver, 8e34fafe5529, 38545, None)
[2026-07-25T19:50:43.052+0000] {subprocess.py:93} INFO - 26/07/25 19:50:43 INFO BlockManager: Initialized BlockManager: BlockManagerId(driver, 8e34fafe5529, 38545, None)
[2026-07-25T19:50:45.196+0000] {subprocess.py:93} INFO - 26/07/25 19:50:45 INFO StandaloneSchedulerBackend: SchedulerBackend is ready for scheduling beginning after reached minRegisteredResourcesRatio: 0.0
[2026-07-25T19:50:46.175+0000] {subprocess.py:93} INFO - 26/07/25 19:50:46 INFO SharedState: Setting hive.metastore.warehouse.dir ('null') to the value of spark.sql.warehouse.dir.
[2026-07-25T19:50:46.182+0000] {subprocess.py:93} INFO - 26/07/25 19:50:46 INFO SharedState: Warehouse path is 'file:/opt/project/spark-warehouse'.
[2026-07-25T19:50:52.358+0000] {subprocess.py:93} INFO - Traceback (most recent call last):
[2026-07-25T19:50:52.359+0000] {subprocess.py:93} INFO -   File "spark_jobs/dimensions/dim_abonne.py", line 27, in <module>
[2026-07-25T19:50:52.360+0000] {subprocess.py:93} INFO -     abonnes = spark.read.jdbc(
[2026-07-25T19:50:52.367+0000] {subprocess.py:93} INFO -   File "/home/***/.local/lib/python3.8/site-packages/pyspark/sql/readwriter.py", line 946, in jdbc
[2026-07-25T19:50:52.373+0000] {subprocess.py:93} INFO -     return self._df(self._jreader.jdbc(url, table, jprop))
[2026-07-25T19:50:52.376+0000] {subprocess.py:93} INFO -   File "/home/***/.local/lib/python3.8/site-packages/py4j/java_gateway.py", line 1322, in __call__
[2026-07-25T19:50:52.386+0000] {subprocess.py:93} INFO -     return_value = get_return_value(
[2026-07-25T19:50:52.391+0000] {subprocess.py:93} INFO -   File "/home/***/.local/lib/python3.8/site-packages/pyspark/errors/exceptions/captured.py", line 179, in deco
[2026-07-25T19:50:52.396+0000] {subprocess.py:93} INFO -     return f(*a, **kw)
[2026-07-25T19:50:52.406+0000] {subprocess.py:93} INFO -   File "/home/***/.local/lib/python3.8/site-packages/py4j/protocol.py", line 326, in get_return_value
[2026-07-25T19:50:52.422+0000] {subprocess.py:93} INFO -     raise Py4JJavaError(
[2026-07-25T19:50:52.432+0000] {subprocess.py:93} INFO - py4j.protocol.Py4JJavaError: An error occurred while calling o29.jdbc.
[2026-07-25T19:50:52.436+0000] {subprocess.py:93} INFO - : java.lang.ClassNotFoundException: org.postgresql.Driver
[2026-07-25T19:50:52.445+0000] {subprocess.py:93} INFO - 	at java.base/java.net.URLClassLoader.findClass(URLClassLoader.java:445)
[2026-07-25T19:50:52.447+0000] {subprocess.py:93} INFO - 	at java.base/java.lang.ClassLoader.loadClass(ClassLoader.java:592)
[2026-07-25T19:50:52.450+0000] {subprocess.py:93} INFO - 	at java.base/java.lang.ClassLoader.loadClass(ClassLoader.java:525)
[2026-07-25T19:50:52.454+0000] {subprocess.py:93} INFO - 	at org.apache.spark.sql.execution.datasources.jdbc.DriverRegistry$.register(DriverRegistry.scala:46)
[2026-07-25T19:50:52.456+0000] {subprocess.py:93} INFO - 	at org.apache.spark.sql.execution.datasources.jdbc.JDBCOptions.$anonfun$driverClass$1(JDBCOptions.scala:103)
[2026-07-25T19:50:52.463+0000] {subprocess.py:93} INFO - 	at org.apache.spark.sql.execution.datasources.jdbc.JDBCOptions.$anonfun$driverClass$1$adapted(JDBCOptions.scala:103)
[2026-07-25T19:50:52.464+0000] {subprocess.py:93} INFO - 	at scala.Option.foreach(Option.scala:407)
[2026-07-25T19:50:52.471+0000] {subprocess.py:93} INFO - 	at org.apache.spark.sql.execution.datasources.jdbc.JDBCOptions.<init>(JDBCOptions.scala:103)
[2026-07-25T19:50:52.474+0000] {subprocess.py:93} INFO - 	at org.apache.spark.sql.execution.datasources.jdbc.JDBCOptions.<init>(JDBCOptions.scala:41)
[2026-07-25T19:50:52.478+0000] {subprocess.py:93} INFO - 	at org.apache.spark.sql.execution.datasources.jdbc.JdbcRelationProvider.createRelation(JdbcRelationProvider.scala:34)
[2026-07-25T19:50:52.481+0000] {subprocess.py:93} INFO - 	at org.apache.spark.sql.execution.datasources.DataSource.resolveRelation(DataSource.scala:346)
[2026-07-25T19:50:52.484+0000] {subprocess.py:93} INFO - 	at org.apache.spark.sql.DataFrameReader.loadV1Source(DataFrameReader.scala:229)
[2026-07-25T19:50:52.486+0000] {subprocess.py:93} INFO - 	at org.apache.spark.sql.DataFrameReader.$anonfun$load$2(DataFrameReader.scala:211)
[2026-07-25T19:50:52.488+0000] {subprocess.py:93} INFO - 	at scala.Option.getOrElse(Option.scala:189)
[2026-07-25T19:50:52.505+0000] {subprocess.py:93} INFO - 	at org.apache.spark.sql.DataFrameReader.load(DataFrameReader.scala:211)
[2026-07-25T19:50:52.507+0000] {subprocess.py:93} INFO - 	at org.apache.spark.sql.DataFrameReader.load(DataFrameReader.scala:172)
[2026-07-25T19:50:52.509+0000] {subprocess.py:93} INFO - 	at org.apache.spark.sql.DataFrameReader.jdbc(DataFrameReader.scala:249)
[2026-07-25T19:50:52.511+0000] {subprocess.py:93} INFO - 	at java.base/jdk.internal.reflect.NativeMethodAccessorImpl.invoke0(Native Method)
[2026-07-25T19:50:52.518+0000] {subprocess.py:93} INFO - 	at java.base/jdk.internal.reflect.NativeMethodAccessorImpl.invoke(NativeMethodAccessorImpl.java:77)
[2026-07-25T19:50:52.519+0000] {subprocess.py:93} INFO - 	at java.base/jdk.internal.reflect.DelegatingMethodAccessorImpl.invoke(DelegatingMethodAccessorImpl.java:43)
[2026-07-25T19:50:52.523+0000] {subprocess.py:93} INFO - 	at java.base/java.lang.reflect.Method.invoke(Method.java:569)
[2026-07-25T19:50:52.525+0000] {subprocess.py:93} INFO - 	at py4j.reflection.MethodInvoker.invoke(MethodInvoker.java:244)
[2026-07-25T19:50:52.527+0000] {subprocess.py:93} INFO - 	at py4j.reflection.ReflectionEngine.invoke(ReflectionEngine.java:374)
[2026-07-25T19:50:52.530+0000] {subprocess.py:93} INFO - 	at py4j.Gateway.invoke(Gateway.java:282)
[2026-07-25T19:50:52.534+0000] {subprocess.py:93} INFO - 	at py4j.commands.AbstractCommand.invokeMethod(AbstractCommand.java:132)
[2026-07-25T19:50:52.550+0000] {subprocess.py:93} INFO - 	at py4j.commands.CallCommand.execute(CallCommand.java:79)
[2026-07-25T19:50:52.551+0000] {subprocess.py:93} INFO - 	at py4j.ClientServerConnection.waitForCommands(ClientServerConnection.java:182)
[2026-07-25T19:50:52.552+0000] {subprocess.py:93} INFO - 	at py4j.ClientServerConnection.run(ClientServerConnection.java:106)
[2026-07-25T19:50:52.552+0000] {subprocess.py:93} INFO - 	at java.base/java.lang.Thread.run(Thread.java:840)
[2026-07-25T19:50:52.553+0000] {subprocess.py:93} INFO - 
[2026-07-25T19:50:52.689+0000] {subprocess.py:93} INFO - 26/07/25 19:50:52 INFO SparkContext: Invoking stop() from shutdown hook
[2026-07-25T19:50:52.696+0000] {subprocess.py:93} INFO - 26/07/25 19:50:52 INFO SparkContext: SparkContext is stopping with exitCode 0.
[2026-07-25T19:50:52.744+0000] {subprocess.py:93} INFO - 26/07/25 19:50:52 INFO SparkUI: Stopped Spark web UI at http://8e34fafe5529:4043
[2026-07-25T19:50:52.781+0000] {subprocess.py:93} INFO - 26/07/25 19:50:52 INFO StandaloneSchedulerBackend: Shutting down all executors
[2026-07-25T19:50:52.839+0000] {subprocess.py:93} INFO - 26/07/25 19:50:52 INFO StandaloneSchedulerBackend$StandaloneDriverEndpoint: Asking each executor to shut down
[2026-07-25T19:50:53.008+0000] {subprocess.py:93} INFO - 26/07/25 19:50:53 INFO MapOutputTrackerMasterEndpoint: MapOutputTrackerMasterEndpoint stopped!
[2026-07-25T19:50:53.118+0000] {subprocess.py:93} INFO - 26/07/25 19:50:53 INFO MemoryStore: MemoryStore cleared
[2026-07-25T19:50:53.125+0000] {subprocess.py:93} INFO - 26/07/25 19:50:53 INFO BlockManager: BlockManager stopped
[2026-07-25T19:50:53.177+0000] {subprocess.py:93} INFO - 26/07/25 19:50:53 INFO BlockManagerMaster: BlockManagerMaster stopped
[2026-07-25T19:50:53.213+0000] {subprocess.py:93} INFO - 26/07/25 19:50:53 INFO OutputCommitCoordinator$OutputCommitCoordinatorEndpoint: OutputCommitCoordinator stopped!
[2026-07-25T19:50:53.351+0000] {subprocess.py:93} INFO - 26/07/25 19:50:53 INFO SparkContext: Successfully stopped SparkContext
[2026-07-25T19:50:53.353+0000] {subprocess.py:93} INFO - 26/07/25 19:50:53 INFO ShutdownHookManager: Shutdown hook called
[2026-07-25T19:50:53.366+0000] {subprocess.py:93} INFO - 26/07/25 19:50:53 INFO ShutdownHookManager: Deleting directory /tmp/spark-93daf6e7-30a6-458c-a17b-0c111b376a63
[2026-07-25T19:50:53.412+0000] {subprocess.py:93} INFO - 26/07/25 19:50:53 INFO ShutdownHookManager: Deleting directory /tmp/spark-e9580e3a-45bc-46b2-b9c0-a812358fd8ad/pyspark-2505bc57-8292-411b-913c-a38f93e05767
[2026-07-25T19:50:53.468+0000] {subprocess.py:93} INFO - 26/07/25 19:50:53 INFO ShutdownHookManager: Deleting directory /tmp/spark-e9580e3a-45bc-46b2-b9c0-a812358fd8ad
[2026-07-25T19:50:53.976+0000] {subprocess.py:97} INFO - Command exited with return code 1
[2026-07-25T19:50:54.037+0000] {taskinstance.py:3301} ERROR - Task failed with exception
Traceback (most recent call last):
  File "/home/airflow/.local/lib/python3.8/site-packages/airflow/models/taskinstance.py", line 767, in _execute_task
    result = _execute_callable(context=context, **execute_callable_kwargs)
  File "/home/airflow/.local/lib/python3.8/site-packages/airflow/models/taskinstance.py", line 733, in _execute_callable
    return ExecutionCallableRunner(
  File "/home/airflow/.local/lib/python3.8/site-packages/airflow/utils/operator_helpers.py", line 252, in run
    return self.func(*args, **kwargs)
  File "/home/airflow/.local/lib/python3.8/site-packages/airflow/models/baseoperator.py", line 406, in wrapper
    return func(self, *args, **kwargs)
  File "/home/airflow/.local/lib/python3.8/site-packages/airflow/operators/bash.py", line 249, in execute
    raise AirflowException(
airflow.exceptions.AirflowException: Bash command failed. The command returned a non-zero exit code 1.
[2026-07-25T19:50:54.083+0000] {taskinstance.py:1225} INFO - Marking task as UP_FOR_RETRY. dag_id=flex_eau_pipeline, task_id=dim_abonne, run_id=scheduled__2026-07-24T00:00:00+00:00, execution_date=20260724T000000, start_date=20260725T195017, end_date=20260725T195054
[2026-07-25T19:50:54.175+0000] {taskinstance.py:340} INFO - ::group::Post task execution logs
[2026-07-25T19:50:54.177+0000] {standard_task_runner.py:124} ERROR - Failed to execute job 8 for task dim_abonne (Bash command failed. The command returned a non-zero exit code 1.; 276)
Traceback (most recent call last):
  File "/home/airflow/.local/lib/python3.8/site-packages/airflow/task/task_runner/standard_task_runner.py", line 117, in _start_by_fork
    ret = args.func(args, dag=self.dag)
  File "/home/airflow/.local/lib/python3.8/site-packages/airflow/cli/cli_config.py", line 49, in command
    return func(*args, **kwargs)
  File "/home/airflow/.local/lib/python3.8/site-packages/airflow/utils/cli.py", line 115, in wrapper
    return f(*args, **kwargs)
  File "/home/airflow/.local/lib/python3.8/site-packages/airflow/cli/commands/task_command.py", line 483, in task_run
    task_return_code = _run_task_by_selected_method(args, _dag, ti)
  File "/home/airflow/.local/lib/python3.8/site-packages/airflow/cli/commands/task_command.py", line 256, in _run_task_by_selected_method
    return _run_raw_task(args, ti)
  File "/home/airflow/.local/lib/python3.8/site-packages/airflow/cli/commands/task_command.py", line 341, in _run_raw_task
    return ti._run_raw_task(
  File "/home/airflow/.local/lib/python3.8/site-packages/airflow/utils/session.py", line 97, in wrapper
    return func(*args, session=session, **kwargs)
  File "/home/airflow/.local/lib/python3.8/site-packages/airflow/models/taskinstance.py", line 2995, in _run_raw_task
    return _run_raw_task(
  File "/home/airflow/.local/lib/python3.8/site-packages/airflow/models/taskinstance.py", line 273, in _run_raw_task
    TaskInstance._execute_task_with_callbacks(
  File "/home/airflow/.local/lib/python3.8/site-packages/airflow/models/taskinstance.py", line 3149, in _execute_task_with_callbacks
    result = self._execute_task(context, task_orig)
  File "/home/airflow/.local/lib/python3.8/site-packages/airflow/models/taskinstance.py", line 3173, in _execute_task
    return _execute_task(self, context, task_orig)
  File "/home/airflow/.local/lib/python3.8/site-packages/airflow/models/taskinstance.py", line 767, in _execute_task
    result = _execute_callable(context=context, **execute_callable_kwargs)
  File "/home/airflow/.local/lib/python3.8/site-packages/airflow/models/taskinstance.py", line 733, in _execute_callable
    return ExecutionCallableRunner(
  File "/home/airflow/.local/lib/python3.8/site-packages/airflow/utils/operator_helpers.py", line 252, in run
    return self.func(*args, **kwargs)
  File "/home/airflow/.local/lib/python3.8/site-packages/airflow/models/baseoperator.py", line 406, in wrapper
    return func(self, *args, **kwargs)
  File "/home/airflow/.local/lib/python3.8/site-packages/airflow/operators/bash.py", line 249, in execute
    raise AirflowException(
airflow.exceptions.AirflowException: Bash command failed. The command returned a non-zero exit code 1.
[2026-07-25T19:50:54.252+0000] {local_task_job_runner.py:261} INFO - Task exited with return code 1
[2026-07-25T19:50:54.341+0000] {local_task_job_runner.py:240} INFO - ::endgroup::
