[2026-07-25T18:15:46.095+0000] {local_task_job_runner.py:123} INFO - ::group::Pre task execution logs
[2026-07-25T18:15:46.260+0000] {taskinstance.py:2603} INFO - Dependencies all met for dep_context=non-requeueable deps ti=<TaskInstance: flex_eau_pipeline.dim_date scheduled__2026-07-24T00:00:00+00:00 [queued]>
[2026-07-25T18:15:46.305+0000] {taskinstance.py:2603} INFO - Dependencies all met for dep_context=requeueable deps ti=<TaskInstance: flex_eau_pipeline.dim_date scheduled__2026-07-24T00:00:00+00:00 [queued]>
[2026-07-25T18:15:46.310+0000] {taskinstance.py:2856} INFO - Starting attempt 2 of 2
[2026-07-25T18:15:46.445+0000] {taskinstance.py:2879} INFO - Executing <Task(BashOperator): dim_date> on 2026-07-24 00:00:00+00:00
[2026-07-25T18:15:46.558+0000] {standard_task_runner.py:104} INFO - Running: ['***', 'tasks', 'run', 'flex_eau_pipeline', 'dim_date', 'scheduled__2026-07-24T00:00:00+00:00', '--job-id', '19', '--raw', '--subdir', 'DAGS_FOLDER/flex_eau_pipeline.py', '--cfg-path', '/tmp/tmp3e8994xd']
[2026-07-25T18:15:46.570+0000] {logging_mixin.py:190} WARNING - /home/***/.local/lib/python3.12/site-packages/***/task/task_runner/standard_task_runner.py:70 DeprecationWarning: This process (pid=2442) is multi-threaded, use of fork() may lead to deadlocks in the child.
[2026-07-25T18:15:46.584+0000] {standard_task_runner.py:72} INFO - Started process 2489 to run task
[2026-07-25T18:15:46.582+0000] {standard_task_runner.py:105} INFO - Job 19: Subtask dim_date
[2026-07-25T18:15:47.016+0000] {task_command.py:467} INFO - Running <TaskInstance: flex_eau_pipeline.dim_date scheduled__2026-07-24T00:00:00+00:00 [running]> on host 30d391bb7be2
[2026-07-25T18:15:47.763+0000] {taskinstance.py:3122} INFO - Exporting env vars: AIRFLOW_CTX_DAG_OWNER='flex-eau' AIRFLOW_CTX_DAG_ID='flex_eau_pipeline' AIRFLOW_CTX_TASK_ID='dim_date' AIRFLOW_CTX_EXECUTION_DATE='2026-07-24T00:00:00+00:00' AIRFLOW_CTX_TRY_NUMBER='2' AIRFLOW_CTX_DAG_RUN_ID='scheduled__2026-07-24T00:00:00+00:00'
[2026-07-25T18:15:47.778+0000] {taskinstance.py:731} INFO - ::endgroup::
[2026-07-25T18:15:47.931+0000] {subprocess.py:63} INFO - Tmp dir root location: /tmp
[2026-07-25T18:15:47.933+0000] {subprocess.py:75} INFO - Running command: ['/usr/bin/bash', '-c', 'python spark_jobs/dimensions/dim_date.py']
[2026-07-25T18:15:47.995+0000] {subprocess.py:86} INFO - Output:
[2026-07-25T18:16:08.838+0000] {subprocess.py:93} INFO - 26/07/25 18:16:08 WARN NativeCodeLoader: Unable to load native-hadoop library for your platform... using builtin-java classes where applicable
[2026-07-25T18:16:09.302+0000] {subprocess.py:93} INFO - 26/07/25 18:16:09 WARN DependencyUtils: Local jar /opt/jars/postgresql-42.7.8.jar does not exist, skipping.
[2026-07-25T18:16:09.466+0000] {subprocess.py:93} INFO - 26/07/25 18:16:09 INFO SparkContext: Running Spark version 3.5.1
[2026-07-25T18:16:09.467+0000] {subprocess.py:93} INFO - 26/07/25 18:16:09 INFO SparkContext: OS info Linux, 6.6.87.2-microsoft-standard-WSL2, amd64
[2026-07-25T18:16:09.467+0000] {subprocess.py:93} INFO - 26/07/25 18:16:09 INFO SparkContext: Java version 17.0.19
[2026-07-25T18:16:09.510+0000] {subprocess.py:93} INFO - 26/07/25 18:16:09 INFO ResourceUtils: ==============================================================
[2026-07-25T18:16:09.514+0000] {subprocess.py:93} INFO - 26/07/25 18:16:09 INFO ResourceUtils: No custom resources configured for spark.driver.
[2026-07-25T18:16:09.515+0000] {subprocess.py:93} INFO - 26/07/25 18:16:09 INFO ResourceUtils: ==============================================================
[2026-07-25T18:16:09.515+0000] {subprocess.py:93} INFO - 26/07/25 18:16:09 INFO SparkContext: Submitted application: DIM_DATE
[2026-07-25T18:16:09.544+0000] {subprocess.py:93} INFO - 26/07/25 18:16:09 INFO ResourceProfile: Default ResourceProfile created, executor resources: Map(memory -> name: memory, amount: 1024, script: , vendor: , offHeap -> name: offHeap, amount: 0, script: , vendor: ), task resources: Map(cpus -> name: cpus, amount: 1.0)
[2026-07-25T18:16:09.556+0000] {subprocess.py:93} INFO - 26/07/25 18:16:09 INFO ResourceProfile: Limiting resource is cpu
[2026-07-25T18:16:09.557+0000] {subprocess.py:93} INFO - 26/07/25 18:16:09 INFO ResourceProfileManager: Added ResourceProfile id: 0
[2026-07-25T18:16:09.619+0000] {subprocess.py:93} INFO - 26/07/25 18:16:09 INFO SecurityManager: Changing view acls to: ***
[2026-07-25T18:16:09.620+0000] {subprocess.py:93} INFO - 26/07/25 18:16:09 INFO SecurityManager: Changing modify acls to: ***
[2026-07-25T18:16:09.626+0000] {subprocess.py:93} INFO - 26/07/25 18:16:09 INFO SecurityManager: Changing view acls groups to:
[2026-07-25T18:16:09.627+0000] {subprocess.py:93} INFO - 26/07/25 18:16:09 INFO SecurityManager: Changing modify acls groups to:
[2026-07-25T18:16:09.628+0000] {subprocess.py:93} INFO - 26/07/25 18:16:09 INFO SecurityManager: SecurityManager: authentication disabled; ui acls disabled; users with view permissions: ***; groups with view permissions: EMPTY; users with modify permissions: ***; groups with modify permissions: EMPTY
[2026-07-25T18:16:09.905+0000] {subprocess.py:93} INFO - 26/07/25 18:16:09 INFO Utils: Successfully started service 'sparkDriver' on port 35897.
[2026-07-25T18:16:09.941+0000] {subprocess.py:93} INFO - 26/07/25 18:16:09 INFO SparkEnv: Registering MapOutputTracker
[2026-07-25T18:16:09.982+0000] {subprocess.py:93} INFO - 26/07/25 18:16:09 INFO SparkEnv: Registering BlockManagerMaster
[2026-07-25T18:16:10.002+0000] {subprocess.py:93} INFO - 26/07/25 18:16:10 INFO BlockManagerMasterEndpoint: Using org.apache.spark.storage.DefaultTopologyMapper for getting topology information
[2026-07-25T18:16:10.003+0000] {subprocess.py:93} INFO - 26/07/25 18:16:10 INFO BlockManagerMasterEndpoint: BlockManagerMasterEndpoint up
[2026-07-25T18:16:10.009+0000] {subprocess.py:93} INFO - 26/07/25 18:16:10 INFO SparkEnv: Registering BlockManagerMasterHeartbeat
[2026-07-25T18:16:10.039+0000] {subprocess.py:93} INFO - 26/07/25 18:16:10 INFO DiskBlockManager: Created local directory at /tmp/blockmgr-143fb8fc-9924-466c-afd9-470c33ce4a84
[2026-07-25T18:16:10.056+0000] {subprocess.py:93} INFO - 26/07/25 18:16:10 INFO MemoryStore: MemoryStore started with capacity 434.4 MiB
[2026-07-25T18:16:10.081+0000] {subprocess.py:93} INFO - 26/07/25 18:16:10 INFO SparkEnv: Registering OutputCommitCoordinator
[2026-07-25T18:16:10.281+0000] {subprocess.py:93} INFO - 26/07/25 18:16:10 INFO JettyUtils: Start Jetty 0.0.0.0:4040 for SparkUI
[2026-07-25T18:16:10.384+0000] {subprocess.py:93} INFO - 26/07/25 18:16:10 INFO Utils: Successfully started service 'SparkUI' on port 4040.
[2026-07-25T18:16:10.459+0000] {subprocess.py:93} INFO - 26/07/25 18:16:10 ERROR SparkContext: Failed to add /opt/jars/postgresql-42.7.8.jar to Spark environment
[2026-07-25T18:16:10.460+0000] {subprocess.py:93} INFO - java.io.FileNotFoundException: Jar /opt/jars/postgresql-42.7.8.jar not found
[2026-07-25T18:16:10.461+0000] {subprocess.py:93} INFO - 	at org.apache.spark.SparkContext.addLocalJarFile$1(SparkContext.scala:2100)
[2026-07-25T18:16:10.461+0000] {subprocess.py:93} INFO - 	at org.apache.spark.SparkContext.addJar(SparkContext.scala:2156)
[2026-07-25T18:16:10.462+0000] {subprocess.py:93} INFO - 	at org.apache.spark.SparkContext.$anonfun$new$15(SparkContext.scala:526)
[2026-07-25T18:16:10.463+0000] {subprocess.py:93} INFO - 	at org.apache.spark.SparkContext.$anonfun$new$15$adapted(SparkContext.scala:526)
[2026-07-25T18:16:10.464+0000] {subprocess.py:93} INFO - 	at scala.collection.mutable.ResizableArray.foreach(ResizableArray.scala:62)
[2026-07-25T18:16:10.465+0000] {subprocess.py:93} INFO - 	at scala.collection.mutable.ResizableArray.foreach$(ResizableArray.scala:55)
[2026-07-25T18:16:10.466+0000] {subprocess.py:93} INFO - 	at scala.collection.mutable.ArrayBuffer.foreach(ArrayBuffer.scala:49)
[2026-07-25T18:16:10.467+0000] {subprocess.py:93} INFO - 	at org.apache.spark.SparkContext.<init>(SparkContext.scala:526)
[2026-07-25T18:16:10.467+0000] {subprocess.py:93} INFO - 	at org.apache.spark.api.java.JavaSparkContext.<init>(JavaSparkContext.scala:58)
[2026-07-25T18:16:10.468+0000] {subprocess.py:93} INFO - 	at java.base/jdk.internal.reflect.NativeConstructorAccessorImpl.newInstance0(Native Method)
[2026-07-25T18:16:10.469+0000] {subprocess.py:93} INFO - 	at java.base/jdk.internal.reflect.NativeConstructorAccessorImpl.newInstance(NativeConstructorAccessorImpl.java:77)
[2026-07-25T18:16:10.470+0000] {subprocess.py:93} INFO - 	at java.base/jdk.internal.reflect.DelegatingConstructorAccessorImpl.newInstance(DelegatingConstructorAccessorImpl.java:45)
[2026-07-25T18:16:10.471+0000] {subprocess.py:93} INFO - 	at java.base/java.lang.reflect.Constructor.newInstanceWithCaller(Constructor.java:500)
[2026-07-25T18:16:10.472+0000] {subprocess.py:93} INFO - 	at java.base/java.lang.reflect.Constructor.newInstance(Constructor.java:481)
[2026-07-25T18:16:10.473+0000] {subprocess.py:93} INFO - 	at py4j.reflection.MethodInvoker.invoke(MethodInvoker.java:247)
[2026-07-25T18:16:10.474+0000] {subprocess.py:93} INFO - 	at py4j.reflection.ReflectionEngine.invoke(ReflectionEngine.java:374)
[2026-07-25T18:16:10.475+0000] {subprocess.py:93} INFO - 	at py4j.Gateway.invoke(Gateway.java:238)
[2026-07-25T18:16:10.477+0000] {subprocess.py:93} INFO - 	at py4j.commands.ConstructorCommand.invokeConstructor(ConstructorCommand.java:80)
[2026-07-25T18:16:10.478+0000] {subprocess.py:93} INFO - 	at py4j.commands.ConstructorCommand.execute(ConstructorCommand.java:69)
[2026-07-25T18:16:10.479+0000] {subprocess.py:93} INFO - 	at py4j.ClientServerConnection.waitForCommands(ClientServerConnection.java:182)
[2026-07-25T18:16:10.480+0000] {subprocess.py:93} INFO - 	at py4j.ClientServerConnection.run(ClientServerConnection.java:106)
[2026-07-25T18:16:10.481+0000] {subprocess.py:93} INFO - 	at java.base/java.lang.Thread.run(Thread.java:840)
[2026-07-25T18:16:10.587+0000] {subprocess.py:93} INFO - 26/07/25 18:16:10 INFO StandaloneAppClient$ClientEndpoint: Connecting to master spark://spark-master:7077...
[2026-07-25T18:16:10.670+0000] {subprocess.py:93} INFO - 26/07/25 18:16:10 INFO TransportClientFactory: Successfully created connection to spark-master/172.22.0.5:7077 after 47 ms (0 ms spent in bootstraps)
[2026-07-25T18:16:10.822+0000] {subprocess.py:93} INFO - 26/07/25 18:16:10 INFO StandaloneSchedulerBackend: Connected to Spark cluster with app ID app-20260725181610-0015
[2026-07-25T18:16:10.825+0000] {subprocess.py:93} INFO - 26/07/25 18:16:10 INFO StandaloneAppClient$ClientEndpoint: Executor added: app-20260725181610-0015/0 on worker-20260725174002-172.22.0.3-38317 (172.22.0.3:38317) with 8 core(s)
[2026-07-25T18:16:10.828+0000] {subprocess.py:93} INFO - 26/07/25 18:16:10 INFO StandaloneSchedulerBackend: Granted executor ID app-20260725181610-0015/0 on hostPort 172.22.0.3:38317 with 8 core(s), 1024.0 MiB RAM
[2026-07-25T18:16:10.845+0000] {subprocess.py:93} INFO - 26/07/25 18:16:10 INFO Utils: Successfully started service 'org.apache.spark.network.netty.NettyBlockTransferService' on port 35553.
[2026-07-25T18:16:10.846+0000] {subprocess.py:93} INFO - 26/07/25 18:16:10 INFO NettyBlockTransferService: Server created on 30d391bb7be2:35553
[2026-07-25T18:16:10.849+0000] {subprocess.py:93} INFO - 26/07/25 18:16:10 INFO BlockManager: Using org.apache.spark.storage.RandomBlockReplicationPolicy for block replication policy
[2026-07-25T18:16:10.858+0000] {subprocess.py:93} INFO - 26/07/25 18:16:10 INFO BlockManagerMaster: Registering BlockManager BlockManagerId(driver, 30d391bb7be2, 35553, None)
[2026-07-25T18:16:10.863+0000] {subprocess.py:93} INFO - 26/07/25 18:16:10 INFO BlockManagerMasterEndpoint: Registering block manager 30d391bb7be2:35553 with 434.4 MiB RAM, BlockManagerId(driver, 30d391bb7be2, 35553, None)
[2026-07-25T18:16:10.867+0000] {subprocess.py:93} INFO - 26/07/25 18:16:10 INFO BlockManagerMaster: Registered BlockManager BlockManagerId(driver, 30d391bb7be2, 35553, None)
[2026-07-25T18:16:10.870+0000] {subprocess.py:93} INFO - 26/07/25 18:16:10 INFO BlockManager: Initialized BlockManager: BlockManagerId(driver, 30d391bb7be2, 35553, None)
[2026-07-25T18:16:10.902+0000] {subprocess.py:93} INFO - 26/07/25 18:16:10 INFO StandaloneAppClient$ClientEndpoint: Executor updated: app-20260725181610-0015/0 is now RUNNING
[2026-07-25T18:16:11.358+0000] {subprocess.py:93} INFO - 26/07/25 18:16:11 INFO StandaloneSchedulerBackend: SchedulerBackend is ready for scheduling beginning after reached minRegisteredResourcesRatio: 0.0
[2026-07-25T18:16:12.747+0000] {subprocess.py:93} INFO - 26/07/25 18:16:12 INFO SharedState: Setting hive.metastore.warehouse.dir ('null') to the value of spark.sql.warehouse.dir.
[2026-07-25T18:16:12.753+0000] {subprocess.py:93} INFO - 26/07/25 18:16:12 INFO SharedState: Warehouse path is 'file:/opt/project/spark-warehouse'.
[2026-07-25T18:16:17.516+0000] {subprocess.py:93} INFO - 26/07/25 18:16:17 INFO StandaloneSchedulerBackend$StandaloneDriverEndpoint: Registered executor NettyRpcEndpointRef(spark-client://Executor) (172.22.0.3:45460) with ID 0,  ResourceProfileId 0
[2026-07-25T18:16:17.703+0000] {subprocess.py:93} INFO - 26/07/25 18:16:17 INFO BlockManagerMasterEndpoint: Registering block manager 172.22.0.3:46525 with 434.4 MiB RAM, BlockManagerId(0, 172.22.0.3, 46525, None)
[2026-07-25T18:16:18.452+0000] {subprocess.py:93} INFO - 26/07/25 18:16:18 INFO CodeGenerator: Code generated in 232.691889 ms
[2026-07-25T18:16:18.528+0000] {subprocess.py:93} INFO - 26/07/25 18:16:18 INFO DAGScheduler: Registering RDD 6 (count at NativeMethodAccessorImpl.java:0) as input to shuffle 0
[2026-07-25T18:16:18.548+0000] {subprocess.py:93} INFO - 26/07/25 18:16:18 INFO DAGScheduler: Got map stage job 0 (count at NativeMethodAccessorImpl.java:0) with 2 output partitions
[2026-07-25T18:16:18.550+0000] {subprocess.py:93} INFO - 26/07/25 18:16:18 INFO DAGScheduler: Final stage: ShuffleMapStage 0 (count at NativeMethodAccessorImpl.java:0)
[2026-07-25T18:16:18.551+0000] {subprocess.py:93} INFO - 26/07/25 18:16:18 INFO DAGScheduler: Parents of final stage: List()
[2026-07-25T18:16:18.552+0000] {subprocess.py:93} INFO - 26/07/25 18:16:18 INFO DAGScheduler: Missing parents: List()
[2026-07-25T18:16:18.557+0000] {subprocess.py:93} INFO - 26/07/25 18:16:18 INFO DAGScheduler: Submitting ShuffleMapStage 0 (MapPartitionsRDD[6] at count at NativeMethodAccessorImpl.java:0), which has no missing parents
[2026-07-25T18:16:18.675+0000] {subprocess.py:93} INFO - 26/07/25 18:16:18 INFO MemoryStore: Block broadcast_0 stored as values in memory (estimated size 16.2 KiB, free 434.4 MiB)
[2026-07-25T18:16:18.715+0000] {subprocess.py:93} INFO - 26/07/25 18:16:18 INFO MemoryStore: Block broadcast_0_piece0 stored as bytes in memory (estimated size 8.4 KiB, free 434.4 MiB)
[2026-07-25T18:16:18.718+0000] {subprocess.py:93} INFO - 26/07/25 18:16:18 INFO BlockManagerInfo: Added broadcast_0_piece0 in memory on 30d391bb7be2:35553 (size: 8.4 KiB, free: 434.4 MiB)
[2026-07-25T18:16:18.723+0000] {subprocess.py:93} INFO - 26/07/25 18:16:18 INFO SparkContext: Created broadcast 0 from broadcast at DAGScheduler.scala:1585
[2026-07-25T18:16:18.739+0000] {subprocess.py:93} INFO - 26/07/25 18:16:18 INFO DAGScheduler: Submitting 2 missing tasks from ShuffleMapStage 0 (MapPartitionsRDD[6] at count at NativeMethodAccessorImpl.java:0) (first 15 tasks are for partitions Vector(0, 1))
[2026-07-25T18:16:18.740+0000] {subprocess.py:93} INFO - 26/07/25 18:16:18 INFO TaskSchedulerImpl: Adding task set 0.0 with 2 tasks resource profile 0
[2026-07-25T18:16:18.771+0000] {subprocess.py:93} INFO - 26/07/25 18:16:18 INFO TaskSetManager: Starting task 0.0 in stage 0.0 (TID 0) (172.22.0.3, executor 0, partition 0, PROCESS_LOCAL, 26334 bytes)
[2026-07-25T18:16:18.778+0000] {subprocess.py:93} INFO - 26/07/25 18:16:18 INFO TaskSetManager: Starting task 1.0 in stage 0.0 (TID 1) (172.22.0.3, executor 0, partition 1, PROCESS_LOCAL, 26415 bytes)
[2026-07-25T18:16:19.087+0000] {subprocess.py:93} INFO - 26/07/25 18:16:19 INFO BlockManagerInfo: Added broadcast_0_piece0 in memory on 172.22.0.3:46525 (size: 8.4 KiB, free: 434.4 MiB)
[2026-07-25T18:16:20.836+0000] {subprocess.py:93} INFO - [Stage 0:>                                                          (0 + 2) / 2]26/07/25 18:16:20 WARN TaskSetManager: Lost task 1.0 in stage 0.0 (TID 1) (172.22.0.3 executor 0): org.apache.spark.api.python.PythonException: Traceback (most recent call last):
[2026-07-25T18:16:20.837+0000] {subprocess.py:93} INFO -   File "/opt/spark/python/lib/pyspark.zip/pyspark/worker.py", line 1100, in main
[2026-07-25T18:16:20.838+0000] {subprocess.py:93} INFO -     raise PySparkRuntimeError(
[2026-07-25T18:16:20.838+0000] {subprocess.py:93} INFO - pyspark.errors.exceptions.base.PySparkRuntimeError: [PYTHON_VERSION_MISMATCH] Python in worker has different version (3, 8) than that in driver 3.12, PySpark cannot run with different minor versions.
[2026-07-25T18:16:20.839+0000] {subprocess.py:93} INFO - Please check environment variables PYSPARK_PYTHON and PYSPARK_DRIVER_PYTHON are correctly set.
[2026-07-25T18:16:20.840+0000] {subprocess.py:93} INFO - 
[2026-07-25T18:16:20.841+0000] {subprocess.py:93} INFO - 	at org.apache.spark.api.python.BasePythonRunner$ReaderIterator.handlePythonException(PythonRunner.scala:572)
[2026-07-25T18:16:20.844+0000] {subprocess.py:93} INFO - 	at org.apache.spark.api.python.PythonRunner$$anon$3.read(PythonRunner.scala:784)
[2026-07-25T18:16:20.845+0000] {subprocess.py:93} INFO - 	at org.apache.spark.api.python.PythonRunner$$anon$3.read(PythonRunner.scala:766)
[2026-07-25T18:16:20.846+0000] {subprocess.py:93} INFO - 	at org.apache.spark.api.python.BasePythonRunner$ReaderIterator.hasNext(PythonRunner.scala:525)
[2026-07-25T18:16:20.848+0000] {subprocess.py:93} INFO - 	at org.apache.spark.InterruptibleIterator.hasNext(InterruptibleIterator.scala:37)
[2026-07-25T18:16:20.851+0000] {subprocess.py:93} INFO - 	at scala.collection.Iterator$$anon$11.hasNext(Iterator.scala:491)
[2026-07-25T18:16:20.853+0000] {subprocess.py:93} INFO - 	at scala.collection.Iterator$$anon$10.hasNext(Iterator.scala:460)
[2026-07-25T18:16:20.858+0000] {subprocess.py:93} INFO - 	at scala.collection.Iterator$$anon$10.hasNext(Iterator.scala:460)
[2026-07-25T18:16:20.859+0000] {subprocess.py:93} INFO - 	at org.apache.spark.sql.catalyst.expressions.GeneratedClass$GeneratedIteratorForCodegenStage1.hashAgg_doAggregateWithoutKey_0$(Unknown Source)
[2026-07-25T18:16:20.860+0000] {subprocess.py:93} INFO - 	at org.apache.spark.sql.catalyst.expressions.GeneratedClass$GeneratedIteratorForCodegenStage1.processNext(Unknown Source)
[2026-07-25T18:16:20.861+0000] {subprocess.py:93} INFO - 	at org.apache.spark.sql.execution.BufferedRowIterator.hasNext(BufferedRowIterator.java:43)
[2026-07-25T18:16:20.863+0000] {subprocess.py:93} INFO - 	at org.apache.spark.sql.execution.WholeStageCodegenEvaluatorFactory$WholeStageCodegenPartitionEvaluator$$anon$1.hasNext(WholeStageCodegenEvaluatorFactory.scala:43)
[2026-07-25T18:16:20.865+0000] {subprocess.py:93} INFO - 	at scala.collection.Iterator$$anon$10.hasNext(Iterator.scala:460)
[2026-07-25T18:16:20.866+0000] {subprocess.py:93} INFO - 	at org.apache.spark.shuffle.sort.BypassMergeSortShuffleWriter.write(BypassMergeSortShuffleWriter.java:140)
[2026-07-25T18:16:20.868+0000] {subprocess.py:93} INFO - 	at org.apache.spark.shuffle.ShuffleWriteProcessor.write(ShuffleWriteProcessor.scala:59)
[2026-07-25T18:16:20.869+0000] {subprocess.py:93} INFO - 	at org.apache.spark.scheduler.ShuffleMapTask.runTask(ShuffleMapTask.scala:104)
[2026-07-25T18:16:20.870+0000] {subprocess.py:93} INFO - 	at org.apache.spark.scheduler.ShuffleMapTask.runTask(ShuffleMapTask.scala:54)
[2026-07-25T18:16:20.871+0000] {subprocess.py:93} INFO - 	at org.apache.spark.TaskContext.runTaskWithListeners(TaskContext.scala:166)
[2026-07-25T18:16:20.873+0000] {subprocess.py:93} INFO - 	at org.apache.spark.scheduler.Task.run(Task.scala:141)
[2026-07-25T18:16:20.875+0000] {subprocess.py:93} INFO - 	at org.apache.spark.executor.Executor$TaskRunner.$anonfun$run$4(Executor.scala:620)
[2026-07-25T18:16:20.876+0000] {subprocess.py:93} INFO - 	at org.apache.spark.util.SparkErrorUtils.tryWithSafeFinally(SparkErrorUtils.scala:64)
[2026-07-25T18:16:20.877+0000] {subprocess.py:93} INFO - 	at org.apache.spark.util.SparkErrorUtils.tryWithSafeFinally$(SparkErrorUtils.scala:61)
[2026-07-25T18:16:20.878+0000] {subprocess.py:93} INFO - 	at org.apache.spark.util.Utils$.tryWithSafeFinally(Utils.scala:94)
[2026-07-25T18:16:20.879+0000] {subprocess.py:93} INFO - 	at org.apache.spark.executor.Executor$TaskRunner.run(Executor.scala:623)
[2026-07-25T18:16:20.880+0000] {subprocess.py:93} INFO - 	at java.base/java.util.concurrent.ThreadPoolExecutor.runWorker(Unknown Source)
[2026-07-25T18:16:20.881+0000] {subprocess.py:93} INFO - 	at java.base/java.util.concurrent.ThreadPoolExecutor$Worker.run(Unknown Source)
[2026-07-25T18:16:20.883+0000] {subprocess.py:93} INFO - 	at java.base/java.lang.Thread.run(Unknown Source)
[2026-07-25T18:16:20.884+0000] {subprocess.py:93} INFO - 
[2026-07-25T18:16:20.885+0000] {subprocess.py:93} INFO - 26/07/25 18:16:20 INFO TaskSetManager: Starting task 1.1 in stage 0.0 (TID 2) (172.22.0.3, executor 0, partition 1, PROCESS_LOCAL, 26415 bytes)
[2026-07-25T18:16:20.886+0000] {subprocess.py:93} INFO - 26/07/25 18:16:20 INFO TaskSetManager: Lost task 0.0 in stage 0.0 (TID 0) on 172.22.0.3, executor 0: org.apache.spark.api.python.PythonException (Traceback (most recent call last):
[2026-07-25T18:16:20.887+0000] {subprocess.py:93} INFO -   File "/opt/spark/python/lib/pyspark.zip/pyspark/worker.py", line 1100, in main
[2026-07-25T18:16:20.888+0000] {subprocess.py:93} INFO -     raise PySparkRuntimeError(
[2026-07-25T18:16:20.889+0000] {subprocess.py:93} INFO - pyspark.errors.exceptions.base.PySparkRuntimeError: [PYTHON_VERSION_MISMATCH] Python in worker has different version (3, 8) than that in driver 3.12, PySpark cannot run with different minor versions.
[2026-07-25T18:16:20.890+0000] {subprocess.py:93} INFO - Please check environment variables PYSPARK_PYTHON and PYSPARK_DRIVER_PYTHON are correctly set.
[2026-07-25T18:16:20.891+0000] {subprocess.py:93} INFO - ) [duplicate 1]
[2026-07-25T18:16:20.892+0000] {subprocess.py:93} INFO - 26/07/25 18:16:20 INFO TaskSetManager: Starting task 0.1 in stage 0.0 (TID 3) (172.22.0.3, executor 0, partition 0, PROCESS_LOCAL, 26334 bytes)
[2026-07-25T18:16:20.920+0000] {subprocess.py:93} INFO - 26/07/25 18:16:20 INFO TaskSetManager: Lost task 0.1 in stage 0.0 (TID 3) on 172.22.0.3, executor 0: org.apache.spark.api.python.PythonException (Traceback (most recent call last):
[2026-07-25T18:16:20.921+0000] {subprocess.py:93} INFO -   File "/opt/spark/python/lib/pyspark.zip/pyspark/worker.py", line 1100, in main
[2026-07-25T18:16:20.922+0000] {subprocess.py:93} INFO -     raise PySparkRuntimeError(
[2026-07-25T18:16:20.922+0000] {subprocess.py:93} INFO - pyspark.errors.exceptions.base.PySparkRuntimeError: [PYTHON_VERSION_MISMATCH] Python in worker has different version (3, 8) than that in driver 3.12, PySpark cannot run with different minor versions.
[2026-07-25T18:16:20.923+0000] {subprocess.py:93} INFO - Please check environment variables PYSPARK_PYTHON and PYSPARK_DRIVER_PYTHON are correctly set.
[2026-07-25T18:16:20.924+0000] {subprocess.py:93} INFO - ) [duplicate 2]
[2026-07-25T18:16:20.925+0000] {subprocess.py:93} INFO - 26/07/25 18:16:20 INFO TaskSetManager: Starting task 0.2 in stage 0.0 (TID 4) (172.22.0.3, executor 0, partition 0, PROCESS_LOCAL, 26334 bytes)
[2026-07-25T18:16:20.926+0000] {subprocess.py:93} INFO - 26/07/25 18:16:20 INFO TaskSetManager: Lost task 1.1 in stage 0.0 (TID 2) on 172.22.0.3, executor 0: org.apache.spark.api.python.PythonException (Traceback (most recent call last):
[2026-07-25T18:16:20.928+0000] {subprocess.py:93} INFO -   File "/opt/spark/python/lib/pyspark.zip/pyspark/worker.py", line 1100, in main
[2026-07-25T18:16:20.929+0000] {subprocess.py:93} INFO -     raise PySparkRuntimeError(
[2026-07-25T18:16:20.930+0000] {subprocess.py:93} INFO - pyspark.errors.exceptions.base.PySparkRuntimeError: [PYTHON_VERSION_MISMATCH] Python in worker has different version (3, 8) than that in driver 3.12, PySpark cannot run with different minor versions.
[2026-07-25T18:16:20.934+0000] {subprocess.py:93} INFO - Please check environment variables PYSPARK_PYTHON and PYSPARK_DRIVER_PYTHON are correctly set.
[2026-07-25T18:16:20.935+0000] {subprocess.py:93} INFO - ) [duplicate 3]
[2026-07-25T18:16:20.936+0000] {subprocess.py:93} INFO - 26/07/25 18:16:20 INFO TaskSetManager: Starting task 1.2 in stage 0.0 (TID 5) (172.22.0.3, executor 0, partition 1, PROCESS_LOCAL, 26415 bytes)
[2026-07-25T18:16:20.981+0000] {subprocess.py:93} INFO - 26/07/25 18:16:20 INFO TaskSetManager: Lost task 0.2 in stage 0.0 (TID 4) on 172.22.0.3, executor 0: org.apache.spark.api.python.PythonException (Traceback (most recent call last):
[2026-07-25T18:16:20.983+0000] {subprocess.py:93} INFO -   File "/opt/spark/python/lib/pyspark.zip/pyspark/worker.py", line 1100, in main
[2026-07-25T18:16:20.984+0000] {subprocess.py:93} INFO -     raise PySparkRuntimeError(
[2026-07-25T18:16:20.986+0000] {subprocess.py:93} INFO - pyspark.errors.exceptions.base.PySparkRuntimeError: [PYTHON_VERSION_MISMATCH] Python in worker has different version (3, 8) than that in driver 3.12, PySpark cannot run with different minor versions.
[2026-07-25T18:16:20.987+0000] {subprocess.py:93} INFO - Please check environment variables PYSPARK_PYTHON and PYSPARK_DRIVER_PYTHON are correctly set.
[2026-07-25T18:16:20.988+0000] {subprocess.py:93} INFO - ) [duplicate 4]
[2026-07-25T18:16:20.989+0000] {subprocess.py:93} INFO - 26/07/25 18:16:20 INFO TaskSetManager: Starting task 0.3 in stage 0.0 (TID 6) (172.22.0.3, executor 0, partition 0, PROCESS_LOCAL, 26334 bytes)
[2026-07-25T18:16:21.000+0000] {subprocess.py:93} INFO - 26/07/25 18:16:21 INFO TaskSetManager: Lost task 1.2 in stage 0.0 (TID 5) on 172.22.0.3, executor 0: org.apache.spark.api.python.PythonException (Traceback (most recent call last):
[2026-07-25T18:16:21.003+0000] {subprocess.py:93} INFO -   File "/opt/spark/python/lib/pyspark.zip/pyspark/worker.py", line 1100, in main
[2026-07-25T18:16:21.005+0000] {subprocess.py:93} INFO -     raise PySparkRuntimeError(
[2026-07-25T18:16:21.006+0000] {subprocess.py:93} INFO - pyspark.errors.exceptions.base.PySparkRuntimeError: [PYTHON_VERSION_MISMATCH] Python in worker has different version (3, 8) than that in driver 3.12, PySpark cannot run with different minor versions.
[2026-07-25T18:16:21.010+0000] {subprocess.py:93} INFO - Please check environment variables PYSPARK_PYTHON and PYSPARK_DRIVER_PYTHON are correctly set.
[2026-07-25T18:16:21.011+0000] {subprocess.py:93} INFO - ) [duplicate 5]
[2026-07-25T18:16:21.015+0000] {subprocess.py:93} INFO - 26/07/25 18:16:21 INFO TaskSetManager: Starting task 1.3 in stage 0.0 (TID 7) (172.22.0.3, executor 0, partition 1, PROCESS_LOCAL, 26415 bytes)
[2026-07-25T18:16:21.036+0000] {subprocess.py:93} INFO - 26/07/25 18:16:21 INFO TaskSetManager: Lost task 0.3 in stage 0.0 (TID 6) on 172.22.0.3, executor 0: org.apache.spark.api.python.PythonException (Traceback (most recent call last):
[2026-07-25T18:16:21.038+0000] {subprocess.py:93} INFO -   File "/opt/spark/python/lib/pyspark.zip/pyspark/worker.py", line 1100, in main
[2026-07-25T18:16:21.039+0000] {subprocess.py:93} INFO -     raise PySparkRuntimeError(
[2026-07-25T18:16:21.040+0000] {subprocess.py:93} INFO - pyspark.errors.exceptions.base.PySparkRuntimeError: [PYTHON_VERSION_MISMATCH] Python in worker has different version (3, 8) than that in driver 3.12, PySpark cannot run with different minor versions.
[2026-07-25T18:16:21.041+0000] {subprocess.py:93} INFO - Please check environment variables PYSPARK_PYTHON and PYSPARK_DRIVER_PYTHON are correctly set.
[2026-07-25T18:16:21.042+0000] {subprocess.py:93} INFO - ) [duplicate 6]
[2026-07-25T18:16:21.043+0000] {subprocess.py:93} INFO - 26/07/25 18:16:21 ERROR TaskSetManager: Task 0 in stage 0.0 failed 4 times; aborting job
[2026-07-25T18:16:21.044+0000] {subprocess.py:93} INFO - 26/07/25 18:16:21 INFO TaskSchedulerImpl: Cancelling stage 0
[2026-07-25T18:16:21.045+0000] {subprocess.py:93} INFO - 26/07/25 18:16:21 INFO TaskSchedulerImpl: Killing all running tasks in stage 0: Stage cancelled: Job aborted due to stage failure: Task 0 in stage 0.0 failed 4 times, most recent failure: Lost task 0.3 in stage 0.0 (TID 6) (172.22.0.3 executor 0): org.apache.spark.api.python.PythonException: Traceback (most recent call last):
[2026-07-25T18:16:21.046+0000] {subprocess.py:93} INFO -   File "/opt/spark/python/lib/pyspark.zip/pyspark/worker.py", line 1100, in main
[2026-07-25T18:16:21.047+0000] {subprocess.py:93} INFO -     raise PySparkRuntimeError(
[2026-07-25T18:16:21.048+0000] {subprocess.py:93} INFO - pyspark.errors.exceptions.base.PySparkRuntimeError: [PYTHON_VERSION_MISMATCH] Python in worker has different version (3, 8) than that in driver 3.12, PySpark cannot run with different minor versions.
[2026-07-25T18:16:21.049+0000] {subprocess.py:93} INFO - Please check environment variables PYSPARK_PYTHON and PYSPARK_DRIVER_PYTHON are correctly set.
[2026-07-25T18:16:21.051+0000] {subprocess.py:93} INFO - 
[2026-07-25T18:16:21.052+0000] {subprocess.py:93} INFO - 	at org.apache.spark.api.python.BasePythonRunner$ReaderIterator.handlePythonException(PythonRunner.scala:572)
[2026-07-25T18:16:21.054+0000] {subprocess.py:93} INFO - 	at org.apache.spark.api.python.PythonRunner$$anon$3.read(PythonRunner.scala:784)
[2026-07-25T18:16:21.055+0000] {subprocess.py:93} INFO - 	at org.apache.spark.api.python.PythonRunner$$anon$3.read(PythonRunner.scala:766)
[2026-07-25T18:16:21.058+0000] {subprocess.py:93} INFO - 	at org.apache.spark.api.python.BasePythonRunner$ReaderIterator.hasNext(PythonRunner.scala:525)
[2026-07-25T18:16:21.059+0000] {subprocess.py:93} INFO - 	at org.apache.spark.InterruptibleIterator.hasNext(InterruptibleIterator.scala:37)
[2026-07-25T18:16:21.060+0000] {subprocess.py:93} INFO - 	at scala.collection.Iterator$$anon$11.hasNext(Iterator.scala:491)
[2026-07-25T18:16:21.061+0000] {subprocess.py:93} INFO - 	at scala.collection.Iterator$$anon$10.hasNext(Iterator.scala:460)
[2026-07-25T18:16:21.062+0000] {subprocess.py:93} INFO - 	at scala.collection.Iterator$$anon$10.hasNext(Iterator.scala:460)
[2026-07-25T18:16:21.063+0000] {subprocess.py:93} INFO - 	at org.apache.spark.sql.catalyst.expressions.GeneratedClass$GeneratedIteratorForCodegenStage1.hashAgg_doAggregateWithoutKey_0$(Unknown Source)
[2026-07-25T18:16:21.064+0000] {subprocess.py:93} INFO - 	at org.apache.spark.sql.catalyst.expressions.GeneratedClass$GeneratedIteratorForCodegenStage1.processNext(Unknown Source)
[2026-07-25T18:16:21.067+0000] {subprocess.py:93} INFO - 	at org.apache.spark.sql.execution.BufferedRowIterator.hasNext(BufferedRowIterator.java:43)
[2026-07-25T18:16:21.068+0000] {subprocess.py:93} INFO - 	at org.apache.spark.sql.execution.WholeStageCodegenEvaluatorFactory$WholeStageCodegenPartitionEvaluator$$anon$1.hasNext(WholeStageCodegenEvaluatorFactory.scala:43)
[2026-07-25T18:16:21.068+0000] {subprocess.py:93} INFO - 	at scala.collection.Iterator$$anon$10.hasNext(Iterator.scala:460)
[2026-07-25T18:16:21.069+0000] {subprocess.py:93} INFO - 	at org.apache.spark.shuffle.sort.BypassMergeSortShuffleWriter.write(BypassMergeSortShuffleWriter.java:140)
[2026-07-25T18:16:21.070+0000] {subprocess.py:93} INFO - 	at org.apache.spark.shuffle.ShuffleWriteProcessor.write(ShuffleWriteProcessor.scala:59)
[2026-07-25T18:16:21.071+0000] {subprocess.py:93} INFO - 	at org.apache.spark.scheduler.ShuffleMapTask.runTask(ShuffleMapTask.scala:104)
[2026-07-25T18:16:21.072+0000] {subprocess.py:93} INFO - 	at org.apache.spark.scheduler.ShuffleMapTask.runTask(ShuffleMapTask.scala:54)
[2026-07-25T18:16:21.072+0000] {subprocess.py:93} INFO - 	at org.apache.spark.TaskContext.runTaskWithListeners(TaskContext.scala:166)
[2026-07-25T18:16:21.073+0000] {subprocess.py:93} INFO - 	at org.apache.spark.scheduler.Task.run(Task.scala:141)
[2026-07-25T18:16:21.073+0000] {subprocess.py:93} INFO - 	at org.apache.spark.executor.Executor$TaskRunner.$anonfun$run$4(Executor.scala:620)
[2026-07-25T18:16:21.074+0000] {subprocess.py:93} INFO - 	at org.apache.spark.util.SparkErrorUtils.tryWithSafeFinally(SparkErrorUtils.scala:64)
[2026-07-25T18:16:21.075+0000] {subprocess.py:93} INFO - 	at org.apache.spark.util.SparkErrorUtils.tryWithSafeFinally$(SparkErrorUtils.scala:61)
[2026-07-25T18:16:21.076+0000] {subprocess.py:93} INFO - 	at org.apache.spark.util.Utils$.tryWithSafeFinally(Utils.scala:94)
[2026-07-25T18:16:21.076+0000] {subprocess.py:93} INFO - 	at org.apache.spark.executor.Executor$TaskRunner.run(Executor.scala:623)
[2026-07-25T18:16:21.077+0000] {subprocess.py:93} INFO - 	at java.base/java.util.concurrent.ThreadPoolExecutor.runWorker(Unknown Source)
[2026-07-25T18:16:21.078+0000] {subprocess.py:93} INFO - 	at java.base/java.util.concurrent.ThreadPoolExecutor$Worker.run(Unknown Source)
[2026-07-25T18:16:21.079+0000] {subprocess.py:93} INFO - 	at java.base/java.lang.Thread.run(Unknown Source)
[2026-07-25T18:16:21.080+0000] {subprocess.py:93} INFO - 
[2026-07-25T18:16:21.081+0000] {subprocess.py:93} INFO - Driver stacktrace:
[2026-07-25T18:16:21.081+0000] {subprocess.py:93} INFO - 26/07/25 18:16:21 INFO TaskSchedulerImpl: Stage 0 was cancelled
[2026-07-25T18:16:21.082+0000] {subprocess.py:93} INFO - 26/07/25 18:16:21 INFO DAGScheduler: ShuffleMapStage 0 (count at NativeMethodAccessorImpl.java:0) failed in 2.482 s due to Job aborted due to stage failure: Task 0 in stage 0.0 failed 4 times, most recent failure: Lost task 0.3 in stage 0.0 (TID 6) (172.22.0.3 executor 0): org.apache.spark.api.python.PythonException: Traceback (most recent call last):
[2026-07-25T18:16:21.083+0000] {subprocess.py:93} INFO -   File "/opt/spark/python/lib/pyspark.zip/pyspark/worker.py", line 1100, in main
[2026-07-25T18:16:21.083+0000] {subprocess.py:93} INFO -     raise PySparkRuntimeError(
[2026-07-25T18:16:21.084+0000] {subprocess.py:93} INFO - pyspark.errors.exceptions.base.PySparkRuntimeError: [PYTHON_VERSION_MISMATCH] Python in worker has different version (3, 8) than that in driver 3.12, PySpark cannot run with different minor versions.
[2026-07-25T18:16:21.084+0000] {subprocess.py:93} INFO - Please check environment variables PYSPARK_PYTHON and PYSPARK_DRIVER_PYTHON are correctly set.
[2026-07-25T18:16:21.085+0000] {subprocess.py:93} INFO - 
[2026-07-25T18:16:21.085+0000] {subprocess.py:93} INFO - 	at org.apache.spark.api.python.BasePythonRunner$ReaderIterator.handlePythonException(PythonRunner.scala:572)
[2026-07-25T18:16:21.086+0000] {subprocess.py:93} INFO - 	at org.apache.spark.api.python.PythonRunner$$anon$3.read(PythonRunner.scala:784)
[2026-07-25T18:16:21.087+0000] {subprocess.py:93} INFO - 	at org.apache.spark.api.python.PythonRunner$$anon$3.read(PythonRunner.scala:766)
[2026-07-25T18:16:21.087+0000] {subprocess.py:93} INFO - 	at org.apache.spark.api.python.BasePythonRunner$ReaderIterator.hasNext(PythonRunner.scala:525)
[2026-07-25T18:16:21.088+0000] {subprocess.py:93} INFO - 	at org.apache.spark.InterruptibleIterator.hasNext(InterruptibleIterator.scala:37)
[2026-07-25T18:16:21.088+0000] {subprocess.py:93} INFO - 	at scala.collection.Iterator$$anon$11.hasNext(Iterator.scala:491)
[2026-07-25T18:16:21.089+0000] {subprocess.py:93} INFO - 	at scala.collection.Iterator$$anon$10.hasNext(Iterator.scala:460)
[2026-07-25T18:16:21.090+0000] {subprocess.py:93} INFO - 	at scala.collection.Iterator$$anon$10.hasNext(Iterator.scala:460)
[2026-07-25T18:16:21.090+0000] {subprocess.py:93} INFO - 	at org.apache.spark.sql.catalyst.expressions.GeneratedClass$GeneratedIteratorForCodegenStage1.hashAgg_doAggregateWithoutKey_0$(Unknown Source)
[2026-07-25T18:16:21.091+0000] {subprocess.py:93} INFO - 	at org.apache.spark.sql.catalyst.expressions.GeneratedClass$GeneratedIteratorForCodegenStage1.processNext(Unknown Source)
[2026-07-25T18:16:21.091+0000] {subprocess.py:93} INFO - 	at org.apache.spark.sql.execution.BufferedRowIterator.hasNext(BufferedRowIterator.java:43)
[2026-07-25T18:16:21.092+0000] {subprocess.py:93} INFO - 	at org.apache.spark.sql.execution.WholeStageCodegenEvaluatorFactory$WholeStageCodegenPartitionEvaluator$$anon$1.hasNext(WholeStageCodegenEvaluatorFactory.scala:43)
[2026-07-25T18:16:21.093+0000] {subprocess.py:93} INFO - 	at scala.collection.Iterator$$anon$10.hasNext(Iterator.scala:460)
[2026-07-25T18:16:21.094+0000] {subprocess.py:93} INFO - 	at org.apache.spark.shuffle.sort.BypassMergeSortShuffleWriter.write(BypassMergeSortShuffleWriter.java:140)
[2026-07-25T18:16:21.094+0000] {subprocess.py:93} INFO - 	at org.apache.spark.shuffle.ShuffleWriteProcessor.write(ShuffleWriteProcessor.scala:59)
[2026-07-25T18:16:21.095+0000] {subprocess.py:93} INFO - 	at org.apache.spark.scheduler.ShuffleMapTask.runTask(ShuffleMapTask.scala:104)
[2026-07-25T18:16:21.096+0000] {subprocess.py:93} INFO - 	at org.apache.spark.scheduler.ShuffleMapTask.runTask(ShuffleMapTask.scala:54)
[2026-07-25T18:16:21.096+0000] {subprocess.py:93} INFO - 	at org.apache.spark.TaskContext.runTaskWithListeners(TaskContext.scala:166)
[2026-07-25T18:16:21.097+0000] {subprocess.py:93} INFO - 	at org.apache.spark.scheduler.Task.run(Task.scala:141)
[2026-07-25T18:16:21.098+0000] {subprocess.py:93} INFO - 	at org.apache.spark.executor.Executor$TaskRunner.$anonfun$run$4(Executor.scala:620)
[2026-07-25T18:16:21.099+0000] {subprocess.py:93} INFO - 	at org.apache.spark.util.SparkErrorUtils.tryWithSafeFinally(SparkErrorUtils.scala:64)
[2026-07-25T18:16:21.099+0000] {subprocess.py:93} INFO - 	at org.apache.spark.util.SparkErrorUtils.tryWithSafeFinally$(SparkErrorUtils.scala:61)
[2026-07-25T18:16:21.100+0000] {subprocess.py:93} INFO - 	at org.apache.spark.util.Utils$.tryWithSafeFinally(Utils.scala:94)
[2026-07-25T18:16:21.101+0000] {subprocess.py:93} INFO - 	at org.apache.spark.executor.Executor$TaskRunner.run(Executor.scala:623)
[2026-07-25T18:16:21.101+0000] {subprocess.py:93} INFO - 	at java.base/java.util.concurrent.ThreadPoolExecutor.runWorker(Unknown Source)
[2026-07-25T18:16:21.102+0000] {subprocess.py:93} INFO - 	at java.base/java.util.concurrent.ThreadPoolExecutor$Worker.run(Unknown Source)
[2026-07-25T18:16:21.102+0000] {subprocess.py:93} INFO - 	at java.base/java.lang.Thread.run(Unknown Source)
[2026-07-25T18:16:21.103+0000] {subprocess.py:93} INFO - 
[2026-07-25T18:16:21.103+0000] {subprocess.py:93} INFO - Driver stacktrace:
[2026-07-25T18:16:21.104+0000] {subprocess.py:93} INFO - 26/07/25 18:16:21 INFO TaskSetManager: Lost task 1.3 in stage 0.0 (TID 7) on 172.22.0.3, executor 0: org.apache.spark.api.python.PythonException (Traceback (most recent call last):
[2026-07-25T18:16:21.104+0000] {subprocess.py:93} INFO -   File "/opt/spark/python/lib/pyspark.zip/pyspark/worker.py", line 1100, in main
[2026-07-25T18:16:21.106+0000] {subprocess.py:93} INFO -     raise PySparkRuntimeError(
[2026-07-25T18:16:21.106+0000] {subprocess.py:93} INFO - pyspark.errors.exceptions.base.PySparkRuntimeError: [PYTHON_VERSION_MISMATCH] Python in worker has different version (3, 8) than that in driver 3.12, PySpark cannot run with different minor versions.
[2026-07-25T18:16:21.108+0000] {subprocess.py:93} INFO - Please check environment variables PYSPARK_PYTHON and PYSPARK_DRIVER_PYTHON are correctly set.
[2026-07-25T18:16:21.109+0000] {subprocess.py:93} INFO - ) [duplicate 7]
[2026-07-25T18:16:21.110+0000] {subprocess.py:93} INFO - 26/07/25 18:16:21 INFO TaskSchedulerImpl: Removed TaskSet 0.0, whose tasks have all completed, from pool
[2026-07-25T18:16:21.306+0000] {subprocess.py:93} INFO - Traceback (most recent call last):
[2026-07-25T18:16:21.307+0000] {subprocess.py:93} INFO -   File "/opt/project/spark_jobs/dimensions/dim_date.py", line 53, in <module>
[2026-07-25T18:16:21.310+0000] {subprocess.py:93} INFO -     print("Nombre lignes :", df.count())
[2026-07-25T18:16:21.311+0000] {subprocess.py:93} INFO -                              ^^^^^^^^^^
[2026-07-25T18:16:21.311+0000] {subprocess.py:93} INFO -   File "/home/***/.local/lib/python3.12/site-packages/pyspark/sql/dataframe.py", line 1238, in count
[2026-07-25T18:16:21.311+0000] {subprocess.py:93} INFO -     return int(self._jdf.count())
[2026-07-25T18:16:21.312+0000] {subprocess.py:93} INFO -                ^^^^^^^^^^^^^^^^^
[2026-07-25T18:16:21.313+0000] {subprocess.py:93} INFO -   File "/home/***/.local/lib/python3.12/site-packages/py4j/java_gateway.py", line 1322, in __call__
[2026-07-25T18:16:21.313+0000] {subprocess.py:93} INFO -     return_value = get_return_value(
[2026-07-25T18:16:21.314+0000] {subprocess.py:93} INFO -                    ^^^^^^^^^^^^^^^^^
[2026-07-25T18:16:21.315+0000] {subprocess.py:93} INFO -   File "/home/***/.local/lib/python3.12/site-packages/pyspark/errors/exceptions/captured.py", line 179, in deco
[2026-07-25T18:16:21.315+0000] {subprocess.py:93} INFO -     return f(*a, **kw)
[2026-07-25T18:16:21.316+0000] {subprocess.py:93} INFO -            ^^^^^^^^^^^
[2026-07-25T18:16:21.316+0000] {subprocess.py:93} INFO -   File "/home/***/.local/lib/python3.12/site-packages/py4j/protocol.py", line 326, in get_return_value
[2026-07-25T18:16:21.317+0000] {subprocess.py:93} INFO -     raise Py4JJavaError(
[2026-07-25T18:16:21.318+0000] {subprocess.py:93} INFO - py4j.protocol.Py4JJavaError: An error occurred while calling o46.count.
[2026-07-25T18:16:21.319+0000] {subprocess.py:93} INFO - : org.apache.spark.SparkException: Job aborted due to stage failure: Task 0 in stage 0.0 failed 4 times, most recent failure: Lost task 0.3 in stage 0.0 (TID 6) (172.22.0.3 executor 0): org.apache.spark.api.python.PythonException: Traceback (most recent call last):
[2026-07-25T18:16:21.319+0000] {subprocess.py:93} INFO -   File "/opt/spark/python/lib/pyspark.zip/pyspark/worker.py", line 1100, in main
[2026-07-25T18:16:21.320+0000] {subprocess.py:93} INFO -     raise PySparkRuntimeError(
[2026-07-25T18:16:21.321+0000] {subprocess.py:93} INFO - pyspark.errors.exceptions.base.PySparkRuntimeError: [PYTHON_VERSION_MISMATCH] Python in worker has different version (3, 8) than that in driver 3.12, PySpark cannot run with different minor versions.
[2026-07-25T18:16:21.321+0000] {subprocess.py:93} INFO - Please check environment variables PYSPARK_PYTHON and PYSPARK_DRIVER_PYTHON are correctly set.
[2026-07-25T18:16:21.322+0000] {subprocess.py:93} INFO - 
[2026-07-25T18:16:21.323+0000] {subprocess.py:93} INFO - 	at org.apache.spark.api.python.BasePythonRunner$ReaderIterator.handlePythonException(PythonRunner.scala:572)
[2026-07-25T18:16:21.323+0000] {subprocess.py:93} INFO - 	at org.apache.spark.api.python.PythonRunner$$anon$3.read(PythonRunner.scala:784)
[2026-07-25T18:16:21.324+0000] {subprocess.py:93} INFO - 	at org.apache.spark.api.python.PythonRunner$$anon$3.read(PythonRunner.scala:766)
[2026-07-25T18:16:21.324+0000] {subprocess.py:93} INFO - 	at org.apache.spark.api.python.BasePythonRunner$ReaderIterator.hasNext(PythonRunner.scala:525)
[2026-07-25T18:16:21.325+0000] {subprocess.py:93} INFO - 	at org.apache.spark.InterruptibleIterator.hasNext(InterruptibleIterator.scala:37)
[2026-07-25T18:16:21.325+0000] {subprocess.py:93} INFO - 	at scala.collection.Iterator$$anon$11.hasNext(Iterator.scala:491)
[2026-07-25T18:16:21.326+0000] {subprocess.py:93} INFO - 	at scala.collection.Iterator$$anon$10.hasNext(Iterator.scala:460)
[2026-07-25T18:16:21.327+0000] {subprocess.py:93} INFO - 	at scala.collection.Iterator$$anon$10.hasNext(Iterator.scala:460)
[2026-07-25T18:16:21.327+0000] {subprocess.py:93} INFO - 	at org.apache.spark.sql.catalyst.expressions.GeneratedClass$GeneratedIteratorForCodegenStage1.hashAgg_doAggregateWithoutKey_0$(Unknown Source)
[2026-07-25T18:16:21.328+0000] {subprocess.py:93} INFO - 	at org.apache.spark.sql.catalyst.expressions.GeneratedClass$GeneratedIteratorForCodegenStage1.processNext(Unknown Source)
[2026-07-25T18:16:21.328+0000] {subprocess.py:93} INFO - 	at org.apache.spark.sql.execution.BufferedRowIterator.hasNext(BufferedRowIterator.java:43)
[2026-07-25T18:16:21.329+0000] {subprocess.py:93} INFO - 	at org.apache.spark.sql.execution.WholeStageCodegenEvaluatorFactory$WholeStageCodegenPartitionEvaluator$$anon$1.hasNext(WholeStageCodegenEvaluatorFactory.scala:43)
[2026-07-25T18:16:21.329+0000] {subprocess.py:93} INFO - 	at scala.collection.Iterator$$anon$10.hasNext(Iterator.scala:460)
[2026-07-25T18:16:21.330+0000] {subprocess.py:93} INFO - 	at org.apache.spark.shuffle.sort.BypassMergeSortShuffleWriter.write(BypassMergeSortShuffleWriter.java:140)
[2026-07-25T18:16:21.330+0000] {subprocess.py:93} INFO - 	at org.apache.spark.shuffle.ShuffleWriteProcessor.write(ShuffleWriteProcessor.scala:59)
[2026-07-25T18:16:21.331+0000] {subprocess.py:93} INFO - 	at org.apache.spark.scheduler.ShuffleMapTask.runTask(ShuffleMapTask.scala:104)
[2026-07-25T18:16:21.331+0000] {subprocess.py:93} INFO - 	at org.apache.spark.scheduler.ShuffleMapTask.runTask(ShuffleMapTask.scala:54)
[2026-07-25T18:16:21.332+0000] {subprocess.py:93} INFO - 	at org.apache.spark.TaskContext.runTaskWithListeners(TaskContext.scala:166)
[2026-07-25T18:16:21.332+0000] {subprocess.py:93} INFO - 	at org.apache.spark.scheduler.Task.run(Task.scala:141)
[2026-07-25T18:16:21.333+0000] {subprocess.py:93} INFO - 	at org.apache.spark.executor.Executor$TaskRunner.$anonfun$run$4(Executor.scala:620)
[2026-07-25T18:16:21.333+0000] {subprocess.py:93} INFO - 	at org.apache.spark.util.SparkErrorUtils.tryWithSafeFinally(SparkErrorUtils.scala:64)
[2026-07-25T18:16:21.334+0000] {subprocess.py:93} INFO - 	at org.apache.spark.util.SparkErrorUtils.tryWithSafeFinally$(SparkErrorUtils.scala:61)
[2026-07-25T18:16:21.334+0000] {subprocess.py:93} INFO - 	at org.apache.spark.util.Utils$.tryWithSafeFinally(Utils.scala:94)
[2026-07-25T18:16:21.335+0000] {subprocess.py:93} INFO - 	at org.apache.spark.executor.Executor$TaskRunner.run(Executor.scala:623)
[2026-07-25T18:16:21.335+0000] {subprocess.py:93} INFO - 	at java.base/java.util.concurrent.ThreadPoolExecutor.runWorker(Unknown Source)
[2026-07-25T18:16:21.336+0000] {subprocess.py:93} INFO - 	at java.base/java.util.concurrent.ThreadPoolExecutor$Worker.run(Unknown Source)
[2026-07-25T18:16:21.336+0000] {subprocess.py:93} INFO - 	at java.base/java.lang.Thread.run(Unknown Source)
[2026-07-25T18:16:21.337+0000] {subprocess.py:93} INFO - 
[2026-07-25T18:16:21.337+0000] {subprocess.py:93} INFO - Driver stacktrace:
[2026-07-25T18:16:21.338+0000] {subprocess.py:93} INFO - 	at org.apache.spark.scheduler.DAGScheduler.failJobAndIndependentStages(DAGScheduler.scala:2856)
[2026-07-25T18:16:21.338+0000] {subprocess.py:93} INFO - 	at org.apache.spark.scheduler.DAGScheduler.$anonfun$abortStage$2(DAGScheduler.scala:2792)
[2026-07-25T18:16:21.339+0000] {subprocess.py:93} INFO - 	at org.apache.spark.scheduler.DAGScheduler.$anonfun$abortStage$2$adapted(DAGScheduler.scala:2791)
[2026-07-25T18:16:21.340+0000] {subprocess.py:93} INFO - 	at scala.collection.mutable.ResizableArray.foreach(ResizableArray.scala:62)
[2026-07-25T18:16:21.340+0000] {subprocess.py:93} INFO - 	at scala.collection.mutable.ResizableArray.foreach$(ResizableArray.scala:55)
[2026-07-25T18:16:21.341+0000] {subprocess.py:93} INFO - 	at scala.collection.mutable.ArrayBuffer.foreach(ArrayBuffer.scala:49)
[2026-07-25T18:16:21.342+0000] {subprocess.py:93} INFO - 	at org.apache.spark.scheduler.DAGScheduler.abortStage(DAGScheduler.scala:2791)
[2026-07-25T18:16:21.342+0000] {subprocess.py:93} INFO - 	at org.apache.spark.scheduler.DAGScheduler.$anonfun$handleTaskSetFailed$1(DAGScheduler.scala:1247)
[2026-07-25T18:16:21.343+0000] {subprocess.py:93} INFO - 	at org.apache.spark.scheduler.DAGScheduler.$anonfun$handleTaskSetFailed$1$adapted(DAGScheduler.scala:1247)
[2026-07-25T18:16:21.344+0000] {subprocess.py:93} INFO - 	at scala.Option.foreach(Option.scala:407)
[2026-07-25T18:16:21.344+0000] {subprocess.py:93} INFO - 	at org.apache.spark.scheduler.DAGScheduler.handleTaskSetFailed(DAGScheduler.scala:1247)
[2026-07-25T18:16:21.345+0000] {subprocess.py:93} INFO - 	at org.apache.spark.scheduler.DAGSchedulerEventProcessLoop.doOnReceive(DAGScheduler.scala:3060)
[2026-07-25T18:16:21.345+0000] {subprocess.py:93} INFO - 	at org.apache.spark.scheduler.DAGSchedulerEventProcessLoop.onReceive(DAGScheduler.scala:2994)
[2026-07-25T18:16:21.346+0000] {subprocess.py:93} INFO - 	at org.apache.spark.scheduler.DAGSchedulerEventProcessLoop.onReceive(DAGScheduler.scala:2983)
[2026-07-25T18:16:21.347+0000] {subprocess.py:93} INFO - 	at org.apache.spark.util.EventLoop$$anon$1.run(EventLoop.scala:49)
[2026-07-25T18:16:21.347+0000] {subprocess.py:93} INFO - Caused by: org.apache.spark.api.python.PythonException: Traceback (most recent call last):
[2026-07-25T18:16:21.348+0000] {subprocess.py:93} INFO -   File "/opt/spark/python/lib/pyspark.zip/pyspark/worker.py", line 1100, in main
[2026-07-25T18:16:21.349+0000] {subprocess.py:93} INFO -     raise PySparkRuntimeError(
[2026-07-25T18:16:21.349+0000] {subprocess.py:93} INFO - pyspark.errors.exceptions.base.PySparkRuntimeError: [PYTHON_VERSION_MISMATCH] Python in worker has different version (3, 8) than that in driver 3.12, PySpark cannot run with different minor versions.
[2026-07-25T18:16:21.350+0000] {subprocess.py:93} INFO - Please check environment variables PYSPARK_PYTHON and PYSPARK_DRIVER_PYTHON are correctly set.
[2026-07-25T18:16:21.351+0000] {subprocess.py:93} INFO - 
[2026-07-25T18:16:21.352+0000] {subprocess.py:93} INFO - 	at org.apache.spark.api.python.BasePythonRunner$ReaderIterator.handlePythonException(PythonRunner.scala:572)
[2026-07-25T18:16:21.352+0000] {subprocess.py:93} INFO - 	at org.apache.spark.api.python.PythonRunner$$anon$3.read(PythonRunner.scala:784)
[2026-07-25T18:16:21.353+0000] {subprocess.py:93} INFO - 	at org.apache.spark.api.python.PythonRunner$$anon$3.read(PythonRunner.scala:766)
[2026-07-25T18:16:21.353+0000] {subprocess.py:93} INFO - 	at org.apache.spark.api.python.BasePythonRunner$ReaderIterator.hasNext(PythonRunner.scala:525)
[2026-07-25T18:16:21.354+0000] {subprocess.py:93} INFO - 	at org.apache.spark.InterruptibleIterator.hasNext(InterruptibleIterator.scala:37)
[2026-07-25T18:16:21.355+0000] {subprocess.py:93} INFO - 	at scala.collection.Iterator$$anon$11.hasNext(Iterator.scala:491)
[2026-07-25T18:16:21.355+0000] {subprocess.py:93} INFO - 	at scala.collection.Iterator$$anon$10.hasNext(Iterator.scala:460)
[2026-07-25T18:16:21.356+0000] {subprocess.py:93} INFO - 	at scala.collection.Iterator$$anon$10.hasNext(Iterator.scala:460)
[2026-07-25T18:16:21.357+0000] {subprocess.py:93} INFO - 	at org.apache.spark.sql.catalyst.expressions.GeneratedClass$GeneratedIteratorForCodegenStage1.hashAgg_doAggregateWithoutKey_0$(Unknown Source)
[2026-07-25T18:16:21.357+0000] {subprocess.py:93} INFO - 	at org.apache.spark.sql.catalyst.expressions.GeneratedClass$GeneratedIteratorForCodegenStage1.processNext(Unknown Source)
[2026-07-25T18:16:21.358+0000] {subprocess.py:93} INFO - 	at org.apache.spark.sql.execution.BufferedRowIterator.hasNext(BufferedRowIterator.java:43)
[2026-07-25T18:16:21.359+0000] {subprocess.py:93} INFO - 	at org.apache.spark.sql.execution.WholeStageCodegenEvaluatorFactory$WholeStageCodegenPartitionEvaluator$$anon$1.hasNext(WholeStageCodegenEvaluatorFactory.scala:43)
[2026-07-25T18:16:21.359+0000] {subprocess.py:93} INFO - 	at scala.collection.Iterator$$anon$10.hasNext(Iterator.scala:460)
[2026-07-25T18:16:21.360+0000] {subprocess.py:93} INFO - 	at org.apache.spark.shuffle.sort.BypassMergeSortShuffleWriter.write(BypassMergeSortShuffleWriter.java:140)
[2026-07-25T18:16:21.361+0000] {subprocess.py:93} INFO - 	at org.apache.spark.shuffle.ShuffleWriteProcessor.write(ShuffleWriteProcessor.scala:59)
[2026-07-25T18:16:21.361+0000] {subprocess.py:93} INFO - 	at org.apache.spark.scheduler.ShuffleMapTask.runTask(ShuffleMapTask.scala:104)
[2026-07-25T18:16:21.362+0000] {subprocess.py:93} INFO - 	at org.apache.spark.scheduler.ShuffleMapTask.runTask(ShuffleMapTask.scala:54)
[2026-07-25T18:16:21.362+0000] {subprocess.py:93} INFO - 	at org.apache.spark.TaskContext.runTaskWithListeners(TaskContext.scala:166)
[2026-07-25T18:16:21.363+0000] {subprocess.py:93} INFO - 	at org.apache.spark.scheduler.Task.run(Task.scala:141)
[2026-07-25T18:16:21.363+0000] {subprocess.py:93} INFO - 	at org.apache.spark.executor.Executor$TaskRunner.$anonfun$run$4(Executor.scala:620)
[2026-07-25T18:16:21.364+0000] {subprocess.py:93} INFO - 	at org.apache.spark.util.SparkErrorUtils.tryWithSafeFinally(SparkErrorUtils.scala:64)
[2026-07-25T18:16:21.365+0000] {subprocess.py:93} INFO - 	at org.apache.spark.util.SparkErrorUtils.tryWithSafeFinally$(SparkErrorUtils.scala:61)
[2026-07-25T18:16:21.365+0000] {subprocess.py:93} INFO - 	at org.apache.spark.util.Utils$.tryWithSafeFinally(Utils.scala:94)
[2026-07-25T18:16:21.366+0000] {subprocess.py:93} INFO - 	at org.apache.spark.executor.Executor$TaskRunner.run(Executor.scala:623)
[2026-07-25T18:16:21.367+0000] {subprocess.py:93} INFO - 	at java.base/java.util.concurrent.ThreadPoolExecutor.runWorker(Unknown Source)
[2026-07-25T18:16:21.367+0000] {subprocess.py:93} INFO - 	at java.base/java.util.concurrent.ThreadPoolExecutor$Worker.run(Unknown Source)
[2026-07-25T18:16:21.368+0000] {subprocess.py:93} INFO - 	at java.base/java.lang.Thread.run(Unknown Source)
[2026-07-25T18:16:21.368+0000] {subprocess.py:93} INFO - 
[2026-07-25T18:16:21.431+0000] {subprocess.py:93} INFO - 26/07/25 18:16:21 INFO SparkContext: Invoking stop() from shutdown hook
[2026-07-25T18:16:21.432+0000] {subprocess.py:93} INFO - 26/07/25 18:16:21 INFO SparkContext: SparkContext is stopping with exitCode 0.
[2026-07-25T18:16:21.443+0000] {subprocess.py:93} INFO - 26/07/25 18:16:21 INFO SparkUI: Stopped Spark web UI at http://30d391bb7be2:4040
[2026-07-25T18:16:21.446+0000] {subprocess.py:93} INFO - 26/07/25 18:16:21 INFO StandaloneSchedulerBackend: Shutting down all executors
[2026-07-25T18:16:21.447+0000] {subprocess.py:93} INFO - 26/07/25 18:16:21 INFO StandaloneSchedulerBackend$StandaloneDriverEndpoint: Asking each executor to shut down
[2026-07-25T18:16:21.473+0000] {subprocess.py:93} INFO - 26/07/25 18:16:21 INFO MapOutputTrackerMasterEndpoint: MapOutputTrackerMasterEndpoint stopped!
[2026-07-25T18:16:21.498+0000] {subprocess.py:93} INFO - 26/07/25 18:16:21 INFO MemoryStore: MemoryStore cleared
[2026-07-25T18:16:21.501+0000] {subprocess.py:93} INFO - 26/07/25 18:16:21 INFO BlockManager: BlockManager stopped
[2026-07-25T18:16:21.511+0000] {subprocess.py:93} INFO - 26/07/25 18:16:21 INFO BlockManagerMaster: BlockManagerMaster stopped
[2026-07-25T18:16:21.515+0000] {subprocess.py:93} INFO - 26/07/25 18:16:21 INFO OutputCommitCoordinator$OutputCommitCoordinatorEndpoint: OutputCommitCoordinator stopped!
[2026-07-25T18:16:21.531+0000] {subprocess.py:93} INFO - 26/07/25 18:16:21 INFO SparkContext: Successfully stopped SparkContext
[2026-07-25T18:16:21.532+0000] {subprocess.py:93} INFO - 26/07/25 18:16:21 INFO ShutdownHookManager: Shutdown hook called
[2026-07-25T18:16:21.534+0000] {subprocess.py:93} INFO - 26/07/25 18:16:21 INFO ShutdownHookManager: Deleting directory /tmp/spark-0d62052b-9478-499c-a2ac-53e9dba1e72a/pyspark-775280e8-bc07-4886-b2a4-8db62aac0586
[2026-07-25T18:16:21.541+0000] {subprocess.py:93} INFO - 26/07/25 18:16:21 INFO ShutdownHookManager: Deleting directory /tmp/spark-bb271395-e78d-4838-9417-d1369bdc9d14
[2026-07-25T18:16:21.550+0000] {subprocess.py:93} INFO - 26/07/25 18:16:21 INFO ShutdownHookManager: Deleting directory /tmp/spark-0d62052b-9478-499c-a2ac-53e9dba1e72a
[2026-07-25T18:16:21.946+0000] {subprocess.py:97} INFO - Command exited with return code 1
[2026-07-25T18:16:21.967+0000] {taskinstance.py:3301} ERROR - Task failed with exception
Traceback (most recent call last):
  File "/home/airflow/.local/lib/python3.12/site-packages/airflow/models/taskinstance.py", line 767, in _execute_task
    result = _execute_callable(context=context, **execute_callable_kwargs)
             ^^^^^^^^^^^^^^^^^^^^^^^^^^^^^^^^^^^^^^^^^^^^^^^^^^^^^^^^^^^^^
  File "/home/airflow/.local/lib/python3.12/site-packages/airflow/models/taskinstance.py", line 733, in _execute_callable
    return ExecutionCallableRunner(
           ^^^^^^^^^^^^^^^^^^^^^^^^
  File "/home/airflow/.local/lib/python3.12/site-packages/airflow/utils/operator_helpers.py", line 252, in run
    return self.func(*args, **kwargs)
           ^^^^^^^^^^^^^^^^^^^^^^^^^^
  File "/home/airflow/.local/lib/python3.12/site-packages/airflow/models/baseoperator.py", line 406, in wrapper
    return func(self, *args, **kwargs)
           ^^^^^^^^^^^^^^^^^^^^^^^^^^^
  File "/home/airflow/.local/lib/python3.12/site-packages/airflow/operators/bash.py", line 249, in execute
    raise AirflowException(
airflow.exceptions.AirflowException: Bash command failed. The command returned a non-zero exit code 1.
[2026-07-25T18:16:21.973+0000] {taskinstance.py:1225} INFO - Marking task as FAILED. dag_id=flex_eau_pipeline, task_id=dim_date, run_id=scheduled__2026-07-24T00:00:00+00:00, execution_date=20260724T000000, start_date=20260725T181546, end_date=20260725T181621
[2026-07-25T18:16:21.991+0000] {taskinstance.py:340} INFO - ::group::Post task execution logs
[2026-07-25T18:16:21.993+0000] {standard_task_runner.py:124} ERROR - Failed to execute job 19 for task dim_date (Bash command failed. The command returned a non-zero exit code 1.; 2489)
Traceback (most recent call last):
  File "/home/airflow/.local/lib/python3.12/site-packages/airflow/task/task_runner/standard_task_runner.py", line 117, in _start_by_fork
    ret = args.func(args, dag=self.dag)
          ^^^^^^^^^^^^^^^^^^^^^^^^^^^^^
  File "/home/airflow/.local/lib/python3.12/site-packages/airflow/cli/cli_config.py", line 49, in command
    return func(*args, **kwargs)
           ^^^^^^^^^^^^^^^^^^^^^
  File "/home/airflow/.local/lib/python3.12/site-packages/airflow/utils/cli.py", line 115, in wrapper
    return f(*args, **kwargs)
           ^^^^^^^^^^^^^^^^^^
  File "/home/airflow/.local/lib/python3.12/site-packages/airflow/cli/commands/task_command.py", line 483, in task_run
    task_return_code = _run_task_by_selected_method(args, _dag, ti)
                       ^^^^^^^^^^^^^^^^^^^^^^^^^^^^^^^^^^^^^^^^^^^^
  File "/home/airflow/.local/lib/python3.12/site-packages/airflow/cli/commands/task_command.py", line 256, in _run_task_by_selected_method
    return _run_raw_task(args, ti)
           ^^^^^^^^^^^^^^^^^^^^^^^
  File "/home/airflow/.local/lib/python3.12/site-packages/airflow/cli/commands/task_command.py", line 341, in _run_raw_task
    return ti._run_raw_task(
           ^^^^^^^^^^^^^^^^^
  File "/home/airflow/.local/lib/python3.12/site-packages/airflow/utils/session.py", line 97, in wrapper
    return func(*args, session=session, **kwargs)
           ^^^^^^^^^^^^^^^^^^^^^^^^^^^^^^^^^^^^^^
  File "/home/airflow/.local/lib/python3.12/site-packages/airflow/models/taskinstance.py", line 2995, in _run_raw_task
    return _run_raw_task(
           ^^^^^^^^^^^^^^
  File "/home/airflow/.local/lib/python3.12/site-packages/airflow/models/taskinstance.py", line 273, in _run_raw_task
    TaskInstance._execute_task_with_callbacks(
  File "/home/airflow/.local/lib/python3.12/site-packages/airflow/models/taskinstance.py", line 3149, in _execute_task_with_callbacks
    result = self._execute_task(context, task_orig)
             ^^^^^^^^^^^^^^^^^^^^^^^^^^^^^^^^^^^^^^
  File "/home/airflow/.local/lib/python3.12/site-packages/airflow/models/taskinstance.py", line 3173, in _execute_task
    return _execute_task(self, context, task_orig)
           ^^^^^^^^^^^^^^^^^^^^^^^^^^^^^^^^^^^^^^^
  File "/home/airflow/.local/lib/python3.12/site-packages/airflow/models/taskinstance.py", line 767, in _execute_task
    result = _execute_callable(context=context, **execute_callable_kwargs)
             ^^^^^^^^^^^^^^^^^^^^^^^^^^^^^^^^^^^^^^^^^^^^^^^^^^^^^^^^^^^^^
  File "/home/airflow/.local/lib/python3.12/site-packages/airflow/models/taskinstance.py", line 733, in _execute_callable
    return ExecutionCallableRunner(
           ^^^^^^^^^^^^^^^^^^^^^^^^
  File "/home/airflow/.local/lib/python3.12/site-packages/airflow/utils/operator_helpers.py", line 252, in run
    return self.func(*args, **kwargs)
           ^^^^^^^^^^^^^^^^^^^^^^^^^^
  File "/home/airflow/.local/lib/python3.12/site-packages/airflow/models/baseoperator.py", line 406, in wrapper
    return func(self, *args, **kwargs)
           ^^^^^^^^^^^^^^^^^^^^^^^^^^^
  File "/home/airflow/.local/lib/python3.12/site-packages/airflow/operators/bash.py", line 249, in execute
    raise AirflowException(
airflow.exceptions.AirflowException: Bash command failed. The command returned a non-zero exit code 1.
[2026-07-25T18:16:22.035+0000] {local_task_job_runner.py:261} INFO - Task exited with return code 1
[2026-07-25T18:16:22.061+0000] {taskinstance.py:3891} INFO - 0 downstream tasks scheduled from follow-on schedule check
[2026-07-25T18:16:22.065+0000] {local_task_job_runner.py:240} INFO - ::endgroup::
