[2026-06-19T12:02:47.312+0000] {local_task_job_runner.py:123} INFO - ::group::Pre task execution logs
[2026-06-19T12:02:47.369+0000] {taskinstance.py:2603} INFO - Dependencies all met for dep_context=non-requeueable deps ti=<TaskInstance: flex_eau_pipeline.ingestion_mysql_staging manual__2026-06-19T12:02:45.525603+00:00 [queued]>
[2026-06-19T12:02:47.389+0000] {taskinstance.py:2603} INFO - Dependencies all met for dep_context=requeueable deps ti=<TaskInstance: flex_eau_pipeline.ingestion_mysql_staging manual__2026-06-19T12:02:45.525603+00:00 [queued]>
[2026-06-19T12:02:47.393+0000] {taskinstance.py:2856} INFO - Starting attempt 1 of 1
[2026-06-19T12:02:47.431+0000] {taskinstance.py:2879} INFO - Executing <Task(BashOperator): ingestion_mysql_staging> on 2026-06-19 12:02:45.525603+00:00
[2026-06-19T12:02:47.455+0000] {logging_mixin.py:190} WARNING - /home/***/.local/lib/python3.12/site-packages/***/task/task_runner/standard_task_runner.py:70 DeprecationWarning: This process (pid=234) is multi-threaded, use of fork() may lead to deadlocks in the child.
[2026-06-19T12:02:47.459+0000] {standard_task_runner.py:72} INFO - Started process 235 to run task
[2026-06-19T12:02:47.454+0000] {standard_task_runner.py:104} INFO - Running: ['***', 'tasks', 'run', 'flex_eau_pipeline', 'ingestion_mysql_staging', 'manual__2026-06-19T12:02:45.525603+00:00', '--job-id', '3', '--raw', '--subdir', 'DAGS_FOLDER/flex_eau_pipeline.py', '--cfg-path', '/tmp/tmpaagpnuo5']
[2026-06-19T12:02:47.462+0000] {standard_task_runner.py:105} INFO - Job 3: Subtask ingestion_mysql_staging
[2026-06-19T12:02:47.624+0000] {task_command.py:467} INFO - Running <TaskInstance: flex_eau_pipeline.ingestion_mysql_staging manual__2026-06-19T12:02:45.525603+00:00 [running]> on host 7614ee4a67ce
[2026-06-19T12:02:47.754+0000] {taskinstance.py:3122} INFO - Exporting env vars: AIRFLOW_CTX_DAG_OWNER='***' AIRFLOW_CTX_DAG_ID='flex_eau_pipeline' AIRFLOW_CTX_TASK_ID='ingestion_mysql_staging' AIRFLOW_CTX_EXECUTION_DATE='2026-06-19T12:02:45.525603+00:00' AIRFLOW_CTX_TRY_NUMBER='1' AIRFLOW_CTX_DAG_RUN_ID='manual__2026-06-19T12:02:45.525603+00:00'
[2026-06-19T12:02:47.755+0000] {taskinstance.py:731} INFO - ::endgroup::
[2026-06-19T12:02:47.776+0000] {subprocess.py:63} INFO - Tmp dir root location: /tmp
[2026-06-19T12:02:47.778+0000] {subprocess.py:75} INFO - Running command: ['/usr/bin/bash', '-c', '\n        python /opt/project/ingestion/mysql_to_staging.py\n        ']
[2026-06-19T12:02:47.797+0000] {subprocess.py:86} INFO - Output:
[2026-06-19T12:02:53.865+0000] {subprocess.py:93} INFO - 
[2026-06-19T12:02:53.866+0000] {subprocess.py:93} INFO - ===== departements =====
[2026-06-19T12:02:53.867+0000] {subprocess.py:93} INFO - Traceback (most recent call last):
[2026-06-19T12:02:53.868+0000] {subprocess.py:93} INFO -   File "/home/***/.local/lib/python3.12/site-packages/dlt/pipeline/pipeline.py", line 832, in _sync_destination
[2026-06-19T12:02:53.869+0000] {subprocess.py:93} INFO -     remote_state = self._restore_state_from_destination()
[2026-06-19T12:02:53.873+0000] {subprocess.py:93} INFO -                    ^^^^^^^^^^^^^^^^^^^^^^^^^^^^^^^^^^^^^^
[2026-06-19T12:02:53.874+0000] {subprocess.py:93} INFO -   File "/home/***/.local/lib/python3.12/site-packages/dlt/pipeline/pipeline.py", line 1715, in _restore_state_from_destination
[2026-06-19T12:02:53.875+0000] {subprocess.py:93} INFO -     with self._get_destination_clients(schema)[0] as job_client:
[2026-06-19T12:02:53.876+0000] {subprocess.py:93} INFO -          ^^^^^^^^^^^^^^^^^^^^^^^^^^^^^^^^^^^^^
[2026-06-19T12:02:53.877+0000] {subprocess.py:93} INFO -   File "/home/***/.local/lib/python3.12/site-packages/dlt/pipeline/pipeline.py", line 1464, in _get_destination_clients
[2026-06-19T12:02:53.877+0000] {subprocess.py:93} INFO -     destination_client, staging_client = get_destination_clients(
[2026-06-19T12:02:53.878+0000] {subprocess.py:93} INFO -                                          ^^^^^^^^^^^^^^^^^^^^^^^^
[2026-06-19T12:02:53.878+0000] {subprocess.py:93} INFO -   File "/home/***/.local/lib/python3.12/site-packages/dlt/dataset/utils.py", line 85, in get_destination_clients
[2026-06-19T12:02:53.879+0000] {subprocess.py:93} INFO -     client = destination.client(schema, initial_config)
[2026-06-19T12:02:53.880+0000] {subprocess.py:93} INFO -              ^^^^^^^^^^^^^^^^^^^^^^^^^^^^^^^^^^^^^^^^^^
[2026-06-19T12:02:53.881+0000] {subprocess.py:93} INFO -   File "/home/***/.local/lib/python3.12/site-packages/dlt/common/destination/reference.py", line 187, in client
[2026-06-19T12:02:53.881+0000] {subprocess.py:93} INFO -     config = self.configuration(initial_config)
[2026-06-19T12:02:53.882+0000] {subprocess.py:93} INFO -              ^^^^^^^^^^^^^^^^^^^^^^^^^^^^^^^^^^
[2026-06-19T12:02:53.882+0000] {subprocess.py:93} INFO -   File "/home/***/.local/lib/python3.12/site-packages/dlt/common/destination/reference.py", line 174, in configuration
[2026-06-19T12:02:53.883+0000] {subprocess.py:93} INFO -     config = resolve_configuration(
[2026-06-19T12:02:53.883+0000] {subprocess.py:93} INFO -              ^^^^^^^^^^^^^^^^^^^^^^
[2026-06-19T12:02:53.884+0000] {subprocess.py:93} INFO -   File "/home/***/.local/lib/python3.12/site-packages/dlt/common/configuration/resolve.py", line 91, in resolve_configuration
[2026-06-19T12:02:53.885+0000] {subprocess.py:93} INFO -     return _resolve_configuration(config, sections, (), explicit_value, accept_partial)
[2026-06-19T12:02:53.886+0000] {subprocess.py:93} INFO -            ^^^^^^^^^^^^^^^^^^^^^^^^^^^^^^^^^^^^^^^^^^^^^^^^^^^^^^^^^^^^^^^^^^^^^^^^^^^^
[2026-06-19T12:02:53.887+0000] {subprocess.py:93} INFO -   File "/home/***/.local/lib/python3.12/site-packages/dlt/common/configuration/resolve.py", line 199, in _resolve_configuration
[2026-06-19T12:02:53.888+0000] {subprocess.py:93} INFO -     _resolve_config_fields(
[2026-06-19T12:02:53.889+0000] {subprocess.py:93} INFO -   File "/home/***/.local/lib/python3.12/site-packages/dlt/common/configuration/resolve.py", line 385, in _resolve_config_fields
[2026-06-19T12:02:53.889+0000] {subprocess.py:93} INFO -     raise ConfigFieldMissingException(config, unresolved_fields)
[2026-06-19T12:02:53.890+0000] {subprocess.py:93} INFO - dlt.common.configuration.exceptions.ConfigFieldMissingException: Missing 1 field(s) in configuration `PostgresClientConfiguration`: `credentials`
[2026-06-19T12:02:53.891+0000] {subprocess.py:93} INFO - field `credentials` is itself a configuration `PostgresCredentials` with missing field(s): `database`, `password`, `username`, `host`
[2026-06-19T12:02:53.892+0000] {subprocess.py:93} INFO -   for field `database` the following (config provider, key) were tried in order:
[2026-06-19T12:02:53.892+0000] {subprocess.py:93} INFO -     (Environment Variables, FLEX_STAGING_PIPELINE__DESTINATION__POSTGRES__CREDENTIALS__DATABASE)
[2026-06-19T12:02:53.893+0000] {subprocess.py:93} INFO -     (Environment Variables, FLEX_STAGING_PIPELINE__DESTINATION__CREDENTIALS__DATABASE)
[2026-06-19T12:02:53.894+0000] {subprocess.py:93} INFO -     (Environment Variables, FLEX_STAGING_PIPELINE__CREDENTIALS__DATABASE)
[2026-06-19T12:02:53.895+0000] {subprocess.py:93} INFO -     (Airflow Secrets TOML Provider, flex_staging_pipeline.destination.postgres.credentials.database)
[2026-06-19T12:02:53.895+0000] {subprocess.py:93} INFO -     (Airflow Secrets TOML Provider, flex_staging_pipeline.destination.credentials.database)
[2026-06-19T12:02:53.896+0000] {subprocess.py:93} INFO -     (Airflow Secrets TOML Provider, flex_staging_pipeline.credentials.database)
[2026-06-19T12:02:53.897+0000] {subprocess.py:93} INFO -     (Environment Variables, DESTINATION__POSTGRES__CREDENTIALS__DATABASE)
[2026-06-19T12:02:53.897+0000] {subprocess.py:93} INFO -     (Environment Variables, DESTINATION__CREDENTIALS__DATABASE)
[2026-06-19T12:02:53.898+0000] {subprocess.py:93} INFO -     (Environment Variables, CREDENTIALS__DATABASE)
[2026-06-19T12:02:53.898+0000] {subprocess.py:93} INFO -     (Airflow Secrets TOML Provider, destination.postgres.credentials.database)
[2026-06-19T12:02:53.899+0000] {subprocess.py:93} INFO -     (Airflow Secrets TOML Provider, destination.credentials.database)
[2026-06-19T12:02:53.900+0000] {subprocess.py:93} INFO -     (Airflow Secrets TOML Provider, credentials.database)
[2026-06-19T12:02:53.900+0000] {subprocess.py:93} INFO -   for field `password` the following (config provider, key) were tried in order:
[2026-06-19T12:02:53.901+0000] {subprocess.py:93} INFO -     (Environment Variables, FLEX_STAGING_PIPELINE__DESTINATION__POSTGRES__CREDENTIALS__PASSWORD)
[2026-06-19T12:02:53.902+0000] {subprocess.py:93} INFO -     (Environment Variables, FLEX_STAGING_PIPELINE__DESTINATION__CREDENTIALS__PASSWORD)
[2026-06-19T12:02:53.903+0000] {subprocess.py:93} INFO -     (Environment Variables, FLEX_STAGING_PIPELINE__CREDENTIALS__PASSWORD)
[2026-06-19T12:02:53.904+0000] {subprocess.py:93} INFO -     (Airflow Secrets TOML Provider, flex_staging_pipeline.destination.postgres.credentials.password)
[2026-06-19T12:02:53.905+0000] {subprocess.py:93} INFO -     (Airflow Secrets TOML Provider, flex_staging_pipeline.destination.credentials.password)
[2026-06-19T12:02:53.906+0000] {subprocess.py:93} INFO -     (Airflow Secrets TOML Provider, flex_staging_pipeline.credentials.password)
[2026-06-19T12:02:53.906+0000] {subprocess.py:93} INFO -     (Environment Variables, DESTINATION__POSTGRES__CREDENTIALS__PASSWORD)
[2026-06-19T12:02:53.907+0000] {subprocess.py:93} INFO -     (Environment Variables, DESTINATION__CREDENTIALS__PASSWORD)
[2026-06-19T12:02:53.908+0000] {subprocess.py:93} INFO -     (Environment Variables, CREDENTIALS__PASSWORD)
[2026-06-19T12:02:53.909+0000] {subprocess.py:93} INFO -     (Airflow Secrets TOML Provider, destination.postgres.credentials.password)
[2026-06-19T12:02:53.909+0000] {subprocess.py:93} INFO -     (Airflow Secrets TOML Provider, destination.credentials.password)
[2026-06-19T12:02:53.910+0000] {subprocess.py:93} INFO -     (Airflow Secrets TOML Provider, credentials.password)
[2026-06-19T12:02:53.911+0000] {subprocess.py:93} INFO -   for field `username` the following (config provider, key) were tried in order:
[2026-06-19T12:02:53.912+0000] {subprocess.py:93} INFO -     (Environment Variables, FLEX_STAGING_PIPELINE__DESTINATION__POSTGRES__CREDENTIALS__USERNAME)
[2026-06-19T12:02:53.912+0000] {subprocess.py:93} INFO -     (Environment Variables, FLEX_STAGING_PIPELINE__DESTINATION__CREDENTIALS__USERNAME)
[2026-06-19T12:02:53.913+0000] {subprocess.py:93} INFO -     (Environment Variables, FLEX_STAGING_PIPELINE__CREDENTIALS__USERNAME)
[2026-06-19T12:02:53.914+0000] {subprocess.py:93} INFO -     (Airflow Secrets TOML Provider, flex_staging_pipeline.destination.postgres.credentials.username)
[2026-06-19T12:02:53.914+0000] {subprocess.py:93} INFO -     (Airflow Secrets TOML Provider, flex_staging_pipeline.destination.credentials.username)
[2026-06-19T12:02:53.915+0000] {subprocess.py:93} INFO -     (Airflow Secrets TOML Provider, flex_staging_pipeline.credentials.username)
[2026-06-19T12:02:53.916+0000] {subprocess.py:93} INFO -     (Environment Variables, DESTINATION__POSTGRES__CREDENTIALS__USERNAME)
[2026-06-19T12:02:53.916+0000] {subprocess.py:93} INFO -     (Environment Variables, DESTINATION__CREDENTIALS__USERNAME)
[2026-06-19T12:02:53.917+0000] {subprocess.py:93} INFO -     (Environment Variables, CREDENTIALS__USERNAME)
[2026-06-19T12:02:53.918+0000] {subprocess.py:93} INFO -     (Airflow Secrets TOML Provider, destination.postgres.credentials.username)
[2026-06-19T12:02:53.919+0000] {subprocess.py:93} INFO -     (Airflow Secrets TOML Provider, destination.credentials.username)
[2026-06-19T12:02:53.920+0000] {subprocess.py:93} INFO -     (Airflow Secrets TOML Provider, credentials.username)
[2026-06-19T12:02:53.920+0000] {subprocess.py:93} INFO -   for field `host` the following (config provider, key) were tried in order:
[2026-06-19T12:02:53.921+0000] {subprocess.py:93} INFO -     (Environment Variables, FLEX_STAGING_PIPELINE__DESTINATION__POSTGRES__CREDENTIALS__HOST)
[2026-06-19T12:02:53.922+0000] {subprocess.py:93} INFO -     (Environment Variables, FLEX_STAGING_PIPELINE__DESTINATION__CREDENTIALS__HOST)
[2026-06-19T12:02:53.922+0000] {subprocess.py:93} INFO -     (Environment Variables, FLEX_STAGING_PIPELINE__CREDENTIALS__HOST)
[2026-06-19T12:02:53.923+0000] {subprocess.py:93} INFO -     (Airflow Secrets TOML Provider, flex_staging_pipeline.destination.postgres.credentials.host)
[2026-06-19T12:02:53.924+0000] {subprocess.py:93} INFO -     (Airflow Secrets TOML Provider, flex_staging_pipeline.destination.credentials.host)
[2026-06-19T12:02:53.925+0000] {subprocess.py:93} INFO -     (Airflow Secrets TOML Provider, flex_staging_pipeline.credentials.host)
[2026-06-19T12:02:53.925+0000] {subprocess.py:93} INFO -     (Environment Variables, DESTINATION__POSTGRES__CREDENTIALS__HOST)
[2026-06-19T12:02:53.926+0000] {subprocess.py:93} INFO -     (Environment Variables, DESTINATION__CREDENTIALS__HOST)
[2026-06-19T12:02:53.927+0000] {subprocess.py:93} INFO -     (Environment Variables, CREDENTIALS__HOST)
[2026-06-19T12:02:53.928+0000] {subprocess.py:93} INFO -     (Airflow Secrets TOML Provider, destination.postgres.credentials.host)
[2026-06-19T12:02:53.928+0000] {subprocess.py:93} INFO -     (Airflow Secrets TOML Provider, destination.credentials.host)
[2026-06-19T12:02:53.929+0000] {subprocess.py:93} INFO -     (Airflow Secrets TOML Provider, credentials.host)
[2026-06-19T12:02:53.930+0000] {subprocess.py:93} INFO - 
[2026-06-19T12:02:53.930+0000] {subprocess.py:93} INFO - NOTE: following fields in `PostgresClientConfiguration` got resolved: `csv_format`
[2026-06-19T12:02:53.931+0000] {subprocess.py:93} INFO - Provider `secrets.toml` probed but not found the following locations:
[2026-06-19T12:02:53.932+0000] {subprocess.py:93} INFO - 	- /home/***/.dlt/secrets.toml
[2026-06-19T12:02:53.932+0000] {subprocess.py:93} INFO - 	- /tmp/***tmp363tno40/.dlt/secrets.toml
[2026-06-19T12:02:53.933+0000] {subprocess.py:93} INFO - WARNING: provider `secrets.toml` is empty. Locations (i.e., files) are missing or empty.
[2026-06-19T12:02:53.934+0000] {subprocess.py:93} INFO - Provider `config.toml` probed but not found the following locations:
[2026-06-19T12:02:53.935+0000] {subprocess.py:93} INFO - 	- /home/***/.dlt/config.toml
[2026-06-19T12:02:53.936+0000] {subprocess.py:93} INFO - 	- /tmp/***tmp363tno40/.dlt/config.toml
[2026-06-19T12:02:53.937+0000] {subprocess.py:93} INFO - WARNING: provider `config.toml` is empty. Locations (i.e., files) are missing or empty.
[2026-06-19T12:02:53.937+0000] {subprocess.py:93} INFO - 
[2026-06-19T12:02:53.938+0000] {subprocess.py:93} INFO - WARNING: Your run dir (/tmp/***tmp363tno40) is different from directory of your pipeline script (/opt/project/ingestion).
[2026-06-19T12:02:53.939+0000] {subprocess.py:93} INFO - If you keep `.dlt` folder with secret files in the same directory as your pipeline script but run your script or a dlt cli command from some other folder, secrets/configs will not be found.
[2026-06-19T12:02:53.940+0000] {subprocess.py:93} INFO - Learn more: https://dlthub.com/docs/general-usage/credentials/
[2026-06-19T12:02:53.940+0000] {subprocess.py:93} INFO - 
[2026-06-19T12:02:53.941+0000] {subprocess.py:93} INFO - 
[2026-06-19T12:02:53.942+0000] {subprocess.py:93} INFO - The above exception was the direct cause of the following exception:
[2026-06-19T12:02:53.943+0000] {subprocess.py:93} INFO - 
[2026-06-19T12:02:53.943+0000] {subprocess.py:93} INFO - Traceback (most recent call last):
[2026-06-19T12:02:53.944+0000] {subprocess.py:93} INFO -   File "/opt/project/ingestion/mysql_to_staging.py", line 42, in <module>
[2026-06-19T12:02:53.945+0000] {subprocess.py:93} INFO -     load_info = pipeline.run(
[2026-06-19T12:02:53.945+0000] {subprocess.py:93} INFO -                 ^^^^^^^^^^^^^
[2026-06-19T12:02:53.946+0000] {subprocess.py:93} INFO -   File "/home/***/.local/lib/python3.12/site-packages/dlt/pipeline/pipeline.py", line 231, in _wrap
[2026-06-19T12:02:53.947+0000] {subprocess.py:93} INFO -     step_info = f(self, *args, **kwargs)
[2026-06-19T12:02:53.947+0000] {subprocess.py:93} INFO -                 ^^^^^^^^^^^^^^^^^^^^^^^^
[2026-06-19T12:02:53.948+0000] {subprocess.py:93} INFO -   File "/home/***/.local/lib/python3.12/site-packages/dlt/pipeline/pipeline.py", line 279, in _wrap
[2026-06-19T12:02:53.949+0000] {subprocess.py:93} INFO -     return f(self, *args, **kwargs)
[2026-06-19T12:02:53.950+0000] {subprocess.py:93} INFO -            ^^^^^^^^^^^^^^^^^^^^^^^^
[2026-06-19T12:02:53.950+0000] {subprocess.py:93} INFO -   File "/home/***/.local/lib/python3.12/site-packages/dlt/pipeline/pipeline.py", line 757, in run
[2026-06-19T12:02:53.951+0000] {subprocess.py:93} INFO -     self._sync_destination(destination, staging, dataset_name)
[2026-06-19T12:02:53.952+0000] {subprocess.py:93} INFO -   File "/home/***/.local/lib/python3.12/site-packages/dlt/pipeline/pipeline.py", line 184, in _wrap
[2026-06-19T12:02:53.953+0000] {subprocess.py:93} INFO -     rv = f(self, *args, **kwargs)
[2026-06-19T12:02:53.954+0000] {subprocess.py:93} INFO -          ^^^^^^^^^^^^^^^^^^^^^^^^
[2026-06-19T12:02:53.955+0000] {subprocess.py:93} INFO -   File "/home/***/.local/lib/python3.12/site-packages/dlt/pipeline/pipeline.py", line 938, in _sync_destination
[2026-06-19T12:02:53.955+0000] {subprocess.py:93} INFO -     raise PipelineStepFailed(self, "sync", None, ex, None) from ex
[2026-06-19T12:02:53.956+0000] {subprocess.py:93} INFO - dlt.pipeline.exceptions.PipelineStepFailed: Pipeline execution failed at `step=sync` with exception:
[2026-06-19T12:02:53.957+0000] {subprocess.py:93} INFO - 
[2026-06-19T12:02:53.957+0000] {subprocess.py:93} INFO - <class 'dlt.common.configuration.exceptions.ConfigFieldMissingException'>
[2026-06-19T12:02:53.958+0000] {subprocess.py:93} INFO - Missing 1 field(s) in configuration `PostgresClientConfiguration`: `credentials`
[2026-06-19T12:02:53.959+0000] {subprocess.py:93} INFO - field `credentials` is itself a configuration `PostgresCredentials` with missing field(s): `database`, `password`, `username`, `host`
[2026-06-19T12:02:53.959+0000] {subprocess.py:93} INFO -   for field `database` the following (config provider, key) were tried in order:
[2026-06-19T12:02:53.960+0000] {subprocess.py:93} INFO -     (Environment Variables, FLEX_STAGING_PIPELINE__DESTINATION__POSTGRES__CREDENTIALS__DATABASE)
[2026-06-19T12:02:53.961+0000] {subprocess.py:93} INFO -     (Environment Variables, FLEX_STAGING_PIPELINE__DESTINATION__CREDENTIALS__DATABASE)
[2026-06-19T12:02:53.961+0000] {subprocess.py:93} INFO -     (Environment Variables, FLEX_STAGING_PIPELINE__CREDENTIALS__DATABASE)
[2026-06-19T12:02:53.962+0000] {subprocess.py:93} INFO -     (Airflow Secrets TOML Provider, flex_staging_pipeline.destination.postgres.credentials.database)
[2026-06-19T12:02:53.963+0000] {subprocess.py:93} INFO -     (Airflow Secrets TOML Provider, flex_staging_pipeline.destination.credentials.database)
[2026-06-19T12:02:53.964+0000] {subprocess.py:93} INFO -     (Airflow Secrets TOML Provider, flex_staging_pipeline.credentials.database)
[2026-06-19T12:02:53.965+0000] {subprocess.py:93} INFO -     (Environment Variables, DESTINATION__POSTGRES__CREDENTIALS__DATABASE)
[2026-06-19T12:02:53.966+0000] {subprocess.py:93} INFO -     (Environment Variables, DESTINATION__CREDENTIALS__DATABASE)
[2026-06-19T12:02:53.967+0000] {subprocess.py:93} INFO -     (Environment Variables, CREDENTIALS__DATABASE)
[2026-06-19T12:02:53.969+0000] {subprocess.py:93} INFO -     (Airflow Secrets TOML Provider, destination.postgres.credentials.database)
[2026-06-19T12:02:53.971+0000] {subprocess.py:93} INFO -     (Airflow Secrets TOML Provider, destination.credentials.database)
[2026-06-19T12:02:53.972+0000] {subprocess.py:93} INFO -     (Airflow Secrets TOML Provider, credentials.database)
[2026-06-19T12:02:53.973+0000] {subprocess.py:93} INFO -   for field `password` the following (config provider, key) were tried in order:
[2026-06-19T12:02:53.974+0000] {subprocess.py:93} INFO -     (Environment Variables, FLEX_STAGING_PIPELINE__DESTINATION__POSTGRES__CREDENTIALS__PASSWORD)
[2026-06-19T12:02:53.976+0000] {subprocess.py:93} INFO -     (Environment Variables, FLEX_STAGING_PIPELINE__DESTINATION__CREDENTIALS__PASSWORD)
[2026-06-19T12:02:53.977+0000] {subprocess.py:93} INFO -     (Environment Variables, FLEX_STAGING_PIPELINE__CREDENTIALS__PASSWORD)
[2026-06-19T12:02:53.978+0000] {subprocess.py:93} INFO -     (Airflow Secrets TOML Provider, flex_staging_pipeline.destination.postgres.credentials.password)
[2026-06-19T12:02:53.979+0000] {subprocess.py:93} INFO -     (Airflow Secrets TOML Provider, flex_staging_pipeline.destination.credentials.password)
[2026-06-19T12:02:53.981+0000] {subprocess.py:93} INFO -     (Airflow Secrets TOML Provider, flex_staging_pipeline.credentials.password)
[2026-06-19T12:02:53.982+0000] {subprocess.py:93} INFO -     (Environment Variables, DESTINATION__POSTGRES__CREDENTIALS__PASSWORD)
[2026-06-19T12:02:53.983+0000] {subprocess.py:93} INFO -     (Environment Variables, DESTINATION__CREDENTIALS__PASSWORD)
[2026-06-19T12:02:53.985+0000] {subprocess.py:93} INFO -     (Environment Variables, CREDENTIALS__PASSWORD)
[2026-06-19T12:02:53.987+0000] {subprocess.py:93} INFO -     (Airflow Secrets TOML Provider, destination.postgres.credentials.password)
[2026-06-19T12:02:53.988+0000] {subprocess.py:93} INFO -     (Airflow Secrets TOML Provider, destination.credentials.password)
[2026-06-19T12:02:53.990+0000] {subprocess.py:93} INFO -     (Airflow Secrets TOML Provider, credentials.password)
[2026-06-19T12:02:53.991+0000] {subprocess.py:93} INFO -   for field `username` the following (config provider, key) were tried in order:
[2026-06-19T12:02:53.992+0000] {subprocess.py:93} INFO -     (Environment Variables, FLEX_STAGING_PIPELINE__DESTINATION__POSTGRES__CREDENTIALS__USERNAME)
[2026-06-19T12:02:53.993+0000] {subprocess.py:93} INFO -     (Environment Variables, FLEX_STAGING_PIPELINE__DESTINATION__CREDENTIALS__USERNAME)
[2026-06-19T12:02:53.994+0000] {subprocess.py:93} INFO -     (Environment Variables, FLEX_STAGING_PIPELINE__CREDENTIALS__USERNAME)
[2026-06-19T12:02:53.996+0000] {subprocess.py:93} INFO -     (Airflow Secrets TOML Provider, flex_staging_pipeline.destination.postgres.credentials.username)
[2026-06-19T12:02:53.997+0000] {subprocess.py:93} INFO -     (Airflow Secrets TOML Provider, flex_staging_pipeline.destination.credentials.username)
[2026-06-19T12:02:53.998+0000] {subprocess.py:93} INFO -     (Airflow Secrets TOML Provider, flex_staging_pipeline.credentials.username)
[2026-06-19T12:02:53.999+0000] {subprocess.py:93} INFO -     (Environment Variables, DESTINATION__POSTGRES__CREDENTIALS__USERNAME)
[2026-06-19T12:02:54.000+0000] {subprocess.py:93} INFO -     (Environment Variables, DESTINATION__CREDENTIALS__USERNAME)
[2026-06-19T12:02:54.001+0000] {subprocess.py:93} INFO -     (Environment Variables, CREDENTIALS__USERNAME)
[2026-06-19T12:02:54.002+0000] {subprocess.py:93} INFO -     (Airflow Secrets TOML Provider, destination.postgres.credentials.username)
[2026-06-19T12:02:54.003+0000] {subprocess.py:93} INFO -     (Airflow Secrets TOML Provider, destination.credentials.username)
[2026-06-19T12:02:54.004+0000] {subprocess.py:93} INFO -     (Airflow Secrets TOML Provider, credentials.username)
[2026-06-19T12:02:54.005+0000] {subprocess.py:93} INFO -   for field `host` the following (config provider, key) were tried in order:
[2026-06-19T12:02:54.005+0000] {subprocess.py:93} INFO -     (Environment Variables, FLEX_STAGING_PIPELINE__DESTINATION__POSTGRES__CREDENTIALS__HOST)
[2026-06-19T12:02:54.006+0000] {subprocess.py:93} INFO -     (Environment Variables, FLEX_STAGING_PIPELINE__DESTINATION__CREDENTIALS__HOST)
[2026-06-19T12:02:54.007+0000] {subprocess.py:93} INFO -     (Environment Variables, FLEX_STAGING_PIPELINE__CREDENTIALS__HOST)
[2026-06-19T12:02:54.008+0000] {subprocess.py:93} INFO -     (Airflow Secrets TOML Provider, flex_staging_pipeline.destination.postgres.credentials.host)
[2026-06-19T12:02:54.009+0000] {subprocess.py:93} INFO -     (Airflow Secrets TOML Provider, flex_staging_pipeline.destination.credentials.host)
[2026-06-19T12:02:54.010+0000] {subprocess.py:93} INFO -     (Airflow Secrets TOML Provider, flex_staging_pipeline.credentials.host)
[2026-06-19T12:02:54.011+0000] {subprocess.py:93} INFO -     (Environment Variables, DESTINATION__POSTGRES__CREDENTIALS__HOST)
[2026-06-19T12:02:54.011+0000] {subprocess.py:93} INFO -     (Environment Variables, DESTINATION__CREDENTIALS__HOST)
[2026-06-19T12:02:54.012+0000] {subprocess.py:93} INFO -     (Environment Variables, CREDENTIALS__HOST)
[2026-06-19T12:02:54.013+0000] {subprocess.py:93} INFO -     (Airflow Secrets TOML Provider, destination.postgres.credentials.host)
[2026-06-19T12:02:54.014+0000] {subprocess.py:93} INFO -     (Airflow Secrets TOML Provider, destination.credentials.host)
[2026-06-19T12:02:54.014+0000] {subprocess.py:93} INFO -     (Airflow Secrets TOML Provider, credentials.host)
[2026-06-19T12:02:54.015+0000] {subprocess.py:93} INFO - 
[2026-06-19T12:02:54.016+0000] {subprocess.py:93} INFO - NOTE: following fields in `PostgresClientConfiguration` got resolved: `csv_format`
[2026-06-19T12:02:54.017+0000] {subprocess.py:93} INFO - Provider `secrets.toml` probed but not found the following locations:
[2026-06-19T12:02:54.018+0000] {subprocess.py:93} INFO - 	- /home/***/.dlt/secrets.toml
[2026-06-19T12:02:54.021+0000] {subprocess.py:93} INFO - 	- /tmp/***tmp363tno40/.dlt/secrets.toml
[2026-06-19T12:02:54.022+0000] {subprocess.py:93} INFO - WARNING: provider `secrets.toml` is empty. Locations (i.e., files) are missing or empty.
[2026-06-19T12:02:54.023+0000] {subprocess.py:93} INFO - Provider `config.toml` probed but not found the following locations:
[2026-06-19T12:02:54.024+0000] {subprocess.py:93} INFO - 	- /home/***/.dlt/config.toml
[2026-06-19T12:02:54.025+0000] {subprocess.py:93} INFO - 	- /tmp/***tmp363tno40/.dlt/config.toml
[2026-06-19T12:02:54.026+0000] {subprocess.py:93} INFO - WARNING: provider `config.toml` is empty. Locations (i.e., files) are missing or empty.
[2026-06-19T12:02:54.027+0000] {subprocess.py:93} INFO - 
[2026-06-19T12:02:54.027+0000] {subprocess.py:93} INFO - WARNING: Your run dir (/tmp/***tmp363tno40) is different from directory of your pipeline script (/opt/project/ingestion).
[2026-06-19T12:02:54.028+0000] {subprocess.py:93} INFO - If you keep `.dlt` folder with secret files in the same directory as your pipeline script but run your script or a dlt cli command from some other folder, secrets/configs will not be found.
[2026-06-19T12:02:54.029+0000] {subprocess.py:93} INFO - Learn more: https://dlthub.com/docs/general-usage/credentials/
[2026-06-19T12:02:54.030+0000] {subprocess.py:93} INFO - 
[2026-06-19T12:02:54.823+0000] {subprocess.py:97} INFO - Command exited with return code 1
[2026-06-19T12:02:54.849+0000] {taskinstance.py:3301} ERROR - Task failed with exception
Traceback (most recent call last):
  File "/home/airflow/.local/lib/python3.12/site-packages/airflow/models/taskinstance.py", line 767, in _execute_task
    result = _execute_callable(context=context, **execute_callable_kwargs)
             ^^^^^^^^^^^^^^^^^^^^^^^^^^^^^^^^^^^^^^^^^^^^^^^^^^^^^^^^^^^^^
  File "/home/airflow/.local/lib/python3.12/site-packages/airflow/models/taskinstance.py", line 733, in _execute_callable
    return ExecutionCallableRunner(
           ^^^^^^^^^^^^^^^^^^^^^^^^
  File "/home/airflow/.local/lib/python3.12/site-packages/airflow/utils/operator_helpers.py", line 252, in run
    return self.func(*args, **kwargs)
           ^^^^^^^^^^^^^^^^^^^^^^^^^^
  File "/home/airflow/.local/lib/python3.12/site-packages/airflow/models/baseoperator.py", line 406, in wrapper
    return func(self, *args, **kwargs)
           ^^^^^^^^^^^^^^^^^^^^^^^^^^^
  File "/home/airflow/.local/lib/python3.12/site-packages/airflow/operators/bash.py", line 249, in execute
    raise AirflowException(
airflow.exceptions.AirflowException: Bash command failed. The command returned a non-zero exit code 1.
[2026-06-19T12:02:54.855+0000] {taskinstance.py:1225} INFO - Marking task as FAILED. dag_id=flex_eau_pipeline, task_id=ingestion_mysql_staging, run_id=manual__2026-06-19T12:02:45.525603+00:00, execution_date=20260619T120245, start_date=20260619T120247, end_date=20260619T120254
[2026-06-19T12:02:54.873+0000] {taskinstance.py:340} INFO - ::group::Post task execution logs
[2026-06-19T12:02:54.874+0000] {standard_task_runner.py:124} ERROR - Failed to execute job 3 for task ingestion_mysql_staging (Bash command failed. The command returned a non-zero exit code 1.; 235)
Traceback (most recent call last):
  File "/home/airflow/.local/lib/python3.12/site-packages/airflow/task/task_runner/standard_task_runner.py", line 117, in _start_by_fork
    ret = args.func(args, dag=self.dag)
          ^^^^^^^^^^^^^^^^^^^^^^^^^^^^^
  File "/home/airflow/.local/lib/python3.12/site-packages/airflow/cli/cli_config.py", line 49, in command
    return func(*args, **kwargs)
           ^^^^^^^^^^^^^^^^^^^^^
  File "/home/airflow/.local/lib/python3.12/site-packages/airflow/utils/cli.py", line 115, in wrapper
    return f(*args, **kwargs)
           ^^^^^^^^^^^^^^^^^^
  File "/home/airflow/.local/lib/python3.12/site-packages/airflow/cli/commands/task_command.py", line 483, in task_run
    task_return_code = _run_task_by_selected_method(args, _dag, ti)
                       ^^^^^^^^^^^^^^^^^^^^^^^^^^^^^^^^^^^^^^^^^^^^
  File "/home/airflow/.local/lib/python3.12/site-packages/airflow/cli/commands/task_command.py", line 256, in _run_task_by_selected_method
    return _run_raw_task(args, ti)
           ^^^^^^^^^^^^^^^^^^^^^^^
  File "/home/airflow/.local/lib/python3.12/site-packages/airflow/cli/commands/task_command.py", line 341, in _run_raw_task
    return ti._run_raw_task(
           ^^^^^^^^^^^^^^^^^
  File "/home/airflow/.local/lib/python3.12/site-packages/airflow/utils/session.py", line 97, in wrapper
    return func(*args, session=session, **kwargs)
           ^^^^^^^^^^^^^^^^^^^^^^^^^^^^^^^^^^^^^^
  File "/home/airflow/.local/lib/python3.12/site-packages/airflow/models/taskinstance.py", line 2995, in _run_raw_task
    return _run_raw_task(
           ^^^^^^^^^^^^^^
  File "/home/airflow/.local/lib/python3.12/site-packages/airflow/models/taskinstance.py", line 273, in _run_raw_task
    TaskInstance._execute_task_with_callbacks(
  File "/home/airflow/.local/lib/python3.12/site-packages/airflow/models/taskinstance.py", line 3149, in _execute_task_with_callbacks
    result = self._execute_task(context, task_orig)
             ^^^^^^^^^^^^^^^^^^^^^^^^^^^^^^^^^^^^^^
  File "/home/airflow/.local/lib/python3.12/site-packages/airflow/models/taskinstance.py", line 3173, in _execute_task
    return _execute_task(self, context, task_orig)
           ^^^^^^^^^^^^^^^^^^^^^^^^^^^^^^^^^^^^^^^
  File "/home/airflow/.local/lib/python3.12/site-packages/airflow/models/taskinstance.py", line 767, in _execute_task
    result = _execute_callable(context=context, **execute_callable_kwargs)
             ^^^^^^^^^^^^^^^^^^^^^^^^^^^^^^^^^^^^^^^^^^^^^^^^^^^^^^^^^^^^^
  File "/home/airflow/.local/lib/python3.12/site-packages/airflow/models/taskinstance.py", line 733, in _execute_callable
    return ExecutionCallableRunner(
           ^^^^^^^^^^^^^^^^^^^^^^^^
  File "/home/airflow/.local/lib/python3.12/site-packages/airflow/utils/operator_helpers.py", line 252, in run
    return self.func(*args, **kwargs)
           ^^^^^^^^^^^^^^^^^^^^^^^^^^
  File "/home/airflow/.local/lib/python3.12/site-packages/airflow/models/baseoperator.py", line 406, in wrapper
    return func(self, *args, **kwargs)
           ^^^^^^^^^^^^^^^^^^^^^^^^^^^
  File "/home/airflow/.local/lib/python3.12/site-packages/airflow/operators/bash.py", line 249, in execute
    raise AirflowException(
airflow.exceptions.AirflowException: Bash command failed. The command returned a non-zero exit code 1.
[2026-06-19T12:02:54.898+0000] {local_task_job_runner.py:261} INFO - Task exited with return code 1
[2026-06-19T12:02:54.920+0000] {taskinstance.py:3891} INFO - 0 downstream tasks scheduled from follow-on schedule check
[2026-06-19T12:02:54.924+0000] {local_task_job_runner.py:240} INFO - ::endgroup::
