[2026-07-28T00:47:29.301+0000] {local_task_job_runner.py:123} INFO - ::group::Pre task execution logs
[2026-07-28T00:47:29.354+0000] {taskinstance.py:2603} INFO - Dependencies all met for dep_context=non-requeueable deps ti=<TaskInstance: flex_eau_pipeline.dim_geo scheduled__2026-07-27T00:00:00+00:00 [queued]>
[2026-07-28T00:47:29.382+0000] {taskinstance.py:2603} INFO - Dependencies all met for dep_context=requeueable deps ti=<TaskInstance: flex_eau_pipeline.dim_geo scheduled__2026-07-27T00:00:00+00:00 [queued]>
[2026-07-28T00:47:29.385+0000] {taskinstance.py:2856} INFO - Starting attempt 1 of 2
[2026-07-28T00:47:29.433+0000] {taskinstance.py:2879} INFO - Executing <Task(BashOperator): dim_geo> on 2026-07-27 00:00:00+00:00
[2026-07-28T00:47:29.444+0000] {standard_task_runner.py:72} INFO - Started process 245 to run task
[2026-07-28T00:47:29.460+0000] {standard_task_runner.py:104} INFO - Running: ['***', 'tasks', 'run', 'flex_eau_pipeline', 'dim_geo', 'scheduled__2026-07-27T00:00:00+00:00', '--job-id', '40', '--raw', '--subdir', 'DAGS_FOLDER/flex_eau_pipeline.py', '--cfg-path', '/tmp/tmpri5685ym']
[2026-07-28T00:47:29.470+0000] {standard_task_runner.py:105} INFO - Job 40: Subtask dim_geo
[2026-07-28T00:47:29.668+0000] {task_command.py:467} INFO - Running <TaskInstance: flex_eau_pipeline.dim_geo scheduled__2026-07-27T00:00:00+00:00 [running]> on host b97d7a013992
[2026-07-28T00:47:29.944+0000] {taskinstance.py:3122} INFO - Exporting env vars: AIRFLOW_CTX_DAG_OWNER='flex-eau' AIRFLOW_CTX_DAG_ID='flex_eau_pipeline' AIRFLOW_CTX_TASK_ID='dim_geo' AIRFLOW_CTX_EXECUTION_DATE='2026-07-27T00:00:00+00:00' AIRFLOW_CTX_TRY_NUMBER='1' AIRFLOW_CTX_DAG_RUN_ID='scheduled__2026-07-27T00:00:00+00:00'
[2026-07-28T00:47:29.950+0000] {taskinstance.py:731} INFO - ::endgroup::
[2026-07-28T00:47:30.007+0000] {subprocess.py:63} INFO - Tmp dir root location: /tmp
[2026-07-28T00:47:30.008+0000] {subprocess.py:75} INFO - Running command: ['/usr/bin/bash', '-c', 'python spark_jobs/dimensions/dim_geo.py']
[2026-07-28T00:47:30.035+0000] {subprocess.py:86} INFO - Output:
[2026-07-28T00:47:44.113+0000] {subprocess.py:93} INFO - 26/07/28 00:47:44 WARN NativeCodeLoader: Unable to load native-hadoop library for your platform... using builtin-java classes where applicable
[2026-07-28T00:47:45.818+0000] {subprocess.py:93} INFO - Setting default log level to "WARN".
[2026-07-28T00:47:45.820+0000] {subprocess.py:93} INFO - To adjust logging level use sc.setLogLevel(newLevel). For SparkR, use setLogLevel(newLevel).
[2026-07-28T00:47:52.373+0000] {subprocess.py:93} INFO - 26/07/28 00:47:52 WARN Utils: Service 'SparkUI' could not bind on port 4040. Attempting port 4041.
[2026-07-28T00:47:52.375+0000] {subprocess.py:93} INFO - 26/07/28 00:47:52 WARN Utils: Service 'SparkUI' could not bind on port 4041. Attempting port 4042.
[2026-07-28T00:47:52.382+0000] {subprocess.py:93} INFO - 26/07/28 00:47:52 WARN Utils: Service 'SparkUI' could not bind on port 4042. Attempting port 4043.
[2026-07-28T00:47:52.383+0000] {subprocess.py:93} INFO - 26/07/28 00:47:52 WARN Utils: Service 'SparkUI' could not bind on port 4043. Attempting port 4044.
[2026-07-28T00:47:52.386+0000] {subprocess.py:93} INFO - 26/07/28 00:47:52 WARN Utils: Service 'SparkUI' could not bind on port 4044. Attempting port 4045.
[2026-07-28T00:47:52.397+0000] {subprocess.py:93} INFO - 26/07/28 00:47:52 WARN Utils: Service 'SparkUI' could not bind on port 4045. Attempting port 4046.
[2026-07-28T00:47:52.401+0000] {subprocess.py:93} INFO - 26/07/28 00:47:52 WARN Utils: Service 'SparkUI' could not bind on port 4046. Attempting port 4047.
[2026-07-28T00:48:31.993+0000] {subprocess.py:93} INFO - [Stage 0:>                                                          (0 + 0) / 1][Stage 0:>    (0 + 0) / 1][Stage 1:>    (0 + 0) / 1][Stage 2:>    (0 + 0) / 1]26/07/28 00:48:31 WARN TaskSchedulerImpl: Initial job has not accepted any resources; check your cluster UI to ensure that workers are registered and have sufficient resources
[2026-07-28T00:48:47.046+0000] {subprocess.py:93} INFO - 26/07/28 00:48:47 WARN TaskSchedulerImpl: Initial job has not accepted any resources; check your cluster UI to ensure that workers are registered and have sufficient resources
[2026-07-28T00:49:01.992+0000] {subprocess.py:93} INFO - 26/07/28 00:49:01 WARN TaskSchedulerImpl: Initial job has not accepted any resources; check your cluster UI to ensure that workers are registered and have sufficient resources
[2026-07-28T00:49:17.030+0000] {subprocess.py:93} INFO - 26/07/28 00:49:17 WARN TaskSchedulerImpl: Initial job has not accepted any resources; check your cluster UI to ensure that workers are registered and have sufficient resources
[2026-07-28T00:49:44.444+0000] {subprocess.py:93} INFO - [Stage 0:>    (0 + 0) / 1][Stage 1:>    (0 + 0) / 1][Stage 2:>    (0 + 0) / 1][Stage 0:>    (0 + 1) / 1][Stage 1:>    (0 + 1) / 1][Stage 2:>    (0 + 1) / 1][Stage 5:>                                                          (0 + 1) / 1]                                                                                [Stage 13:>                                                         (0 + 1) / 1]                                                                                [Stage 46:>                                                         (0 + 1) / 1]                                                                                Nombre lignes : 20
[2026-07-28T00:49:44.445+0000] {subprocess.py:93} INFO - +-------+---------+-----------+----------+--------------+---------------+----------+------------------+-------+------------------+
[2026-07-28T00:49:44.446+0000] {subprocess.py:93} INFO - |geo_key|region_id|region_code|region_nom|departement_id|departement_nom|commune_id|commune_nom       |site_id|site_nom          |
[2026-07-28T00:49:44.447+0000] {subprocess.py:93} INFO - +-------+---------+-----------+----------+--------------+---------------+----------+------------------+-------+------------------+
[2026-07-28T00:49:44.447+0000] {subprocess.py:93} INFO - |0      |1        |KL         |Kaolack   |7             |Nioro du Rip   |49        |Kayemor           |27     |Kayemor           |
[2026-07-28T00:49:44.448+0000] {subprocess.py:93} INFO - |1      |1        |KL         |Kaolack   |7             |Nioro du Rip   |61        |Wack Ngouna       |29     |Wack Ngouna       |
[2026-07-28T00:49:44.448+0000] {subprocess.py:93} INFO - |2      |1        |KL         |Kaolack   |7             |Nioro du Rip   |50        |Medina Sabakh     |30     |Medina Sabakh     |
[2026-07-28T00:49:44.448+0000] {subprocess.py:93} INFO - |3      |1        |KL         |Kaolack   |7             |Nioro du Rip   |54        |Paoscoto          |28     |Paoscoto          |
[2026-07-28T00:49:44.449+0000] {subprocess.py:93} INFO - |4      |1        |KL         |Kaolack   |6             |Kaolack        |47        |Ndiebel           |22     |Ndiebel           |
[2026-07-28T00:49:44.450+0000] {subprocess.py:93} INFO - |5      |1        |KL         |Kaolack   |6             |Kaolack        |64        |Sibassor          |21     |Sibassor          |
[2026-07-28T00:49:44.450+0000] {subprocess.py:93} INFO - |6      |1        |KL         |Kaolack   |6             |Kaolack        |66        |Gandiaye          |23     |Gandiaye          |
[2026-07-28T00:49:44.450+0000] {subprocess.py:93} INFO - |7      |1        |KL         |Kaolack   |6             |Kaolack        |43        |Keur Soce         |24     |Keur Soce         |
[2026-07-28T00:49:44.451+0000] {subprocess.py:93} INFO - |8      |1        |KL         |Kaolack   |5             |Guinguineo     |36        |Nguelou           |26     |Nguelou           |
[2026-07-28T00:49:44.452+0000] {subprocess.py:93} INFO - |9      |1        |KL         |Kaolack   |5             |Guinguineo     |32        |Mbadakhoune       |25     |Mbadakhoune       |
[2026-07-28T00:49:44.452+0000] {subprocess.py:93} INFO - |10     |2        |KF         |Kaffrine  |1             |Birkelane      |69        |Birkelane         |31     |Birkelane         |
[2026-07-28T00:49:44.453+0000] {subprocess.py:93} INFO - |11     |2        |KF         |Kaffrine  |1             |Birkelane      |1         |Diamal            |33     |Diamal            |
[2026-07-28T00:49:44.453+0000] {subprocess.py:93} INFO - |12     |2        |KF         |Kaffrine  |3             |Koungheul      |16        |Fass Thieckene    |37     |Fass Thieckene    |
[2026-07-28T00:49:44.454+0000] {subprocess.py:93} INFO - |13     |2        |KF         |Kaffrine  |3             |Koungheul      |20        |Lour Escale       |39     |Lour Escale       |
[2026-07-28T00:49:44.454+0000] {subprocess.py:93} INFO - |14     |2        |KF         |Kaffrine  |3             |Koungheul      |18        |Ida Mouride       |38     |Ida Mouride       |
[2026-07-28T00:49:44.455+0000] {subprocess.py:93} INFO - |15     |2        |KF         |Kaffrine  |2             |Kaffrine       |62        |Katakel           |35     |Katakel           |
[2026-07-28T00:49:44.455+0000] {subprocess.py:93} INFO - |16     |2        |KF         |Kaffrine  |2             |Kaffrine       |8         |Gniby             |32     |Gniby             |
[2026-07-28T00:49:44.456+0000] {subprocess.py:93} INFO - |17     |2        |KF         |Kaffrine  |2             |Kaffrine       |12        |Diockoul Mbelbouck|36     |Diockoul Mbelbouck|
[2026-07-28T00:49:44.456+0000] {subprocess.py:93} INFO - |18     |2        |KF         |Kaffrine  |2             |Kaffrine       |10        |Kahi              |34     |Kahi              |
[2026-07-28T00:49:44.456+0000] {subprocess.py:93} INFO - |19     |2        |KF         |Kaffrine  |4             |Malem Hodar    |30        |Malem Hoddar      |40     |Malem Hoddar      |
[2026-07-28T00:49:44.457+0000] {subprocess.py:93} INFO - +-------+---------+-----------+----------+--------------+---------------+----------+------------------+-------+------------------+
[2026-07-28T00:49:44.458+0000] {subprocess.py:93} INFO - 
[2026-07-28T00:49:44.458+0000] {subprocess.py:93} INFO - DIM_GEOGRAPHIE créée avec succès
[2026-07-28T00:49:44.923+0000] {subprocess.py:97} INFO - Command exited with return code 0
[2026-07-28T00:49:44.982+0000] {taskinstance.py:340} INFO - ::group::Post task execution logs
[2026-07-28T00:49:44.983+0000] {taskinstance.py:352} INFO - Marking task as SUCCESS. dag_id=flex_eau_pipeline, task_id=dim_geo, run_id=scheduled__2026-07-27T00:00:00+00:00, execution_date=20260727T000000, start_date=20260728T004729, end_date=20260728T004944
[2026-07-28T00:49:45.024+0000] {local_task_job_runner.py:261} INFO - Task exited with return code 0
[2026-07-28T00:49:45.066+0000] {taskinstance.py:3891} INFO - 5 downstream tasks scheduled from follow-on schedule check
[2026-07-28T00:49:45.069+0000] {local_task_job_runner.py:240} INFO - ::endgroup::
