[2026-06-19T12:56:47.380+0000] {local_task_job_runner.py:123} INFO - ::group::Pre task execution logs
[2026-06-19T12:56:47.426+0000] {taskinstance.py:2603} INFO - Dependencies all met for dep_context=non-requeueable deps ti=<TaskInstance: flex_eau_pipeline.ingestion_mysql_staging manual__2026-06-19T12:56:43.513389+00:00 [queued]>
[2026-06-19T12:56:47.441+0000] {taskinstance.py:2603} INFO - Dependencies all met for dep_context=requeueable deps ti=<TaskInstance: flex_eau_pipeline.ingestion_mysql_staging manual__2026-06-19T12:56:43.513389+00:00 [queued]>
[2026-06-19T12:56:47.442+0000] {taskinstance.py:2856} INFO - Starting attempt 1 of 1
[2026-06-19T12:56:47.476+0000] {taskinstance.py:2879} INFO - Executing <Task(BashOperator): ingestion_mysql_staging> on 2026-06-19 12:56:43.513389+00:00
[2026-06-19T12:56:47.504+0000] {logging_mixin.py:190} WARNING - /home/***/.local/lib/python3.12/site-packages/***/task/task_runner/standard_task_runner.py:70 DeprecationWarning: This process (pid=848) is multi-threaded, use of fork() may lead to deadlocks in the child.
[2026-06-19T12:56:47.499+0000] {standard_task_runner.py:104} INFO - Running: ['***', 'tasks', 'run', 'flex_eau_pipeline', 'ingestion_mysql_staging', 'manual__2026-06-19T12:56:43.513389+00:00', '--job-id', '9', '--raw', '--subdir', 'DAGS_FOLDER/flex_eau_pipeline.py', '--cfg-path', '/tmp/tmpo1yc1ct8']
[2026-06-19T12:56:47.506+0000] {standard_task_runner.py:72} INFO - Started process 849 to run task
[2026-06-19T12:56:47.506+0000] {standard_task_runner.py:105} INFO - Job 9: Subtask ingestion_mysql_staging
[2026-06-19T12:56:47.679+0000] {task_command.py:467} INFO - Running <TaskInstance: flex_eau_pipeline.ingestion_mysql_staging manual__2026-06-19T12:56:43.513389+00:00 [running]> on host 7614ee4a67ce
[2026-06-19T12:56:47.966+0000] {taskinstance.py:3122} INFO - Exporting env vars: AIRFLOW_CTX_DAG_OWNER='***' AIRFLOW_CTX_DAG_ID='flex_eau_pipeline' AIRFLOW_CTX_TASK_ID='ingestion_mysql_staging' AIRFLOW_CTX_EXECUTION_DATE='2026-06-19T12:56:43.513389+00:00' AIRFLOW_CTX_TRY_NUMBER='1' AIRFLOW_CTX_DAG_RUN_ID='manual__2026-06-19T12:56:43.513389+00:00'
[2026-06-19T12:56:47.969+0000] {taskinstance.py:731} INFO - ::endgroup::
[2026-06-19T12:56:48.054+0000] {subprocess.py:63} INFO - Tmp dir root location: /tmp
[2026-06-19T12:56:48.063+0000] {subprocess.py:75} INFO - Running command: ['/usr/bin/bash', '-c', '\n        cd /opt/project &&         python ingestion/mysql_to_staging.py\n        ']
[2026-06-19T12:56:48.083+0000] {subprocess.py:86} INFO - Output:
[2026-06-19T12:57:03.807+0000] {subprocess.py:93} INFO - 
[2026-06-19T12:57:03.808+0000] {subprocess.py:93} INFO - ===== regionsdepartements =====
[2026-06-19T12:57:03.810+0000] {subprocess.py:93} INFO - Traceback (most recent call last):
[2026-06-19T12:57:03.810+0000] {subprocess.py:93} INFO -   File "/home/***/.local/lib/python3.12/site-packages/sqlalchemy/engine/base.py", line 3371, in _wrap_pool_connect
[2026-06-19T12:57:03.811+0000] {subprocess.py:93} INFO -     return fn()
[2026-06-19T12:57:03.812+0000] {subprocess.py:93} INFO -            ^^^^
[2026-06-19T12:57:03.813+0000] {subprocess.py:93} INFO -   File "/home/***/.local/lib/python3.12/site-packages/sqlalchemy/pool/base.py", line 327, in connect
[2026-06-19T12:57:03.813+0000] {subprocess.py:93} INFO -     return _ConnectionFairy._checkout(self)
[2026-06-19T12:57:03.814+0000] {subprocess.py:93} INFO -            ^^^^^^^^^^^^^^^^^^^^^^^^^^^^^^^^
[2026-06-19T12:57:03.815+0000] {subprocess.py:93} INFO -   File "/home/***/.local/lib/python3.12/site-packages/sqlalchemy/pool/base.py", line 894, in _checkout
[2026-06-19T12:57:03.815+0000] {subprocess.py:93} INFO -     fairy = _ConnectionRecord.checkout(pool)
[2026-06-19T12:57:03.816+0000] {subprocess.py:93} INFO -             ^^^^^^^^^^^^^^^^^^^^^^^^^^^^^^^^
[2026-06-19T12:57:03.817+0000] {subprocess.py:93} INFO -   File "/home/***/.local/lib/python3.12/site-packages/sqlalchemy/pool/base.py", line 493, in checkout
[2026-06-19T12:57:03.817+0000] {subprocess.py:93} INFO -     rec = pool._do_get()
[2026-06-19T12:57:03.818+0000] {subprocess.py:93} INFO -           ^^^^^^^^^^^^^^
[2026-06-19T12:57:03.819+0000] {subprocess.py:93} INFO -   File "/home/***/.local/lib/python3.12/site-packages/sqlalchemy/pool/impl.py", line 145, in _do_get
[2026-06-19T12:57:03.820+0000] {subprocess.py:93} INFO -     with util.safe_reraise():
[2026-06-19T12:57:03.820+0000] {subprocess.py:93} INFO -   File "/home/***/.local/lib/python3.12/site-packages/sqlalchemy/util/langhelpers.py", line 70, in __exit__
[2026-06-19T12:57:03.821+0000] {subprocess.py:93} INFO -     compat.raise_(
[2026-06-19T12:57:03.822+0000] {subprocess.py:93} INFO -   File "/home/***/.local/lib/python3.12/site-packages/sqlalchemy/util/compat.py", line 211, in raise_
[2026-06-19T12:57:03.823+0000] {subprocess.py:93} INFO -     raise exception
[2026-06-19T12:57:03.824+0000] {subprocess.py:93} INFO -   File "/home/***/.local/lib/python3.12/site-packages/sqlalchemy/pool/impl.py", line 143, in _do_get
[2026-06-19T12:57:03.824+0000] {subprocess.py:93} INFO -     return self._create_connection()
[2026-06-19T12:57:03.825+0000] {subprocess.py:93} INFO -            ^^^^^^^^^^^^^^^^^^^^^^^^^
[2026-06-19T12:57:03.826+0000] {subprocess.py:93} INFO -   File "/home/***/.local/lib/python3.12/site-packages/sqlalchemy/pool/base.py", line 273, in _create_connection
[2026-06-19T12:57:03.827+0000] {subprocess.py:93} INFO -     return _ConnectionRecord(self)
[2026-06-19T12:57:03.827+0000] {subprocess.py:93} INFO -            ^^^^^^^^^^^^^^^^^^^^^^^
[2026-06-19T12:57:03.828+0000] {subprocess.py:93} INFO -   File "/home/***/.local/lib/python3.12/site-packages/sqlalchemy/pool/base.py", line 388, in __init__
[2026-06-19T12:57:03.829+0000] {subprocess.py:93} INFO -     self.__connect()
[2026-06-19T12:57:03.829+0000] {subprocess.py:93} INFO -   File "/home/***/.local/lib/python3.12/site-packages/sqlalchemy/pool/base.py", line 690, in __connect
[2026-06-19T12:57:03.830+0000] {subprocess.py:93} INFO -     with util.safe_reraise():
[2026-06-19T12:57:03.831+0000] {subprocess.py:93} INFO -   File "/home/***/.local/lib/python3.12/site-packages/sqlalchemy/util/langhelpers.py", line 70, in __exit__
[2026-06-19T12:57:03.831+0000] {subprocess.py:93} INFO -     compat.raise_(
[2026-06-19T12:57:03.832+0000] {subprocess.py:93} INFO -   File "/home/***/.local/lib/python3.12/site-packages/sqlalchemy/util/compat.py", line 211, in raise_
[2026-06-19T12:57:03.833+0000] {subprocess.py:93} INFO -     raise exception
[2026-06-19T12:57:03.833+0000] {subprocess.py:93} INFO -   File "/home/***/.local/lib/python3.12/site-packages/sqlalchemy/pool/base.py", line 686, in __connect
[2026-06-19T12:57:03.834+0000] {subprocess.py:93} INFO -     self.dbapi_connection = connection = pool._invoke_creator(self)
[2026-06-19T12:57:03.835+0000] {subprocess.py:93} INFO -                                          ^^^^^^^^^^^^^^^^^^^^^^^^^^
[2026-06-19T12:57:03.835+0000] {subprocess.py:93} INFO -   File "/home/***/.local/lib/python3.12/site-packages/sqlalchemy/engine/create.py", line 574, in connect
[2026-06-19T12:57:03.836+0000] {subprocess.py:93} INFO -     return dialect.connect(*cargs, **cparams)
[2026-06-19T12:57:03.837+0000] {subprocess.py:93} INFO -            ^^^^^^^^^^^^^^^^^^^^^^^^^^^^^^^^^^
[2026-06-19T12:57:03.838+0000] {subprocess.py:93} INFO -   File "/home/***/.local/lib/python3.12/site-packages/sqlalchemy/engine/default.py", line 598, in connect
[2026-06-19T12:57:03.838+0000] {subprocess.py:93} INFO -     return self.dbapi.connect(*cargs, **cparams)
[2026-06-19T12:57:03.839+0000] {subprocess.py:93} INFO -            ^^^^^^^^^^^^^^^^^^^^^^^^^^^^^^^^^^^^^
[2026-06-19T12:57:03.839+0000] {subprocess.py:93} INFO -   File "/home/***/.local/lib/python3.12/site-packages/pymysql/connections.py", line 372, in __init__
[2026-06-19T12:57:03.840+0000] {subprocess.py:93} INFO -     self.connect()
[2026-06-19T12:57:03.841+0000] {subprocess.py:93} INFO -   File "/home/***/.local/lib/python3.12/site-packages/pymysql/connections.py", line 702, in connect
[2026-06-19T12:57:03.842+0000] {subprocess.py:93} INFO -     self._request_authentication()
[2026-06-19T12:57:03.842+0000] {subprocess.py:93} INFO -   File "/home/***/.local/lib/python3.12/site-packages/pymysql/connections.py", line 1000, in _request_authentication
[2026-06-19T12:57:03.843+0000] {subprocess.py:93} INFO -     auth_packet = self._read_packet()
[2026-06-19T12:57:03.844+0000] {subprocess.py:93} INFO -                   ^^^^^^^^^^^^^^^^^^^
[2026-06-19T12:57:03.844+0000] {subprocess.py:93} INFO -   File "/home/***/.local/lib/python3.12/site-packages/pymysql/connections.py", line 803, in _read_packet
[2026-06-19T12:57:03.845+0000] {subprocess.py:93} INFO -     packet.raise_for_error()
[2026-06-19T12:57:03.845+0000] {subprocess.py:93} INFO -   File "/home/***/.local/lib/python3.12/site-packages/pymysql/protocol.py", line 219, in raise_for_error
[2026-06-19T12:57:03.846+0000] {subprocess.py:93} INFO -     err.raise_mysql_exception(self._data)
[2026-06-19T12:57:03.846+0000] {subprocess.py:93} INFO -   File "/home/***/.local/lib/python3.12/site-packages/pymysql/err.py", line 154, in raise_mysql_exception
[2026-06-19T12:57:03.847+0000] {subprocess.py:93} INFO -     raise errorclass(errno, errval, sqlstate=sqlstate)
[2026-06-19T12:57:03.847+0000] {subprocess.py:93} INFO - pymysql.err.OperationalError: (1049, "Unknown database 'flex_operations_db'")
[2026-06-19T12:57:03.848+0000] {subprocess.py:93} INFO - 
[2026-06-19T12:57:03.849+0000] {subprocess.py:93} INFO - The above exception was the direct cause of the following exception:
[2026-06-19T12:57:03.849+0000] {subprocess.py:93} INFO - 
[2026-06-19T12:57:03.850+0000] {subprocess.py:93} INFO - Traceback (most recent call last):
[2026-06-19T12:57:03.851+0000] {subprocess.py:93} INFO -   File "/home/***/.local/lib/python3.12/site-packages/dlt/extract/pipe_iterator.py", line 274, in _get_source_item
[2026-06-19T12:57:03.851+0000] {subprocess.py:93} INFO -     pipe_item = next(gen)
[2026-06-19T12:57:03.852+0000] {subprocess.py:93} INFO -                 ^^^^^^^^^
[2026-06-19T12:57:03.853+0000] {subprocess.py:93} INFO -   File "/opt/project/ingestion/mysql_to_staging.py", line 24, in resource
[2026-06-19T12:57:03.853+0000] {subprocess.py:93} INFO -     df = pd.read_sql(query, mysql_engine)
[2026-06-19T12:57:03.854+0000] {subprocess.py:93} INFO -          ^^^^^^^^^^^^^^^^^^^^^^^^^^^^^^^^
[2026-06-19T12:57:03.854+0000] {subprocess.py:93} INFO -   File "/home/***/.local/lib/python3.12/site-packages/pandas/io/sql.py", line 652, in read_sql
[2026-06-19T12:57:03.855+0000] {subprocess.py:93} INFO -     with pandasSQL_builder(con) as pandas_sql:
[2026-06-19T12:57:03.856+0000] {subprocess.py:93} INFO -          ^^^^^^^^^^^^^^^^^^^^^^
[2026-06-19T12:57:03.856+0000] {subprocess.py:93} INFO -   File "/home/***/.local/lib/python3.12/site-packages/pandas/io/sql.py", line 851, in pandasSQL_builder
[2026-06-19T12:57:03.857+0000] {subprocess.py:93} INFO -     return SQLDatabase(con, schema, need_transaction)
[2026-06-19T12:57:03.858+0000] {subprocess.py:93} INFO -            ^^^^^^^^^^^^^^^^^^^^^^^^^^^^^^^^^^^^^^^^^^
[2026-06-19T12:57:03.858+0000] {subprocess.py:93} INFO -   File "/home/***/.local/lib/python3.12/site-packages/pandas/io/sql.py", line 1576, in __init__
[2026-06-19T12:57:03.859+0000] {subprocess.py:93} INFO -     con = self.exit_stack.enter_context(con.connect())
[2026-06-19T12:57:03.860+0000] {subprocess.py:93} INFO -                                         ^^^^^^^^^^^^^
[2026-06-19T12:57:03.860+0000] {subprocess.py:93} INFO -   File "/home/***/.local/lib/python3.12/site-packages/sqlalchemy/engine/base.py", line 3325, in connect
[2026-06-19T12:57:03.861+0000] {subprocess.py:93} INFO -     return self._connection_cls(self, close_with_result=close_with_result)
[2026-06-19T12:57:03.861+0000] {subprocess.py:93} INFO -            ^^^^^^^^^^^^^^^^^^^^^^^^^^^^^^^^^^^^^^^^^^^^^^^^^^^^^^^^^^^^^^^
[2026-06-19T12:57:03.862+0000] {subprocess.py:93} INFO -   File "/home/***/.local/lib/python3.12/site-packages/sqlalchemy/engine/base.py", line 96, in __init__
[2026-06-19T12:57:03.863+0000] {subprocess.py:93} INFO -     else engine.raw_connection()
[2026-06-19T12:57:03.863+0000] {subprocess.py:93} INFO -          ^^^^^^^^^^^^^^^^^^^^^^^
[2026-06-19T12:57:03.864+0000] {subprocess.py:93} INFO -   File "/home/***/.local/lib/python3.12/site-packages/sqlalchemy/engine/base.py", line 3404, in raw_connection
[2026-06-19T12:57:03.864+0000] {subprocess.py:93} INFO -     return self._wrap_pool_connect(self.pool.connect, _connection)
[2026-06-19T12:57:03.865+0000] {subprocess.py:93} INFO -            ^^^^^^^^^^^^^^^^^^^^^^^^^^^^^^^^^^^^^^^^^^^^^^^^^^^^^^^
[2026-06-19T12:57:03.865+0000] {subprocess.py:93} INFO -   File "/home/***/.local/lib/python3.12/site-packages/sqlalchemy/engine/base.py", line 3374, in _wrap_pool_connect
[2026-06-19T12:57:03.866+0000] {subprocess.py:93} INFO -     Connection._handle_dbapi_exception_noconnection(
[2026-06-19T12:57:03.867+0000] {subprocess.py:93} INFO -   File "/home/***/.local/lib/python3.12/site-packages/sqlalchemy/engine/base.py", line 2208, in _handle_dbapi_exception_noconnection
[2026-06-19T12:57:03.867+0000] {subprocess.py:93} INFO -     util.raise_(
[2026-06-19T12:57:03.868+0000] {subprocess.py:93} INFO -   File "/home/***/.local/lib/python3.12/site-packages/sqlalchemy/util/compat.py", line 211, in raise_
[2026-06-19T12:57:03.869+0000] {subprocess.py:93} INFO -     raise exception
[2026-06-19T12:57:03.869+0000] {subprocess.py:93} INFO -   File "/home/***/.local/lib/python3.12/site-packages/sqlalchemy/engine/base.py", line 3371, in _wrap_pool_connect
[2026-06-19T12:57:03.870+0000] {subprocess.py:93} INFO -     return fn()
[2026-06-19T12:57:03.871+0000] {subprocess.py:93} INFO -            ^^^^
[2026-06-19T12:57:03.871+0000] {subprocess.py:93} INFO -   File "/home/***/.local/lib/python3.12/site-packages/sqlalchemy/pool/base.py", line 327, in connect
[2026-06-19T12:57:03.872+0000] {subprocess.py:93} INFO -     return _ConnectionFairy._checkout(self)
[2026-06-19T12:57:03.872+0000] {subprocess.py:93} INFO -            ^^^^^^^^^^^^^^^^^^^^^^^^^^^^^^^^
[2026-06-19T12:57:03.873+0000] {subprocess.py:93} INFO -   File "/home/***/.local/lib/python3.12/site-packages/sqlalchemy/pool/base.py", line 894, in _checkout
[2026-06-19T12:57:03.874+0000] {subprocess.py:93} INFO -     fairy = _ConnectionRecord.checkout(pool)
[2026-06-19T12:57:03.875+0000] {subprocess.py:93} INFO -             ^^^^^^^^^^^^^^^^^^^^^^^^^^^^^^^^
[2026-06-19T12:57:03.876+0000] {subprocess.py:93} INFO -   File "/home/***/.local/lib/python3.12/site-packages/sqlalchemy/pool/base.py", line 493, in checkout
[2026-06-19T12:57:03.876+0000] {subprocess.py:93} INFO -     rec = pool._do_get()
[2026-06-19T12:57:03.877+0000] {subprocess.py:93} INFO -           ^^^^^^^^^^^^^^
[2026-06-19T12:57:03.877+0000] {subprocess.py:93} INFO -   File "/home/***/.local/lib/python3.12/site-packages/sqlalchemy/pool/impl.py", line 145, in _do_get
[2026-06-19T12:57:03.878+0000] {subprocess.py:93} INFO -     with util.safe_reraise():
[2026-06-19T12:57:03.878+0000] {subprocess.py:93} INFO -   File "/home/***/.local/lib/python3.12/site-packages/sqlalchemy/util/langhelpers.py", line 70, in __exit__
[2026-06-19T12:57:03.879+0000] {subprocess.py:93} INFO -     compat.raise_(
[2026-06-19T12:57:03.879+0000] {subprocess.py:93} INFO -   File "/home/***/.local/lib/python3.12/site-packages/sqlalchemy/util/compat.py", line 211, in raise_
[2026-06-19T12:57:03.880+0000] {subprocess.py:93} INFO -     raise exception
[2026-06-19T12:57:03.881+0000] {subprocess.py:93} INFO -   File "/home/***/.local/lib/python3.12/site-packages/sqlalchemy/pool/impl.py", line 143, in _do_get
[2026-06-19T12:57:03.881+0000] {subprocess.py:93} INFO -     return self._create_connection()
[2026-06-19T12:57:03.882+0000] {subprocess.py:93} INFO -            ^^^^^^^^^^^^^^^^^^^^^^^^^
[2026-06-19T12:57:03.882+0000] {subprocess.py:93} INFO -   File "/home/***/.local/lib/python3.12/site-packages/sqlalchemy/pool/base.py", line 273, in _create_connection
[2026-06-19T12:57:03.883+0000] {subprocess.py:93} INFO -     return _ConnectionRecord(self)
[2026-06-19T12:57:03.883+0000] {subprocess.py:93} INFO -            ^^^^^^^^^^^^^^^^^^^^^^^
[2026-06-19T12:57:03.884+0000] {subprocess.py:93} INFO -   File "/home/***/.local/lib/python3.12/site-packages/sqlalchemy/pool/base.py", line 388, in __init__
[2026-06-19T12:57:03.885+0000] {subprocess.py:93} INFO -     self.__connect()
[2026-06-19T12:57:03.885+0000] {subprocess.py:93} INFO -   File "/home/***/.local/lib/python3.12/site-packages/sqlalchemy/pool/base.py", line 690, in __connect
[2026-06-19T12:57:03.886+0000] {subprocess.py:93} INFO -     with util.safe_reraise():
[2026-06-19T12:57:03.886+0000] {subprocess.py:93} INFO -   File "/home/***/.local/lib/python3.12/site-packages/sqlalchemy/util/langhelpers.py", line 70, in __exit__
[2026-06-19T12:57:03.887+0000] {subprocess.py:93} INFO -     compat.raise_(
[2026-06-19T12:57:03.888+0000] {subprocess.py:93} INFO -   File "/home/***/.local/lib/python3.12/site-packages/sqlalchemy/util/compat.py", line 211, in raise_
[2026-06-19T12:57:03.888+0000] {subprocess.py:93} INFO -     raise exception
[2026-06-19T12:57:03.889+0000] {subprocess.py:93} INFO -   File "/home/***/.local/lib/python3.12/site-packages/sqlalchemy/pool/base.py", line 686, in __connect
[2026-06-19T12:57:03.890+0000] {subprocess.py:93} INFO -     self.dbapi_connection = connection = pool._invoke_creator(self)
[2026-06-19T12:57:03.890+0000] {subprocess.py:93} INFO -                                          ^^^^^^^^^^^^^^^^^^^^^^^^^^
[2026-06-19T12:57:03.891+0000] {subprocess.py:93} INFO -   File "/home/***/.local/lib/python3.12/site-packages/sqlalchemy/engine/create.py", line 574, in connect
[2026-06-19T12:57:03.892+0000] {subprocess.py:93} INFO -     return dialect.connect(*cargs, **cparams)
[2026-06-19T12:57:03.892+0000] {subprocess.py:93} INFO -            ^^^^^^^^^^^^^^^^^^^^^^^^^^^^^^^^^^
[2026-06-19T12:57:03.893+0000] {subprocess.py:93} INFO -   File "/home/***/.local/lib/python3.12/site-packages/sqlalchemy/engine/default.py", line 598, in connect
[2026-06-19T12:57:03.894+0000] {subprocess.py:93} INFO -     return self.dbapi.connect(*cargs, **cparams)
[2026-06-19T12:57:03.894+0000] {subprocess.py:93} INFO -            ^^^^^^^^^^^^^^^^^^^^^^^^^^^^^^^^^^^^^
[2026-06-19T12:57:03.895+0000] {subprocess.py:93} INFO -   File "/home/***/.local/lib/python3.12/site-packages/pymysql/connections.py", line 372, in __init__
[2026-06-19T12:57:03.895+0000] {subprocess.py:93} INFO -     self.connect()
[2026-06-19T12:57:03.896+0000] {subprocess.py:93} INFO -   File "/home/***/.local/lib/python3.12/site-packages/pymysql/connections.py", line 702, in connect
[2026-06-19T12:57:03.896+0000] {subprocess.py:93} INFO -     self._request_authentication()
[2026-06-19T12:57:03.897+0000] {subprocess.py:93} INFO -   File "/home/***/.local/lib/python3.12/site-packages/pymysql/connections.py", line 1000, in _request_authentication
[2026-06-19T12:57:03.898+0000] {subprocess.py:93} INFO -     auth_packet = self._read_packet()
[2026-06-19T12:57:03.898+0000] {subprocess.py:93} INFO -                   ^^^^^^^^^^^^^^^^^^^
[2026-06-19T12:57:03.899+0000] {subprocess.py:93} INFO -   File "/home/***/.local/lib/python3.12/site-packages/pymysql/connections.py", line 803, in _read_packet
[2026-06-19T12:57:03.899+0000] {subprocess.py:93} INFO -     packet.raise_for_error()
[2026-06-19T12:57:03.900+0000] {subprocess.py:93} INFO -   File "/home/***/.local/lib/python3.12/site-packages/pymysql/protocol.py", line 219, in raise_for_error
[2026-06-19T12:57:03.901+0000] {subprocess.py:93} INFO -     err.raise_mysql_exception(self._data)
[2026-06-19T12:57:03.901+0000] {subprocess.py:93} INFO -   File "/home/***/.local/lib/python3.12/site-packages/pymysql/err.py", line 154, in raise_mysql_exception
[2026-06-19T12:57:03.902+0000] {subprocess.py:93} INFO -     raise errorclass(errno, errval, sqlstate=sqlstate)
[2026-06-19T12:57:03.902+0000] {subprocess.py:93} INFO - sqlalchemy.exc.OperationalError: (pymysql.err.OperationalError) (1049, "Unknown database 'flex_operations_db'")
[2026-06-19T12:57:03.903+0000] {subprocess.py:93} INFO - (Background on this error at: https://sqlalche.me/e/14/e3q8)
[2026-06-19T12:57:03.903+0000] {subprocess.py:93} INFO - 
[2026-06-19T12:57:03.904+0000] {subprocess.py:93} INFO - The above exception was the direct cause of the following exception:
[2026-06-19T12:57:03.904+0000] {subprocess.py:93} INFO - 
[2026-06-19T12:57:03.905+0000] {subprocess.py:93} INFO - Traceback (most recent call last):
[2026-06-19T12:57:03.906+0000] {subprocess.py:93} INFO -   File "/home/***/.local/lib/python3.12/site-packages/dlt/pipeline/pipeline.py", line 500, in extract
[2026-06-19T12:57:03.907+0000] {subprocess.py:93} INFO -     self._extract_source(
[2026-06-19T12:57:03.908+0000] {subprocess.py:93} INFO -   File "/home/***/.local/lib/python3.12/site-packages/dlt/pipeline/pipeline.py", line 1437, in _extract_source
[2026-06-19T12:57:03.908+0000] {subprocess.py:93} INFO -     load_id = extract.extract(
[2026-06-19T12:57:03.909+0000] {subprocess.py:93} INFO -               ^^^^^^^^^^^^^^^^
[2026-06-19T12:57:03.910+0000] {subprocess.py:93} INFO -   File "/home/***/.local/lib/python3.12/site-packages/dlt/extract/extract.py", line 592, in extract
[2026-06-19T12:57:03.910+0000] {subprocess.py:93} INFO -     self._extract_single_source(
[2026-06-19T12:57:03.911+0000] {subprocess.py:93} INFO -   File "/home/***/.local/lib/python3.12/site-packages/dlt/extract/extract.py", line 509, in _extract_single_source
[2026-06-19T12:57:03.911+0000] {subprocess.py:93} INFO -     for pipe_item in pipes:
[2026-06-19T12:57:03.912+0000] {subprocess.py:93} INFO -                      ^^^^^
[2026-06-19T12:57:03.912+0000] {subprocess.py:93} INFO -   File "/home/***/.local/lib/python3.12/site-packages/dlt/extract/pipe_iterator.py", line 158, in __next__
[2026-06-19T12:57:03.913+0000] {subprocess.py:93} INFO -     pipe_item = self._get_source_item()
[2026-06-19T12:57:03.914+0000] {subprocess.py:93} INFO -                 ^^^^^^^^^^^^^^^^^^^^^^^
[2026-06-19T12:57:03.914+0000] {subprocess.py:93} INFO -   File "/home/***/.local/lib/python3.12/site-packages/dlt/extract/pipe_iterator.py", line 304, in _get_source_item
[2026-06-19T12:57:03.915+0000] {subprocess.py:93} INFO -     raise ResourceExtractionError(pipe.name, gen, str(ex), "generator") from ex
[2026-06-19T12:57:03.915+0000] {subprocess.py:93} INFO - dlt.extract.exceptions.ResourceExtractionError: In processing pipe `regionsdepartements`: extraction of resource `regionsdepartements` in `generator` `resource` caused an exception: (pymysql.err.OperationalError) (1049, "Unknown database 'flex_operations_db'")
[2026-06-19T12:57:03.916+0000] {subprocess.py:93} INFO - (Background on this error at: https://sqlalche.me/e/14/e3q8)
[2026-06-19T12:57:03.916+0000] {subprocess.py:93} INFO - 
[2026-06-19T12:57:03.917+0000] {subprocess.py:93} INFO - The above exception was the direct cause of the following exception:
[2026-06-19T12:57:03.917+0000] {subprocess.py:93} INFO - 
[2026-06-19T12:57:03.918+0000] {subprocess.py:93} INFO - Traceback (most recent call last):
[2026-06-19T12:57:03.918+0000] {subprocess.py:93} INFO -   File "/opt/project/ingestion/mysql_to_staging.py", line 42, in <module>
[2026-06-19T12:57:03.919+0000] {subprocess.py:93} INFO -     load_info = pipeline.run(
[2026-06-19T12:57:03.920+0000] {subprocess.py:93} INFO -                 ^^^^^^^^^^^^^
[2026-06-19T12:57:03.920+0000] {subprocess.py:93} INFO -   File "/home/***/.local/lib/python3.12/site-packages/dlt/pipeline/pipeline.py", line 231, in _wrap
[2026-06-19T12:57:03.921+0000] {subprocess.py:93} INFO -     step_info = f(self, *args, **kwargs)
[2026-06-19T12:57:03.921+0000] {subprocess.py:93} INFO -                 ^^^^^^^^^^^^^^^^^^^^^^^^
[2026-06-19T12:57:03.922+0000] {subprocess.py:93} INFO -   File "/home/***/.local/lib/python3.12/site-packages/dlt/pipeline/pipeline.py", line 279, in _wrap
[2026-06-19T12:57:03.924+0000] {subprocess.py:93} INFO -     return f(self, *args, **kwargs)
[2026-06-19T12:57:03.930+0000] {subprocess.py:93} INFO -            ^^^^^^^^^^^^^^^^^^^^^^^^
[2026-06-19T12:57:03.935+0000] {subprocess.py:93} INFO -   File "/home/***/.local/lib/python3.12/site-packages/dlt/pipeline/pipeline.py", line 777, in run
[2026-06-19T12:57:03.937+0000] {subprocess.py:93} INFO -     self.extract(
[2026-06-19T12:57:03.939+0000] {subprocess.py:93} INFO -   File "/home/***/.local/lib/python3.12/site-packages/dlt/pipeline/pipeline.py", line 231, in _wrap
[2026-06-19T12:57:03.942+0000] {subprocess.py:93} INFO -     step_info = f(self, *args, **kwargs)
[2026-06-19T12:57:03.944+0000] {subprocess.py:93} INFO -                 ^^^^^^^^^^^^^^^^^^^^^^^^
[2026-06-19T12:57:03.945+0000] {subprocess.py:93} INFO -   File "/home/***/.local/lib/python3.12/site-packages/dlt/pipeline/pipeline.py", line 170, in _wrap
[2026-06-19T12:57:03.946+0000] {subprocess.py:93} INFO -     return f(self, *args, **kwargs)
[2026-06-19T12:57:03.948+0000] {subprocess.py:93} INFO -            ^^^^^^^^^^^^^^^^^^^^^^^^
[2026-06-19T12:57:03.949+0000] {subprocess.py:93} INFO -   File "/home/***/.local/lib/python3.12/site-packages/dlt/pipeline/pipeline.py", line 184, in _wrap
[2026-06-19T12:57:03.950+0000] {subprocess.py:93} INFO -     rv = f(self, *args, **kwargs)
[2026-06-19T12:57:03.951+0000] {subprocess.py:93} INFO -          ^^^^^^^^^^^^^^^^^^^^^^^^
[2026-06-19T12:57:03.952+0000] {subprocess.py:93} INFO -   File "/home/***/.local/lib/python3.12/site-packages/dlt/pipeline/pipeline.py", line 279, in _wrap
[2026-06-19T12:57:03.953+0000] {subprocess.py:93} INFO -     return f(self, *args, **kwargs)
[2026-06-19T12:57:03.954+0000] {subprocess.py:93} INFO -            ^^^^^^^^^^^^^^^^^^^^^^^^
[2026-06-19T12:57:03.956+0000] {subprocess.py:93} INFO -   File "/home/***/.local/lib/python3.12/site-packages/dlt/pipeline/pipeline.py", line 523, in extract
[2026-06-19T12:57:03.958+0000] {subprocess.py:93} INFO -     raise PipelineStepFailed(
[2026-06-19T12:57:03.958+0000] {subprocess.py:93} INFO - dlt.pipeline.exceptions.PipelineStepFailed: Pipeline execution failed at `step=extract` when processing package with `load_id=1781873823.3765361` with exception:
[2026-06-19T12:57:03.960+0000] {subprocess.py:93} INFO - 
[2026-06-19T12:57:03.962+0000] {subprocess.py:93} INFO - <class 'dlt.extract.exceptions.ResourceExtractionError'>
[2026-06-19T12:57:03.962+0000] {subprocess.py:93} INFO - In processing pipe `regionsdepartements`: extraction of resource `regionsdepartements` in `generator` `resource` caused an exception: (pymysql.err.OperationalError) (1049, "Unknown database 'flex_operations_db'")
[2026-06-19T12:57:03.964+0000] {subprocess.py:93} INFO - (Background on this error at: https://sqlalche.me/e/14/e3q8)
[2026-06-19T12:57:05.176+0000] {subprocess.py:97} INFO - Command exited with return code 1
[2026-06-19T12:57:05.207+0000] {taskinstance.py:3301} ERROR - Task failed with exception
Traceback (most recent call last):
  File "/home/airflow/.local/lib/python3.12/site-packages/airflow/models/taskinstance.py", line 767, in _execute_task
    result = _execute_callable(context=context, **execute_callable_kwargs)
             ^^^^^^^^^^^^^^^^^^^^^^^^^^^^^^^^^^^^^^^^^^^^^^^^^^^^^^^^^^^^^
  File "/home/airflow/.local/lib/python3.12/site-packages/airflow/models/taskinstance.py", line 733, in _execute_callable
    return ExecutionCallableRunner(
           ^^^^^^^^^^^^^^^^^^^^^^^^
  File "/home/airflow/.local/lib/python3.12/site-packages/airflow/utils/operator_helpers.py", line 252, in run
    return self.func(*args, **kwargs)
           ^^^^^^^^^^^^^^^^^^^^^^^^^^
  File "/home/airflow/.local/lib/python3.12/site-packages/airflow/models/baseoperator.py", line 406, in wrapper
    return func(self, *args, **kwargs)
           ^^^^^^^^^^^^^^^^^^^^^^^^^^^
  File "/home/airflow/.local/lib/python3.12/site-packages/airflow/operators/bash.py", line 249, in execute
    raise AirflowException(
airflow.exceptions.AirflowException: Bash command failed. The command returned a non-zero exit code 1.
[2026-06-19T12:57:05.220+0000] {taskinstance.py:1225} INFO - Marking task as FAILED. dag_id=flex_eau_pipeline, task_id=ingestion_mysql_staging, run_id=manual__2026-06-19T12:56:43.513389+00:00, execution_date=20260619T125643, start_date=20260619T125647, end_date=20260619T125705
[2026-06-19T12:57:05.245+0000] {taskinstance.py:340} INFO - ::group::Post task execution logs
[2026-06-19T12:57:05.247+0000] {standard_task_runner.py:124} ERROR - Failed to execute job 9 for task ingestion_mysql_staging (Bash command failed. The command returned a non-zero exit code 1.; 849)
Traceback (most recent call last):
  File "/home/airflow/.local/lib/python3.12/site-packages/airflow/task/task_runner/standard_task_runner.py", line 117, in _start_by_fork
    ret = args.func(args, dag=self.dag)
          ^^^^^^^^^^^^^^^^^^^^^^^^^^^^^
  File "/home/airflow/.local/lib/python3.12/site-packages/airflow/cli/cli_config.py", line 49, in command
    return func(*args, **kwargs)
           ^^^^^^^^^^^^^^^^^^^^^
  File "/home/airflow/.local/lib/python3.12/site-packages/airflow/utils/cli.py", line 115, in wrapper
    return f(*args, **kwargs)
           ^^^^^^^^^^^^^^^^^^
  File "/home/airflow/.local/lib/python3.12/site-packages/airflow/cli/commands/task_command.py", line 483, in task_run
    task_return_code = _run_task_by_selected_method(args, _dag, ti)
                       ^^^^^^^^^^^^^^^^^^^^^^^^^^^^^^^^^^^^^^^^^^^^
  File "/home/airflow/.local/lib/python3.12/site-packages/airflow/cli/commands/task_command.py", line 256, in _run_task_by_selected_method
    return _run_raw_task(args, ti)
           ^^^^^^^^^^^^^^^^^^^^^^^
  File "/home/airflow/.local/lib/python3.12/site-packages/airflow/cli/commands/task_command.py", line 341, in _run_raw_task
    return ti._run_raw_task(
           ^^^^^^^^^^^^^^^^^
  File "/home/airflow/.local/lib/python3.12/site-packages/airflow/utils/session.py", line 97, in wrapper
    return func(*args, session=session, **kwargs)
           ^^^^^^^^^^^^^^^^^^^^^^^^^^^^^^^^^^^^^^
  File "/home/airflow/.local/lib/python3.12/site-packages/airflow/models/taskinstance.py", line 2995, in _run_raw_task
    return _run_raw_task(
           ^^^^^^^^^^^^^^
  File "/home/airflow/.local/lib/python3.12/site-packages/airflow/models/taskinstance.py", line 273, in _run_raw_task
    TaskInstance._execute_task_with_callbacks(
  File "/home/airflow/.local/lib/python3.12/site-packages/airflow/models/taskinstance.py", line 3149, in _execute_task_with_callbacks
    result = self._execute_task(context, task_orig)
             ^^^^^^^^^^^^^^^^^^^^^^^^^^^^^^^^^^^^^^
  File "/home/airflow/.local/lib/python3.12/site-packages/airflow/models/taskinstance.py", line 3173, in _execute_task
    return _execute_task(self, context, task_orig)
           ^^^^^^^^^^^^^^^^^^^^^^^^^^^^^^^^^^^^^^^
  File "/home/airflow/.local/lib/python3.12/site-packages/airflow/models/taskinstance.py", line 767, in _execute_task
    result = _execute_callable(context=context, **execute_callable_kwargs)
             ^^^^^^^^^^^^^^^^^^^^^^^^^^^^^^^^^^^^^^^^^^^^^^^^^^^^^^^^^^^^^
  File "/home/airflow/.local/lib/python3.12/site-packages/airflow/models/taskinstance.py", line 733, in _execute_callable
    return ExecutionCallableRunner(
           ^^^^^^^^^^^^^^^^^^^^^^^^
  File "/home/airflow/.local/lib/python3.12/site-packages/airflow/utils/operator_helpers.py", line 252, in run
    return self.func(*args, **kwargs)
           ^^^^^^^^^^^^^^^^^^^^^^^^^^
  File "/home/airflow/.local/lib/python3.12/site-packages/airflow/models/baseoperator.py", line 406, in wrapper
    return func(self, *args, **kwargs)
           ^^^^^^^^^^^^^^^^^^^^^^^^^^^
  File "/home/airflow/.local/lib/python3.12/site-packages/airflow/operators/bash.py", line 249, in execute
    raise AirflowException(
airflow.exceptions.AirflowException: Bash command failed. The command returned a non-zero exit code 1.
[2026-06-19T12:57:05.300+0000] {local_task_job_runner.py:261} INFO - Task exited with return code 1
[2026-06-19T12:57:05.350+0000] {taskinstance.py:3891} INFO - 0 downstream tasks scheduled from follow-on schedule check
[2026-06-19T12:57:05.356+0000] {local_task_job_runner.py:240} INFO - ::endgroup::
