[2026-07-26T00:01:20.902+0000] {local_task_job_runner.py:123} INFO - ::group::Pre task execution logs
[2026-07-26T00:01:21.002+0000] {taskinstance.py:2603} INFO - Dependencies all met for dep_context=non-requeueable deps ti=<TaskInstance: flex_eau_pipeline.dim_usage scheduled__2026-07-25T00:00:00+00:00 [queued]>
[2026-07-26T00:01:21.026+0000] {taskinstance.py:2603} INFO - Dependencies all met for dep_context=requeueable deps ti=<TaskInstance: flex_eau_pipeline.dim_usage scheduled__2026-07-25T00:00:00+00:00 [queued]>
[2026-07-26T00:01:21.028+0000] {taskinstance.py:2856} INFO - Starting attempt 1 of 2
[2026-07-26T00:01:21.081+0000] {taskinstance.py:2879} INFO - Executing <Task(BashOperator): dim_usage> on 2026-07-25 00:00:00+00:00
[2026-07-26T00:01:21.120+0000] {standard_task_runner.py:72} INFO - Started process 6401 to run task
[2026-07-26T00:01:21.138+0000] {standard_task_runner.py:104} INFO - Running: ['***', 'tasks', 'run', 'flex_eau_pipeline', 'dim_usage', 'scheduled__2026-07-25T00:00:00+00:00', '--job-id', '34', '--raw', '--subdir', 'DAGS_FOLDER/flex_eau_pipeline.py', '--cfg-path', '/tmp/tmp6xbltfn9']
[2026-07-26T00:01:21.150+0000] {standard_task_runner.py:105} INFO - Job 34: Subtask dim_usage
[2026-07-26T00:01:21.736+0000] {task_command.py:467} INFO - Running <TaskInstance: flex_eau_pipeline.dim_usage scheduled__2026-07-25T00:00:00+00:00 [running]> on host b1da4d7b7394
[2026-07-26T00:01:22.199+0000] {taskinstance.py:3122} INFO - Exporting env vars: AIRFLOW_CTX_DAG_OWNER='flex-eau' AIRFLOW_CTX_DAG_ID='flex_eau_pipeline' AIRFLOW_CTX_TASK_ID='dim_usage' AIRFLOW_CTX_EXECUTION_DATE='2026-07-25T00:00:00+00:00' AIRFLOW_CTX_TRY_NUMBER='1' AIRFLOW_CTX_DAG_RUN_ID='scheduled__2026-07-25T00:00:00+00:00'
[2026-07-26T00:01:22.204+0000] {taskinstance.py:731} INFO - ::endgroup::
[2026-07-26T00:01:22.255+0000] {subprocess.py:63} INFO - Tmp dir root location: /tmp
[2026-07-26T00:01:22.256+0000] {subprocess.py:75} INFO - Running command: ['/usr/bin/bash', '-c', 'python spark_jobs/dimensions/dim_usage.py']
[2026-07-26T00:01:22.297+0000] {subprocess.py:86} INFO - Output:
[2026-07-26T00:01:36.517+0000] {subprocess.py:93} INFO - 26/07/26 00:01:36 WARN NativeCodeLoader: Unable to load native-hadoop library for your platform... using builtin-java classes where applicable
[2026-07-26T00:01:38.251+0000] {subprocess.py:93} INFO - Setting default log level to "WARN".
[2026-07-26T00:01:38.252+0000] {subprocess.py:93} INFO - To adjust logging level use sc.setLogLevel(newLevel). For SparkR, use setLogLevel(newLevel).
[2026-07-26T00:01:42.869+0000] {subprocess.py:93} INFO - 26/07/26 00:01:42 WARN Utils: Service 'SparkUI' could not bind on port 4040. Attempting port 4041.
[2026-07-26T00:01:42.877+0000] {subprocess.py:93} INFO - 26/07/26 00:01:42 WARN Utils: Service 'SparkUI' could not bind on port 4041. Attempting port 4042.
[2026-07-26T00:01:42.882+0000] {subprocess.py:93} INFO - 26/07/26 00:01:42 WARN Utils: Service 'SparkUI' could not bind on port 4042. Attempting port 4043.
[2026-07-26T00:01:42.884+0000] {subprocess.py:93} INFO - 26/07/26 00:01:42 WARN Utils: Service 'SparkUI' could not bind on port 4043. Attempting port 4044.
[2026-07-26T00:02:28.221+0000] {subprocess.py:93} INFO - [Stage 0:>                                                          (0 + 0) / 1]26/07/26 00:02:28 WARN TaskSchedulerImpl: Initial job has not accepted any resources; check your cluster UI to ensure that workers are registered and have sufficient resources
[2026-07-26T00:02:43.220+0000] {subprocess.py:93} INFO - 26/07/26 00:02:43 WARN TaskSchedulerImpl: Initial job has not accepted any resources; check your cluster UI to ensure that workers are registered and have sufficient resources
[2026-07-26T00:02:58.221+0000] {subprocess.py:93} INFO - 26/07/26 00:02:58 WARN TaskSchedulerImpl: Initial job has not accepted any resources; check your cluster UI to ensure that workers are registered and have sufficient resources
[2026-07-26T00:03:11.182+0000] {subprocess.py:93} INFO - [Stage 0:>                                                          (0 + 1) / 1]                                                                                [Stage 4:>                                                          (0 + 1) / 1]                                                                                Nombre lignes : 8
[2026-07-26T00:03:11.185+0000] {subprocess.py:93} INFO - +---------+--------+----------+-------------------------+--------+----+-------+
[2026-07-26T00:03:11.186+0000] {subprocess.py:93} INFO - |usage_key|usage_id|code_usage|type_usage               |tarif_ht|tva |surtaxe|
[2026-07-26T00:03:11.188+0000] {subprocess.py:93} INFO - +---------+--------+----------+-------------------------+--------+----+-------+
[2026-07-26T00:03:11.189+0000] {subprocess.py:93} INFO - |0        |1       |BD        |Branchement Domestique   |250.0   |0.0 |0.0    |
[2026-07-26T00:03:11.191+0000] {subprocess.py:93} INFO - |1        |2       |BF        |Borne Fontaine           |270.0   |48.6|3.25   |
[2026-07-26T00:03:11.192+0000] {subprocess.py:93} INFO - |2        |3       |AC        |Activite Commerciale     |350.0   |63.0|3.25   |
[2026-07-26T00:03:11.193+0000] {subprocess.py:93} INFO - |3        |4       |AB        |Abreuvoir                |200.0   |0.0 |0.0    |
[2026-07-26T00:03:11.194+0000] {subprocess.py:93} INFO - |4        |5       |BC        |Branchement Communautaire|250.0   |0.0 |0.0    |
[2026-07-26T00:03:11.195+0000] {subprocess.py:93} INFO - |5        |6       |MA        |Maraichage               |200.0   |0.0 |0.0    |
[2026-07-26T00:03:11.197+0000] {subprocess.py:93} INFO - |6        |7       |UC        |Usage Commercial         |350.0   |63.0|3.25   |
[2026-07-26T00:03:11.197+0000] {subprocess.py:93} INFO - |7        |8       |PT        |Potence                  |350.0   |63.0|3.25   |
[2026-07-26T00:03:11.199+0000] {subprocess.py:93} INFO - +---------+--------+----------+-------------------------+--------+----+-------+
[2026-07-26T00:03:11.200+0000] {subprocess.py:93} INFO - 
[2026-07-26T00:03:11.201+0000] {subprocess.py:93} INFO - DIM_USAGE créée avec succès
[2026-07-26T00:03:11.756+0000] {subprocess.py:97} INFO - Command exited with return code 0
[2026-07-26T00:03:11.799+0000] {taskinstance.py:340} INFO - ::group::Post task execution logs
[2026-07-26T00:03:11.800+0000] {taskinstance.py:352} INFO - Marking task as SUCCESS. dag_id=flex_eau_pipeline, task_id=dim_usage, run_id=scheduled__2026-07-25T00:00:00+00:00, execution_date=20260725T000000, start_date=20260726T000121, end_date=20260726T000311
[2026-07-26T00:03:11.830+0000] {local_task_job_runner.py:261} INFO - Task exited with return code 0
[2026-07-26T00:03:11.869+0000] {taskinstance.py:3891} INFO - 0 downstream tasks scheduled from follow-on schedule check
[2026-07-26T00:03:11.874+0000] {local_task_job_runner.py:240} INFO - ::endgroup::
