[2026-06-19T12:25:53.691+0000] {local_task_job_runner.py:123} INFO - ::group::Pre task execution logs
[2026-06-19T12:25:53.741+0000] {taskinstance.py:2603} INFO - Dependencies all met for dep_context=non-requeueable deps ti=<TaskInstance: flex_eau_pipeline.ingestion_mysql_staging manual__2026-06-19T12:25:52.072144+00:00 [queued]>
[2026-06-19T12:25:53.754+0000] {taskinstance.py:2603} INFO - Dependencies all met for dep_context=requeueable deps ti=<TaskInstance: flex_eau_pipeline.ingestion_mysql_staging manual__2026-06-19T12:25:52.072144+00:00 [queued]>
[2026-06-19T12:25:53.758+0000] {taskinstance.py:2856} INFO - Starting attempt 1 of 1
[2026-06-19T12:25:53.779+0000] {taskinstance.py:2879} INFO - Executing <Task(BashOperator): ingestion_mysql_staging> on 2026-06-19 12:25:52.072144+00:00
[2026-06-19T12:25:53.805+0000] {logging_mixin.py:190} WARNING - /home/***/.local/lib/python3.12/site-packages/***/task/task_runner/standard_task_runner.py:70 DeprecationWarning: This process (pid=520) is multi-threaded, use of fork() may lead to deadlocks in the child.
[2026-06-19T12:25:53.808+0000] {standard_task_runner.py:72} INFO - Started process 521 to run task
[2026-06-19T12:25:53.805+0000] {standard_task_runner.py:104} INFO - Running: ['***', 'tasks', 'run', 'flex_eau_pipeline', 'ingestion_mysql_staging', 'manual__2026-06-19T12:25:52.072144+00:00', '--job-id', '7', '--raw', '--subdir', 'DAGS_FOLDER/flex_eau_pipeline.py', '--cfg-path', '/tmp/tmp9hpz5igx']
[2026-06-19T12:25:53.810+0000] {standard_task_runner.py:105} INFO - Job 7: Subtask ingestion_mysql_staging
[2026-06-19T12:25:53.912+0000] {task_command.py:467} INFO - Running <TaskInstance: flex_eau_pipeline.ingestion_mysql_staging manual__2026-06-19T12:25:52.072144+00:00 [running]> on host 7614ee4a67ce
[2026-06-19T12:25:54.035+0000] {taskinstance.py:3122} INFO - Exporting env vars: AIRFLOW_CTX_DAG_OWNER='***' AIRFLOW_CTX_DAG_ID='flex_eau_pipeline' AIRFLOW_CTX_TASK_ID='ingestion_mysql_staging' AIRFLOW_CTX_EXECUTION_DATE='2026-06-19T12:25:52.072144+00:00' AIRFLOW_CTX_TRY_NUMBER='1' AIRFLOW_CTX_DAG_RUN_ID='manual__2026-06-19T12:25:52.072144+00:00'
[2026-06-19T12:25:54.036+0000] {taskinstance.py:731} INFO - ::endgroup::
[2026-06-19T12:25:54.056+0000] {subprocess.py:63} INFO - Tmp dir root location: /tmp
[2026-06-19T12:25:54.060+0000] {subprocess.py:75} INFO - Running command: ['/usr/bin/bash', '-c', '\n        cd /opt/project &&         python ingestion/mysql_to_staging.py\n        ']
[2026-06-19T12:25:54.073+0000] {subprocess.py:86} INFO - Output:
[2026-06-19T12:26:01.080+0000] {subprocess.py:93} INFO - 
[2026-06-19T12:26:01.082+0000] {subprocess.py:93} INFO - ===== departements =====
[2026-06-19T12:26:01.083+0000] {subprocess.py:93} INFO - Traceback (most recent call last):
[2026-06-19T12:26:01.084+0000] {subprocess.py:93} INFO -   File "/home/***/.local/lib/python3.12/site-packages/pymysql/connections.py", line 682, in connect
[2026-06-19T12:26:01.085+0000] {subprocess.py:93} INFO -     sock = socket.create_connection(
[2026-06-19T12:26:01.085+0000] {subprocess.py:93} INFO -            ^^^^^^^^^^^^^^^^^^^^^^^^^
[2026-06-19T12:26:01.086+0000] {subprocess.py:93} INFO -   File "/usr/local/lib/python3.12/socket.py", line 865, in create_connection
[2026-06-19T12:26:01.087+0000] {subprocess.py:93} INFO -     raise exceptions[0]
[2026-06-19T12:26:01.088+0000] {subprocess.py:93} INFO -   File "/usr/local/lib/python3.12/socket.py", line 850, in create_connection
[2026-06-19T12:26:01.089+0000] {subprocess.py:93} INFO -     sock.connect(sa)
[2026-06-19T12:26:01.090+0000] {subprocess.py:93} INFO - ConnectionRefusedError: [Errno 111] Connection refused
[2026-06-19T12:26:01.091+0000] {subprocess.py:93} INFO - 
[2026-06-19T12:26:01.092+0000] {subprocess.py:93} INFO - During handling of the above exception, another exception occurred:
[2026-06-19T12:26:01.093+0000] {subprocess.py:93} INFO - 
[2026-06-19T12:26:01.094+0000] {subprocess.py:93} INFO - Traceback (most recent call last):
[2026-06-19T12:26:01.095+0000] {subprocess.py:93} INFO -   File "/home/***/.local/lib/python3.12/site-packages/sqlalchemy/engine/base.py", line 3371, in _wrap_pool_connect
[2026-06-19T12:26:01.095+0000] {subprocess.py:93} INFO -     return fn()
[2026-06-19T12:26:01.096+0000] {subprocess.py:93} INFO -            ^^^^
[2026-06-19T12:26:01.097+0000] {subprocess.py:93} INFO -   File "/home/***/.local/lib/python3.12/site-packages/sqlalchemy/pool/base.py", line 327, in connect
[2026-06-19T12:26:01.097+0000] {subprocess.py:93} INFO -     return _ConnectionFairy._checkout(self)
[2026-06-19T12:26:01.098+0000] {subprocess.py:93} INFO -            ^^^^^^^^^^^^^^^^^^^^^^^^^^^^^^^^
[2026-06-19T12:26:01.099+0000] {subprocess.py:93} INFO -   File "/home/***/.local/lib/python3.12/site-packages/sqlalchemy/pool/base.py", line 894, in _checkout
[2026-06-19T12:26:01.099+0000] {subprocess.py:93} INFO -     fairy = _ConnectionRecord.checkout(pool)
[2026-06-19T12:26:01.100+0000] {subprocess.py:93} INFO -             ^^^^^^^^^^^^^^^^^^^^^^^^^^^^^^^^
[2026-06-19T12:26:01.100+0000] {subprocess.py:93} INFO -   File "/home/***/.local/lib/python3.12/site-packages/sqlalchemy/pool/base.py", line 493, in checkout
[2026-06-19T12:26:01.101+0000] {subprocess.py:93} INFO -     rec = pool._do_get()
[2026-06-19T12:26:01.102+0000] {subprocess.py:93} INFO -           ^^^^^^^^^^^^^^
[2026-06-19T12:26:01.102+0000] {subprocess.py:93} INFO -   File "/home/***/.local/lib/python3.12/site-packages/sqlalchemy/pool/impl.py", line 145, in _do_get
[2026-06-19T12:26:01.103+0000] {subprocess.py:93} INFO -     with util.safe_reraise():
[2026-06-19T12:26:01.103+0000] {subprocess.py:93} INFO -   File "/home/***/.local/lib/python3.12/site-packages/sqlalchemy/util/langhelpers.py", line 70, in __exit__
[2026-06-19T12:26:01.104+0000] {subprocess.py:93} INFO -     compat.raise_(
[2026-06-19T12:26:01.105+0000] {subprocess.py:93} INFO -   File "/home/***/.local/lib/python3.12/site-packages/sqlalchemy/util/compat.py", line 211, in raise_
[2026-06-19T12:26:01.106+0000] {subprocess.py:93} INFO -     raise exception
[2026-06-19T12:26:01.106+0000] {subprocess.py:93} INFO -   File "/home/***/.local/lib/python3.12/site-packages/sqlalchemy/pool/impl.py", line 143, in _do_get
[2026-06-19T12:26:01.107+0000] {subprocess.py:93} INFO -     return self._create_connection()
[2026-06-19T12:26:01.107+0000] {subprocess.py:93} INFO -            ^^^^^^^^^^^^^^^^^^^^^^^^^
[2026-06-19T12:26:01.108+0000] {subprocess.py:93} INFO -   File "/home/***/.local/lib/python3.12/site-packages/sqlalchemy/pool/base.py", line 273, in _create_connection
[2026-06-19T12:26:01.109+0000] {subprocess.py:93} INFO -     return _ConnectionRecord(self)
[2026-06-19T12:26:01.109+0000] {subprocess.py:93} INFO -            ^^^^^^^^^^^^^^^^^^^^^^^
[2026-06-19T12:26:01.110+0000] {subprocess.py:93} INFO -   File "/home/***/.local/lib/python3.12/site-packages/sqlalchemy/pool/base.py", line 388, in __init__
[2026-06-19T12:26:01.111+0000] {subprocess.py:93} INFO -     self.__connect()
[2026-06-19T12:26:01.111+0000] {subprocess.py:93} INFO -   File "/home/***/.local/lib/python3.12/site-packages/sqlalchemy/pool/base.py", line 690, in __connect
[2026-06-19T12:26:01.112+0000] {subprocess.py:93} INFO -     with util.safe_reraise():
[2026-06-19T12:26:01.113+0000] {subprocess.py:93} INFO -   File "/home/***/.local/lib/python3.12/site-packages/sqlalchemy/util/langhelpers.py", line 70, in __exit__
[2026-06-19T12:26:01.114+0000] {subprocess.py:93} INFO -     compat.raise_(
[2026-06-19T12:26:01.114+0000] {subprocess.py:93} INFO -   File "/home/***/.local/lib/python3.12/site-packages/sqlalchemy/util/compat.py", line 211, in raise_
[2026-06-19T12:26:01.115+0000] {subprocess.py:93} INFO -     raise exception
[2026-06-19T12:26:01.116+0000] {subprocess.py:93} INFO -   File "/home/***/.local/lib/python3.12/site-packages/sqlalchemy/pool/base.py", line 686, in __connect
[2026-06-19T12:26:01.117+0000] {subprocess.py:93} INFO -     self.dbapi_connection = connection = pool._invoke_creator(self)
[2026-06-19T12:26:01.117+0000] {subprocess.py:93} INFO -                                          ^^^^^^^^^^^^^^^^^^^^^^^^^^
[2026-06-19T12:26:01.118+0000] {subprocess.py:93} INFO -   File "/home/***/.local/lib/python3.12/site-packages/sqlalchemy/engine/create.py", line 574, in connect
[2026-06-19T12:26:01.119+0000] {subprocess.py:93} INFO -     return dialect.connect(*cargs, **cparams)
[2026-06-19T12:26:01.119+0000] {subprocess.py:93} INFO -            ^^^^^^^^^^^^^^^^^^^^^^^^^^^^^^^^^^
[2026-06-19T12:26:01.120+0000] {subprocess.py:93} INFO -   File "/home/***/.local/lib/python3.12/site-packages/sqlalchemy/engine/default.py", line 598, in connect
[2026-06-19T12:26:01.121+0000] {subprocess.py:93} INFO -     return self.dbapi.connect(*cargs, **cparams)
[2026-06-19T12:26:01.121+0000] {subprocess.py:93} INFO -            ^^^^^^^^^^^^^^^^^^^^^^^^^^^^^^^^^^^^^
[2026-06-19T12:26:01.122+0000] {subprocess.py:93} INFO -   File "/home/***/.local/lib/python3.12/site-packages/pymysql/connections.py", line 372, in __init__
[2026-06-19T12:26:01.123+0000] {subprocess.py:93} INFO -     self.connect()
[2026-06-19T12:26:01.123+0000] {subprocess.py:93} INFO -   File "/home/***/.local/lib/python3.12/site-packages/pymysql/connections.py", line 744, in connect
[2026-06-19T12:26:01.124+0000] {subprocess.py:93} INFO -     raise exc
[2026-06-19T12:26:01.125+0000] {subprocess.py:93} INFO - pymysql.err.OperationalError: (2003, "Can't connect to MySQL server on 'localhost' ([Errno 111] Connection refused)")
[2026-06-19T12:26:01.125+0000] {subprocess.py:93} INFO - 
[2026-06-19T12:26:01.126+0000] {subprocess.py:93} INFO - The above exception was the direct cause of the following exception:
[2026-06-19T12:26:01.127+0000] {subprocess.py:93} INFO - 
[2026-06-19T12:26:01.127+0000] {subprocess.py:93} INFO - Traceback (most recent call last):
[2026-06-19T12:26:01.128+0000] {subprocess.py:93} INFO -   File "/home/***/.local/lib/python3.12/site-packages/dlt/extract/pipe_iterator.py", line 274, in _get_source_item
[2026-06-19T12:26:01.129+0000] {subprocess.py:93} INFO -     pipe_item = next(gen)
[2026-06-19T12:26:01.130+0000] {subprocess.py:93} INFO -                 ^^^^^^^^^
[2026-06-19T12:26:01.131+0000] {subprocess.py:93} INFO -   File "/opt/project/ingestion/mysql_to_staging.py", line 24, in resource
[2026-06-19T12:26:01.133+0000] {subprocess.py:93} INFO -     df = pd.read_sql(query, mysql_engine)
[2026-06-19T12:26:01.134+0000] {subprocess.py:93} INFO -          ^^^^^^^^^^^^^^^^^^^^^^^^^^^^^^^^
[2026-06-19T12:26:01.135+0000] {subprocess.py:93} INFO -   File "/home/***/.local/lib/python3.12/site-packages/pandas/io/sql.py", line 652, in read_sql
[2026-06-19T12:26:01.137+0000] {subprocess.py:93} INFO -     with pandasSQL_builder(con) as pandas_sql:
[2026-06-19T12:26:01.138+0000] {subprocess.py:93} INFO -          ^^^^^^^^^^^^^^^^^^^^^^
[2026-06-19T12:26:01.139+0000] {subprocess.py:93} INFO -   File "/home/***/.local/lib/python3.12/site-packages/pandas/io/sql.py", line 851, in pandasSQL_builder
[2026-06-19T12:26:01.140+0000] {subprocess.py:93} INFO -     return SQLDatabase(con, schema, need_transaction)
[2026-06-19T12:26:01.142+0000] {subprocess.py:93} INFO -            ^^^^^^^^^^^^^^^^^^^^^^^^^^^^^^^^^^^^^^^^^^
[2026-06-19T12:26:01.143+0000] {subprocess.py:93} INFO -   File "/home/***/.local/lib/python3.12/site-packages/pandas/io/sql.py", line 1576, in __init__
[2026-06-19T12:26:01.144+0000] {subprocess.py:93} INFO -     con = self.exit_stack.enter_context(con.connect())
[2026-06-19T12:26:01.145+0000] {subprocess.py:93} INFO -                                         ^^^^^^^^^^^^^
[2026-06-19T12:26:01.147+0000] {subprocess.py:93} INFO -   File "/home/***/.local/lib/python3.12/site-packages/sqlalchemy/engine/base.py", line 3325, in connect
[2026-06-19T12:26:01.148+0000] {subprocess.py:93} INFO -     return self._connection_cls(self, close_with_result=close_with_result)
[2026-06-19T12:26:01.149+0000] {subprocess.py:93} INFO -            ^^^^^^^^^^^^^^^^^^^^^^^^^^^^^^^^^^^^^^^^^^^^^^^^^^^^^^^^^^^^^^^
[2026-06-19T12:26:01.151+0000] {subprocess.py:93} INFO -   File "/home/***/.local/lib/python3.12/site-packages/sqlalchemy/engine/base.py", line 96, in __init__
[2026-06-19T12:26:01.152+0000] {subprocess.py:93} INFO -     else engine.raw_connection()
[2026-06-19T12:26:01.153+0000] {subprocess.py:93} INFO -          ^^^^^^^^^^^^^^^^^^^^^^^
[2026-06-19T12:26:01.155+0000] {subprocess.py:93} INFO -   File "/home/***/.local/lib/python3.12/site-packages/sqlalchemy/engine/base.py", line 3404, in raw_connection
[2026-06-19T12:26:01.156+0000] {subprocess.py:93} INFO -     return self._wrap_pool_connect(self.pool.connect, _connection)
[2026-06-19T12:26:01.157+0000] {subprocess.py:93} INFO -            ^^^^^^^^^^^^^^^^^^^^^^^^^^^^^^^^^^^^^^^^^^^^^^^^^^^^^^^
[2026-06-19T12:26:01.158+0000] {subprocess.py:93} INFO -   File "/home/***/.local/lib/python3.12/site-packages/sqlalchemy/engine/base.py", line 3374, in _wrap_pool_connect
[2026-06-19T12:26:01.160+0000] {subprocess.py:93} INFO -     Connection._handle_dbapi_exception_noconnection(
[2026-06-19T12:26:01.161+0000] {subprocess.py:93} INFO -   File "/home/***/.local/lib/python3.12/site-packages/sqlalchemy/engine/base.py", line 2208, in _handle_dbapi_exception_noconnection
[2026-06-19T12:26:01.163+0000] {subprocess.py:93} INFO -     util.raise_(
[2026-06-19T12:26:01.164+0000] {subprocess.py:93} INFO -   File "/home/***/.local/lib/python3.12/site-packages/sqlalchemy/util/compat.py", line 211, in raise_
[2026-06-19T12:26:01.166+0000] {subprocess.py:93} INFO -     raise exception
[2026-06-19T12:26:01.167+0000] {subprocess.py:93} INFO -   File "/home/***/.local/lib/python3.12/site-packages/sqlalchemy/engine/base.py", line 3371, in _wrap_pool_connect
[2026-06-19T12:26:01.168+0000] {subprocess.py:93} INFO -     return fn()
[2026-06-19T12:26:01.170+0000] {subprocess.py:93} INFO -            ^^^^
[2026-06-19T12:26:01.171+0000] {subprocess.py:93} INFO -   File "/home/***/.local/lib/python3.12/site-packages/sqlalchemy/pool/base.py", line 327, in connect
[2026-06-19T12:26:01.172+0000] {subprocess.py:93} INFO -     return _ConnectionFairy._checkout(self)
[2026-06-19T12:26:01.174+0000] {subprocess.py:93} INFO -            ^^^^^^^^^^^^^^^^^^^^^^^^^^^^^^^^
[2026-06-19T12:26:01.175+0000] {subprocess.py:93} INFO -   File "/home/***/.local/lib/python3.12/site-packages/sqlalchemy/pool/base.py", line 894, in _checkout
[2026-06-19T12:26:01.176+0000] {subprocess.py:93} INFO -     fairy = _ConnectionRecord.checkout(pool)
[2026-06-19T12:26:01.178+0000] {subprocess.py:93} INFO -             ^^^^^^^^^^^^^^^^^^^^^^^^^^^^^^^^
[2026-06-19T12:26:01.181+0000] {subprocess.py:93} INFO -   File "/home/***/.local/lib/python3.12/site-packages/sqlalchemy/pool/base.py", line 493, in checkout
[2026-06-19T12:26:01.183+0000] {subprocess.py:93} INFO -     rec = pool._do_get()
[2026-06-19T12:26:01.184+0000] {subprocess.py:93} INFO -           ^^^^^^^^^^^^^^
[2026-06-19T12:26:01.185+0000] {subprocess.py:93} INFO -   File "/home/***/.local/lib/python3.12/site-packages/sqlalchemy/pool/impl.py", line 145, in _do_get
[2026-06-19T12:26:01.186+0000] {subprocess.py:93} INFO -     with util.safe_reraise():
[2026-06-19T12:26:01.187+0000] {subprocess.py:93} INFO -   File "/home/***/.local/lib/python3.12/site-packages/sqlalchemy/util/langhelpers.py", line 70, in __exit__
[2026-06-19T12:26:01.188+0000] {subprocess.py:93} INFO -     compat.raise_(
[2026-06-19T12:26:01.189+0000] {subprocess.py:93} INFO -   File "/home/***/.local/lib/python3.12/site-packages/sqlalchemy/util/compat.py", line 211, in raise_
[2026-06-19T12:26:01.190+0000] {subprocess.py:93} INFO -     raise exception
[2026-06-19T12:26:01.191+0000] {subprocess.py:93} INFO -   File "/home/***/.local/lib/python3.12/site-packages/sqlalchemy/pool/impl.py", line 143, in _do_get
[2026-06-19T12:26:01.192+0000] {subprocess.py:93} INFO -     return self._create_connection()
[2026-06-19T12:26:01.193+0000] {subprocess.py:93} INFO -            ^^^^^^^^^^^^^^^^^^^^^^^^^
[2026-06-19T12:26:01.194+0000] {subprocess.py:93} INFO -   File "/home/***/.local/lib/python3.12/site-packages/sqlalchemy/pool/base.py", line 273, in _create_connection
[2026-06-19T12:26:01.195+0000] {subprocess.py:93} INFO -     return _ConnectionRecord(self)
[2026-06-19T12:26:01.196+0000] {subprocess.py:93} INFO -            ^^^^^^^^^^^^^^^^^^^^^^^
[2026-06-19T12:26:01.197+0000] {subprocess.py:93} INFO -   File "/home/***/.local/lib/python3.12/site-packages/sqlalchemy/pool/base.py", line 388, in __init__
[2026-06-19T12:26:01.198+0000] {subprocess.py:93} INFO -     self.__connect()
[2026-06-19T12:26:01.198+0000] {subprocess.py:93} INFO -   File "/home/***/.local/lib/python3.12/site-packages/sqlalchemy/pool/base.py", line 690, in __connect
[2026-06-19T12:26:01.199+0000] {subprocess.py:93} INFO -     with util.safe_reraise():
[2026-06-19T12:26:01.200+0000] {subprocess.py:93} INFO -   File "/home/***/.local/lib/python3.12/site-packages/sqlalchemy/util/langhelpers.py", line 70, in __exit__
[2026-06-19T12:26:01.201+0000] {subprocess.py:93} INFO -     compat.raise_(
[2026-06-19T12:26:01.201+0000] {subprocess.py:93} INFO -   File "/home/***/.local/lib/python3.12/site-packages/sqlalchemy/util/compat.py", line 211, in raise_
[2026-06-19T12:26:01.202+0000] {subprocess.py:93} INFO -     raise exception
[2026-06-19T12:26:01.203+0000] {subprocess.py:93} INFO -   File "/home/***/.local/lib/python3.12/site-packages/sqlalchemy/pool/base.py", line 686, in __connect
[2026-06-19T12:26:01.203+0000] {subprocess.py:93} INFO -     self.dbapi_connection = connection = pool._invoke_creator(self)
[2026-06-19T12:26:01.204+0000] {subprocess.py:93} INFO -                                          ^^^^^^^^^^^^^^^^^^^^^^^^^^
[2026-06-19T12:26:01.205+0000] {subprocess.py:93} INFO -   File "/home/***/.local/lib/python3.12/site-packages/sqlalchemy/engine/create.py", line 574, in connect
[2026-06-19T12:26:01.206+0000] {subprocess.py:93} INFO -     return dialect.connect(*cargs, **cparams)
[2026-06-19T12:26:01.207+0000] {subprocess.py:93} INFO -            ^^^^^^^^^^^^^^^^^^^^^^^^^^^^^^^^^^
[2026-06-19T12:26:01.207+0000] {subprocess.py:93} INFO -   File "/home/***/.local/lib/python3.12/site-packages/sqlalchemy/engine/default.py", line 598, in connect
[2026-06-19T12:26:01.208+0000] {subprocess.py:93} INFO -     return self.dbapi.connect(*cargs, **cparams)
[2026-06-19T12:26:01.209+0000] {subprocess.py:93} INFO -            ^^^^^^^^^^^^^^^^^^^^^^^^^^^^^^^^^^^^^
[2026-06-19T12:26:01.209+0000] {subprocess.py:93} INFO -   File "/home/***/.local/lib/python3.12/site-packages/pymysql/connections.py", line 372, in __init__
[2026-06-19T12:26:01.211+0000] {subprocess.py:93} INFO -     self.connect()
[2026-06-19T12:26:01.211+0000] {subprocess.py:93} INFO -   File "/home/***/.local/lib/python3.12/site-packages/pymysql/connections.py", line 744, in connect
[2026-06-19T12:26:01.212+0000] {subprocess.py:93} INFO -     raise exc
[2026-06-19T12:26:01.213+0000] {subprocess.py:93} INFO - sqlalchemy.exc.OperationalError: (pymysql.err.OperationalError) (2003, "Can't connect to MySQL server on 'localhost' ([Errno 111] Connection refused)")
[2026-06-19T12:26:01.214+0000] {subprocess.py:93} INFO - (Background on this error at: https://sqlalche.me/e/14/e3q8)
[2026-06-19T12:26:01.214+0000] {subprocess.py:93} INFO - 
[2026-06-19T12:26:01.215+0000] {subprocess.py:93} INFO - The above exception was the direct cause of the following exception:
[2026-06-19T12:26:01.216+0000] {subprocess.py:93} INFO - 
[2026-06-19T12:26:01.217+0000] {subprocess.py:93} INFO - Traceback (most recent call last):
[2026-06-19T12:26:01.217+0000] {subprocess.py:93} INFO -   File "/home/***/.local/lib/python3.12/site-packages/dlt/pipeline/pipeline.py", line 500, in extract
[2026-06-19T12:26:01.218+0000] {subprocess.py:93} INFO -     self._extract_source(
[2026-06-19T12:26:01.219+0000] {subprocess.py:93} INFO -   File "/home/***/.local/lib/python3.12/site-packages/dlt/pipeline/pipeline.py", line 1437, in _extract_source
[2026-06-19T12:26:01.220+0000] {subprocess.py:93} INFO -     load_id = extract.extract(
[2026-06-19T12:26:01.221+0000] {subprocess.py:93} INFO -               ^^^^^^^^^^^^^^^^
[2026-06-19T12:26:01.221+0000] {subprocess.py:93} INFO -   File "/home/***/.local/lib/python3.12/site-packages/dlt/extract/extract.py", line 592, in extract
[2026-06-19T12:26:01.222+0000] {subprocess.py:93} INFO -     self._extract_single_source(
[2026-06-19T12:26:01.223+0000] {subprocess.py:93} INFO -   File "/home/***/.local/lib/python3.12/site-packages/dlt/extract/extract.py", line 509, in _extract_single_source
[2026-06-19T12:26:01.224+0000] {subprocess.py:93} INFO -     for pipe_item in pipes:
[2026-06-19T12:26:01.225+0000] {subprocess.py:93} INFO -                      ^^^^^
[2026-06-19T12:26:01.225+0000] {subprocess.py:93} INFO -   File "/home/***/.local/lib/python3.12/site-packages/dlt/extract/pipe_iterator.py", line 158, in __next__
[2026-06-19T12:26:01.226+0000] {subprocess.py:93} INFO -     pipe_item = self._get_source_item()
[2026-06-19T12:26:01.227+0000] {subprocess.py:93} INFO -                 ^^^^^^^^^^^^^^^^^^^^^^^
[2026-06-19T12:26:01.227+0000] {subprocess.py:93} INFO -   File "/home/***/.local/lib/python3.12/site-packages/dlt/extract/pipe_iterator.py", line 304, in _get_source_item
[2026-06-19T12:26:01.228+0000] {subprocess.py:93} INFO -     raise ResourceExtractionError(pipe.name, gen, str(ex), "generator") from ex
[2026-06-19T12:26:01.229+0000] {subprocess.py:93} INFO - dlt.extract.exceptions.ResourceExtractionError: In processing pipe `departements`: extraction of resource `departements` in `generator` `resource` caused an exception: (pymysql.err.OperationalError) (2003, "Can't connect to MySQL server on 'localhost' ([Errno 111] Connection refused)")
[2026-06-19T12:26:01.230+0000] {subprocess.py:93} INFO - (Background on this error at: https://sqlalche.me/e/14/e3q8)
[2026-06-19T12:26:01.230+0000] {subprocess.py:93} INFO - 
[2026-06-19T12:26:01.231+0000] {subprocess.py:93} INFO - The above exception was the direct cause of the following exception:
[2026-06-19T12:26:01.232+0000] {subprocess.py:93} INFO - 
[2026-06-19T12:26:01.233+0000] {subprocess.py:93} INFO - Traceback (most recent call last):
[2026-06-19T12:26:01.234+0000] {subprocess.py:93} INFO -   File "/opt/project/ingestion/mysql_to_staging.py", line 42, in <module>
[2026-06-19T12:26:01.234+0000] {subprocess.py:93} INFO -     load_info = pipeline.run(
[2026-06-19T12:26:01.235+0000] {subprocess.py:93} INFO -                 ^^^^^^^^^^^^^
[2026-06-19T12:26:01.236+0000] {subprocess.py:93} INFO -   File "/home/***/.local/lib/python3.12/site-packages/dlt/pipeline/pipeline.py", line 231, in _wrap
[2026-06-19T12:26:01.238+0000] {subprocess.py:93} INFO -     step_info = f(self, *args, **kwargs)
[2026-06-19T12:26:01.239+0000] {subprocess.py:93} INFO -                 ^^^^^^^^^^^^^^^^^^^^^^^^
[2026-06-19T12:26:01.240+0000] {subprocess.py:93} INFO -   File "/home/***/.local/lib/python3.12/site-packages/dlt/pipeline/pipeline.py", line 279, in _wrap
[2026-06-19T12:26:01.241+0000] {subprocess.py:93} INFO -     return f(self, *args, **kwargs)
[2026-06-19T12:26:01.243+0000] {subprocess.py:93} INFO -            ^^^^^^^^^^^^^^^^^^^^^^^^
[2026-06-19T12:26:01.244+0000] {subprocess.py:93} INFO -   File "/home/***/.local/lib/python3.12/site-packages/dlt/pipeline/pipeline.py", line 777, in run
[2026-06-19T12:26:01.246+0000] {subprocess.py:93} INFO -     self.extract(
[2026-06-19T12:26:01.247+0000] {subprocess.py:93} INFO -   File "/home/***/.local/lib/python3.12/site-packages/dlt/pipeline/pipeline.py", line 231, in _wrap
[2026-06-19T12:26:01.248+0000] {subprocess.py:93} INFO -     step_info = f(self, *args, **kwargs)
[2026-06-19T12:26:01.249+0000] {subprocess.py:93} INFO -                 ^^^^^^^^^^^^^^^^^^^^^^^^
[2026-06-19T12:26:01.251+0000] {subprocess.py:93} INFO -   File "/home/***/.local/lib/python3.12/site-packages/dlt/pipeline/pipeline.py", line 170, in _wrap
[2026-06-19T12:26:01.252+0000] {subprocess.py:93} INFO -     return f(self, *args, **kwargs)
[2026-06-19T12:26:01.253+0000] {subprocess.py:93} INFO -            ^^^^^^^^^^^^^^^^^^^^^^^^
[2026-06-19T12:26:01.254+0000] {subprocess.py:93} INFO -   File "/home/***/.local/lib/python3.12/site-packages/dlt/pipeline/pipeline.py", line 184, in _wrap
[2026-06-19T12:26:01.256+0000] {subprocess.py:93} INFO -     rv = f(self, *args, **kwargs)
[2026-06-19T12:26:01.257+0000] {subprocess.py:93} INFO -          ^^^^^^^^^^^^^^^^^^^^^^^^
[2026-06-19T12:26:01.258+0000] {subprocess.py:93} INFO -   File "/home/***/.local/lib/python3.12/site-packages/dlt/pipeline/pipeline.py", line 279, in _wrap
[2026-06-19T12:26:01.260+0000] {subprocess.py:93} INFO -     return f(self, *args, **kwargs)
[2026-06-19T12:26:01.261+0000] {subprocess.py:93} INFO -            ^^^^^^^^^^^^^^^^^^^^^^^^
[2026-06-19T12:26:01.262+0000] {subprocess.py:93} INFO -   File "/home/***/.local/lib/python3.12/site-packages/dlt/pipeline/pipeline.py", line 523, in extract
[2026-06-19T12:26:01.263+0000] {subprocess.py:93} INFO -     raise PipelineStepFailed(
[2026-06-19T12:26:01.265+0000] {subprocess.py:93} INFO - dlt.pipeline.exceptions.PipelineStepFailed: Pipeline execution failed at `step=extract` when processing package with `load_id=1781871960.6914551` with exception:
[2026-06-19T12:26:01.266+0000] {subprocess.py:93} INFO - 
[2026-06-19T12:26:01.267+0000] {subprocess.py:93} INFO - <class 'dlt.extract.exceptions.ResourceExtractionError'>
[2026-06-19T12:26:01.268+0000] {subprocess.py:93} INFO - In processing pipe `departements`: extraction of resource `departements` in `generator` `resource` caused an exception: (pymysql.err.OperationalError) (2003, "Can't connect to MySQL server on 'localhost' ([Errno 111] Connection refused)")
[2026-06-19T12:26:01.269+0000] {subprocess.py:93} INFO - (Background on this error at: https://sqlalche.me/e/14/e3q8)
[2026-06-19T12:26:02.126+0000] {subprocess.py:97} INFO - Command exited with return code 1
[2026-06-19T12:26:02.151+0000] {taskinstance.py:3301} ERROR - Task failed with exception
Traceback (most recent call last):
  File "/home/airflow/.local/lib/python3.12/site-packages/airflow/models/taskinstance.py", line 767, in _execute_task
    result = _execute_callable(context=context, **execute_callable_kwargs)
             ^^^^^^^^^^^^^^^^^^^^^^^^^^^^^^^^^^^^^^^^^^^^^^^^^^^^^^^^^^^^^
  File "/home/airflow/.local/lib/python3.12/site-packages/airflow/models/taskinstance.py", line 733, in _execute_callable
    return ExecutionCallableRunner(
           ^^^^^^^^^^^^^^^^^^^^^^^^
  File "/home/airflow/.local/lib/python3.12/site-packages/airflow/utils/operator_helpers.py", line 252, in run
    return self.func(*args, **kwargs)
           ^^^^^^^^^^^^^^^^^^^^^^^^^^
  File "/home/airflow/.local/lib/python3.12/site-packages/airflow/models/baseoperator.py", line 406, in wrapper
    return func(self, *args, **kwargs)
           ^^^^^^^^^^^^^^^^^^^^^^^^^^^
  File "/home/airflow/.local/lib/python3.12/site-packages/airflow/operators/bash.py", line 249, in execute
    raise AirflowException(
airflow.exceptions.AirflowException: Bash command failed. The command returned a non-zero exit code 1.
[2026-06-19T12:26:02.162+0000] {taskinstance.py:1225} INFO - Marking task as FAILED. dag_id=flex_eau_pipeline, task_id=ingestion_mysql_staging, run_id=manual__2026-06-19T12:25:52.072144+00:00, execution_date=20260619T122552, start_date=20260619T122553, end_date=20260619T122602
[2026-06-19T12:26:02.183+0000] {taskinstance.py:340} INFO - ::group::Post task execution logs
[2026-06-19T12:26:02.184+0000] {standard_task_runner.py:124} ERROR - Failed to execute job 7 for task ingestion_mysql_staging (Bash command failed. The command returned a non-zero exit code 1.; 521)
Traceback (most recent call last):
  File "/home/airflow/.local/lib/python3.12/site-packages/airflow/task/task_runner/standard_task_runner.py", line 117, in _start_by_fork
    ret = args.func(args, dag=self.dag)
          ^^^^^^^^^^^^^^^^^^^^^^^^^^^^^
  File "/home/airflow/.local/lib/python3.12/site-packages/airflow/cli/cli_config.py", line 49, in command
    return func(*args, **kwargs)
           ^^^^^^^^^^^^^^^^^^^^^
  File "/home/airflow/.local/lib/python3.12/site-packages/airflow/utils/cli.py", line 115, in wrapper
    return f(*args, **kwargs)
           ^^^^^^^^^^^^^^^^^^
  File "/home/airflow/.local/lib/python3.12/site-packages/airflow/cli/commands/task_command.py", line 483, in task_run
    task_return_code = _run_task_by_selected_method(args, _dag, ti)
                       ^^^^^^^^^^^^^^^^^^^^^^^^^^^^^^^^^^^^^^^^^^^^
  File "/home/airflow/.local/lib/python3.12/site-packages/airflow/cli/commands/task_command.py", line 256, in _run_task_by_selected_method
    return _run_raw_task(args, ti)
           ^^^^^^^^^^^^^^^^^^^^^^^
  File "/home/airflow/.local/lib/python3.12/site-packages/airflow/cli/commands/task_command.py", line 341, in _run_raw_task
    return ti._run_raw_task(
           ^^^^^^^^^^^^^^^^^
  File "/home/airflow/.local/lib/python3.12/site-packages/airflow/utils/session.py", line 97, in wrapper
    return func(*args, session=session, **kwargs)
           ^^^^^^^^^^^^^^^^^^^^^^^^^^^^^^^^^^^^^^
  File "/home/airflow/.local/lib/python3.12/site-packages/airflow/models/taskinstance.py", line 2995, in _run_raw_task
    return _run_raw_task(
           ^^^^^^^^^^^^^^
  File "/home/airflow/.local/lib/python3.12/site-packages/airflow/models/taskinstance.py", line 273, in _run_raw_task
    TaskInstance._execute_task_with_callbacks(
  File "/home/airflow/.local/lib/python3.12/site-packages/airflow/models/taskinstance.py", line 3149, in _execute_task_with_callbacks
    result = self._execute_task(context, task_orig)
             ^^^^^^^^^^^^^^^^^^^^^^^^^^^^^^^^^^^^^^
  File "/home/airflow/.local/lib/python3.12/site-packages/airflow/models/taskinstance.py", line 3173, in _execute_task
    return _execute_task(self, context, task_orig)
           ^^^^^^^^^^^^^^^^^^^^^^^^^^^^^^^^^^^^^^^
  File "/home/airflow/.local/lib/python3.12/site-packages/airflow/models/taskinstance.py", line 767, in _execute_task
    result = _execute_callable(context=context, **execute_callable_kwargs)
             ^^^^^^^^^^^^^^^^^^^^^^^^^^^^^^^^^^^^^^^^^^^^^^^^^^^^^^^^^^^^^
  File "/home/airflow/.local/lib/python3.12/site-packages/airflow/models/taskinstance.py", line 733, in _execute_callable
    return ExecutionCallableRunner(
           ^^^^^^^^^^^^^^^^^^^^^^^^
  File "/home/airflow/.local/lib/python3.12/site-packages/airflow/utils/operator_helpers.py", line 252, in run
    return self.func(*args, **kwargs)
           ^^^^^^^^^^^^^^^^^^^^^^^^^^
  File "/home/airflow/.local/lib/python3.12/site-packages/airflow/models/baseoperator.py", line 406, in wrapper
    return func(self, *args, **kwargs)
           ^^^^^^^^^^^^^^^^^^^^^^^^^^^
  File "/home/airflow/.local/lib/python3.12/site-packages/airflow/operators/bash.py", line 249, in execute
    raise AirflowException(
airflow.exceptions.AirflowException: Bash command failed. The command returned a non-zero exit code 1.
[2026-06-19T12:26:02.199+0000] {local_task_job_runner.py:261} INFO - Task exited with return code 1
[2026-06-19T12:26:02.228+0000] {taskinstance.py:3891} INFO - 0 downstream tasks scheduled from follow-on schedule check
[2026-06-19T12:26:02.232+0000] {local_task_job_runner.py:240} INFO - ::endgroup::
