[2026-06-19T12:28:19.641+0000] {local_task_job_runner.py:123} INFO - ::group::Pre task execution logs
[2026-06-19T12:28:19.666+0000] {taskinstance.py:2603} INFO - Dependencies all met for dep_context=non-requeueable deps ti=<TaskInstance: flex_eau_pipeline.ingestion_mysql_staging manual__2026-06-19T12:28:18.079498+00:00 [queued]>
[2026-06-19T12:28:19.677+0000] {taskinstance.py:2603} INFO - Dependencies all met for dep_context=requeueable deps ti=<TaskInstance: flex_eau_pipeline.ingestion_mysql_staging manual__2026-06-19T12:28:18.079498+00:00 [queued]>
[2026-06-19T12:28:19.681+0000] {taskinstance.py:2856} INFO - Starting attempt 1 of 1
[2026-06-19T12:28:19.715+0000] {taskinstance.py:2879} INFO - Executing <Task(BashOperator): ingestion_mysql_staging> on 2026-06-19 12:28:18.079498+00:00
[2026-06-19T12:28:19.736+0000] {logging_mixin.py:190} WARNING - /home/***/.local/lib/python3.12/site-packages/***/task/task_runner/standard_task_runner.py:70 DeprecationWarning: This process (pid=559) is multi-threaded, use of fork() may lead to deadlocks in the child.
[2026-06-19T12:28:19.734+0000] {standard_task_runner.py:104} INFO - Running: ['***', 'tasks', 'run', 'flex_eau_pipeline', 'ingestion_mysql_staging', 'manual__2026-06-19T12:28:18.079498+00:00', '--job-id', '8', '--raw', '--subdir', 'DAGS_FOLDER/flex_eau_pipeline.py', '--cfg-path', '/tmp/tmp_f9cr8sp']
[2026-06-19T12:28:19.741+0000] {standard_task_runner.py:72} INFO - Started process 560 to run task
[2026-06-19T12:28:19.741+0000] {standard_task_runner.py:105} INFO - Job 8: Subtask ingestion_mysql_staging
[2026-06-19T12:28:19.841+0000] {task_command.py:467} INFO - Running <TaskInstance: flex_eau_pipeline.ingestion_mysql_staging manual__2026-06-19T12:28:18.079498+00:00 [running]> on host 7614ee4a67ce
[2026-06-19T12:28:19.959+0000] {taskinstance.py:3122} INFO - Exporting env vars: AIRFLOW_CTX_DAG_OWNER='***' AIRFLOW_CTX_DAG_ID='flex_eau_pipeline' AIRFLOW_CTX_TASK_ID='ingestion_mysql_staging' AIRFLOW_CTX_EXECUTION_DATE='2026-06-19T12:28:18.079498+00:00' AIRFLOW_CTX_TRY_NUMBER='1' AIRFLOW_CTX_DAG_RUN_ID='manual__2026-06-19T12:28:18.079498+00:00'
[2026-06-19T12:28:19.960+0000] {taskinstance.py:731} INFO - ::endgroup::
[2026-06-19T12:28:19.980+0000] {subprocess.py:63} INFO - Tmp dir root location: /tmp
[2026-06-19T12:28:19.984+0000] {subprocess.py:75} INFO - Running command: ['/usr/bin/bash', '-c', '\n        cd /opt/project &&         python ingestion/mysql_to_staging.py\n        ']
[2026-06-19T12:28:20.002+0000] {subprocess.py:86} INFO - Output:
[2026-06-19T12:28:26.970+0000] {subprocess.py:93} INFO - 
[2026-06-19T12:28:26.971+0000] {subprocess.py:93} INFO - ===== regionsdepartements =====
[2026-06-19T12:28:26.971+0000] {subprocess.py:93} INFO - Traceback (most recent call last):
[2026-06-19T12:28:26.972+0000] {subprocess.py:93} INFO -   File "/home/***/.local/lib/python3.12/site-packages/pymysql/connections.py", line 682, in connect
[2026-06-19T12:28:26.973+0000] {subprocess.py:93} INFO -     sock = socket.create_connection(
[2026-06-19T12:28:26.973+0000] {subprocess.py:93} INFO -            ^^^^^^^^^^^^^^^^^^^^^^^^^
[2026-06-19T12:28:26.974+0000] {subprocess.py:93} INFO -   File "/usr/local/lib/python3.12/socket.py", line 865, in create_connection
[2026-06-19T12:28:26.975+0000] {subprocess.py:93} INFO -     raise exceptions[0]
[2026-06-19T12:28:26.975+0000] {subprocess.py:93} INFO -   File "/usr/local/lib/python3.12/socket.py", line 850, in create_connection
[2026-06-19T12:28:26.976+0000] {subprocess.py:93} INFO -     sock.connect(sa)
[2026-06-19T12:28:26.977+0000] {subprocess.py:93} INFO - ConnectionRefusedError: [Errno 111] Connection refused
[2026-06-19T12:28:26.978+0000] {subprocess.py:93} INFO - 
[2026-06-19T12:28:26.979+0000] {subprocess.py:93} INFO - During handling of the above exception, another exception occurred:
[2026-06-19T12:28:26.979+0000] {subprocess.py:93} INFO - 
[2026-06-19T12:28:26.980+0000] {subprocess.py:93} INFO - Traceback (most recent call last):
[2026-06-19T12:28:26.981+0000] {subprocess.py:93} INFO -   File "/home/***/.local/lib/python3.12/site-packages/sqlalchemy/engine/base.py", line 3371, in _wrap_pool_connect
[2026-06-19T12:28:26.981+0000] {subprocess.py:93} INFO -     return fn()
[2026-06-19T12:28:26.982+0000] {subprocess.py:93} INFO -            ^^^^
[2026-06-19T12:28:26.983+0000] {subprocess.py:93} INFO -   File "/home/***/.local/lib/python3.12/site-packages/sqlalchemy/pool/base.py", line 327, in connect
[2026-06-19T12:28:26.983+0000] {subprocess.py:93} INFO -     return _ConnectionFairy._checkout(self)
[2026-06-19T12:28:26.984+0000] {subprocess.py:93} INFO -            ^^^^^^^^^^^^^^^^^^^^^^^^^^^^^^^^
[2026-06-19T12:28:26.984+0000] {subprocess.py:93} INFO -   File "/home/***/.local/lib/python3.12/site-packages/sqlalchemy/pool/base.py", line 894, in _checkout
[2026-06-19T12:28:26.985+0000] {subprocess.py:93} INFO -     fairy = _ConnectionRecord.checkout(pool)
[2026-06-19T12:28:26.986+0000] {subprocess.py:93} INFO -             ^^^^^^^^^^^^^^^^^^^^^^^^^^^^^^^^
[2026-06-19T12:28:26.986+0000] {subprocess.py:93} INFO -   File "/home/***/.local/lib/python3.12/site-packages/sqlalchemy/pool/base.py", line 493, in checkout
[2026-06-19T12:28:26.987+0000] {subprocess.py:93} INFO -     rec = pool._do_get()
[2026-06-19T12:28:26.988+0000] {subprocess.py:93} INFO -           ^^^^^^^^^^^^^^
[2026-06-19T12:28:26.988+0000] {subprocess.py:93} INFO -   File "/home/***/.local/lib/python3.12/site-packages/sqlalchemy/pool/impl.py", line 145, in _do_get
[2026-06-19T12:28:26.989+0000] {subprocess.py:93} INFO -     with util.safe_reraise():
[2026-06-19T12:28:26.989+0000] {subprocess.py:93} INFO -   File "/home/***/.local/lib/python3.12/site-packages/sqlalchemy/util/langhelpers.py", line 70, in __exit__
[2026-06-19T12:28:26.990+0000] {subprocess.py:93} INFO -     compat.raise_(
[2026-06-19T12:28:26.991+0000] {subprocess.py:93} INFO -   File "/home/***/.local/lib/python3.12/site-packages/sqlalchemy/util/compat.py", line 211, in raise_
[2026-06-19T12:28:26.991+0000] {subprocess.py:93} INFO -     raise exception
[2026-06-19T12:28:26.992+0000] {subprocess.py:93} INFO -   File "/home/***/.local/lib/python3.12/site-packages/sqlalchemy/pool/impl.py", line 143, in _do_get
[2026-06-19T12:28:26.992+0000] {subprocess.py:93} INFO -     return self._create_connection()
[2026-06-19T12:28:26.993+0000] {subprocess.py:93} INFO -            ^^^^^^^^^^^^^^^^^^^^^^^^^
[2026-06-19T12:28:26.994+0000] {subprocess.py:93} INFO -   File "/home/***/.local/lib/python3.12/site-packages/sqlalchemy/pool/base.py", line 273, in _create_connection
[2026-06-19T12:28:26.994+0000] {subprocess.py:93} INFO -     return _ConnectionRecord(self)
[2026-06-19T12:28:26.995+0000] {subprocess.py:93} INFO -            ^^^^^^^^^^^^^^^^^^^^^^^
[2026-06-19T12:28:26.995+0000] {subprocess.py:93} INFO -   File "/home/***/.local/lib/python3.12/site-packages/sqlalchemy/pool/base.py", line 388, in __init__
[2026-06-19T12:28:26.996+0000] {subprocess.py:93} INFO -     self.__connect()
[2026-06-19T12:28:26.997+0000] {subprocess.py:93} INFO -   File "/home/***/.local/lib/python3.12/site-packages/sqlalchemy/pool/base.py", line 690, in __connect
[2026-06-19T12:28:26.997+0000] {subprocess.py:93} INFO -     with util.safe_reraise():
[2026-06-19T12:28:26.998+0000] {subprocess.py:93} INFO -   File "/home/***/.local/lib/python3.12/site-packages/sqlalchemy/util/langhelpers.py", line 70, in __exit__
[2026-06-19T12:28:26.999+0000] {subprocess.py:93} INFO -     compat.raise_(
[2026-06-19T12:28:26.999+0000] {subprocess.py:93} INFO -   File "/home/***/.local/lib/python3.12/site-packages/sqlalchemy/util/compat.py", line 211, in raise_
[2026-06-19T12:28:27.000+0000] {subprocess.py:93} INFO -     raise exception
[2026-06-19T12:28:27.001+0000] {subprocess.py:93} INFO -   File "/home/***/.local/lib/python3.12/site-packages/sqlalchemy/pool/base.py", line 686, in __connect
[2026-06-19T12:28:27.001+0000] {subprocess.py:93} INFO -     self.dbapi_connection = connection = pool._invoke_creator(self)
[2026-06-19T12:28:27.002+0000] {subprocess.py:93} INFO -                                          ^^^^^^^^^^^^^^^^^^^^^^^^^^
[2026-06-19T12:28:27.003+0000] {subprocess.py:93} INFO -   File "/home/***/.local/lib/python3.12/site-packages/sqlalchemy/engine/create.py", line 574, in connect
[2026-06-19T12:28:27.003+0000] {subprocess.py:93} INFO -     return dialect.connect(*cargs, **cparams)
[2026-06-19T12:28:27.004+0000] {subprocess.py:93} INFO -            ^^^^^^^^^^^^^^^^^^^^^^^^^^^^^^^^^^
[2026-06-19T12:28:27.005+0000] {subprocess.py:93} INFO -   File "/home/***/.local/lib/python3.12/site-packages/sqlalchemy/engine/default.py", line 598, in connect
[2026-06-19T12:28:27.005+0000] {subprocess.py:93} INFO -     return self.dbapi.connect(*cargs, **cparams)
[2026-06-19T12:28:27.006+0000] {subprocess.py:93} INFO -            ^^^^^^^^^^^^^^^^^^^^^^^^^^^^^^^^^^^^^
[2026-06-19T12:28:27.006+0000] {subprocess.py:93} INFO -   File "/home/***/.local/lib/python3.12/site-packages/pymysql/connections.py", line 372, in __init__
[2026-06-19T12:28:27.007+0000] {subprocess.py:93} INFO -     self.connect()
[2026-06-19T12:28:27.008+0000] {subprocess.py:93} INFO -   File "/home/***/.local/lib/python3.12/site-packages/pymysql/connections.py", line 744, in connect
[2026-06-19T12:28:27.008+0000] {subprocess.py:93} INFO -     raise exc
[2026-06-19T12:28:27.009+0000] {subprocess.py:93} INFO - pymysql.err.OperationalError: (2003, "Can't connect to MySQL server on 'localhost' ([Errno 111] Connection refused)")
[2026-06-19T12:28:27.010+0000] {subprocess.py:93} INFO - 
[2026-06-19T12:28:27.010+0000] {subprocess.py:93} INFO - The above exception was the direct cause of the following exception:
[2026-06-19T12:28:27.011+0000] {subprocess.py:93} INFO - 
[2026-06-19T12:28:27.012+0000] {subprocess.py:93} INFO - Traceback (most recent call last):
[2026-06-19T12:28:27.012+0000] {subprocess.py:93} INFO -   File "/home/***/.local/lib/python3.12/site-packages/dlt/extract/pipe_iterator.py", line 274, in _get_source_item
[2026-06-19T12:28:27.013+0000] {subprocess.py:93} INFO -     pipe_item = next(gen)
[2026-06-19T12:28:27.014+0000] {subprocess.py:93} INFO -                 ^^^^^^^^^
[2026-06-19T12:28:27.015+0000] {subprocess.py:93} INFO -   File "/opt/project/ingestion/mysql_to_staging.py", line 24, in resource
[2026-06-19T12:28:27.016+0000] {subprocess.py:93} INFO -     df = pd.read_sql(query, mysql_engine)
[2026-06-19T12:28:27.018+0000] {subprocess.py:93} INFO -          ^^^^^^^^^^^^^^^^^^^^^^^^^^^^^^^^
[2026-06-19T12:28:27.019+0000] {subprocess.py:93} INFO -   File "/home/***/.local/lib/python3.12/site-packages/pandas/io/sql.py", line 652, in read_sql
[2026-06-19T12:28:27.020+0000] {subprocess.py:93} INFO -     with pandasSQL_builder(con) as pandas_sql:
[2026-06-19T12:28:27.022+0000] {subprocess.py:93} INFO -          ^^^^^^^^^^^^^^^^^^^^^^
[2026-06-19T12:28:27.023+0000] {subprocess.py:93} INFO -   File "/home/***/.local/lib/python3.12/site-packages/pandas/io/sql.py", line 851, in pandasSQL_builder
[2026-06-19T12:28:27.024+0000] {subprocess.py:93} INFO -     return SQLDatabase(con, schema, need_transaction)
[2026-06-19T12:28:27.025+0000] {subprocess.py:93} INFO -            ^^^^^^^^^^^^^^^^^^^^^^^^^^^^^^^^^^^^^^^^^^
[2026-06-19T12:28:27.026+0000] {subprocess.py:93} INFO -   File "/home/***/.local/lib/python3.12/site-packages/pandas/io/sql.py", line 1576, in __init__
[2026-06-19T12:28:27.028+0000] {subprocess.py:93} INFO -     con = self.exit_stack.enter_context(con.connect())
[2026-06-19T12:28:27.029+0000] {subprocess.py:93} INFO -                                         ^^^^^^^^^^^^^
[2026-06-19T12:28:27.030+0000] {subprocess.py:93} INFO -   File "/home/***/.local/lib/python3.12/site-packages/sqlalchemy/engine/base.py", line 3325, in connect
[2026-06-19T12:28:27.031+0000] {subprocess.py:93} INFO -     return self._connection_cls(self, close_with_result=close_with_result)
[2026-06-19T12:28:27.033+0000] {subprocess.py:93} INFO -            ^^^^^^^^^^^^^^^^^^^^^^^^^^^^^^^^^^^^^^^^^^^^^^^^^^^^^^^^^^^^^^^
[2026-06-19T12:28:27.034+0000] {subprocess.py:93} INFO -   File "/home/***/.local/lib/python3.12/site-packages/sqlalchemy/engine/base.py", line 96, in __init__
[2026-06-19T12:28:27.035+0000] {subprocess.py:93} INFO -     else engine.raw_connection()
[2026-06-19T12:28:27.037+0000] {subprocess.py:93} INFO -          ^^^^^^^^^^^^^^^^^^^^^^^
[2026-06-19T12:28:27.038+0000] {subprocess.py:93} INFO -   File "/home/***/.local/lib/python3.12/site-packages/sqlalchemy/engine/base.py", line 3404, in raw_connection
[2026-06-19T12:28:27.039+0000] {subprocess.py:93} INFO -     return self._wrap_pool_connect(self.pool.connect, _connection)
[2026-06-19T12:28:27.041+0000] {subprocess.py:93} INFO -            ^^^^^^^^^^^^^^^^^^^^^^^^^^^^^^^^^^^^^^^^^^^^^^^^^^^^^^^
[2026-06-19T12:28:27.042+0000] {subprocess.py:93} INFO -   File "/home/***/.local/lib/python3.12/site-packages/sqlalchemy/engine/base.py", line 3374, in _wrap_pool_connect
[2026-06-19T12:28:27.043+0000] {subprocess.py:93} INFO -     Connection._handle_dbapi_exception_noconnection(
[2026-06-19T12:28:27.044+0000] {subprocess.py:93} INFO -   File "/home/***/.local/lib/python3.12/site-packages/sqlalchemy/engine/base.py", line 2208, in _handle_dbapi_exception_noconnection
[2026-06-19T12:28:27.046+0000] {subprocess.py:93} INFO -     util.raise_(
[2026-06-19T12:28:27.047+0000] {subprocess.py:93} INFO -   File "/home/***/.local/lib/python3.12/site-packages/sqlalchemy/util/compat.py", line 211, in raise_
[2026-06-19T12:28:27.048+0000] {subprocess.py:93} INFO -     raise exception
[2026-06-19T12:28:27.050+0000] {subprocess.py:93} INFO -   File "/home/***/.local/lib/python3.12/site-packages/sqlalchemy/engine/base.py", line 3371, in _wrap_pool_connect
[2026-06-19T12:28:27.051+0000] {subprocess.py:93} INFO -     return fn()
[2026-06-19T12:28:27.052+0000] {subprocess.py:93} INFO -            ^^^^
[2026-06-19T12:28:27.053+0000] {subprocess.py:93} INFO -   File "/home/***/.local/lib/python3.12/site-packages/sqlalchemy/pool/base.py", line 327, in connect
[2026-06-19T12:28:27.054+0000] {subprocess.py:93} INFO -     return _ConnectionFairy._checkout(self)
[2026-06-19T12:28:27.056+0000] {subprocess.py:93} INFO -            ^^^^^^^^^^^^^^^^^^^^^^^^^^^^^^^^
[2026-06-19T12:28:27.057+0000] {subprocess.py:93} INFO -   File "/home/***/.local/lib/python3.12/site-packages/sqlalchemy/pool/base.py", line 894, in _checkout
[2026-06-19T12:28:27.058+0000] {subprocess.py:93} INFO -     fairy = _ConnectionRecord.checkout(pool)
[2026-06-19T12:28:27.059+0000] {subprocess.py:93} INFO -             ^^^^^^^^^^^^^^^^^^^^^^^^^^^^^^^^
[2026-06-19T12:28:27.061+0000] {subprocess.py:93} INFO -   File "/home/***/.local/lib/python3.12/site-packages/sqlalchemy/pool/base.py", line 493, in checkout
[2026-06-19T12:28:27.062+0000] {subprocess.py:93} INFO -     rec = pool._do_get()
[2026-06-19T12:28:27.063+0000] {subprocess.py:93} INFO -           ^^^^^^^^^^^^^^
[2026-06-19T12:28:27.064+0000] {subprocess.py:93} INFO -   File "/home/***/.local/lib/python3.12/site-packages/sqlalchemy/pool/impl.py", line 145, in _do_get
[2026-06-19T12:28:27.066+0000] {subprocess.py:93} INFO -     with util.safe_reraise():
[2026-06-19T12:28:27.067+0000] {subprocess.py:93} INFO -   File "/home/***/.local/lib/python3.12/site-packages/sqlalchemy/util/langhelpers.py", line 70, in __exit__
[2026-06-19T12:28:27.069+0000] {subprocess.py:93} INFO -     compat.raise_(
[2026-06-19T12:28:27.071+0000] {subprocess.py:93} INFO -   File "/home/***/.local/lib/python3.12/site-packages/sqlalchemy/util/compat.py", line 211, in raise_
[2026-06-19T12:28:27.072+0000] {subprocess.py:93} INFO -     raise exception
[2026-06-19T12:28:27.074+0000] {subprocess.py:93} INFO -   File "/home/***/.local/lib/python3.12/site-packages/sqlalchemy/pool/impl.py", line 143, in _do_get
[2026-06-19T12:28:27.075+0000] {subprocess.py:93} INFO -     return self._create_connection()
[2026-06-19T12:28:27.076+0000] {subprocess.py:93} INFO -            ^^^^^^^^^^^^^^^^^^^^^^^^^
[2026-06-19T12:28:27.078+0000] {subprocess.py:93} INFO -   File "/home/***/.local/lib/python3.12/site-packages/sqlalchemy/pool/base.py", line 273, in _create_connection
[2026-06-19T12:28:27.079+0000] {subprocess.py:93} INFO -     return _ConnectionRecord(self)
[2026-06-19T12:28:27.080+0000] {subprocess.py:93} INFO -            ^^^^^^^^^^^^^^^^^^^^^^^
[2026-06-19T12:28:27.081+0000] {subprocess.py:93} INFO -   File "/home/***/.local/lib/python3.12/site-packages/sqlalchemy/pool/base.py", line 388, in __init__
[2026-06-19T12:28:27.083+0000] {subprocess.py:93} INFO -     self.__connect()
[2026-06-19T12:28:27.084+0000] {subprocess.py:93} INFO -   File "/home/***/.local/lib/python3.12/site-packages/sqlalchemy/pool/base.py", line 690, in __connect
[2026-06-19T12:28:27.085+0000] {subprocess.py:93} INFO -     with util.safe_reraise():
[2026-06-19T12:28:27.086+0000] {subprocess.py:93} INFO -   File "/home/***/.local/lib/python3.12/site-packages/sqlalchemy/util/langhelpers.py", line 70, in __exit__
[2026-06-19T12:28:27.088+0000] {subprocess.py:93} INFO -     compat.raise_(
[2026-06-19T12:28:27.089+0000] {subprocess.py:93} INFO -   File "/home/***/.local/lib/python3.12/site-packages/sqlalchemy/util/compat.py", line 211, in raise_
[2026-06-19T12:28:27.090+0000] {subprocess.py:93} INFO -     raise exception
[2026-06-19T12:28:27.091+0000] {subprocess.py:93} INFO -   File "/home/***/.local/lib/python3.12/site-packages/sqlalchemy/pool/base.py", line 686, in __connect
[2026-06-19T12:28:27.093+0000] {subprocess.py:93} INFO -     self.dbapi_connection = connection = pool._invoke_creator(self)
[2026-06-19T12:28:27.094+0000] {subprocess.py:93} INFO -                                          ^^^^^^^^^^^^^^^^^^^^^^^^^^
[2026-06-19T12:28:27.095+0000] {subprocess.py:93} INFO -   File "/home/***/.local/lib/python3.12/site-packages/sqlalchemy/engine/create.py", line 574, in connect
[2026-06-19T12:28:27.097+0000] {subprocess.py:93} INFO -     return dialect.connect(*cargs, **cparams)
[2026-06-19T12:28:27.098+0000] {subprocess.py:93} INFO -            ^^^^^^^^^^^^^^^^^^^^^^^^^^^^^^^^^^
[2026-06-19T12:28:27.099+0000] {subprocess.py:93} INFO -   File "/home/***/.local/lib/python3.12/site-packages/sqlalchemy/engine/default.py", line 598, in connect
[2026-06-19T12:28:27.101+0000] {subprocess.py:93} INFO -     return self.dbapi.connect(*cargs, **cparams)
[2026-06-19T12:28:27.102+0000] {subprocess.py:93} INFO -            ^^^^^^^^^^^^^^^^^^^^^^^^^^^^^^^^^^^^^
[2026-06-19T12:28:27.103+0000] {subprocess.py:93} INFO -   File "/home/***/.local/lib/python3.12/site-packages/pymysql/connections.py", line 372, in __init__
[2026-06-19T12:28:27.105+0000] {subprocess.py:93} INFO -     self.connect()
[2026-06-19T12:28:27.106+0000] {subprocess.py:93} INFO -   File "/home/***/.local/lib/python3.12/site-packages/pymysql/connections.py", line 744, in connect
[2026-06-19T12:28:27.107+0000] {subprocess.py:93} INFO -     raise exc
[2026-06-19T12:28:27.108+0000] {subprocess.py:93} INFO - sqlalchemy.exc.OperationalError: (pymysql.err.OperationalError) (2003, "Can't connect to MySQL server on 'localhost' ([Errno 111] Connection refused)")
[2026-06-19T12:28:27.110+0000] {subprocess.py:93} INFO - (Background on this error at: https://sqlalche.me/e/14/e3q8)
[2026-06-19T12:28:27.111+0000] {subprocess.py:93} INFO - 
[2026-06-19T12:28:27.112+0000] {subprocess.py:93} INFO - The above exception was the direct cause of the following exception:
[2026-06-19T12:28:27.113+0000] {subprocess.py:93} INFO - 
[2026-06-19T12:28:27.114+0000] {subprocess.py:93} INFO - Traceback (most recent call last):
[2026-06-19T12:28:27.116+0000] {subprocess.py:93} INFO -   File "/home/***/.local/lib/python3.12/site-packages/dlt/pipeline/pipeline.py", line 500, in extract
[2026-06-19T12:28:27.117+0000] {subprocess.py:93} INFO -     self._extract_source(
[2026-06-19T12:28:27.118+0000] {subprocess.py:93} INFO -   File "/home/***/.local/lib/python3.12/site-packages/dlt/pipeline/pipeline.py", line 1437, in _extract_source
[2026-06-19T12:28:27.120+0000] {subprocess.py:93} INFO -     load_id = extract.extract(
[2026-06-19T12:28:27.121+0000] {subprocess.py:93} INFO -               ^^^^^^^^^^^^^^^^
[2026-06-19T12:28:27.122+0000] {subprocess.py:93} INFO -   File "/home/***/.local/lib/python3.12/site-packages/dlt/extract/extract.py", line 592, in extract
[2026-06-19T12:28:27.124+0000] {subprocess.py:93} INFO -     self._extract_single_source(
[2026-06-19T12:28:27.125+0000] {subprocess.py:93} INFO -   File "/home/***/.local/lib/python3.12/site-packages/dlt/extract/extract.py", line 509, in _extract_single_source
[2026-06-19T12:28:27.126+0000] {subprocess.py:93} INFO -     for pipe_item in pipes:
[2026-06-19T12:28:27.127+0000] {subprocess.py:93} INFO -                      ^^^^^
[2026-06-19T12:28:27.129+0000] {subprocess.py:93} INFO -   File "/home/***/.local/lib/python3.12/site-packages/dlt/extract/pipe_iterator.py", line 158, in __next__
[2026-06-19T12:28:27.130+0000] {subprocess.py:93} INFO -     pipe_item = self._get_source_item()
[2026-06-19T12:28:27.131+0000] {subprocess.py:93} INFO -                 ^^^^^^^^^^^^^^^^^^^^^^^
[2026-06-19T12:28:27.132+0000] {subprocess.py:93} INFO -   File "/home/***/.local/lib/python3.12/site-packages/dlt/extract/pipe_iterator.py", line 304, in _get_source_item
[2026-06-19T12:28:27.134+0000] {subprocess.py:93} INFO -     raise ResourceExtractionError(pipe.name, gen, str(ex), "generator") from ex
[2026-06-19T12:28:27.135+0000] {subprocess.py:93} INFO - dlt.extract.exceptions.ResourceExtractionError: In processing pipe `regionsdepartements`: extraction of resource `regionsdepartements` in `generator` `resource` caused an exception: (pymysql.err.OperationalError) (2003, "Can't connect to MySQL server on 'localhost' ([Errno 111] Connection refused)")
[2026-06-19T12:28:27.136+0000] {subprocess.py:93} INFO - (Background on this error at: https://sqlalche.me/e/14/e3q8)
[2026-06-19T12:28:27.138+0000] {subprocess.py:93} INFO - 
[2026-06-19T12:28:27.139+0000] {subprocess.py:93} INFO - The above exception was the direct cause of the following exception:
[2026-06-19T12:28:27.140+0000] {subprocess.py:93} INFO - 
[2026-06-19T12:28:27.142+0000] {subprocess.py:93} INFO - Traceback (most recent call last):
[2026-06-19T12:28:27.143+0000] {subprocess.py:93} INFO -   File "/opt/project/ingestion/mysql_to_staging.py", line 42, in <module>
[2026-06-19T12:28:27.144+0000] {subprocess.py:93} INFO -     load_info = pipeline.run(
[2026-06-19T12:28:27.145+0000] {subprocess.py:93} INFO -                 ^^^^^^^^^^^^^
[2026-06-19T12:28:27.147+0000] {subprocess.py:93} INFO -   File "/home/***/.local/lib/python3.12/site-packages/dlt/pipeline/pipeline.py", line 231, in _wrap
[2026-06-19T12:28:27.148+0000] {subprocess.py:93} INFO -     step_info = f(self, *args, **kwargs)
[2026-06-19T12:28:27.149+0000] {subprocess.py:93} INFO -                 ^^^^^^^^^^^^^^^^^^^^^^^^
[2026-06-19T12:28:27.151+0000] {subprocess.py:93} INFO -   File "/home/***/.local/lib/python3.12/site-packages/dlt/pipeline/pipeline.py", line 279, in _wrap
[2026-06-19T12:28:27.152+0000] {subprocess.py:93} INFO -     return f(self, *args, **kwargs)
[2026-06-19T12:28:27.153+0000] {subprocess.py:93} INFO -            ^^^^^^^^^^^^^^^^^^^^^^^^
[2026-06-19T12:28:27.155+0000] {subprocess.py:93} INFO -   File "/home/***/.local/lib/python3.12/site-packages/dlt/pipeline/pipeline.py", line 777, in run
[2026-06-19T12:28:27.156+0000] {subprocess.py:93} INFO -     self.extract(
[2026-06-19T12:28:27.157+0000] {subprocess.py:93} INFO -   File "/home/***/.local/lib/python3.12/site-packages/dlt/pipeline/pipeline.py", line 231, in _wrap
[2026-06-19T12:28:27.159+0000] {subprocess.py:93} INFO -     step_info = f(self, *args, **kwargs)
[2026-06-19T12:28:27.160+0000] {subprocess.py:93} INFO -                 ^^^^^^^^^^^^^^^^^^^^^^^^
[2026-06-19T12:28:27.161+0000] {subprocess.py:93} INFO -   File "/home/***/.local/lib/python3.12/site-packages/dlt/pipeline/pipeline.py", line 170, in _wrap
[2026-06-19T12:28:27.163+0000] {subprocess.py:93} INFO -     return f(self, *args, **kwargs)
[2026-06-19T12:28:27.164+0000] {subprocess.py:93} INFO -            ^^^^^^^^^^^^^^^^^^^^^^^^
[2026-06-19T12:28:27.165+0000] {subprocess.py:93} INFO -   File "/home/***/.local/lib/python3.12/site-packages/dlt/pipeline/pipeline.py", line 184, in _wrap
[2026-06-19T12:28:27.167+0000] {subprocess.py:93} INFO -     rv = f(self, *args, **kwargs)
[2026-06-19T12:28:27.168+0000] {subprocess.py:93} INFO -          ^^^^^^^^^^^^^^^^^^^^^^^^
[2026-06-19T12:28:27.169+0000] {subprocess.py:93} INFO -   File "/home/***/.local/lib/python3.12/site-packages/dlt/pipeline/pipeline.py", line 279, in _wrap
[2026-06-19T12:28:27.171+0000] {subprocess.py:93} INFO -     return f(self, *args, **kwargs)
[2026-06-19T12:28:27.172+0000] {subprocess.py:93} INFO -            ^^^^^^^^^^^^^^^^^^^^^^^^
[2026-06-19T12:28:27.173+0000] {subprocess.py:93} INFO -   File "/home/***/.local/lib/python3.12/site-packages/dlt/pipeline/pipeline.py", line 523, in extract
[2026-06-19T12:28:27.174+0000] {subprocess.py:93} INFO -     raise PipelineStepFailed(
[2026-06-19T12:28:27.176+0000] {subprocess.py:93} INFO - dlt.pipeline.exceptions.PipelineStepFailed: Pipeline execution failed at `step=extract` when processing package with `load_id=1781872106.6536689` with exception:
[2026-06-19T12:28:27.177+0000] {subprocess.py:93} INFO - 
[2026-06-19T12:28:27.177+0000] {subprocess.py:93} INFO - <class 'dlt.extract.exceptions.ResourceExtractionError'>
[2026-06-19T12:28:27.178+0000] {subprocess.py:93} INFO - In processing pipe `regionsdepartements`: extraction of resource `regionsdepartements` in `generator` `resource` caused an exception: (pymysql.err.OperationalError) (2003, "Can't connect to MySQL server on 'localhost' ([Errno 111] Connection refused)")
[2026-06-19T12:28:27.179+0000] {subprocess.py:93} INFO - (Background on this error at: https://sqlalche.me/e/14/e3q8)
[2026-06-19T12:28:28.024+0000] {subprocess.py:97} INFO - Command exited with return code 1
[2026-06-19T12:28:28.058+0000] {taskinstance.py:3301} ERROR - Task failed with exception
Traceback (most recent call last):
  File "/home/airflow/.local/lib/python3.12/site-packages/airflow/models/taskinstance.py", line 767, in _execute_task
    result = _execute_callable(context=context, **execute_callable_kwargs)
             ^^^^^^^^^^^^^^^^^^^^^^^^^^^^^^^^^^^^^^^^^^^^^^^^^^^^^^^^^^^^^
  File "/home/airflow/.local/lib/python3.12/site-packages/airflow/models/taskinstance.py", line 733, in _execute_callable
    return ExecutionCallableRunner(
           ^^^^^^^^^^^^^^^^^^^^^^^^
  File "/home/airflow/.local/lib/python3.12/site-packages/airflow/utils/operator_helpers.py", line 252, in run
    return self.func(*args, **kwargs)
           ^^^^^^^^^^^^^^^^^^^^^^^^^^
  File "/home/airflow/.local/lib/python3.12/site-packages/airflow/models/baseoperator.py", line 406, in wrapper
    return func(self, *args, **kwargs)
           ^^^^^^^^^^^^^^^^^^^^^^^^^^^
  File "/home/airflow/.local/lib/python3.12/site-packages/airflow/operators/bash.py", line 249, in execute
    raise AirflowException(
airflow.exceptions.AirflowException: Bash command failed. The command returned a non-zero exit code 1.
[2026-06-19T12:28:28.071+0000] {taskinstance.py:1225} INFO - Marking task as FAILED. dag_id=flex_eau_pipeline, task_id=ingestion_mysql_staging, run_id=manual__2026-06-19T12:28:18.079498+00:00, execution_date=20260619T122818, start_date=20260619T122819, end_date=20260619T122828
[2026-06-19T12:28:28.100+0000] {taskinstance.py:340} INFO - ::group::Post task execution logs
[2026-06-19T12:28:28.101+0000] {standard_task_runner.py:124} ERROR - Failed to execute job 8 for task ingestion_mysql_staging (Bash command failed. The command returned a non-zero exit code 1.; 560)
Traceback (most recent call last):
  File "/home/airflow/.local/lib/python3.12/site-packages/airflow/task/task_runner/standard_task_runner.py", line 117, in _start_by_fork
    ret = args.func(args, dag=self.dag)
          ^^^^^^^^^^^^^^^^^^^^^^^^^^^^^
  File "/home/airflow/.local/lib/python3.12/site-packages/airflow/cli/cli_config.py", line 49, in command
    return func(*args, **kwargs)
           ^^^^^^^^^^^^^^^^^^^^^
  File "/home/airflow/.local/lib/python3.12/site-packages/airflow/utils/cli.py", line 115, in wrapper
    return f(*args, **kwargs)
           ^^^^^^^^^^^^^^^^^^
  File "/home/airflow/.local/lib/python3.12/site-packages/airflow/cli/commands/task_command.py", line 483, in task_run
    task_return_code = _run_task_by_selected_method(args, _dag, ti)
                       ^^^^^^^^^^^^^^^^^^^^^^^^^^^^^^^^^^^^^^^^^^^^
  File "/home/airflow/.local/lib/python3.12/site-packages/airflow/cli/commands/task_command.py", line 256, in _run_task_by_selected_method
    return _run_raw_task(args, ti)
           ^^^^^^^^^^^^^^^^^^^^^^^
  File "/home/airflow/.local/lib/python3.12/site-packages/airflow/cli/commands/task_command.py", line 341, in _run_raw_task
    return ti._run_raw_task(
           ^^^^^^^^^^^^^^^^^
  File "/home/airflow/.local/lib/python3.12/site-packages/airflow/utils/session.py", line 97, in wrapper
    return func(*args, session=session, **kwargs)
           ^^^^^^^^^^^^^^^^^^^^^^^^^^^^^^^^^^^^^^
  File "/home/airflow/.local/lib/python3.12/site-packages/airflow/models/taskinstance.py", line 2995, in _run_raw_task
    return _run_raw_task(
           ^^^^^^^^^^^^^^
  File "/home/airflow/.local/lib/python3.12/site-packages/airflow/models/taskinstance.py", line 273, in _run_raw_task
    TaskInstance._execute_task_with_callbacks(
  File "/home/airflow/.local/lib/python3.12/site-packages/airflow/models/taskinstance.py", line 3149, in _execute_task_with_callbacks
    result = self._execute_task(context, task_orig)
             ^^^^^^^^^^^^^^^^^^^^^^^^^^^^^^^^^^^^^^
  File "/home/airflow/.local/lib/python3.12/site-packages/airflow/models/taskinstance.py", line 3173, in _execute_task
    return _execute_task(self, context, task_orig)
           ^^^^^^^^^^^^^^^^^^^^^^^^^^^^^^^^^^^^^^^
  File "/home/airflow/.local/lib/python3.12/site-packages/airflow/models/taskinstance.py", line 767, in _execute_task
    result = _execute_callable(context=context, **execute_callable_kwargs)
             ^^^^^^^^^^^^^^^^^^^^^^^^^^^^^^^^^^^^^^^^^^^^^^^^^^^^^^^^^^^^^
  File "/home/airflow/.local/lib/python3.12/site-packages/airflow/models/taskinstance.py", line 733, in _execute_callable
    return ExecutionCallableRunner(
           ^^^^^^^^^^^^^^^^^^^^^^^^
  File "/home/airflow/.local/lib/python3.12/site-packages/airflow/utils/operator_helpers.py", line 252, in run
    return self.func(*args, **kwargs)
           ^^^^^^^^^^^^^^^^^^^^^^^^^^
  File "/home/airflow/.local/lib/python3.12/site-packages/airflow/models/baseoperator.py", line 406, in wrapper
    return func(self, *args, **kwargs)
           ^^^^^^^^^^^^^^^^^^^^^^^^^^^
  File "/home/airflow/.local/lib/python3.12/site-packages/airflow/operators/bash.py", line 249, in execute
    raise AirflowException(
airflow.exceptions.AirflowException: Bash command failed. The command returned a non-zero exit code 1.
[2026-06-19T12:28:28.137+0000] {local_task_job_runner.py:261} INFO - Task exited with return code 1
[2026-06-19T12:28:28.179+0000] {taskinstance.py:3891} INFO - 0 downstream tasks scheduled from follow-on schedule check
[2026-06-19T12:28:28.186+0000] {local_task_job_runner.py:240} INFO - ::endgroup::
