[2026-07-26T00:01:21.013+0000] {local_task_job_runner.py:123} INFO - ::group::Pre task execution logs
[2026-07-26T00:01:21.089+0000] {taskinstance.py:2603} INFO - Dependencies all met for dep_context=non-requeueable deps ti=<TaskInstance: flex_eau_pipeline.dim_type_incident scheduled__2026-07-25T00:00:00+00:00 [queued]>
[2026-07-26T00:01:21.117+0000] {taskinstance.py:2603} INFO - Dependencies all met for dep_context=requeueable deps ti=<TaskInstance: flex_eau_pipeline.dim_type_incident scheduled__2026-07-25T00:00:00+00:00 [queued]>
[2026-07-26T00:01:21.120+0000] {taskinstance.py:2856} INFO - Starting attempt 1 of 2
[2026-07-26T00:01:21.173+0000] {taskinstance.py:2879} INFO - Executing <Task(BashOperator): dim_type_incident> on 2026-07-25 00:00:00+00:00
[2026-07-26T00:01:21.197+0000] {standard_task_runner.py:72} INFO - Started process 6407 to run task
[2026-07-26T00:01:21.245+0000] {standard_task_runner.py:104} INFO - Running: ['***', 'tasks', 'run', 'flex_eau_pipeline', 'dim_type_incident', 'scheduled__2026-07-25T00:00:00+00:00', '--job-id', '38', '--raw', '--subdir', 'DAGS_FOLDER/flex_eau_pipeline.py', '--cfg-path', '/tmp/tmp3keto63t']
[2026-07-26T00:01:21.259+0000] {standard_task_runner.py:105} INFO - Job 38: Subtask dim_type_incident
[2026-07-26T00:01:21.906+0000] {task_command.py:467} INFO - Running <TaskInstance: flex_eau_pipeline.dim_type_incident scheduled__2026-07-25T00:00:00+00:00 [running]> on host b1da4d7b7394
[2026-07-26T00:01:22.269+0000] {taskinstance.py:3122} INFO - Exporting env vars: AIRFLOW_CTX_DAG_OWNER='flex-eau' AIRFLOW_CTX_DAG_ID='flex_eau_pipeline' AIRFLOW_CTX_TASK_ID='dim_type_incident' AIRFLOW_CTX_EXECUTION_DATE='2026-07-25T00:00:00+00:00' AIRFLOW_CTX_TRY_NUMBER='1' AIRFLOW_CTX_DAG_RUN_ID='scheduled__2026-07-25T00:00:00+00:00'
[2026-07-26T00:01:22.271+0000] {taskinstance.py:731} INFO - ::endgroup::
[2026-07-26T00:01:22.319+0000] {subprocess.py:63} INFO - Tmp dir root location: /tmp
[2026-07-26T00:01:22.320+0000] {subprocess.py:75} INFO - Running command: ['/usr/bin/bash', '-c', 'python spark_jobs/dimensions/dim_type_incident.py']
[2026-07-26T00:01:22.394+0000] {subprocess.py:86} INFO - Output:
[2026-07-26T00:01:36.811+0000] {subprocess.py:93} INFO - 26/07/26 00:01:36 WARN NativeCodeLoader: Unable to load native-hadoop library for your platform... using builtin-java classes where applicable
[2026-07-26T00:01:38.356+0000] {subprocess.py:93} INFO - Setting default log level to "WARN".
[2026-07-26T00:01:38.361+0000] {subprocess.py:93} INFO - To adjust logging level use sc.setLogLevel(newLevel). For SparkR, use setLogLevel(newLevel).
[2026-07-26T00:01:42.565+0000] {subprocess.py:93} INFO - 26/07/26 00:01:42 WARN Utils: Service 'SparkUI' could not bind on port 4040. Attempting port 4041.
[2026-07-26T00:02:27.882+0000] {subprocess.py:93} INFO - [Stage 0:>                                                          (0 + 0) / 1]26/07/26 00:02:27 WARN TaskSchedulerImpl: Initial job has not accepted any resources; check your cluster UI to ensure that workers are registered and have sufficient resources
[2026-07-26T00:02:42.881+0000] {subprocess.py:93} INFO - 26/07/26 00:02:42 WARN TaskSchedulerImpl: Initial job has not accepted any resources; check your cluster UI to ensure that workers are registered and have sufficient resources
[2026-07-26T00:03:02.299+0000] {subprocess.py:93} INFO - [Stage 0:>                                                          (0 + 1) / 1]                                                                                [Stage 11:>                                                         (0 + 1) / 1]                                                                                Nombre lignes : 9
[2026-07-26T00:03:02.301+0000] {subprocess.py:93} INFO - +-----------------+-------------------+
[2026-07-26T00:03:02.302+0000] {subprocess.py:93} INFO - |type_incident_key|type_incident      |
[2026-07-26T00:03:02.303+0000] {subprocess.py:93} INFO - +-----------------+-------------------+
[2026-07-26T00:03:02.304+0000] {subprocess.py:93} INFO - |0                |CASSE_CONDUITE     |
[2026-07-26T00:03:02.305+0000] {subprocess.py:93} INFO - |1                |COUPURE_ELECTRIQUE |
[2026-07-26T00:03:02.306+0000] {subprocess.py:93} INFO - |2                |PANNE_POMPE        |
[2026-07-26T00:03:02.306+0000] {subprocess.py:93} INFO - |3                |BAISSE_PRESSION    |
[2026-07-26T00:03:02.307+0000] {subprocess.py:93} INFO - |4                |PANNE_FORAGE       |
[2026-07-26T00:03:02.308+0000] {subprocess.py:93} INFO - |5                |COMPTEUR_DEFECTUEUX|
[2026-07-26T00:03:02.309+0000] {subprocess.py:93} INFO - |6                |FUITE              |
[2026-07-26T00:03:02.310+0000] {subprocess.py:93} INFO - |7                |RECLAMATION_CLIENT |
[2026-07-26T00:03:02.311+0000] {subprocess.py:93} INFO - |8                |EAU_TROUBLE        |
[2026-07-26T00:03:02.312+0000] {subprocess.py:93} INFO - +-----------------+-------------------+
[2026-07-26T00:03:02.312+0000] {subprocess.py:93} INFO - 
[2026-07-26T00:03:02.313+0000] {subprocess.py:93} INFO - DIM_TYPE_INCIDENT créée avec succès
[2026-07-26T00:03:02.833+0000] {subprocess.py:97} INFO - Command exited with return code 0
[2026-07-26T00:03:02.882+0000] {taskinstance.py:340} INFO - ::group::Post task execution logs
[2026-07-26T00:03:02.883+0000] {taskinstance.py:352} INFO - Marking task as SUCCESS. dag_id=flex_eau_pipeline, task_id=dim_type_incident, run_id=scheduled__2026-07-25T00:00:00+00:00, execution_date=20260725T000000, start_date=20260726T000121, end_date=20260726T000302
[2026-07-26T00:03:02.908+0000] {local_task_job_runner.py:261} INFO - Task exited with return code 0
[2026-07-26T00:03:02.942+0000] {taskinstance.py:3891} INFO - 0 downstream tasks scheduled from follow-on schedule check
[2026-07-26T00:03:02.945+0000] {local_task_job_runner.py:240} INFO - ::endgroup::
