[2026-07-28T00:36:03.540+0000] {local_task_job_runner.py:123} INFO - ::group::Pre task execution logs
[2026-07-28T00:36:03.579+0000] {taskinstance.py:2603} INFO - Dependencies all met for dep_context=non-requeueable deps ti=<TaskInstance: flex_eau_pipeline.dim_forage scheduled__2026-07-26T00:00:00+00:00 [queued]>
[2026-07-28T00:36:03.601+0000] {taskinstance.py:2603} INFO - Dependencies all met for dep_context=requeueable deps ti=<TaskInstance: flex_eau_pipeline.dim_forage scheduled__2026-07-26T00:00:00+00:00 [queued]>
[2026-07-28T00:36:03.604+0000] {taskinstance.py:2856} INFO - Starting attempt 1 of 2
[2026-07-28T00:36:03.633+0000] {taskinstance.py:2879} INFO - Executing <Task(BashOperator): dim_forage> on 2026-07-26 00:00:00+00:00
[2026-07-28T00:36:03.644+0000] {standard_task_runner.py:72} INFO - Started process 331 to run task
[2026-07-28T00:36:03.674+0000] {standard_task_runner.py:104} INFO - Running: ['***', 'tasks', 'run', 'flex_eau_pipeline', 'dim_forage', 'scheduled__2026-07-26T00:00:00+00:00', '--job-id', '55', '--raw', '--subdir', 'DAGS_FOLDER/flex_eau_pipeline.py', '--cfg-path', '/tmp/tmp2_qcy4_5']
[2026-07-28T00:36:03.680+0000] {standard_task_runner.py:105} INFO - Job 55: Subtask dim_forage
[2026-07-28T00:36:03.851+0000] {task_command.py:467} INFO - Running <TaskInstance: flex_eau_pipeline.dim_forage scheduled__2026-07-26T00:00:00+00:00 [running]> on host b1da4d7b7394
[2026-07-28T00:36:04.175+0000] {taskinstance.py:3122} INFO - Exporting env vars: AIRFLOW_CTX_DAG_OWNER='flex-eau' AIRFLOW_CTX_DAG_ID='flex_eau_pipeline' AIRFLOW_CTX_TASK_ID='dim_forage' AIRFLOW_CTX_EXECUTION_DATE='2026-07-26T00:00:00+00:00' AIRFLOW_CTX_TRY_NUMBER='1' AIRFLOW_CTX_DAG_RUN_ID='scheduled__2026-07-26T00:00:00+00:00'
[2026-07-28T00:36:04.177+0000] {taskinstance.py:731} INFO - ::endgroup::
[2026-07-28T00:36:04.216+0000] {subprocess.py:63} INFO - Tmp dir root location: /tmp
[2026-07-28T00:36:04.217+0000] {subprocess.py:75} INFO - Running command: ['/usr/bin/bash', '-c', 'python spark_jobs/dimensions/dim_forage.py']
[2026-07-28T00:36:04.240+0000] {subprocess.py:86} INFO - Output:
[2026-07-28T00:36:18.964+0000] {subprocess.py:93} INFO - 26/07/28 00:36:18 WARN NativeCodeLoader: Unable to load native-hadoop library for your platform... using builtin-java classes where applicable
[2026-07-28T00:36:21.419+0000] {subprocess.py:93} INFO - Setting default log level to "WARN".
[2026-07-28T00:36:21.425+0000] {subprocess.py:93} INFO - To adjust logging level use sc.setLogLevel(newLevel). For SparkR, use setLogLevel(newLevel).
[2026-07-28T00:36:26.167+0000] {subprocess.py:93} INFO - 26/07/28 00:36:26 WARN Utils: Service 'SparkUI' could not bind on port 4040. Attempting port 4041.
[2026-07-28T00:36:26.168+0000] {subprocess.py:93} INFO - 26/07/28 00:36:26 WARN Utils: Service 'SparkUI' could not bind on port 4041. Attempting port 4042.
[2026-07-28T00:36:26.171+0000] {subprocess.py:93} INFO - 26/07/28 00:36:26 WARN Utils: Service 'SparkUI' could not bind on port 4042. Attempting port 4043.
[2026-07-28T00:36:26.173+0000] {subprocess.py:93} INFO - 26/07/28 00:36:26 WARN Utils: Service 'SparkUI' could not bind on port 4043. Attempting port 4044.
[2026-07-28T00:36:26.178+0000] {subprocess.py:93} INFO - 26/07/28 00:36:26 WARN Utils: Service 'SparkUI' could not bind on port 4044. Attempting port 4045.
[2026-07-28T00:37:08.615+0000] {subprocess.py:93} INFO - [Stage 0:>                                                          (0 + 0) / 1][Stage 0:>                  (0 + 0) / 1][Stage 1:>                  (0 + 0) / 1]26/07/28 00:37:08 WARN TaskSchedulerImpl: Initial job has not accepted any resources; check your cluster UI to ensure that workers are registered and have sufficient resources
[2026-07-28T00:37:23.583+0000] {subprocess.py:93} INFO - 26/07/28 00:37:23 WARN TaskSchedulerImpl: Initial job has not accepted any resources; check your cluster UI to ensure that workers are registered and have sufficient resources
[2026-07-28T00:37:38.609+0000] {subprocess.py:93} INFO - 26/07/28 00:37:38 WARN TaskSchedulerImpl: Initial job has not accepted any resources; check your cluster UI to ensure that workers are registered and have sufficient resources
[2026-07-28T00:37:53.583+0000] {subprocess.py:93} INFO - 26/07/28 00:37:53 WARN TaskSchedulerImpl: Initial job has not accepted any resources; check your cluster UI to ensure that workers are registered and have sufficient resources
[2026-07-28T00:38:04.605+0000] {local_task_job_runner.py:127} ERROR - Received SIGTERM. Terminating subprocesses
[2026-07-28T00:38:04.628+0000] {process_utils.py:132} INFO - Sending 15 to group 331. PIDs of all processes in the group: [349, 458, 331]
[2026-07-28T00:38:04.633+0000] {process_utils.py:87} INFO - Sending the signal 15 to group 331
[2026-07-28T00:38:04.635+0000] {taskinstance.py:3083} ERROR - Received SIGTERM. Terminating subprocesses.
[2026-07-28T00:38:04.636+0000] {subprocess.py:104} INFO - Sending SIGTERM signal to process group
[2026-07-28T00:38:04.739+0000] {taskinstance.py:3301} ERROR - Task failed with exception
Traceback (most recent call last):
  File "/home/airflow/.local/lib/python3.8/site-packages/airflow/models/taskinstance.py", line 767, in _execute_task
    result = _execute_callable(context=context, **execute_callable_kwargs)
  File "/home/airflow/.local/lib/python3.8/site-packages/airflow/models/taskinstance.py", line 733, in _execute_callable
    return ExecutionCallableRunner(
  File "/home/airflow/.local/lib/python3.8/site-packages/airflow/utils/operator_helpers.py", line 252, in run
    return self.func(*args, **kwargs)
  File "/home/airflow/.local/lib/python3.8/site-packages/airflow/models/baseoperator.py", line 406, in wrapper
    return func(self, *args, **kwargs)
  File "/home/airflow/.local/lib/python3.8/site-packages/airflow/operators/bash.py", line 240, in execute
    result = self.subprocess_hook.run_command(
  File "/home/airflow/.local/lib/python3.8/site-packages/airflow/hooks/subprocess.py", line 91, in run_command
    for raw_line in iter(self.sub_process.stdout.readline, b""):
  File "/home/airflow/.local/lib/python3.8/site-packages/airflow/models/taskinstance.py", line 3085, in signal_handler
    raise AirflowTaskTerminated("Task received SIGTERM signal")
airflow.exceptions.AirflowTaskTerminated: Task received SIGTERM signal
[2026-07-28T00:38:04.816+0000] {taskinstance.py:1225} INFO - Marking task as UP_FOR_RETRY. dag_id=flex_eau_pipeline, task_id=dim_forage, run_id=scheduled__2026-07-26T00:00:00+00:00, execution_date=20260726T000000, start_date=20260728T003603, end_date=20260728T003804
[2026-07-28T00:38:04.879+0000] {taskinstance.py:340} INFO - ::group::Post task execution logs
[2026-07-28T00:38:04.902+0000] {process_utils.py:80} INFO - Process psutil.Process(pid=349, status='terminated', started='00:36:04') (349) terminated with exit code None
[2026-07-28T00:38:04.912+0000] {process_utils.py:80} INFO - Process psutil.Process(pid=331, status='terminated', exitcode=2, started='00:36:03') (331) terminated with exit code 2
