[2026-06-19T13:07:10.533+0000] {local_task_job_runner.py:123} INFO - ::group::Pre task execution logs
[2026-06-19T13:07:10.567+0000] {taskinstance.py:2603} INFO - Dependencies all met for dep_context=non-requeueable deps ti=<TaskInstance: flex_eau_pipeline.ingestion_mysql_staging manual__2026-06-19T13:07:09.304760+00:00 [queued]>
[2026-06-19T13:07:10.581+0000] {taskinstance.py:2603} INFO - Dependencies all met for dep_context=requeueable deps ti=<TaskInstance: flex_eau_pipeline.ingestion_mysql_staging manual__2026-06-19T13:07:09.304760+00:00 [queued]>
[2026-06-19T13:07:10.582+0000] {taskinstance.py:2856} INFO - Starting attempt 1 of 1
[2026-06-19T13:07:10.606+0000] {taskinstance.py:2879} INFO - Executing <Task(BashOperator): ingestion_mysql_staging> on 2026-06-19 13:07:09.304760+00:00
[2026-06-19T13:07:10.622+0000] {logging_mixin.py:190} WARNING - /home/***/.local/lib/python3.12/site-packages/***/task/task_runner/standard_task_runner.py:70 DeprecationWarning: This process (pid=1009) is multi-threaded, use of fork() may lead to deadlocks in the child.
[2026-06-19T13:07:10.620+0000] {standard_task_runner.py:104} INFO - Running: ['***', 'tasks', 'run', 'flex_eau_pipeline', 'ingestion_mysql_staging', 'manual__2026-06-19T13:07:09.304760+00:00', '--job-id', '13', '--raw', '--subdir', 'DAGS_FOLDER/flex_eau_pipeline.py', '--cfg-path', '/tmp/tmpmndq9n_g']
[2026-06-19T13:07:10.626+0000] {standard_task_runner.py:72} INFO - Started process 1010 to run task
[2026-06-19T13:07:10.627+0000] {standard_task_runner.py:105} INFO - Job 13: Subtask ingestion_mysql_staging
[2026-06-19T13:07:10.728+0000] {task_command.py:467} INFO - Running <TaskInstance: flex_eau_pipeline.ingestion_mysql_staging manual__2026-06-19T13:07:09.304760+00:00 [running]> on host 7614ee4a67ce
[2026-06-19T13:07:10.902+0000] {taskinstance.py:3122} INFO - Exporting env vars: AIRFLOW_CTX_DAG_OWNER='***' AIRFLOW_CTX_DAG_ID='flex_eau_pipeline' AIRFLOW_CTX_TASK_ID='ingestion_mysql_staging' AIRFLOW_CTX_EXECUTION_DATE='2026-06-19T13:07:09.304760+00:00' AIRFLOW_CTX_TRY_NUMBER='1' AIRFLOW_CTX_DAG_RUN_ID='manual__2026-06-19T13:07:09.304760+00:00'
[2026-06-19T13:07:10.903+0000] {taskinstance.py:731} INFO - ::endgroup::
[2026-06-19T13:07:10.928+0000] {subprocess.py:63} INFO - Tmp dir root location: /tmp
[2026-06-19T13:07:10.931+0000] {subprocess.py:75} INFO - Running command: ['/usr/bin/bash', '-c', '\n        cd /opt/project &&         python ingestion/mysql_to_staging.py\n        ']
[2026-06-19T13:07:10.944+0000] {subprocess.py:86} INFO - Output:
[2026-06-19T13:07:24.676+0000] {subprocess.py:93} INFO - 2026-06-19 13:07:24,675|[WARNING]|1013|124664599279424|dlt|validate.py|verify_normalized_table:113|In schema `flex_staging`: The following columns in table 'usagers' did not receive any data during this load and therefore could not have their types inferred:
[2026-06-19T13:07:24.678+0000] {subprocess.py:93} INFO -   - latitude
[2026-06-19T13:07:24.679+0000] {subprocess.py:93} INFO -   - longitude
[2026-06-19T13:07:24.681+0000] {subprocess.py:93} INFO - 
[2026-06-19T13:07:24.682+0000] {subprocess.py:93} INFO - Unless type hints are provided, these columns will not be materialized in the destination.
[2026-06-19T13:07:24.683+0000] {subprocess.py:93} INFO - One way to provide type hints is to use the 'columns' argument in the '@dlt.resource' decorator.  For example:
[2026-06-19T13:07:24.684+0000] {subprocess.py:93} INFO - 
[2026-06-19T13:07:24.686+0000] {subprocess.py:93} INFO - @dlt.resource(columns={'latitude': {'data_type': 'text'}})
[2026-06-19T13:07:24.688+0000] {subprocess.py:93} INFO - 
[2026-06-19T13:07:25.745+0000] {subprocess.py:93} INFO - 2026-06-19 13:07:25,745|[WARNING]|1013|124664599279424|dlt|validate.py|verify_normalized_table:113|In schema `flex_staging`: The following columns in table 'compteurs' did not receive any data during this load and therefore could not have their types inferred:
[2026-06-19T13:07:25.746+0000] {subprocess.py:93} INFO -   - index_coupure
[2026-06-19T13:07:25.747+0000] {subprocess.py:93} INFO - 
[2026-06-19T13:07:25.748+0000] {subprocess.py:93} INFO - Unless type hints are provided, these columns will not be materialized in the destination.
[2026-06-19T13:07:25.749+0000] {subprocess.py:93} INFO - One way to provide type hints is to use the 'columns' argument in the '@dlt.resource' decorator.  For example:
[2026-06-19T13:07:25.749+0000] {subprocess.py:93} INFO - 
[2026-06-19T13:07:25.750+0000] {subprocess.py:93} INFO - @dlt.resource(columns={'index_coupure': {'data_type': 'text'}})
[2026-06-19T13:07:25.751+0000] {subprocess.py:93} INFO - 
[2026-06-19T13:07:30.061+0000] {subprocess.py:93} INFO - 2026-06-19 13:07:30,061|[WARNING]|1013|124664599279424|dlt|validate.py|verify_normalized_table:113|In schema `flex_staging`: The following columns in table 'forages' did not receive any data during this load and therefore could not have their types inferred:
[2026-06-19T13:07:30.062+0000] {subprocess.py:93} INFO -   - latitude
[2026-06-19T13:07:30.063+0000] {subprocess.py:93} INFO -   - longitude
[2026-06-19T13:07:30.064+0000] {subprocess.py:93} INFO - 
[2026-06-19T13:07:30.066+0000] {subprocess.py:93} INFO - Unless type hints are provided, these columns will not be materialized in the destination.
[2026-06-19T13:07:30.067+0000] {subprocess.py:93} INFO - One way to provide type hints is to use the 'columns' argument in the '@dlt.resource' decorator.  For example:
[2026-06-19T13:07:30.068+0000] {subprocess.py:93} INFO - 
[2026-06-19T13:07:30.069+0000] {subprocess.py:93} INFO - @dlt.resource(columns={'latitude': {'data_type': 'text'}})
[2026-06-19T13:07:30.070+0000] {subprocess.py:93} INFO - 
[2026-06-19T13:07:34.872+0000] {subprocess.py:93} INFO - 
[2026-06-19T13:07:34.873+0000] {subprocess.py:93} INFO - ===== regions =====
[2026-06-19T13:07:34.874+0000] {subprocess.py:93} INFO - Pipeline flex_staging_pipeline load step completed in 0.58 seconds
[2026-06-19T13:07:34.875+0000] {subprocess.py:93} INFO - 1 load package(s) were loaded to destination postgres and into dataset staging
[2026-06-19T13:07:34.876+0000] {subprocess.py:93} INFO - The postgres destination used postgresql://postgres:***@postgres-staging:5432/flex_staging location to store data
[2026-06-19T13:07:34.877+0000] {subprocess.py:93} INFO - Load package 1781874438.2289035 is LOADED and contains no failed jobs
[2026-06-19T13:07:34.878+0000] {subprocess.py:93} INFO - 
[2026-06-19T13:07:34.880+0000] {subprocess.py:93} INFO - ===== departements =====
[2026-06-19T13:07:34.880+0000] {subprocess.py:93} INFO - Pipeline flex_staging_pipeline load step completed in 0.11 seconds
[2026-06-19T13:07:34.881+0000] {subprocess.py:93} INFO - 1 load package(s) were loaded to destination postgres and into dataset staging
[2026-06-19T13:07:34.882+0000] {subprocess.py:93} INFO - The postgres destination used postgresql://postgres:***@postgres-staging:5432/flex_staging location to store data
[2026-06-19T13:07:34.883+0000] {subprocess.py:93} INFO - Load package 1781874440.3520956 is LOADED and contains no failed jobs
[2026-06-19T13:07:34.884+0000] {subprocess.py:93} INFO - 
[2026-06-19T13:07:34.884+0000] {subprocess.py:93} INFO - ===== communes =====
[2026-06-19T13:07:34.885+0000] {subprocess.py:93} INFO - Pipeline flex_staging_pipeline load step completed in 0.14 seconds
[2026-06-19T13:07:34.886+0000] {subprocess.py:93} INFO - 1 load package(s) were loaded to destination postgres and into dataset staging
[2026-06-19T13:07:34.887+0000] {subprocess.py:93} INFO - The postgres destination used postgresql://postgres:***@postgres-staging:5432/flex_staging location to store data
[2026-06-19T13:07:34.887+0000] {subprocess.py:93} INFO - Load package 1781874440.9952376 is LOADED and contains no failed jobs
[2026-06-19T13:07:34.888+0000] {subprocess.py:93} INFO - 
[2026-06-19T13:07:34.889+0000] {subprocess.py:93} INFO - ===== sites =====
[2026-06-19T13:07:34.890+0000] {subprocess.py:93} INFO - Pipeline flex_staging_pipeline load step completed in 0.15 seconds
[2026-06-19T13:07:34.890+0000] {subprocess.py:93} INFO - 1 load package(s) were loaded to destination postgres and into dataset staging
[2026-06-19T13:07:34.891+0000] {subprocess.py:93} INFO - The postgres destination used postgresql://postgres:***@postgres-staging:5432/flex_staging location to store data
[2026-06-19T13:07:34.892+0000] {subprocess.py:93} INFO - Load package 1781874441.404612 is LOADED and contains no failed jobs
[2026-06-19T13:07:34.892+0000] {subprocess.py:93} INFO - 
[2026-06-19T13:07:34.893+0000] {subprocess.py:93} INFO - ===== usages =====
[2026-06-19T13:07:34.894+0000] {subprocess.py:93} INFO - Pipeline flex_staging_pipeline load step completed in 0.48 seconds
[2026-06-19T13:07:34.895+0000] {subprocess.py:93} INFO - 1 load package(s) were loaded to destination postgres and into dataset staging
[2026-06-19T13:07:34.896+0000] {subprocess.py:93} INFO - The postgres destination used postgresql://postgres:***@postgres-staging:5432/flex_staging location to store data
[2026-06-19T13:07:34.897+0000] {subprocess.py:93} INFO - Load package 1781874442.040475 is LOADED and contains no failed jobs
[2026-06-19T13:07:34.898+0000] {subprocess.py:93} INFO - 
[2026-06-19T13:07:34.898+0000] {subprocess.py:93} INFO - ===== sources_energie =====
[2026-06-19T13:07:34.899+0000] {subprocess.py:93} INFO - Pipeline flex_staging_pipeline load step completed in 0.24 seconds
[2026-06-19T13:07:34.900+0000] {subprocess.py:93} INFO - 1 load package(s) were loaded to destination postgres and into dataset staging
[2026-06-19T13:07:34.901+0000] {subprocess.py:93} INFO - The postgres destination used postgresql://postgres:***@postgres-staging:5432/flex_staging location to store data
[2026-06-19T13:07:34.902+0000] {subprocess.py:93} INFO - Load package 1781874443.2318518 is LOADED and contains no failed jobs
[2026-06-19T13:07:34.902+0000] {subprocess.py:93} INFO - 
[2026-06-19T13:07:34.903+0000] {subprocess.py:93} INFO - ===== agents =====
[2026-06-19T13:07:34.904+0000] {subprocess.py:93} INFO - Pipeline flex_staging_pipeline load step completed in 0.18 seconds
[2026-06-19T13:07:34.904+0000] {subprocess.py:93} INFO - 1 load package(s) were loaded to destination postgres and into dataset staging
[2026-06-19T13:07:34.905+0000] {subprocess.py:93} INFO - The postgres destination used postgresql://postgres:***@postgres-staging:5432/flex_staging location to store data
[2026-06-19T13:07:34.905+0000] {subprocess.py:93} INFO - Load package 1781874443.8534813 is LOADED and contains no failed jobs
[2026-06-19T13:07:34.906+0000] {subprocess.py:93} INFO - 
[2026-06-19T13:07:34.907+0000] {subprocess.py:93} INFO - ===== usagers =====
[2026-06-19T13:07:34.907+0000] {subprocess.py:93} INFO - Pipeline flex_staging_pipeline load step completed in 0.22 seconds
[2026-06-19T13:07:34.908+0000] {subprocess.py:93} INFO - 1 load package(s) were loaded to destination postgres and into dataset staging
[2026-06-19T13:07:34.908+0000] {subprocess.py:93} INFO - The postgres destination used postgresql://postgres:***@postgres-staging:5432/flex_staging location to store data
[2026-06-19T13:07:34.909+0000] {subprocess.py:93} INFO - Load package 1781874444.4326146 is LOADED and contains no failed jobs
[2026-06-19T13:07:34.910+0000] {subprocess.py:93} INFO - 
[2026-06-19T13:07:34.910+0000] {subprocess.py:93} INFO - ===== abonnes =====
[2026-06-19T13:07:34.911+0000] {subprocess.py:93} INFO - Pipeline flex_staging_pipeline load step completed in 0.15 seconds
[2026-06-19T13:07:34.912+0000] {subprocess.py:93} INFO - 1 load package(s) were loaded to destination postgres and into dataset staging
[2026-06-19T13:07:34.912+0000] {subprocess.py:93} INFO - The postgres destination used postgresql://postgres:***@postgres-staging:5432/flex_staging location to store data
[2026-06-19T13:07:34.913+0000] {subprocess.py:93} INFO - Load package 1781874445.1145675 is LOADED and contains no failed jobs
[2026-06-19T13:07:34.914+0000] {subprocess.py:93} INFO - 
[2026-06-19T13:07:34.914+0000] {subprocess.py:93} INFO - ===== compteurs =====
[2026-06-19T13:07:34.915+0000] {subprocess.py:93} INFO - Pipeline flex_staging_pipeline load step completed in 0.11 seconds
[2026-06-19T13:07:34.915+0000] {subprocess.py:93} INFO - 1 load package(s) were loaded to destination postgres and into dataset staging
[2026-06-19T13:07:34.916+0000] {subprocess.py:93} INFO - The postgres destination used postgresql://postgres:***@postgres-staging:5432/flex_staging location to store data
[2026-06-19T13:07:34.917+0000] {subprocess.py:93} INFO - Load package 1781874445.5719259 is LOADED and contains no failed jobs
[2026-06-19T13:07:34.917+0000] {subprocess.py:93} INFO - 
[2026-06-19T13:07:34.918+0000] {subprocess.py:93} INFO - ===== demandes_abonnement =====
[2026-06-19T13:07:34.918+0000] {subprocess.py:93} INFO - Pipeline flex_staging_pipeline load step completed in 0.17 seconds
[2026-06-19T13:07:34.919+0000] {subprocess.py:93} INFO - 1 load package(s) were loaded to destination postgres and into dataset staging
[2026-06-19T13:07:34.919+0000] {subprocess.py:93} INFO - The postgres destination used postgresql://postgres:***@postgres-staging:5432/flex_staging location to store data
[2026-06-19T13:07:34.920+0000] {subprocess.py:93} INFO - Load package 1781874446.0055063 is LOADED and contains no failed jobs
[2026-06-19T13:07:34.921+0000] {subprocess.py:93} INFO - 
[2026-06-19T13:07:34.921+0000] {subprocess.py:93} INFO - ===== devis_materiel =====
[2026-06-19T13:07:34.922+0000] {subprocess.py:93} INFO - Pipeline flex_staging_pipeline load step completed in 0.19 seconds
[2026-06-19T13:07:34.922+0000] {subprocess.py:93} INFO - 1 load package(s) were loaded to destination postgres and into dataset staging
[2026-06-19T13:07:34.923+0000] {subprocess.py:93} INFO - The postgres destination used postgresql://postgres:***@postgres-staging:5432/flex_staging location to store data
[2026-06-19T13:07:34.923+0000] {subprocess.py:93} INFO - Load package 1781874446.6338708 is LOADED and contains no failed jobs
[2026-06-19T13:07:34.924+0000] {subprocess.py:93} INFO - 
[2026-06-19T13:07:34.925+0000] {subprocess.py:93} INFO - ===== releve_compteur =====
[2026-06-19T13:07:34.925+0000] {subprocess.py:93} INFO - Pipeline flex_staging_pipeline load step completed in 0.29 seconds
[2026-06-19T13:07:34.926+0000] {subprocess.py:93} INFO - 1 load package(s) were loaded to destination postgres and into dataset staging
[2026-06-19T13:07:34.926+0000] {subprocess.py:93} INFO - The postgres destination used postgresql://postgres:***@postgres-staging:5432/flex_staging location to store data
[2026-06-19T13:07:34.927+0000] {subprocess.py:93} INFO - Load package 1781874447.1570911 is LOADED and contains no failed jobs
[2026-06-19T13:07:34.928+0000] {subprocess.py:93} INFO - 
[2026-06-19T13:07:34.928+0000] {subprocess.py:93} INFO - ===== factures =====
[2026-06-19T13:07:34.929+0000] {subprocess.py:93} INFO - Pipeline flex_staging_pipeline load step completed in 0.31 seconds
[2026-06-19T13:07:34.930+0000] {subprocess.py:93} INFO - 1 load package(s) were loaded to destination postgres and into dataset staging
[2026-06-19T13:07:34.930+0000] {subprocess.py:93} INFO - The postgres destination used postgresql://postgres:***@postgres-staging:5432/flex_staging location to store data
[2026-06-19T13:07:34.931+0000] {subprocess.py:93} INFO - Load package 1781874448.1050766 is LOADED and contains no failed jobs
[2026-06-19T13:07:34.931+0000] {subprocess.py:93} INFO - 
[2026-06-19T13:07:34.932+0000] {subprocess.py:93} INFO - ===== paiements =====
[2026-06-19T13:07:34.933+0000] {subprocess.py:93} INFO - Pipeline flex_staging_pipeline load step completed in 0.19 seconds
[2026-06-19T13:07:34.933+0000] {subprocess.py:93} INFO - 1 load package(s) were loaded to destination postgres and into dataset staging
[2026-06-19T13:07:34.934+0000] {subprocess.py:93} INFO - The postgres destination used postgresql://postgres:***@postgres-staging:5432/flex_staging location to store data
[2026-06-19T13:07:34.934+0000] {subprocess.py:93} INFO - Load package 1781874449.2627554 is LOADED and contains no failed jobs
[2026-06-19T13:07:34.935+0000] {subprocess.py:93} INFO - 
[2026-06-19T13:07:34.936+0000] {subprocess.py:93} INFO - ===== forages =====
[2026-06-19T13:07:34.936+0000] {subprocess.py:93} INFO - Pipeline flex_staging_pipeline load step completed in 0.14 seconds
[2026-06-19T13:07:34.937+0000] {subprocess.py:93} INFO - 1 load package(s) were loaded to destination postgres and into dataset staging
[2026-06-19T13:07:34.937+0000] {subprocess.py:93} INFO - The postgres destination used postgresql://postgres:***@postgres-staging:5432/flex_staging location to store data
[2026-06-19T13:07:34.938+0000] {subprocess.py:93} INFO - Load package 1781874449.8783166 is LOADED and contains no failed jobs
[2026-06-19T13:07:34.938+0000] {subprocess.py:93} INFO - 
[2026-06-19T13:07:34.939+0000] {subprocess.py:93} INFO - ===== sessions =====
[2026-06-19T13:07:34.940+0000] {subprocess.py:93} INFO - Pipeline flex_staging_pipeline load step completed in 0.18 seconds
[2026-06-19T13:07:34.940+0000] {subprocess.py:93} INFO - 1 load package(s) were loaded to destination postgres and into dataset staging
[2026-06-19T13:07:34.941+0000] {subprocess.py:93} INFO - The postgres destination used postgresql://postgres:***@postgres-staging:5432/flex_staging location to store data
[2026-06-19T13:07:34.941+0000] {subprocess.py:93} INFO - Load package 1781874450.3621235 is LOADED and contains no failed jobs
[2026-06-19T13:07:34.942+0000] {subprocess.py:93} INFO - 
[2026-06-19T13:07:34.942+0000] {subprocess.py:93} INFO - ===== session_site =====
[2026-06-19T13:07:34.943+0000] {subprocess.py:93} INFO - Pipeline flex_staging_pipeline load step completed in 0.16 seconds
[2026-06-19T13:07:34.944+0000] {subprocess.py:93} INFO - 1 load package(s) were loaded to destination postgres and into dataset staging
[2026-06-19T13:07:34.945+0000] {subprocess.py:93} INFO - The postgres destination used postgresql://postgres:***@postgres-staging:5432/flex_staging location to store data
[2026-06-19T13:07:34.945+0000] {subprocess.py:93} INFO - Load package 1781874450.9219797 is LOADED and contains no failed jobs
[2026-06-19T13:07:34.946+0000] {subprocess.py:93} INFO - 
[2026-06-19T13:07:34.946+0000] {subprocess.py:93} INFO - ===== production =====
[2026-06-19T13:07:34.947+0000] {subprocess.py:93} INFO - Pipeline flex_staging_pipeline load step completed in 0.26 seconds
[2026-06-19T13:07:34.947+0000] {subprocess.py:93} INFO - 1 load package(s) were loaded to destination postgres and into dataset staging
[2026-06-19T13:07:34.948+0000] {subprocess.py:93} INFO - The postgres destination used postgresql://postgres:***@postgres-staging:5432/flex_staging location to store data
[2026-06-19T13:07:34.949+0000] {subprocess.py:93} INFO - Load package 1781874451.5597816 is LOADED and contains no failed jobs
[2026-06-19T13:07:34.950+0000] {subprocess.py:93} INFO - 
[2026-06-19T13:07:34.950+0000] {subprocess.py:93} INFO - ===== consommation_energetique =====
[2026-06-19T13:07:34.951+0000] {subprocess.py:93} INFO - Pipeline flex_staging_pipeline load step completed in 0.22 seconds
[2026-06-19T13:07:34.951+0000] {subprocess.py:93} INFO - 1 load package(s) were loaded to destination postgres and into dataset staging
[2026-06-19T13:07:34.952+0000] {subprocess.py:93} INFO - The postgres destination used postgresql://postgres:***@postgres-staging:5432/flex_staging location to store data
[2026-06-19T13:07:34.952+0000] {subprocess.py:93} INFO - Load package 1781874452.4426036 is LOADED and contains no failed jobs
[2026-06-19T13:07:34.953+0000] {subprocess.py:93} INFO - 
[2026-06-19T13:07:34.953+0000] {subprocess.py:93} INFO - ===== factures_electricite =====
[2026-06-19T13:07:34.954+0000] {subprocess.py:93} INFO - Pipeline flex_staging_pipeline load step completed in 0.14 seconds
[2026-06-19T13:07:34.954+0000] {subprocess.py:93} INFO - 1 load package(s) were loaded to destination postgres and into dataset staging
[2026-06-19T13:07:34.955+0000] {subprocess.py:93} INFO - The postgres destination used postgresql://postgres:***@postgres-staging:5432/flex_staging location to store data
[2026-06-19T13:07:34.956+0000] {subprocess.py:93} INFO - Load package 1781874453.2991467 is LOADED and contains no failed jobs
[2026-06-19T13:07:34.956+0000] {subprocess.py:93} INFO - 
[2026-06-19T13:07:34.957+0000] {subprocess.py:93} INFO - ===== paiements_factures =====
[2026-06-19T13:07:34.957+0000] {subprocess.py:93} INFO - Pipeline flex_staging_pipeline load step completed in 0.13 seconds
[2026-06-19T13:07:34.958+0000] {subprocess.py:93} INFO - 1 load package(s) were loaded to destination postgres and into dataset staging
[2026-06-19T13:07:34.958+0000] {subprocess.py:93} INFO - The postgres destination used postgresql://postgres:***@postgres-staging:5432/flex_staging location to store data
[2026-06-19T13:07:34.959+0000] {subprocess.py:93} INFO - Load package 1781874453.9357665 is LOADED and contains no failed jobs
[2026-06-19T13:07:34.960+0000] {subprocess.py:93} INFO - 
[2026-06-19T13:07:34.960+0000] {subprocess.py:93} INFO - ===== incidents =====
[2026-06-19T13:07:34.961+0000] {subprocess.py:93} INFO - Pipeline flex_staging_pipeline load step completed in 0.17 seconds
[2026-06-19T13:07:34.962+0000] {subprocess.py:93} INFO - 1 load package(s) were loaded to destination postgres and into dataset staging
[2026-06-19T13:07:34.963+0000] {subprocess.py:93} INFO - The postgres destination used postgresql://postgres:***@postgres-staging:5432/flex_staging location to store data
[2026-06-19T13:07:34.963+0000] {subprocess.py:93} INFO - Load package 1781874454.4135716 is LOADED and contains no failed jobs
[2026-06-19T13:07:34.964+0000] {subprocess.py:93} INFO - 
[2026-06-19T13:07:34.965+0000] {subprocess.py:93} INFO - ===== interventions =====
[2026-06-19T13:07:38.469+0000] {subprocess.py:93} INFO - 2026-06-19 13:07:38,468|[WARNING]|1013|124664599279424|dlt|validate.py|verify_normalized_table:113|In schema `flex_staging`: The following columns in table 'bons_coupure' did not receive any data during this load and therefore could not have their types inferred:
[2026-06-19T13:07:38.471+0000] {subprocess.py:93} INFO -   - date_annulation
[2026-06-19T13:07:38.472+0000] {subprocess.py:93} INFO -   - date_modification
[2026-06-19T13:07:38.474+0000] {subprocess.py:93} INFO -   - facture_num
[2026-06-19T13:07:38.475+0000] {subprocess.py:93} INFO -   - latitude
[2026-06-19T13:07:38.476+0000] {subprocess.py:93} INFO -   - longitude
[2026-06-19T13:07:38.478+0000] {subprocess.py:93} INFO - 
[2026-06-19T13:07:38.479+0000] {subprocess.py:93} INFO - Unless type hints are provided, these columns will not be materialized in the destination.
[2026-06-19T13:07:38.480+0000] {subprocess.py:93} INFO - One way to provide type hints is to use the 'columns' argument in the '@dlt.resource' decorator.  For example:
[2026-06-19T13:07:38.481+0000] {subprocess.py:93} INFO - 
[2026-06-19T13:07:38.483+0000] {subprocess.py:93} INFO - @dlt.resource(columns={'date_annulation': {'data_type': 'text'}})
[2026-06-19T13:07:38.484+0000] {subprocess.py:93} INFO - 
[2026-06-19T13:07:38.873+0000] {subprocess.py:93} INFO - Pipeline flex_staging_pipeline load step completed in 0.15 seconds
[2026-06-19T13:07:38.875+0000] {subprocess.py:93} INFO - 1 load package(s) were loaded to destination postgres and into dataset staging
[2026-06-19T13:07:38.876+0000] {subprocess.py:93} INFO - The postgres destination used postgresql://postgres:***@postgres-staging:5432/flex_staging location to store data
[2026-06-19T13:07:38.877+0000] {subprocess.py:93} INFO - Load package 1781874454.960295 is LOADED and contains no failed jobs
[2026-06-19T13:07:38.879+0000] {subprocess.py:93} INFO - 
[2026-06-19T13:07:38.880+0000] {subprocess.py:93} INFO - ===== moratoires =====
[2026-06-19T13:07:38.881+0000] {subprocess.py:93} INFO - Pipeline flex_staging_pipeline load step completed in 0.18 seconds
[2026-06-19T13:07:38.883+0000] {subprocess.py:93} INFO - 1 load package(s) were loaded to destination postgres and into dataset staging
[2026-06-19T13:07:38.884+0000] {subprocess.py:93} INFO - The postgres destination used postgresql://postgres:***@postgres-staging:5432/flex_staging location to store data
[2026-06-19T13:07:38.885+0000] {subprocess.py:93} INFO - Load package 1781874455.4340823 is LOADED and contains no failed jobs
[2026-06-19T13:07:38.886+0000] {subprocess.py:93} INFO - 
[2026-06-19T13:07:38.888+0000] {subprocess.py:93} INFO - ===== ordres_coupure =====
[2026-06-19T13:07:38.889+0000] {subprocess.py:93} INFO - Pipeline flex_staging_pipeline load step completed in 0.14 seconds
[2026-06-19T13:07:38.890+0000] {subprocess.py:93} INFO - 1 load package(s) were loaded to destination postgres and into dataset staging
[2026-06-19T13:07:38.891+0000] {subprocess.py:93} INFO - The postgres destination used postgresql://postgres:***@postgres-staging:5432/flex_staging location to store data
[2026-06-19T13:07:38.892+0000] {subprocess.py:93} INFO - Load package 1781874455.953267 is LOADED and contains no failed jobs
[2026-06-19T13:07:38.894+0000] {subprocess.py:93} INFO - 
[2026-06-19T13:07:38.895+0000] {subprocess.py:93} INFO - ===== ordres_retablissement =====
[2026-06-19T13:07:38.896+0000] {subprocess.py:93} INFO - Pipeline flex_staging_pipeline load step completed in 0.17 seconds
[2026-06-19T13:07:38.897+0000] {subprocess.py:93} INFO - 1 load package(s) were loaded to destination postgres and into dataset staging
[2026-06-19T13:07:38.898+0000] {subprocess.py:93} INFO - The postgres destination used postgresql://postgres:***@postgres-staging:5432/flex_staging location to store data
[2026-06-19T13:07:38.900+0000] {subprocess.py:93} INFO - Load package 1781874456.5309474 is LOADED and contains no failed jobs
[2026-06-19T13:07:38.901+0000] {subprocess.py:93} INFO - 
[2026-06-19T13:07:38.902+0000] {subprocess.py:93} INFO - ===== ordres_resiliation =====
[2026-06-19T13:07:38.904+0000] {subprocess.py:93} INFO - Pipeline flex_staging_pipeline load step completed in 0.13 seconds
[2026-06-19T13:07:38.905+0000] {subprocess.py:93} INFO - 1 load package(s) were loaded to destination postgres and into dataset staging
[2026-06-19T13:07:38.906+0000] {subprocess.py:93} INFO - The postgres destination used postgresql://postgres:***@postgres-staging:5432/flex_staging location to store data
[2026-06-19T13:07:38.907+0000] {subprocess.py:93} INFO - Load package 1781874457.0819514 is LOADED and contains no failed jobs
[2026-06-19T13:07:38.908+0000] {subprocess.py:93} INFO - 
[2026-06-19T13:07:38.910+0000] {subprocess.py:93} INFO - ===== bons_coupure =====
[2026-06-19T13:07:38.911+0000] {subprocess.py:93} INFO - Pipeline flex_staging_pipeline load step completed in 0.24 seconds
[2026-06-19T13:07:38.912+0000] {subprocess.py:93} INFO - 1 load package(s) were loaded to destination postgres and into dataset staging
[2026-06-19T13:07:38.913+0000] {subprocess.py:93} INFO - The postgres destination used postgresql://postgres:***@postgres-staging:5432/flex_staging location to store data
[2026-06-19T13:07:38.914+0000] {subprocess.py:93} INFO - Load package 1781874458.1740055 is LOADED and contains no failed jobs
[2026-06-19T13:07:39.711+0000] {subprocess.py:97} INFO - Command exited with return code 0
[2026-06-19T13:07:39.777+0000] {taskinstance.py:340} INFO - ::group::Post task execution logs
[2026-06-19T13:07:39.778+0000] {taskinstance.py:352} INFO - Marking task as SUCCESS. dag_id=flex_eau_pipeline, task_id=ingestion_mysql_staging, run_id=manual__2026-06-19T13:07:09.304760+00:00, execution_date=20260619T130709, start_date=20260619T130710, end_date=20260619T130739
[2026-06-19T13:07:39.817+0000] {local_task_job_runner.py:261} INFO - Task exited with return code 0
[2026-06-19T13:07:39.865+0000] {taskinstance.py:3891} INFO - 0 downstream tasks scheduled from follow-on schedule check
[2026-06-19T13:07:39.869+0000] {local_task_job_runner.py:240} INFO - ::endgroup::
