[2026-07-28T00:36:03.546+0000] {local_task_job_runner.py:123} INFO - ::group::Pre task execution logs
[2026-07-28T00:36:03.587+0000] {taskinstance.py:2603} INFO - Dependencies all met for dep_context=non-requeueable deps ti=<TaskInstance: flex_eau_pipeline.dim_geo scheduled__2026-07-26T00:00:00+00:00 [queued]>
[2026-07-28T00:36:03.606+0000] {taskinstance.py:2603} INFO - Dependencies all met for dep_context=requeueable deps ti=<TaskInstance: flex_eau_pipeline.dim_geo scheduled__2026-07-26T00:00:00+00:00 [queued]>
[2026-07-28T00:36:03.608+0000] {taskinstance.py:2856} INFO - Starting attempt 1 of 2
[2026-07-28T00:36:03.635+0000] {taskinstance.py:2879} INFO - Executing <Task(BashOperator): dim_geo> on 2026-07-26 00:00:00+00:00
[2026-07-28T00:36:03.653+0000] {standard_task_runner.py:72} INFO - Started process 335 to run task
[2026-07-28T00:36:03.665+0000] {standard_task_runner.py:104} INFO - Running: ['***', 'tasks', 'run', 'flex_eau_pipeline', 'dim_geo', 'scheduled__2026-07-26T00:00:00+00:00', '--job-id', '57', '--raw', '--subdir', 'DAGS_FOLDER/flex_eau_pipeline.py', '--cfg-path', '/tmp/tmp5gc9b0pc']
[2026-07-28T00:36:03.680+0000] {standard_task_runner.py:105} INFO - Job 57: Subtask dim_geo
[2026-07-28T00:36:03.854+0000] {task_command.py:467} INFO - Running <TaskInstance: flex_eau_pipeline.dim_geo scheduled__2026-07-26T00:00:00+00:00 [running]> on host b1da4d7b7394
[2026-07-28T00:36:04.149+0000] {taskinstance.py:3122} INFO - Exporting env vars: AIRFLOW_CTX_DAG_OWNER='flex-eau' AIRFLOW_CTX_DAG_ID='flex_eau_pipeline' AIRFLOW_CTX_TASK_ID='dim_geo' AIRFLOW_CTX_EXECUTION_DATE='2026-07-26T00:00:00+00:00' AIRFLOW_CTX_TRY_NUMBER='1' AIRFLOW_CTX_DAG_RUN_ID='scheduled__2026-07-26T00:00:00+00:00'
[2026-07-28T00:36:04.152+0000] {taskinstance.py:731} INFO - ::endgroup::
[2026-07-28T00:36:04.201+0000] {subprocess.py:63} INFO - Tmp dir root location: /tmp
[2026-07-28T00:36:04.202+0000] {subprocess.py:75} INFO - Running command: ['/usr/bin/bash', '-c', 'python spark_jobs/dimensions/dim_geo.py']
[2026-07-28T00:36:04.228+0000] {subprocess.py:86} INFO - Output:
[2026-07-28T00:36:18.227+0000] {subprocess.py:93} INFO - 26/07/28 00:36:18 WARN NativeCodeLoader: Unable to load native-hadoop library for your platform... using builtin-java classes where applicable
[2026-07-28T00:36:21.128+0000] {subprocess.py:93} INFO - Setting default log level to "WARN".
[2026-07-28T00:36:21.154+0000] {subprocess.py:93} INFO - To adjust logging level use sc.setLogLevel(newLevel). For SparkR, use setLogLevel(newLevel).
[2026-07-28T00:36:25.948+0000] {subprocess.py:93} INFO - 26/07/28 00:36:25 WARN Utils: Service 'SparkUI' could not bind on port 4040. Attempting port 4041.
[2026-07-28T00:36:25.949+0000] {subprocess.py:93} INFO - 26/07/28 00:36:25 WARN Utils: Service 'SparkUI' could not bind on port 4041. Attempting port 4042.
[2026-07-28T00:37:03.546+0000] {subprocess.py:93} INFO - [Stage 0:>                                                          (0 + 1) / 1][Stage 0:>    (0 + 1) / 1][Stage 1:>    (0 + 1) / 1][Stage 2:>    (0 + 1) / 1]                                                                                [Stage 46:>                                                         (0 + 1) / 1]                                                                                Nombre lignes : 20
[2026-07-28T00:37:03.547+0000] {subprocess.py:93} INFO - +-------+---------+-----------+----------+--------------+---------------+----------+------------------+-------+------------------+
[2026-07-28T00:37:03.549+0000] {subprocess.py:93} INFO - |geo_key|region_id|region_code|region_nom|departement_id|departement_nom|commune_id|commune_nom       |site_id|site_nom          |
[2026-07-28T00:37:03.550+0000] {subprocess.py:93} INFO - +-------+---------+-----------+----------+--------------+---------------+----------+------------------+-------+------------------+
[2026-07-28T00:37:03.550+0000] {subprocess.py:93} INFO - |0      |1        |KL         |Kaolack   |7             |Nioro du Rip   |49        |Kayemor           |27     |Kayemor           |
[2026-07-28T00:37:03.551+0000] {subprocess.py:93} INFO - |1      |1        |KL         |Kaolack   |7             |Nioro du Rip   |61        |Wack Ngouna       |29     |Wack Ngouna       |
[2026-07-28T00:37:03.552+0000] {subprocess.py:93} INFO - |2      |1        |KL         |Kaolack   |7             |Nioro du Rip   |50        |Medina Sabakh     |30     |Medina Sabakh     |
[2026-07-28T00:37:03.553+0000] {subprocess.py:93} INFO - |3      |1        |KL         |Kaolack   |7             |Nioro du Rip   |54        |Paoscoto          |28     |Paoscoto          |
[2026-07-28T00:37:03.554+0000] {subprocess.py:93} INFO - |4      |1        |KL         |Kaolack   |6             |Kaolack        |47        |Ndiebel           |22     |Ndiebel           |
[2026-07-28T00:37:03.555+0000] {subprocess.py:93} INFO - |5      |1        |KL         |Kaolack   |6             |Kaolack        |64        |Sibassor          |21     |Sibassor          |
[2026-07-28T00:37:03.556+0000] {subprocess.py:93} INFO - |6      |1        |KL         |Kaolack   |6             |Kaolack        |66        |Gandiaye          |23     |Gandiaye          |
[2026-07-28T00:37:03.556+0000] {subprocess.py:93} INFO - |7      |1        |KL         |Kaolack   |6             |Kaolack        |43        |Keur Soce         |24     |Keur Soce         |
[2026-07-28T00:37:03.557+0000] {subprocess.py:93} INFO - |8      |1        |KL         |Kaolack   |5             |Guinguineo     |36        |Nguelou           |26     |Nguelou           |
[2026-07-28T00:37:03.558+0000] {subprocess.py:93} INFO - |9      |1        |KL         |Kaolack   |5             |Guinguineo     |32        |Mbadakhoune       |25     |Mbadakhoune       |
[2026-07-28T00:37:03.558+0000] {subprocess.py:93} INFO - |10     |2        |KF         |Kaffrine  |1             |Birkelane      |69        |Birkelane         |31     |Birkelane         |
[2026-07-28T00:37:03.559+0000] {subprocess.py:93} INFO - |11     |2        |KF         |Kaffrine  |1             |Birkelane      |1         |Diamal            |33     |Diamal            |
[2026-07-28T00:37:03.560+0000] {subprocess.py:93} INFO - |12     |2        |KF         |Kaffrine  |3             |Koungheul      |16        |Fass Thieckene    |37     |Fass Thieckene    |
[2026-07-28T00:37:03.560+0000] {subprocess.py:93} INFO - |13     |2        |KF         |Kaffrine  |3             |Koungheul      |20        |Lour Escale       |39     |Lour Escale       |
[2026-07-28T00:37:03.561+0000] {subprocess.py:93} INFO - |14     |2        |KF         |Kaffrine  |3             |Koungheul      |18        |Ida Mouride       |38     |Ida Mouride       |
[2026-07-28T00:37:03.562+0000] {subprocess.py:93} INFO - |15     |2        |KF         |Kaffrine  |2             |Kaffrine       |62        |Katakel           |35     |Katakel           |
[2026-07-28T00:37:03.562+0000] {subprocess.py:93} INFO - |16     |2        |KF         |Kaffrine  |2             |Kaffrine       |8         |Gniby             |32     |Gniby             |
[2026-07-28T00:37:03.563+0000] {subprocess.py:93} INFO - |17     |2        |KF         |Kaffrine  |2             |Kaffrine       |12        |Diockoul Mbelbouck|36     |Diockoul Mbelbouck|
[2026-07-28T00:37:03.564+0000] {subprocess.py:93} INFO - |18     |2        |KF         |Kaffrine  |2             |Kaffrine       |10        |Kahi              |34     |Kahi              |
[2026-07-28T00:37:03.564+0000] {subprocess.py:93} INFO - |19     |2        |KF         |Kaffrine  |4             |Malem Hodar    |30        |Malem Hoddar      |40     |Malem Hoddar      |
[2026-07-28T00:37:03.565+0000] {subprocess.py:93} INFO - +-------+---------+-----------+----------+--------------+---------------+----------+------------------+-------+------------------+
[2026-07-28T00:37:03.566+0000] {subprocess.py:93} INFO - 
[2026-07-28T00:37:03.566+0000] {subprocess.py:93} INFO - DIM_GEOGRAPHIE créée avec succès
[2026-07-28T00:37:04.044+0000] {subprocess.py:97} INFO - Command exited with return code 0
[2026-07-28T00:37:04.103+0000] {taskinstance.py:340} INFO - ::group::Post task execution logs
[2026-07-28T00:37:04.104+0000] {taskinstance.py:352} INFO - Marking task as SUCCESS. dag_id=flex_eau_pipeline, task_id=dim_geo, run_id=scheduled__2026-07-26T00:00:00+00:00, execution_date=20260726T000000, start_date=20260728T003603, end_date=20260728T003704
[2026-07-28T00:37:04.155+0000] {local_task_job_runner.py:261} INFO - Task exited with return code 0
[2026-07-28T00:37:04.179+0000] {local_task_job_runner.py:240} INFO - ::endgroup::
