[2026-06-19T17:49:56.458+0000] {local_task_job_runner.py:123} INFO - ::group::Pre task execution logs
[2026-06-19T17:49:56.488+0000] {taskinstance.py:2603} INFO - Dependencies all met for dep_context=non-requeueable deps ti=<TaskInstance: flex_eau_pipeline.ingestion_mysql_staging manual__2026-06-19T17:49:55.738001+00:00 [queued]>
[2026-06-19T17:49:56.499+0000] {taskinstance.py:2603} INFO - Dependencies all met for dep_context=requeueable deps ti=<TaskInstance: flex_eau_pipeline.ingestion_mysql_staging manual__2026-06-19T17:49:55.738001+00:00 [queued]>
[2026-06-19T17:49:56.500+0000] {taskinstance.py:2856} INFO - Starting attempt 1 of 1
[2026-06-19T17:49:56.520+0000] {taskinstance.py:2879} INFO - Executing <Task(BashOperator): ingestion_mysql_staging> on 2026-06-19 17:49:55.738001+00:00
[2026-06-19T17:49:56.536+0000] {logging_mixin.py:190} WARNING - /home/***/.local/lib/python3.12/site-packages/***/task/task_runner/standard_task_runner.py:70 DeprecationWarning: This process (pid=280) is multi-threaded, use of fork() may lead to deadlocks in the child.
[2026-06-19T17:49:56.539+0000] {standard_task_runner.py:72} INFO - Started process 282 to run task
[2026-06-19T17:49:56.536+0000] {standard_task_runner.py:104} INFO - Running: ['***', 'tasks', 'run', 'flex_eau_pipeline', 'ingestion_mysql_staging', 'manual__2026-06-19T17:49:55.738001+00:00', '--job-id', '5', '--raw', '--subdir', 'DAGS_FOLDER/flex_eau_pipeline.py', '--cfg-path', '/tmp/tmptys6859q']
[2026-06-19T17:49:56.543+0000] {standard_task_runner.py:105} INFO - Job 5: Subtask ingestion_mysql_staging
[2026-06-19T17:49:56.646+0000] {task_command.py:467} INFO - Running <TaskInstance: flex_eau_pipeline.ingestion_mysql_staging manual__2026-06-19T17:49:55.738001+00:00 [running]> on host 7a265d66c632
[2026-06-19T17:49:56.784+0000] {taskinstance.py:3122} INFO - Exporting env vars: AIRFLOW_CTX_DAG_OWNER='***' AIRFLOW_CTX_DAG_ID='flex_eau_pipeline' AIRFLOW_CTX_TASK_ID='ingestion_mysql_staging' AIRFLOW_CTX_EXECUTION_DATE='2026-06-19T17:49:55.738001+00:00' AIRFLOW_CTX_TRY_NUMBER='1' AIRFLOW_CTX_DAG_RUN_ID='manual__2026-06-19T17:49:55.738001+00:00'
[2026-06-19T17:49:56.785+0000] {taskinstance.py:731} INFO - ::endgroup::
[2026-06-19T17:49:56.813+0000] {subprocess.py:63} INFO - Tmp dir root location: /tmp
[2026-06-19T17:49:56.816+0000] {subprocess.py:75} INFO - Running command: ['/usr/bin/bash', '-c', '\n        cd /opt/project &&         python ingestion/mysql_to_staging.py\n        ']
[2026-06-19T17:49:56.831+0000] {subprocess.py:86} INFO - Output:
[2026-06-19T17:50:10.225+0000] {subprocess.py:93} INFO - 2026-06-19 17:50:10,224|[WARNING]|288|127153148536640|dlt|validate.py|verify_normalized_table:113|In schema `flex_staging`: The following columns in table 'usagers' did not receive any data during this load and therefore could not have their types inferred:
[2026-06-19T17:50:10.226+0000] {subprocess.py:93} INFO -   - latitude
[2026-06-19T17:50:10.227+0000] {subprocess.py:93} INFO -   - longitude
[2026-06-19T17:50:10.228+0000] {subprocess.py:93} INFO - 
[2026-06-19T17:50:10.230+0000] {subprocess.py:93} INFO - Unless type hints are provided, these columns will not be materialized in the destination.
[2026-06-19T17:50:10.231+0000] {subprocess.py:93} INFO - One way to provide type hints is to use the 'columns' argument in the '@dlt.resource' decorator.  For example:
[2026-06-19T17:50:10.231+0000] {subprocess.py:93} INFO - 
[2026-06-19T17:50:10.232+0000] {subprocess.py:93} INFO - @dlt.resource(columns={'latitude': {'data_type': 'text'}})
[2026-06-19T17:50:10.233+0000] {subprocess.py:93} INFO - 
[2026-06-19T17:50:11.336+0000] {subprocess.py:93} INFO - 2026-06-19 17:50:11,335|[WARNING]|288|127153148536640|dlt|validate.py|verify_normalized_table:113|In schema `flex_staging`: The following columns in table 'compteurs' did not receive any data during this load and therefore could not have their types inferred:
[2026-06-19T17:50:11.337+0000] {subprocess.py:93} INFO -   - index_coupure
[2026-06-19T17:50:11.337+0000] {subprocess.py:93} INFO - 
[2026-06-19T17:50:11.338+0000] {subprocess.py:93} INFO - Unless type hints are provided, these columns will not be materialized in the destination.
[2026-06-19T17:50:11.339+0000] {subprocess.py:93} INFO - One way to provide type hints is to use the 'columns' argument in the '@dlt.resource' decorator.  For example:
[2026-06-19T17:50:11.340+0000] {subprocess.py:93} INFO - 
[2026-06-19T17:50:11.341+0000] {subprocess.py:93} INFO - @dlt.resource(columns={'index_coupure': {'data_type': 'text'}})
[2026-06-19T17:50:11.341+0000] {subprocess.py:93} INFO - 
[2026-06-19T17:50:15.213+0000] {subprocess.py:93} INFO - 2026-06-19 17:50:15,213|[WARNING]|288|127153148536640|dlt|validate.py|verify_normalized_table:113|In schema `flex_staging`: The following columns in table 'forages' did not receive any data during this load and therefore could not have their types inferred:
[2026-06-19T17:50:15.215+0000] {subprocess.py:93} INFO -   - latitude
[2026-06-19T17:50:15.216+0000] {subprocess.py:93} INFO -   - longitude
[2026-06-19T17:50:15.217+0000] {subprocess.py:93} INFO - 
[2026-06-19T17:50:15.219+0000] {subprocess.py:93} INFO - Unless type hints are provided, these columns will not be materialized in the destination.
[2026-06-19T17:50:15.220+0000] {subprocess.py:93} INFO - One way to provide type hints is to use the 'columns' argument in the '@dlt.resource' decorator.  For example:
[2026-06-19T17:50:15.221+0000] {subprocess.py:93} INFO - 
[2026-06-19T17:50:15.222+0000] {subprocess.py:93} INFO - @dlt.resource(columns={'latitude': {'data_type': 'text'}})
[2026-06-19T17:50:15.223+0000] {subprocess.py:93} INFO - 
[2026-06-19T17:50:19.515+0000] {subprocess.py:93} INFO - 
[2026-06-19T17:50:19.516+0000] {subprocess.py:93} INFO - ===== regions =====
[2026-06-19T17:50:19.517+0000] {subprocess.py:93} INFO - Pipeline flex_staging_pipeline load step completed in 0.19 seconds
[2026-06-19T17:50:19.518+0000] {subprocess.py:93} INFO - 1 load package(s) were loaded to destination postgres and into dataset staging
[2026-06-19T17:50:19.518+0000] {subprocess.py:93} INFO - The postgres destination used postgresql://postgres:***@postgres-staging:5432/flex_staging location to store data
[2026-06-19T17:50:19.519+0000] {subprocess.py:93} INFO - Load package 1781891405.8851187 is LOADED and contains no failed jobs
[2026-06-19T17:50:19.520+0000] {subprocess.py:93} INFO - 
[2026-06-19T17:50:19.520+0000] {subprocess.py:93} INFO - ===== departements =====
[2026-06-19T17:50:19.521+0000] {subprocess.py:93} INFO - Pipeline flex_staging_pipeline load step completed in 0.13 seconds
[2026-06-19T17:50:19.522+0000] {subprocess.py:93} INFO - 1 load package(s) were loaded to destination postgres and into dataset staging
[2026-06-19T17:50:19.522+0000] {subprocess.py:93} INFO - The postgres destination used postgresql://postgres:***@postgres-staging:5432/flex_staging location to store data
[2026-06-19T17:50:19.523+0000] {subprocess.py:93} INFO - Load package 1781891407.2505643 is LOADED and contains no failed jobs
[2026-06-19T17:50:19.523+0000] {subprocess.py:93} INFO - 
[2026-06-19T17:50:19.524+0000] {subprocess.py:93} INFO - ===== communes =====
[2026-06-19T17:50:19.525+0000] {subprocess.py:93} INFO - Pipeline flex_staging_pipeline load step completed in 0.18 seconds
[2026-06-19T17:50:19.525+0000] {subprocess.py:93} INFO - 1 load package(s) were loaded to destination postgres and into dataset staging
[2026-06-19T17:50:19.526+0000] {subprocess.py:93} INFO - The postgres destination used postgresql://postgres:***@postgres-staging:5432/flex_staging location to store data
[2026-06-19T17:50:19.526+0000] {subprocess.py:93} INFO - Load package 1781891407.6558728 is LOADED and contains no failed jobs
[2026-06-19T17:50:19.527+0000] {subprocess.py:93} INFO - 
[2026-06-19T17:50:19.527+0000] {subprocess.py:93} INFO - ===== sites =====
[2026-06-19T17:50:19.528+0000] {subprocess.py:93} INFO - Pipeline flex_staging_pipeline load step completed in 0.18 seconds
[2026-06-19T17:50:19.529+0000] {subprocess.py:93} INFO - 1 load package(s) were loaded to destination postgres and into dataset staging
[2026-06-19T17:50:19.529+0000] {subprocess.py:93} INFO - The postgres destination used postgresql://postgres:***@postgres-staging:5432/flex_staging location to store data
[2026-06-19T17:50:19.530+0000] {subprocess.py:93} INFO - Load package 1781891408.1841404 is LOADED and contains no failed jobs
[2026-06-19T17:50:19.530+0000] {subprocess.py:93} INFO - 
[2026-06-19T17:50:19.531+0000] {subprocess.py:93} INFO - ===== usages =====
[2026-06-19T17:50:19.531+0000] {subprocess.py:93} INFO - Pipeline flex_staging_pipeline load step completed in 0.10 seconds
[2026-06-19T17:50:19.532+0000] {subprocess.py:93} INFO - 1 load package(s) were loaded to destination postgres and into dataset staging
[2026-06-19T17:50:19.532+0000] {subprocess.py:93} INFO - The postgres destination used postgresql://postgres:***@postgres-staging:5432/flex_staging location to store data
[2026-06-19T17:50:19.533+0000] {subprocess.py:93} INFO - Load package 1781891408.6676164 is LOADED and contains no failed jobs
[2026-06-19T17:50:19.534+0000] {subprocess.py:93} INFO - 
[2026-06-19T17:50:19.534+0000] {subprocess.py:93} INFO - ===== sources_energie =====
[2026-06-19T17:50:19.535+0000] {subprocess.py:93} INFO - Pipeline flex_staging_pipeline load step completed in 0.13 seconds
[2026-06-19T17:50:19.535+0000] {subprocess.py:93} INFO - 1 load package(s) were loaded to destination postgres and into dataset staging
[2026-06-19T17:50:19.536+0000] {subprocess.py:93} INFO - The postgres destination used postgresql://postgres:***@postgres-staging:5432/flex_staging location to store data
[2026-06-19T17:50:19.537+0000] {subprocess.py:93} INFO - Load package 1781891409.1158555 is LOADED and contains no failed jobs
[2026-06-19T17:50:19.537+0000] {subprocess.py:93} INFO - 
[2026-06-19T17:50:19.538+0000] {subprocess.py:93} INFO - ===== agents =====
[2026-06-19T17:50:19.538+0000] {subprocess.py:93} INFO - Pipeline flex_staging_pipeline load step completed in 0.15 seconds
[2026-06-19T17:50:19.539+0000] {subprocess.py:93} INFO - 1 load package(s) were loaded to destination postgres and into dataset staging
[2026-06-19T17:50:19.540+0000] {subprocess.py:93} INFO - The postgres destination used postgresql://postgres:***@postgres-staging:5432/flex_staging location to store data
[2026-06-19T17:50:19.540+0000] {subprocess.py:93} INFO - Load package 1781891409.5342584 is LOADED and contains no failed jobs
[2026-06-19T17:50:19.541+0000] {subprocess.py:93} INFO - 
[2026-06-19T17:50:19.541+0000] {subprocess.py:93} INFO - ===== usagers =====
[2026-06-19T17:50:19.542+0000] {subprocess.py:93} INFO - Pipeline flex_staging_pipeline load step completed in 0.19 seconds
[2026-06-19T17:50:19.543+0000] {subprocess.py:93} INFO - 1 load package(s) were loaded to destination postgres and into dataset staging
[2026-06-19T17:50:19.543+0000] {subprocess.py:93} INFO - The postgres destination used postgresql://postgres:***@postgres-staging:5432/flex_staging location to store data
[2026-06-19T17:50:19.544+0000] {subprocess.py:93} INFO - Load package 1781891410.0625691 is LOADED and contains no failed jobs
[2026-06-19T17:50:19.544+0000] {subprocess.py:93} INFO - 
[2026-06-19T17:50:19.545+0000] {subprocess.py:93} INFO - ===== abonnes =====
[2026-06-19T17:50:19.545+0000] {subprocess.py:93} INFO - Pipeline flex_staging_pipeline load step completed in 0.16 seconds
[2026-06-19T17:50:19.546+0000] {subprocess.py:93} INFO - 1 load package(s) were loaded to destination postgres and into dataset staging
[2026-06-19T17:50:19.547+0000] {subprocess.py:93} INFO - The postgres destination used postgresql://postgres:***@postgres-staging:5432/flex_staging location to store data
[2026-06-19T17:50:19.547+0000] {subprocess.py:93} INFO - Load package 1781891410.709081 is LOADED and contains no failed jobs
[2026-06-19T17:50:19.548+0000] {subprocess.py:93} INFO - 
[2026-06-19T17:50:19.548+0000] {subprocess.py:93} INFO - ===== compteurs =====
[2026-06-19T17:50:19.549+0000] {subprocess.py:93} INFO - Pipeline flex_staging_pipeline load step completed in 0.15 seconds
[2026-06-19T17:50:19.550+0000] {subprocess.py:93} INFO - 1 load package(s) were loaded to destination postgres and into dataset staging
[2026-06-19T17:50:19.550+0000] {subprocess.py:93} INFO - The postgres destination used postgresql://postgres:***@postgres-staging:5432/flex_staging location to store data
[2026-06-19T17:50:19.551+0000] {subprocess.py:93} INFO - Load package 1781891411.1810422 is LOADED and contains no failed jobs
[2026-06-19T17:50:19.551+0000] {subprocess.py:93} INFO - 
[2026-06-19T17:50:19.552+0000] {subprocess.py:93} INFO - ===== demandes_abonnement =====
[2026-06-19T17:50:19.553+0000] {subprocess.py:93} INFO - Pipeline flex_staging_pipeline load step completed in 0.15 seconds
[2026-06-19T17:50:19.553+0000] {subprocess.py:93} INFO - 1 load package(s) were loaded to destination postgres and into dataset staging
[2026-06-19T17:50:19.554+0000] {subprocess.py:93} INFO - The postgres destination used postgresql://postgres:***@postgres-staging:5432/flex_staging location to store data
[2026-06-19T17:50:19.555+0000] {subprocess.py:93} INFO - Load package 1781891411.6796923 is LOADED and contains no failed jobs
[2026-06-19T17:50:19.555+0000] {subprocess.py:93} INFO - 
[2026-06-19T17:50:19.556+0000] {subprocess.py:93} INFO - ===== devis_materiel =====
[2026-06-19T17:50:19.556+0000] {subprocess.py:93} INFO - Pipeline flex_staging_pipeline load step completed in 0.17 seconds
[2026-06-19T17:50:19.557+0000] {subprocess.py:93} INFO - 1 load package(s) were loaded to destination postgres and into dataset staging
[2026-06-19T17:50:19.558+0000] {subprocess.py:93} INFO - The postgres destination used postgresql://postgres:***@postgres-staging:5432/flex_staging location to store data
[2026-06-19T17:50:19.558+0000] {subprocess.py:93} INFO - Load package 1781891412.1465073 is LOADED and contains no failed jobs
[2026-06-19T17:50:19.559+0000] {subprocess.py:93} INFO - 
[2026-06-19T17:50:19.560+0000] {subprocess.py:93} INFO - ===== releve_compteur =====
[2026-06-19T17:50:19.560+0000] {subprocess.py:93} INFO - Pipeline flex_staging_pipeline load step completed in 0.22 seconds
[2026-06-19T17:50:19.561+0000] {subprocess.py:93} INFO - 1 load package(s) were loaded to destination postgres and into dataset staging
[2026-06-19T17:50:19.561+0000] {subprocess.py:93} INFO - The postgres destination used postgresql://postgres:***@postgres-staging:5432/flex_staging location to store data
[2026-06-19T17:50:19.562+0000] {subprocess.py:93} INFO - Load package 1781891412.669368 is LOADED and contains no failed jobs
[2026-06-19T17:50:19.563+0000] {subprocess.py:93} INFO - 
[2026-06-19T17:50:19.563+0000] {subprocess.py:93} INFO - ===== factures =====
[2026-06-19T17:50:19.564+0000] {subprocess.py:93} INFO - Pipeline flex_staging_pipeline load step completed in 0.26 seconds
[2026-06-19T17:50:19.564+0000] {subprocess.py:93} INFO - 1 load package(s) were loaded to destination postgres and into dataset staging
[2026-06-19T17:50:19.565+0000] {subprocess.py:93} INFO - The postgres destination used postgresql://postgres:***@postgres-staging:5432/flex_staging location to store data
[2026-06-19T17:50:19.565+0000] {subprocess.py:93} INFO - Load package 1781891413.4838254 is LOADED and contains no failed jobs
[2026-06-19T17:50:19.566+0000] {subprocess.py:93} INFO - 
[2026-06-19T17:50:19.566+0000] {subprocess.py:93} INFO - ===== paiements =====
[2026-06-19T17:50:19.567+0000] {subprocess.py:93} INFO - Pipeline flex_staging_pipeline load step completed in 0.19 seconds
[2026-06-19T17:50:19.568+0000] {subprocess.py:93} INFO - 1 load package(s) were loaded to destination postgres and into dataset staging
[2026-06-19T17:50:19.568+0000] {subprocess.py:93} INFO - The postgres destination used postgresql://postgres:***@postgres-staging:5432/flex_staging location to store data
[2026-06-19T17:50:19.569+0000] {subprocess.py:93} INFO - Load package 1781891414.4653058 is LOADED and contains no failed jobs
[2026-06-19T17:50:19.569+0000] {subprocess.py:93} INFO - 
[2026-06-19T17:50:19.570+0000] {subprocess.py:93} INFO - ===== forages =====
[2026-06-19T17:50:19.570+0000] {subprocess.py:93} INFO - Pipeline flex_staging_pipeline load step completed in 0.15 seconds
[2026-06-19T17:50:19.571+0000] {subprocess.py:93} INFO - 1 load package(s) were loaded to destination postgres and into dataset staging
[2026-06-19T17:50:19.574+0000] {subprocess.py:93} INFO - The postgres destination used postgresql://postgres:***@postgres-staging:5432/flex_staging location to store data
[2026-06-19T17:50:19.574+0000] {subprocess.py:93} INFO - Load package 1781891415.0422084 is LOADED and contains no failed jobs
[2026-06-19T17:50:19.575+0000] {subprocess.py:93} INFO - 
[2026-06-19T17:50:19.576+0000] {subprocess.py:93} INFO - ===== sessions =====
[2026-06-19T17:50:19.576+0000] {subprocess.py:93} INFO - Pipeline flex_staging_pipeline load step completed in 0.15 seconds
[2026-06-19T17:50:19.577+0000] {subprocess.py:93} INFO - 1 load package(s) were loaded to destination postgres and into dataset staging
[2026-06-19T17:50:19.577+0000] {subprocess.py:93} INFO - The postgres destination used postgresql://postgres:***@postgres-staging:5432/flex_staging location to store data
[2026-06-19T17:50:19.578+0000] {subprocess.py:93} INFO - Load package 1781891415.5373259 is LOADED and contains no failed jobs
[2026-06-19T17:50:19.579+0000] {subprocess.py:93} INFO - 
[2026-06-19T17:50:19.579+0000] {subprocess.py:93} INFO - ===== session_site =====
[2026-06-19T17:50:19.580+0000] {subprocess.py:93} INFO - Pipeline flex_staging_pipeline load step completed in 0.14 seconds
[2026-06-19T17:50:19.580+0000] {subprocess.py:93} INFO - 1 load package(s) were loaded to destination postgres and into dataset staging
[2026-06-19T17:50:19.581+0000] {subprocess.py:93} INFO - The postgres destination used postgresql://postgres:***@postgres-staging:5432/flex_staging location to store data
[2026-06-19T17:50:19.581+0000] {subprocess.py:93} INFO - Load package 1781891416.029669 is LOADED and contains no failed jobs
[2026-06-19T17:50:19.582+0000] {subprocess.py:93} INFO - 
[2026-06-19T17:50:19.583+0000] {subprocess.py:93} INFO - ===== production =====
[2026-06-19T17:50:19.583+0000] {subprocess.py:93} INFO - Pipeline flex_staging_pipeline load step completed in 0.13 seconds
[2026-06-19T17:50:19.584+0000] {subprocess.py:93} INFO - 1 load package(s) were loaded to destination postgres and into dataset staging
[2026-06-19T17:50:19.584+0000] {subprocess.py:93} INFO - The postgres destination used postgresql://postgres:***@postgres-staging:5432/flex_staging location to store data
[2026-06-19T17:50:19.585+0000] {subprocess.py:93} INFO - Load package 1781891416.4844108 is LOADED and contains no failed jobs
[2026-06-19T17:50:19.585+0000] {subprocess.py:93} INFO - 
[2026-06-19T17:50:19.586+0000] {subprocess.py:93} INFO - ===== consommation_energetique =====
[2026-06-19T17:50:19.586+0000] {subprocess.py:93} INFO - Pipeline flex_staging_pipeline load step completed in 0.18 seconds
[2026-06-19T17:50:19.587+0000] {subprocess.py:93} INFO - 1 load package(s) were loaded to destination postgres and into dataset staging
[2026-06-19T17:50:19.587+0000] {subprocess.py:93} INFO - The postgres destination used postgresql://postgres:***@postgres-staging:5432/flex_staging location to store data
[2026-06-19T17:50:19.588+0000] {subprocess.py:93} INFO - Load package 1781891417.0406027 is LOADED and contains no failed jobs
[2026-06-19T17:50:19.588+0000] {subprocess.py:93} INFO - 
[2026-06-19T17:50:19.589+0000] {subprocess.py:93} INFO - ===== factures_electricite =====
[2026-06-19T17:50:19.590+0000] {subprocess.py:93} INFO - Pipeline flex_staging_pipeline load step completed in 0.15 seconds
[2026-06-19T17:50:19.590+0000] {subprocess.py:93} INFO - 1 load package(s) were loaded to destination postgres and into dataset staging
[2026-06-19T17:50:19.591+0000] {subprocess.py:93} INFO - The postgres destination used postgresql://postgres:***@postgres-staging:5432/flex_staging location to store data
[2026-06-19T17:50:19.591+0000] {subprocess.py:93} INFO - Load package 1781891417.5562437 is LOADED and contains no failed jobs
[2026-06-19T17:50:19.592+0000] {subprocess.py:93} INFO - 
[2026-06-19T17:50:19.593+0000] {subprocess.py:93} INFO - ===== paiements_factures =====
[2026-06-19T17:50:19.593+0000] {subprocess.py:93} INFO - Pipeline flex_staging_pipeline load step completed in 0.12 seconds
[2026-06-19T17:50:19.594+0000] {subprocess.py:93} INFO - 1 load package(s) were loaded to destination postgres and into dataset staging
[2026-06-19T17:50:19.594+0000] {subprocess.py:93} INFO - The postgres destination used postgresql://postgres:***@postgres-staging:5432/flex_staging location to store data
[2026-06-19T17:50:19.595+0000] {subprocess.py:93} INFO - Load package 1781891418.1533933 is LOADED and contains no failed jobs
[2026-06-19T17:50:19.595+0000] {subprocess.py:93} INFO - 
[2026-06-19T17:50:19.596+0000] {subprocess.py:93} INFO - ===== incidents =====
[2026-06-19T17:50:19.596+0000] {subprocess.py:93} INFO - Pipeline flex_staging_pipeline load step completed in 0.13 seconds
[2026-06-19T17:50:19.597+0000] {subprocess.py:93} INFO - 1 load package(s) were loaded to destination postgres and into dataset staging
[2026-06-19T17:50:19.597+0000] {subprocess.py:93} INFO - The postgres destination used postgresql://postgres:***@postgres-staging:5432/flex_staging location to store data
[2026-06-19T17:50:19.598+0000] {subprocess.py:93} INFO - Load package 1781891418.6599722 is LOADED and contains no failed jobs
[2026-06-19T17:50:19.599+0000] {subprocess.py:93} INFO - 
[2026-06-19T17:50:19.599+0000] {subprocess.py:93} INFO - ===== interventions =====
[2026-06-19T17:50:19.600+0000] {subprocess.py:93} INFO - Pipeline flex_staging_pipeline load step completed in 0.16 seconds
[2026-06-19T17:50:19.600+0000] {subprocess.py:93} INFO - 1 load package(s) were loaded to destination postgres and into dataset staging
[2026-06-19T17:50:19.601+0000] {subprocess.py:93} INFO - The postgres destination used postgresql://postgres:***@postgres-staging:5432/flex_staging location to store data
[2026-06-19T17:50:21.712+0000] {subprocess.py:93} INFO - Load package 1781891419.1111007 is LOADED and contains no failed jobs2026-06-19 17:50:21,711|[WARNING]|288|127153148536640|dlt|validate.py|verify_normalized_table:113|In schema `flex_staging`: The following columns in table 'bons_coupure' did not receive any data during this load and therefore could not have their types inferred:
[2026-06-19T17:50:21.713+0000] {subprocess.py:93} INFO -   - date_annulation
[2026-06-19T17:50:21.714+0000] {subprocess.py:93} INFO -   - date_modification
[2026-06-19T17:50:21.716+0000] {subprocess.py:93} INFO -   - facture_num
[2026-06-19T17:50:21.717+0000] {subprocess.py:93} INFO -   - latitude
[2026-06-19T17:50:21.718+0000] {subprocess.py:93} INFO -   - longitude
[2026-06-19T17:50:21.719+0000] {subprocess.py:93} INFO - 
[2026-06-19T17:50:21.720+0000] {subprocess.py:93} INFO - Unless type hints are provided, these columns will not be materialized in the destination.
[2026-06-19T17:50:21.722+0000] {subprocess.py:93} INFO - One way to provide type hints is to use the 'columns' argument in the '@dlt.resource' decorator.  For example:
[2026-06-19T17:50:21.723+0000] {subprocess.py:93} INFO - 
[2026-06-19T17:50:21.724+0000] {subprocess.py:93} INFO - @dlt.resource(columns={'date_annulation': {'data_type': 'text'}})
[2026-06-19T17:50:21.726+0000] {subprocess.py:93} INFO - 
[2026-06-19T17:50:21.922+0000] {subprocess.py:93} INFO - 
[2026-06-19T17:50:21.923+0000] {subprocess.py:93} INFO - 
[2026-06-19T17:50:21.924+0000] {subprocess.py:93} INFO - ===== moratoires =====
[2026-06-19T17:50:21.924+0000] {subprocess.py:93} INFO - Pipeline flex_staging_pipeline load step completed in 0.10 seconds
[2026-06-19T17:50:21.925+0000] {subprocess.py:93} INFO - 1 load package(s) were loaded to destination postgres and into dataset staging
[2026-06-19T17:50:21.925+0000] {subprocess.py:93} INFO - The postgres destination used postgresql://postgres:***@postgres-staging:5432/flex_staging location to store data
[2026-06-19T17:50:21.926+0000] {subprocess.py:93} INFO - Load package 1781891419.5941355 is LOADED and contains no failed jobs
[2026-06-19T17:50:21.927+0000] {subprocess.py:93} INFO - 
[2026-06-19T17:50:21.927+0000] {subprocess.py:93} INFO - ===== ordres_coupure =====
[2026-06-19T17:50:21.928+0000] {subprocess.py:93} INFO - Pipeline flex_staging_pipeline load step completed in 0.11 seconds
[2026-06-19T17:50:21.928+0000] {subprocess.py:93} INFO - 1 load package(s) were loaded to destination postgres and into dataset staging
[2026-06-19T17:50:21.929+0000] {subprocess.py:93} INFO - The postgres destination used postgresql://postgres:***@postgres-staging:5432/flex_staging location to store data
[2026-06-19T17:50:21.930+0000] {subprocess.py:93} INFO - Load package 1781891420.0391312 is LOADED and contains no failed jobs
[2026-06-19T17:50:21.930+0000] {subprocess.py:93} INFO - 
[2026-06-19T17:50:21.931+0000] {subprocess.py:93} INFO - ===== ordres_retablissement =====
[2026-06-19T17:50:21.932+0000] {subprocess.py:93} INFO - Pipeline flex_staging_pipeline load step completed in 0.15 seconds
[2026-06-19T17:50:21.932+0000] {subprocess.py:93} INFO - 1 load package(s) were loaded to destination postgres and into dataset staging
[2026-06-19T17:50:21.933+0000] {subprocess.py:93} INFO - The postgres destination used postgresql://postgres:***@postgres-staging:5432/flex_staging location to store data
[2026-06-19T17:50:21.933+0000] {subprocess.py:93} INFO - Load package 1781891420.4618762 is LOADED and contains no failed jobs
[2026-06-19T17:50:21.934+0000] {subprocess.py:93} INFO - 
[2026-06-19T17:50:21.935+0000] {subprocess.py:93} INFO - ===== ordres_resiliation =====
[2026-06-19T17:50:21.935+0000] {subprocess.py:93} INFO - Pipeline flex_staging_pipeline load step completed in 0.15 seconds
[2026-06-19T17:50:21.936+0000] {subprocess.py:93} INFO - 1 load package(s) were loaded to destination postgres and into dataset staging
[2026-06-19T17:50:21.936+0000] {subprocess.py:93} INFO - The postgres destination used postgresql://postgres:***@postgres-staging:5432/flex_staging location to store data
[2026-06-19T17:50:21.937+0000] {subprocess.py:93} INFO - Load package 1781891421.1104372 is LOADED and contains no failed jobs
[2026-06-19T17:50:21.938+0000] {subprocess.py:93} INFO - 
[2026-06-19T17:50:21.939+0000] {subprocess.py:93} INFO - ===== bons_coupure =====
[2026-06-19T17:50:21.940+0000] {subprocess.py:93} INFO - Pipeline flex_staging_pipeline load step completed in 0.12 seconds
[2026-06-19T17:50:21.940+0000] {subprocess.py:93} INFO - 1 load package(s) were loaded to destination postgres and into dataset staging
[2026-06-19T17:50:21.941+0000] {subprocess.py:93} INFO - The postgres destination used postgresql://postgres:***@postgres-staging:5432/flex_staging location to store data
[2026-06-19T17:50:21.942+0000] {subprocess.py:93} INFO - Load package 1781891421.5540047 is LOADED and contains no failed jobs
[2026-06-19T17:50:22.965+0000] {subprocess.py:97} INFO - Command exited with return code 0
[2026-06-19T17:50:23.008+0000] {taskinstance.py:340} INFO - ::group::Post task execution logs
[2026-06-19T17:50:23.010+0000] {taskinstance.py:352} INFO - Marking task as SUCCESS. dag_id=flex_eau_pipeline, task_id=ingestion_mysql_staging, run_id=manual__2026-06-19T17:49:55.738001+00:00, execution_date=20260619T174955, start_date=20260619T174956, end_date=20260619T175023
[2026-06-19T17:50:23.046+0000] {local_task_job_runner.py:261} INFO - Task exited with return code 0
[2026-06-19T17:50:23.090+0000] {taskinstance.py:3891} INFO - 0 downstream tasks scheduled from follow-on schedule check
[2026-06-19T17:50:23.095+0000] {local_task_job_runner.py:240} INFO - ::endgroup::
