[2026-06-19T18:21:24.850+0000] {local_task_job_runner.py:123} INFO - ::group::Pre task execution logs
[2026-06-19T18:21:24.894+0000] {taskinstance.py:2603} INFO - Dependencies all met for dep_context=non-requeueable deps ti=<TaskInstance: flex_eau_pipeline.ingestion_mysql_staging manual__2026-06-19T18:21:22.941011+00:00 [queued]>
[2026-06-19T18:21:24.908+0000] {taskinstance.py:2603} INFO - Dependencies all met for dep_context=requeueable deps ti=<TaskInstance: flex_eau_pipeline.ingestion_mysql_staging manual__2026-06-19T18:21:22.941011+00:00 [queued]>
[2026-06-19T18:21:24.910+0000] {taskinstance.py:2856} INFO - Starting attempt 1 of 1
[2026-06-19T18:21:24.945+0000] {taskinstance.py:2879} INFO - Executing <Task(BashOperator): ingestion_mysql_staging> on 2026-06-19 18:21:22.941011+00:00
[2026-06-19T18:21:25.003+0000] {logging_mixin.py:190} WARNING - /home/***/.local/lib/python3.12/site-packages/***/task/task_runner/standard_task_runner.py:70 DeprecationWarning: This process (pid=292) is multi-threaded, use of fork() may lead to deadlocks in the child.
[2026-06-19T18:21:24.998+0000] {standard_task_runner.py:104} INFO - Running: ['***', 'tasks', 'run', 'flex_eau_pipeline', 'ingestion_mysql_staging', 'manual__2026-06-19T18:21:22.941011+00:00', '--job-id', '3', '--raw', '--subdir', 'DAGS_FOLDER/flex_eau_pipeline.py', '--cfg-path', '/tmp/tmpxlcktjmz']
[2026-06-19T18:21:25.015+0000] {standard_task_runner.py:72} INFO - Started process 295 to run task
[2026-06-19T18:21:25.016+0000] {standard_task_runner.py:105} INFO - Job 3: Subtask ingestion_mysql_staging
[2026-06-19T18:21:25.294+0000] {task_command.py:467} INFO - Running <TaskInstance: flex_eau_pipeline.ingestion_mysql_staging manual__2026-06-19T18:21:22.941011+00:00 [running]> on host 91a8e2bd83e7
[2026-06-19T18:21:25.573+0000] {taskinstance.py:3122} INFO - Exporting env vars: AIRFLOW_CTX_DAG_OWNER='***' AIRFLOW_CTX_DAG_ID='flex_eau_pipeline' AIRFLOW_CTX_TASK_ID='ingestion_mysql_staging' AIRFLOW_CTX_EXECUTION_DATE='2026-06-19T18:21:22.941011+00:00' AIRFLOW_CTX_TRY_NUMBER='1' AIRFLOW_CTX_DAG_RUN_ID='manual__2026-06-19T18:21:22.941011+00:00'
[2026-06-19T18:21:25.576+0000] {taskinstance.py:731} INFO - ::endgroup::
[2026-06-19T18:21:25.627+0000] {subprocess.py:63} INFO - Tmp dir root location: /tmp
[2026-06-19T18:21:25.634+0000] {subprocess.py:75} INFO - Running command: ['/usr/bin/bash', '-c', '\n        cd /opt/project &&         python ingestion/mysql_to_staging.py\n        ']
[2026-06-19T18:21:25.665+0000] {subprocess.py:86} INFO - Output:
[2026-06-19T18:21:44.129+0000] {subprocess.py:93} INFO - 
[2026-06-19T18:21:44.131+0000] {subprocess.py:93} INFO - ===== regions =====
[2026-06-19T18:21:44.132+0000] {subprocess.py:93} INFO - Traceback (most recent call last):
[2026-06-19T18:21:44.133+0000] {subprocess.py:93} INFO -   File "/home/***/.local/lib/python3.12/site-packages/dlt/pipeline/pipeline.py", line 575, in normalize
[2026-06-19T18:21:44.134+0000] {subprocess.py:93} INFO -     runner.run_pool(normalize_step.config, normalize_step)
[2026-06-19T18:21:44.135+0000] {subprocess.py:93} INFO -   File "/home/***/.local/lib/python3.12/site-packages/dlt/common/runners/pool_runner.py", line 259, in run_pool
[2026-06-19T18:21:44.136+0000] {subprocess.py:93} INFO -     while _run_func():
[2026-06-19T18:21:44.137+0000] {subprocess.py:93} INFO -           ^^^^^^^^^^^
[2026-06-19T18:21:44.138+0000] {subprocess.py:93} INFO -   File "/home/***/.local/lib/python3.12/site-packages/dlt/common/runners/pool_runner.py", line 252, in _run_func
[2026-06-19T18:21:44.139+0000] {subprocess.py:93} INFO -     run_metrics = run_f.run(cast(TExecutor, pool))
[2026-06-19T18:21:44.141+0000] {subprocess.py:93} INFO -                   ^^^^^^^^^^^^^^^^^^^^^^^^^^^^^^^^
[2026-06-19T18:21:44.142+0000] {subprocess.py:93} INFO -   File "/home/***/.local/lib/python3.12/site-packages/dlt/normalize/normalize.py", line 356, in run
[2026-06-19T18:21:44.143+0000] {subprocess.py:93} INFO -     self.spool_schema_files(load_id, schema, schema_files)
[2026-06-19T18:21:44.146+0000] {subprocess.py:93} INFO -   File "/home/***/.local/lib/python3.12/site-packages/dlt/normalize/normalize.py", line 301, in spool_schema_files
[2026-06-19T18:21:44.149+0000] {subprocess.py:93} INFO -     self.load_storage.import_extracted_package(
[2026-06-19T18:21:44.150+0000] {subprocess.py:93} INFO -   File "/home/***/.local/lib/python3.12/site-packages/dlt/common/storages/load_storage.py", line 93, in import_extracted_package
[2026-06-19T18:21:44.152+0000] {subprocess.py:93} INFO -     self.new_packages.create_package(
[2026-06-19T18:21:44.153+0000] {subprocess.py:93} INFO -   File "/home/***/.local/lib/python3.12/site-packages/dlt/common/storages/load_package.py", line 556, in create_package
[2026-06-19T18:21:44.154+0000] {subprocess.py:93} INFO -     self.storage.create_folder(load_id)
[2026-06-19T18:21:44.155+0000] {subprocess.py:93} INFO -   File "/home/***/.local/lib/python3.12/site-packages/dlt/common/storages/file_storage.py", line 185, in create_folder
[2026-06-19T18:21:44.156+0000] {subprocess.py:93} INFO -     os.makedirs(self.make_full_path(relative_path), exist_ok=exists_ok)
[2026-06-19T18:21:44.157+0000] {subprocess.py:93} INFO -   File "<frozen os>", line 225, in makedirs
[2026-06-19T18:21:44.163+0000] {subprocess.py:93} INFO - FileExistsError: [Errno 17] File exists: '/home/***/.dlt/pipelines/flex_staging_pipeline/load/new/1781893303.1270554'
[2026-06-19T18:21:44.164+0000] {subprocess.py:93} INFO - 
[2026-06-19T18:21:44.165+0000] {subprocess.py:93} INFO - During handling of the above exception, another exception occurred:
[2026-06-19T18:21:44.166+0000] {subprocess.py:93} INFO - 
[2026-06-19T18:21:44.167+0000] {subprocess.py:93} INFO - Traceback (most recent call last):
[2026-06-19T18:21:44.168+0000] {subprocess.py:93} INFO -   File "/home/***/.local/lib/python3.12/site-packages/dlt/common/storages/load_storage.py", line 198, in get_load_package_info
[2026-06-19T18:21:44.170+0000] {subprocess.py:93} INFO -     return self.loaded_packages.get_load_package_info(load_id)
[2026-06-19T18:21:44.171+0000] {subprocess.py:93} INFO -            ^^^^^^^^^^^^^^^^^^^^^^^^^^^^^^^^^^^^^^^^^^^^^^^^^^^
[2026-06-19T18:21:44.171+0000] {subprocess.py:93} INFO -   File "/home/***/.local/lib/python3.12/site-packages/dlt/common/storages/load_package.py", line 794, in get_load_package_info
[2026-06-19T18:21:44.172+0000] {subprocess.py:93} INFO -     package_jobs = self.get_load_package_jobs(load_id)
[2026-06-19T18:21:44.173+0000] {subprocess.py:93} INFO -                    ^^^^^^^^^^^^^^^^^^^^^^^^^^^^^^^^^^^
[2026-06-19T18:21:44.175+0000] {subprocess.py:93} INFO -   File "/home/***/.local/lib/python3.12/site-packages/dlt/common/storages/load_package.py", line 773, in get_load_package_jobs
[2026-06-19T18:21:44.176+0000] {subprocess.py:93} INFO -     raise LoadPackageNotFound(load_id)
[2026-06-19T18:21:44.177+0000] {subprocess.py:93} INFO - dlt.common.storages.exceptions.LoadPackageNotFound: Package with `load_id=1781893303.1270554` could not be found
[2026-06-19T18:21:44.178+0000] {subprocess.py:93} INFO - 
[2026-06-19T18:21:44.178+0000] {subprocess.py:93} INFO - During handling of the above exception, another exception occurred:
[2026-06-19T18:21:44.179+0000] {subprocess.py:93} INFO - 
[2026-06-19T18:21:44.180+0000] {subprocess.py:93} INFO - Traceback (most recent call last):
[2026-06-19T18:21:44.181+0000] {subprocess.py:93} INFO -   File "/home/***/.local/lib/python3.12/site-packages/dlt/normalize/normalize.py", line 364, in get_load_package_info
[2026-06-19T18:21:44.182+0000] {subprocess.py:93} INFO -     return self.load_storage.get_load_package_info(load_id)
[2026-06-19T18:21:44.183+0000] {subprocess.py:93} INFO -            ^^^^^^^^^^^^^^^^^^^^^^^^^^^^^^^^^^^^^^^^^^^^^^^^
[2026-06-19T18:21:44.184+0000] {subprocess.py:93} INFO -   File "/home/***/.local/lib/python3.12/site-packages/dlt/common/storages/load_storage.py", line 200, in get_load_package_info
[2026-06-19T18:21:44.184+0000] {subprocess.py:93} INFO -     return self.normalized_packages.get_load_package_info(load_id)
[2026-06-19T18:21:44.185+0000] {subprocess.py:93} INFO -            ^^^^^^^^^^^^^^^^^^^^^^^^^^^^^^^^^^^^^^^^^^^^^^^^^^^^^^^
[2026-06-19T18:21:44.186+0000] {subprocess.py:93} INFO -   File "/home/***/.local/lib/python3.12/site-packages/dlt/common/storages/load_package.py", line 794, in get_load_package_info
[2026-06-19T18:21:44.187+0000] {subprocess.py:93} INFO -     package_jobs = self.get_load_package_jobs(load_id)
[2026-06-19T18:21:44.188+0000] {subprocess.py:93} INFO -                    ^^^^^^^^^^^^^^^^^^^^^^^^^^^^^^^^^^^
[2026-06-19T18:21:44.189+0000] {subprocess.py:93} INFO -   File "/home/***/.local/lib/python3.12/site-packages/dlt/common/storages/load_package.py", line 773, in get_load_package_jobs
[2026-06-19T18:21:44.190+0000] {subprocess.py:93} INFO -     raise LoadPackageNotFound(load_id)
[2026-06-19T18:21:44.191+0000] {subprocess.py:93} INFO - dlt.common.storages.exceptions.LoadPackageNotFound: Package with `load_id=1781893303.1270554` could not be found
[2026-06-19T18:21:44.195+0000] {subprocess.py:93} INFO - 
[2026-06-19T18:21:44.197+0000] {subprocess.py:93} INFO - During handling of the above exception, another exception occurred:
[2026-06-19T18:21:44.199+0000] {subprocess.py:93} INFO - 
[2026-06-19T18:21:44.200+0000] {subprocess.py:93} INFO - Traceback (most recent call last):
[2026-06-19T18:21:44.201+0000] {subprocess.py:93} INFO -   File "/home/***/.local/lib/python3.12/site-packages/dlt/common/storages/file_storage.py", line 365, in open_zipsafe_ro
[2026-06-19T18:21:44.202+0000] {subprocess.py:93} INFO -     f = gzip.open(path, mode, encoding=encoding, **kwargs)
[2026-06-19T18:21:44.203+0000] {subprocess.py:93} INFO -         ^^^^^^^^^^^^^^^^^^^^^^^^^^^^^^^^^^^^^^^^^^^^^^^^^^
[2026-06-19T18:21:44.204+0000] {subprocess.py:93} INFO -   File "/usr/local/lib/python3.12/gzip.py", line 61, in open
[2026-06-19T18:21:44.205+0000] {subprocess.py:93} INFO -     binary_file = GzipFile(filename, gz_mode, compresslevel)
[2026-06-19T18:21:44.207+0000] {subprocess.py:93} INFO -                   ^^^^^^^^^^^^^^^^^^^^^^^^^^^^^^^^^^^^^^^^^^
[2026-06-19T18:21:44.210+0000] {subprocess.py:93} INFO -   File "/usr/local/lib/python3.12/gzip.py", line 192, in __init__
[2026-06-19T18:21:44.211+0000] {subprocess.py:93} INFO -     fileobj = self.myfileobj = builtins.open(filename, mode or 'rb')
[2026-06-19T18:21:44.213+0000] {subprocess.py:93} INFO -                                ^^^^^^^^^^^^^^^^^^^^^^^^^^^^^^^^^^^^^
[2026-06-19T18:21:44.214+0000] {subprocess.py:93} INFO - FileNotFoundError: [Errno 2] No such file or directory: '/home/***/.dlt/pipelines/flex_staging_pipeline/load/new/1781893303.1270554/schema.json'
[2026-06-19T18:21:44.216+0000] {subprocess.py:93} INFO - 
[2026-06-19T18:21:44.217+0000] {subprocess.py:93} INFO - During handling of the above exception, another exception occurred:
[2026-06-19T18:21:44.218+0000] {subprocess.py:93} INFO - 
[2026-06-19T18:21:44.219+0000] {subprocess.py:93} INFO - Traceback (most recent call last):
[2026-06-19T18:21:44.220+0000] {subprocess.py:93} INFO -   File "/opt/project/ingestion/mysql_to_staging.py", line 42, in <module>
[2026-06-19T18:21:44.221+0000] {subprocess.py:93} INFO -     load_info = pipeline.run(
[2026-06-19T18:21:44.222+0000] {subprocess.py:93} INFO -                 ^^^^^^^^^^^^^
[2026-06-19T18:21:44.223+0000] {subprocess.py:93} INFO -   File "/home/***/.local/lib/python3.12/site-packages/dlt/pipeline/pipeline.py", line 231, in _wrap
[2026-06-19T18:21:44.225+0000] {subprocess.py:93} INFO -     step_info = f(self, *args, **kwargs)
[2026-06-19T18:21:44.227+0000] {subprocess.py:93} INFO -                 ^^^^^^^^^^^^^^^^^^^^^^^^
[2026-06-19T18:21:44.229+0000] {subprocess.py:93} INFO -   File "/home/***/.local/lib/python3.12/site-packages/dlt/pipeline/pipeline.py", line 279, in _wrap
[2026-06-19T18:21:44.230+0000] {subprocess.py:93} INFO -     return f(self, *args, **kwargs)
[2026-06-19T18:21:44.231+0000] {subprocess.py:93} INFO -            ^^^^^^^^^^^^^^^^^^^^^^^^
[2026-06-19T18:21:44.232+0000] {subprocess.py:93} INFO -   File "/home/***/.local/lib/python3.12/site-packages/dlt/pipeline/pipeline.py", line 789, in run
[2026-06-19T18:21:44.234+0000] {subprocess.py:93} INFO -     self.normalize()
[2026-06-19T18:21:44.235+0000] {subprocess.py:93} INFO -   File "/home/***/.local/lib/python3.12/site-packages/dlt/pipeline/pipeline.py", line 231, in _wrap
[2026-06-19T18:21:44.236+0000] {subprocess.py:93} INFO -     step_info = f(self, *args, **kwargs)
[2026-06-19T18:21:44.238+0000] {subprocess.py:93} INFO -                 ^^^^^^^^^^^^^^^^^^^^^^^^
[2026-06-19T18:21:44.240+0000] {subprocess.py:93} INFO -   File "/home/***/.local/lib/python3.12/site-packages/dlt/pipeline/pipeline.py", line 184, in _wrap
[2026-06-19T18:21:44.241+0000] {subprocess.py:93} INFO -     rv = f(self, *args, **kwargs)
[2026-06-19T18:21:44.241+0000] {subprocess.py:93} INFO -          ^^^^^^^^^^^^^^^^^^^^^^^^
[2026-06-19T18:21:44.242+0000] {subprocess.py:93} INFO -   File "/home/***/.local/lib/python3.12/site-packages/dlt/pipeline/pipeline.py", line 279, in _wrap
[2026-06-19T18:21:44.243+0000] {subprocess.py:93} INFO -     return f(self, *args, **kwargs)
[2026-06-19T18:21:44.244+0000] {subprocess.py:93} INFO -            ^^^^^^^^^^^^^^^^^^^^^^^^
[2026-06-19T18:21:44.245+0000] {subprocess.py:93} INFO -   File "/home/***/.local/lib/python3.12/site-packages/dlt/pipeline/pipeline.py", line 582, in normalize
[2026-06-19T18:21:44.247+0000] {subprocess.py:93} INFO -     step_info = self._get_step_info(normalize_step)
[2026-06-19T18:21:44.248+0000] {subprocess.py:93} INFO -                 ^^^^^^^^^^^^^^^^^^^^^^^^^^^^^^^^^^^
[2026-06-19T18:21:44.249+0000] {subprocess.py:93} INFO -   File "/home/***/.local/lib/python3.12/site-packages/dlt/pipeline/pipeline.py", line 1684, in _get_step_info
[2026-06-19T18:21:44.250+0000] {subprocess.py:93} INFO -     return step.get_step_info(self)
[2026-06-19T18:21:44.251+0000] {subprocess.py:93} INFO -            ^^^^^^^^^^^^^^^^^^^^^^^^
[2026-06-19T18:21:44.252+0000] {subprocess.py:93} INFO -   File "/home/***/.local/lib/python3.12/site-packages/dlt/normalize/normalize.py", line 382, in get_step_info
[2026-06-19T18:21:44.253+0000] {subprocess.py:93} INFO -     load_package = self.get_load_package_info(load_id)
[2026-06-19T18:21:44.254+0000] {subprocess.py:93} INFO -                    ^^^^^^^^^^^^^^^^^^^^^^^^^^^^^^^^^^^
[2026-06-19T18:21:44.255+0000] {subprocess.py:93} INFO -   File "/home/***/.local/lib/python3.12/site-packages/dlt/normalize/normalize.py", line 367, in get_load_package_info
[2026-06-19T18:21:44.256+0000] {subprocess.py:93} INFO -     new_package = self.load_storage.new_packages.get_load_package_info(load_id)
[2026-06-19T18:21:44.257+0000] {subprocess.py:93} INFO -                   ^^^^^^^^^^^^^^^^^^^^^^^^^^^^^^^^^^^^^^^^^^^^^^^^^^^^^^^^^^^^^
[2026-06-19T18:21:44.258+0000] {subprocess.py:93} INFO -   File "/home/***/.local/lib/python3.12/site-packages/dlt/common/storages/load_package.py", line 814, in get_load_package_info
[2026-06-19T18:21:44.259+0000] {subprocess.py:93} INFO -     schema = Schema.from_dict(self._load_schema(load_id), validate_schema=False)
[2026-06-19T18:21:44.260+0000] {subprocess.py:93} INFO -                               ^^^^^^^^^^^^^^^^^^^^^^^^^^
[2026-06-19T18:21:44.261+0000] {subprocess.py:93} INFO -   File "/home/***/.local/lib/python3.12/site-packages/dlt/common/storages/load_package.py", line 908, in _load_schema
[2026-06-19T18:21:44.262+0000] {subprocess.py:93} INFO -     return json.loads(self.storage.load(schema_path))  # type: ignore[no-any-return]
[2026-06-19T18:21:44.263+0000] {subprocess.py:93} INFO -                       ^^^^^^^^^^^^^^^^^^^^^^^^^^^^^^
[2026-06-19T18:21:44.263+0000] {subprocess.py:93} INFO -   File "/home/***/.local/lib/python3.12/site-packages/dlt/common/storages/file_storage.py", line 86, in load
[2026-06-19T18:21:44.264+0000] {subprocess.py:93} INFO -     with self.open_file(relative_path) as text_file:
[2026-06-19T18:21:44.265+0000] {subprocess.py:93} INFO -          ^^^^^^^^^^^^^^^^^^^^^^^^^^^^^
[2026-06-19T18:21:44.265+0000] {subprocess.py:93} INFO -   File "/home/***/.local/lib/python3.12/site-packages/dlt/common/storages/file_storage.py", line 116, in open_file
[2026-06-19T18:21:44.266+0000] {subprocess.py:93} INFO -     return FileStorage.open_zipsafe_ro(self.make_full_path(relative_path), mode)
[2026-06-19T18:21:44.267+0000] {subprocess.py:93} INFO -            ^^^^^^^^^^^^^^^^^^^^^^^^^^^^^^^^^^^^^^^^^^^^^^^^^^^^^^^^^^^^^^^^^^^^^
[2026-06-19T18:21:44.268+0000] {subprocess.py:93} INFO -   File "/home/***/.local/lib/python3.12/site-packages/dlt/common/storages/file_storage.py", line 370, in open_zipsafe_ro
[2026-06-19T18:21:44.268+0000] {subprocess.py:93} INFO -     return open(path, origmode, encoding=encoding, **kwargs)
[2026-06-19T18:21:44.269+0000] {subprocess.py:93} INFO -            ^^^^^^^^^^^^^^^^^^^^^^^^^^^^^^^^^^^^^^^^^^^^^^^^^
[2026-06-19T18:21:44.270+0000] {subprocess.py:93} INFO - FileNotFoundError: [Errno 2] No such file or directory: '/home/***/.dlt/pipelines/flex_staging_pipeline/load/new/1781893303.1270554/schema.json'
[2026-06-19T18:21:45.355+0000] {subprocess.py:97} INFO - Command exited with return code 1
[2026-06-19T18:21:45.409+0000] {taskinstance.py:3301} ERROR - Task failed with exception
Traceback (most recent call last):
  File "/home/airflow/.local/lib/python3.12/site-packages/airflow/models/taskinstance.py", line 767, in _execute_task
    result = _execute_callable(context=context, **execute_callable_kwargs)
             ^^^^^^^^^^^^^^^^^^^^^^^^^^^^^^^^^^^^^^^^^^^^^^^^^^^^^^^^^^^^^
  File "/home/airflow/.local/lib/python3.12/site-packages/airflow/models/taskinstance.py", line 733, in _execute_callable
    return ExecutionCallableRunner(
           ^^^^^^^^^^^^^^^^^^^^^^^^
  File "/home/airflow/.local/lib/python3.12/site-packages/airflow/utils/operator_helpers.py", line 252, in run
    return self.func(*args, **kwargs)
           ^^^^^^^^^^^^^^^^^^^^^^^^^^
  File "/home/airflow/.local/lib/python3.12/site-packages/airflow/models/baseoperator.py", line 406, in wrapper
    return func(self, *args, **kwargs)
           ^^^^^^^^^^^^^^^^^^^^^^^^^^^
  File "/home/airflow/.local/lib/python3.12/site-packages/airflow/operators/bash.py", line 249, in execute
    raise AirflowException(
airflow.exceptions.AirflowException: Bash command failed. The command returned a non-zero exit code 1.
[2026-06-19T18:21:45.420+0000] {taskinstance.py:1225} INFO - Marking task as FAILED. dag_id=flex_eau_pipeline, task_id=ingestion_mysql_staging, run_id=manual__2026-06-19T18:21:22.941011+00:00, execution_date=20260619T182122, start_date=20260619T182124, end_date=20260619T182145
[2026-06-19T18:21:45.456+0000] {taskinstance.py:340} INFO - ::group::Post task execution logs
[2026-06-19T18:21:45.458+0000] {standard_task_runner.py:124} ERROR - Failed to execute job 3 for task ingestion_mysql_staging (Bash command failed. The command returned a non-zero exit code 1.; 295)
Traceback (most recent call last):
  File "/home/airflow/.local/lib/python3.12/site-packages/airflow/task/task_runner/standard_task_runner.py", line 117, in _start_by_fork
    ret = args.func(args, dag=self.dag)
          ^^^^^^^^^^^^^^^^^^^^^^^^^^^^^
  File "/home/airflow/.local/lib/python3.12/site-packages/airflow/cli/cli_config.py", line 49, in command
    return func(*args, **kwargs)
           ^^^^^^^^^^^^^^^^^^^^^
  File "/home/airflow/.local/lib/python3.12/site-packages/airflow/utils/cli.py", line 115, in wrapper
    return f(*args, **kwargs)
           ^^^^^^^^^^^^^^^^^^
  File "/home/airflow/.local/lib/python3.12/site-packages/airflow/cli/commands/task_command.py", line 483, in task_run
    task_return_code = _run_task_by_selected_method(args, _dag, ti)
                       ^^^^^^^^^^^^^^^^^^^^^^^^^^^^^^^^^^^^^^^^^^^^
  File "/home/airflow/.local/lib/python3.12/site-packages/airflow/cli/commands/task_command.py", line 256, in _run_task_by_selected_method
    return _run_raw_task(args, ti)
           ^^^^^^^^^^^^^^^^^^^^^^^
  File "/home/airflow/.local/lib/python3.12/site-packages/airflow/cli/commands/task_command.py", line 341, in _run_raw_task
    return ti._run_raw_task(
           ^^^^^^^^^^^^^^^^^
  File "/home/airflow/.local/lib/python3.12/site-packages/airflow/utils/session.py", line 97, in wrapper
    return func(*args, session=session, **kwargs)
           ^^^^^^^^^^^^^^^^^^^^^^^^^^^^^^^^^^^^^^
  File "/home/airflow/.local/lib/python3.12/site-packages/airflow/models/taskinstance.py", line 2995, in _run_raw_task
    return _run_raw_task(
           ^^^^^^^^^^^^^^
  File "/home/airflow/.local/lib/python3.12/site-packages/airflow/models/taskinstance.py", line 273, in _run_raw_task
    TaskInstance._execute_task_with_callbacks(
  File "/home/airflow/.local/lib/python3.12/site-packages/airflow/models/taskinstance.py", line 3149, in _execute_task_with_callbacks
    result = self._execute_task(context, task_orig)
             ^^^^^^^^^^^^^^^^^^^^^^^^^^^^^^^^^^^^^^
  File "/home/airflow/.local/lib/python3.12/site-packages/airflow/models/taskinstance.py", line 3173, in _execute_task
    return _execute_task(self, context, task_orig)
           ^^^^^^^^^^^^^^^^^^^^^^^^^^^^^^^^^^^^^^^
  File "/home/airflow/.local/lib/python3.12/site-packages/airflow/models/taskinstance.py", line 767, in _execute_task
    result = _execute_callable(context=context, **execute_callable_kwargs)
             ^^^^^^^^^^^^^^^^^^^^^^^^^^^^^^^^^^^^^^^^^^^^^^^^^^^^^^^^^^^^^
  File "/home/airflow/.local/lib/python3.12/site-packages/airflow/models/taskinstance.py", line 733, in _execute_callable
    return ExecutionCallableRunner(
           ^^^^^^^^^^^^^^^^^^^^^^^^
  File "/home/airflow/.local/lib/python3.12/site-packages/airflow/utils/operator_helpers.py", line 252, in run
    return self.func(*args, **kwargs)
           ^^^^^^^^^^^^^^^^^^^^^^^^^^
  File "/home/airflow/.local/lib/python3.12/site-packages/airflow/models/baseoperator.py", line 406, in wrapper
    return func(self, *args, **kwargs)
           ^^^^^^^^^^^^^^^^^^^^^^^^^^^
  File "/home/airflow/.local/lib/python3.12/site-packages/airflow/operators/bash.py", line 249, in execute
    raise AirflowException(
airflow.exceptions.AirflowException: Bash command failed. The command returned a non-zero exit code 1.
[2026-06-19T18:21:45.490+0000] {local_task_job_runner.py:261} INFO - Task exited with return code 1
[2026-06-19T18:21:45.541+0000] {taskinstance.py:3891} INFO - 0 downstream tasks scheduled from follow-on schedule check
[2026-06-19T18:21:45.545+0000] {local_task_job_runner.py:240} INFO - ::endgroup::
