[2026-06-19T12:10:35.682+0000] {local_task_job_runner.py:123} INFO - ::group::Pre task execution logs
[2026-06-19T12:10:35.736+0000] {taskinstance.py:2603} INFO - Dependencies all met for dep_context=non-requeueable deps ti=<TaskInstance: flex_eau_pipeline.ingestion_mysql_staging manual__2026-06-19T12:10:34.757828+00:00 [queued]>
[2026-06-19T12:10:35.750+0000] {taskinstance.py:2603} INFO - Dependencies all met for dep_context=requeueable deps ti=<TaskInstance: flex_eau_pipeline.ingestion_mysql_staging manual__2026-06-19T12:10:34.757828+00:00 [queued]>
[2026-06-19T12:10:35.753+0000] {taskinstance.py:2856} INFO - Starting attempt 1 of 1
[2026-06-19T12:10:35.772+0000] {taskinstance.py:2879} INFO - Executing <Task(BashOperator): ingestion_mysql_staging> on 2026-06-19 12:10:34.757828+00:00
[2026-06-19T12:10:35.790+0000] {logging_mixin.py:190} WARNING - /home/***/.local/lib/python3.12/site-packages/***/task/task_runner/standard_task_runner.py:70 DeprecationWarning: This process (pid=342) is multi-threaded, use of fork() may lead to deadlocks in the child.
[2026-06-19T12:10:35.788+0000] {standard_task_runner.py:104} INFO - Running: ['***', 'tasks', 'run', 'flex_eau_pipeline', 'ingestion_mysql_staging', 'manual__2026-06-19T12:10:34.757828+00:00', '--job-id', '5', '--raw', '--subdir', 'DAGS_FOLDER/flex_eau_pipeline.py', '--cfg-path', '/tmp/tmpf7xnojkc']
[2026-06-19T12:10:35.792+0000] {standard_task_runner.py:72} INFO - Started process 343 to run task
[2026-06-19T12:10:35.793+0000] {standard_task_runner.py:105} INFO - Job 5: Subtask ingestion_mysql_staging
[2026-06-19T12:10:35.885+0000] {task_command.py:467} INFO - Running <TaskInstance: flex_eau_pipeline.ingestion_mysql_staging manual__2026-06-19T12:10:34.757828+00:00 [running]> on host 7614ee4a67ce
[2026-06-19T12:10:36.019+0000] {taskinstance.py:3122} INFO - Exporting env vars: AIRFLOW_CTX_DAG_OWNER='***' AIRFLOW_CTX_DAG_ID='flex_eau_pipeline' AIRFLOW_CTX_TASK_ID='ingestion_mysql_staging' AIRFLOW_CTX_EXECUTION_DATE='2026-06-19T12:10:34.757828+00:00' AIRFLOW_CTX_TRY_NUMBER='1' AIRFLOW_CTX_DAG_RUN_ID='manual__2026-06-19T12:10:34.757828+00:00'
[2026-06-19T12:10:36.022+0000] {taskinstance.py:731} INFO - ::endgroup::
[2026-06-19T12:10:36.043+0000] {subprocess.py:63} INFO - Tmp dir root location: /tmp
[2026-06-19T12:10:36.048+0000] {subprocess.py:75} INFO - Running command: ['/usr/bin/bash', '-c', '\n        cd /opt/project &&         python ingestion/mysql_to_staging.py\n        ']
[2026-06-19T12:10:36.062+0000] {subprocess.py:86} INFO - Output:
[2026-06-19T12:10:42.995+0000] {subprocess.py:93} INFO - 
[2026-06-19T12:10:42.996+0000] {subprocess.py:93} INFO - ===== departements =====
[2026-06-19T12:10:42.996+0000] {subprocess.py:93} INFO - Traceback (most recent call last):
[2026-06-19T12:10:42.997+0000] {subprocess.py:93} INFO -   File "/home/***/.local/lib/python3.12/site-packages/dlt/pipeline/pipeline.py", line 832, in _sync_destination
[2026-06-19T12:10:42.998+0000] {subprocess.py:93} INFO -     remote_state = self._restore_state_from_destination()
[2026-06-19T12:10:42.999+0000] {subprocess.py:93} INFO -                    ^^^^^^^^^^^^^^^^^^^^^^^^^^^^^^^^^^^^^^
[2026-06-19T12:10:43.000+0000] {subprocess.py:93} INFO -   File "/home/***/.local/lib/python3.12/site-packages/dlt/pipeline/pipeline.py", line 1715, in _restore_state_from_destination
[2026-06-19T12:10:43.000+0000] {subprocess.py:93} INFO -     with self._get_destination_clients(schema)[0] as job_client:
[2026-06-19T12:10:43.001+0000] {subprocess.py:93} INFO -   File "/home/***/.local/lib/python3.12/site-packages/dlt/destinations/job_client_impl.py", line 445, in __enter__
[2026-06-19T12:10:43.002+0000] {subprocess.py:93} INFO -     self.sql_client.open_connection()
[2026-06-19T12:10:43.002+0000] {subprocess.py:93} INFO -   File "/home/***/.local/lib/python3.12/site-packages/dlt/destinations/impl/postgres/sql_client.py", line 49, in open_connection
[2026-06-19T12:10:43.003+0000] {subprocess.py:93} INFO -     self._conn = psycopg2.connect(
[2026-06-19T12:10:43.004+0000] {subprocess.py:93} INFO -                  ^^^^^^^^^^^^^^^^^
[2026-06-19T12:10:43.004+0000] {subprocess.py:93} INFO -   File "/home/***/.local/lib/python3.12/site-packages/psycopg2/__init__.py", line 122, in connect
[2026-06-19T12:10:43.005+0000] {subprocess.py:93} INFO -     conn = _connect(dsn, connection_factory=connection_factory, **kwasync)
[2026-06-19T12:10:43.006+0000] {subprocess.py:93} INFO -            ^^^^^^^^^^^^^^^^^^^^^^^^^^^^^^^^^^^^^^^^^^^^^^^^^^^^^^^^^^^^^^^
[2026-06-19T12:10:43.006+0000] {subprocess.py:93} INFO - psycopg2.OperationalError: connection to server at "localhost" (::1), port 5433 failed: Connection refused
[2026-06-19T12:10:43.007+0000] {subprocess.py:93} INFO - 	Is the server running on that host and accepting TCP/IP connections?
[2026-06-19T12:10:43.008+0000] {subprocess.py:93} INFO - connection to server at "localhost" (127.0.0.1), port 5433 failed: Connection refused
[2026-06-19T12:10:43.008+0000] {subprocess.py:93} INFO - 	Is the server running on that host and accepting TCP/IP connections?
[2026-06-19T12:10:43.009+0000] {subprocess.py:93} INFO - 
[2026-06-19T12:10:43.010+0000] {subprocess.py:93} INFO - 
[2026-06-19T12:10:43.010+0000] {subprocess.py:93} INFO - The above exception was the direct cause of the following exception:
[2026-06-19T12:10:43.011+0000] {subprocess.py:93} INFO - 
[2026-06-19T12:10:43.012+0000] {subprocess.py:93} INFO - Traceback (most recent call last):
[2026-06-19T12:10:43.012+0000] {subprocess.py:93} INFO -   File "/opt/project/ingestion/mysql_to_staging.py", line 42, in <module>
[2026-06-19T12:10:43.013+0000] {subprocess.py:93} INFO -     load_info = pipeline.run(
[2026-06-19T12:10:43.013+0000] {subprocess.py:93} INFO -                 ^^^^^^^^^^^^^
[2026-06-19T12:10:43.014+0000] {subprocess.py:93} INFO -   File "/home/***/.local/lib/python3.12/site-packages/dlt/pipeline/pipeline.py", line 231, in _wrap
[2026-06-19T12:10:43.015+0000] {subprocess.py:93} INFO -     step_info = f(self, *args, **kwargs)
[2026-06-19T12:10:43.015+0000] {subprocess.py:93} INFO -                 ^^^^^^^^^^^^^^^^^^^^^^^^
[2026-06-19T12:10:43.016+0000] {subprocess.py:93} INFO -   File "/home/***/.local/lib/python3.12/site-packages/dlt/pipeline/pipeline.py", line 279, in _wrap
[2026-06-19T12:10:43.017+0000] {subprocess.py:93} INFO -     return f(self, *args, **kwargs)
[2026-06-19T12:10:43.017+0000] {subprocess.py:93} INFO -            ^^^^^^^^^^^^^^^^^^^^^^^^
[2026-06-19T12:10:43.018+0000] {subprocess.py:93} INFO -   File "/home/***/.local/lib/python3.12/site-packages/dlt/pipeline/pipeline.py", line 757, in run
[2026-06-19T12:10:43.019+0000] {subprocess.py:93} INFO -     self._sync_destination(destination, staging, dataset_name)
[2026-06-19T12:10:43.019+0000] {subprocess.py:93} INFO -   File "/home/***/.local/lib/python3.12/site-packages/dlt/pipeline/pipeline.py", line 184, in _wrap
[2026-06-19T12:10:43.020+0000] {subprocess.py:93} INFO -     rv = f(self, *args, **kwargs)
[2026-06-19T12:10:43.021+0000] {subprocess.py:93} INFO -          ^^^^^^^^^^^^^^^^^^^^^^^^
[2026-06-19T12:10:43.021+0000] {subprocess.py:93} INFO -   File "/home/***/.local/lib/python3.12/site-packages/dlt/pipeline/pipeline.py", line 938, in _sync_destination
[2026-06-19T12:10:43.022+0000] {subprocess.py:93} INFO -     raise PipelineStepFailed(self, "sync", None, ex, None) from ex
[2026-06-19T12:10:43.022+0000] {subprocess.py:93} INFO - dlt.pipeline.exceptions.PipelineStepFailed: Pipeline execution failed at `step=sync` with exception:
[2026-06-19T12:10:43.023+0000] {subprocess.py:93} INFO - 
[2026-06-19T12:10:43.024+0000] {subprocess.py:93} INFO - <class 'psycopg2.OperationalError'>
[2026-06-19T12:10:43.025+0000] {subprocess.py:93} INFO - connection to server at "localhost" (::1), port 5433 failed: Connection refused
[2026-06-19T12:10:43.025+0000] {subprocess.py:93} INFO - 	Is the server running on that host and accepting TCP/IP connections?
[2026-06-19T12:10:43.026+0000] {subprocess.py:93} INFO - connection to server at "localhost" (127.0.0.1), port 5433 failed: Connection refused
[2026-06-19T12:10:43.027+0000] {subprocess.py:93} INFO - 	Is the server running on that host and accepting TCP/IP connections?
[2026-06-19T12:10:43.027+0000] {subprocess.py:93} INFO - 
[2026-06-19T12:10:43.793+0000] {subprocess.py:97} INFO - Command exited with return code 1
[2026-06-19T12:10:43.816+0000] {taskinstance.py:3301} ERROR - Task failed with exception
Traceback (most recent call last):
  File "/home/airflow/.local/lib/python3.12/site-packages/airflow/models/taskinstance.py", line 767, in _execute_task
    result = _execute_callable(context=context, **execute_callable_kwargs)
             ^^^^^^^^^^^^^^^^^^^^^^^^^^^^^^^^^^^^^^^^^^^^^^^^^^^^^^^^^^^^^
  File "/home/airflow/.local/lib/python3.12/site-packages/airflow/models/taskinstance.py", line 733, in _execute_callable
    return ExecutionCallableRunner(
           ^^^^^^^^^^^^^^^^^^^^^^^^
  File "/home/airflow/.local/lib/python3.12/site-packages/airflow/utils/operator_helpers.py", line 252, in run
    return self.func(*args, **kwargs)
           ^^^^^^^^^^^^^^^^^^^^^^^^^^
  File "/home/airflow/.local/lib/python3.12/site-packages/airflow/models/baseoperator.py", line 406, in wrapper
    return func(self, *args, **kwargs)
           ^^^^^^^^^^^^^^^^^^^^^^^^^^^
  File "/home/airflow/.local/lib/python3.12/site-packages/airflow/operators/bash.py", line 249, in execute
    raise AirflowException(
airflow.exceptions.AirflowException: Bash command failed. The command returned a non-zero exit code 1.
[2026-06-19T12:10:43.823+0000] {taskinstance.py:1225} INFO - Marking task as FAILED. dag_id=flex_eau_pipeline, task_id=ingestion_mysql_staging, run_id=manual__2026-06-19T12:10:34.757828+00:00, execution_date=20260619T121034, start_date=20260619T121035, end_date=20260619T121043
[2026-06-19T12:10:43.842+0000] {taskinstance.py:340} INFO - ::group::Post task execution logs
[2026-06-19T12:10:43.843+0000] {standard_task_runner.py:124} ERROR - Failed to execute job 5 for task ingestion_mysql_staging (Bash command failed. The command returned a non-zero exit code 1.; 343)
Traceback (most recent call last):
  File "/home/airflow/.local/lib/python3.12/site-packages/airflow/task/task_runner/standard_task_runner.py", line 117, in _start_by_fork
    ret = args.func(args, dag=self.dag)
          ^^^^^^^^^^^^^^^^^^^^^^^^^^^^^
  File "/home/airflow/.local/lib/python3.12/site-packages/airflow/cli/cli_config.py", line 49, in command
    return func(*args, **kwargs)
           ^^^^^^^^^^^^^^^^^^^^^
  File "/home/airflow/.local/lib/python3.12/site-packages/airflow/utils/cli.py", line 115, in wrapper
    return f(*args, **kwargs)
           ^^^^^^^^^^^^^^^^^^
  File "/home/airflow/.local/lib/python3.12/site-packages/airflow/cli/commands/task_command.py", line 483, in task_run
    task_return_code = _run_task_by_selected_method(args, _dag, ti)
                       ^^^^^^^^^^^^^^^^^^^^^^^^^^^^^^^^^^^^^^^^^^^^
  File "/home/airflow/.local/lib/python3.12/site-packages/airflow/cli/commands/task_command.py", line 256, in _run_task_by_selected_method
    return _run_raw_task(args, ti)
           ^^^^^^^^^^^^^^^^^^^^^^^
  File "/home/airflow/.local/lib/python3.12/site-packages/airflow/cli/commands/task_command.py", line 341, in _run_raw_task
    return ti._run_raw_task(
           ^^^^^^^^^^^^^^^^^
  File "/home/airflow/.local/lib/python3.12/site-packages/airflow/utils/session.py", line 97, in wrapper
    return func(*args, session=session, **kwargs)
           ^^^^^^^^^^^^^^^^^^^^^^^^^^^^^^^^^^^^^^
  File "/home/airflow/.local/lib/python3.12/site-packages/airflow/models/taskinstance.py", line 2995, in _run_raw_task
    return _run_raw_task(
           ^^^^^^^^^^^^^^
  File "/home/airflow/.local/lib/python3.12/site-packages/airflow/models/taskinstance.py", line 273, in _run_raw_task
    TaskInstance._execute_task_with_callbacks(
  File "/home/airflow/.local/lib/python3.12/site-packages/airflow/models/taskinstance.py", line 3149, in _execute_task_with_callbacks
    result = self._execute_task(context, task_orig)
             ^^^^^^^^^^^^^^^^^^^^^^^^^^^^^^^^^^^^^^
  File "/home/airflow/.local/lib/python3.12/site-packages/airflow/models/taskinstance.py", line 3173, in _execute_task
    return _execute_task(self, context, task_orig)
           ^^^^^^^^^^^^^^^^^^^^^^^^^^^^^^^^^^^^^^^
  File "/home/airflow/.local/lib/python3.12/site-packages/airflow/models/taskinstance.py", line 767, in _execute_task
    result = _execute_callable(context=context, **execute_callable_kwargs)
             ^^^^^^^^^^^^^^^^^^^^^^^^^^^^^^^^^^^^^^^^^^^^^^^^^^^^^^^^^^^^^
  File "/home/airflow/.local/lib/python3.12/site-packages/airflow/models/taskinstance.py", line 733, in _execute_callable
    return ExecutionCallableRunner(
           ^^^^^^^^^^^^^^^^^^^^^^^^
  File "/home/airflow/.local/lib/python3.12/site-packages/airflow/utils/operator_helpers.py", line 252, in run
    return self.func(*args, **kwargs)
           ^^^^^^^^^^^^^^^^^^^^^^^^^^
  File "/home/airflow/.local/lib/python3.12/site-packages/airflow/models/baseoperator.py", line 406, in wrapper
    return func(self, *args, **kwargs)
           ^^^^^^^^^^^^^^^^^^^^^^^^^^^
  File "/home/airflow/.local/lib/python3.12/site-packages/airflow/operators/bash.py", line 249, in execute
    raise AirflowException(
airflow.exceptions.AirflowException: Bash command failed. The command returned a non-zero exit code 1.
[2026-06-19T12:10:43.893+0000] {local_task_job_runner.py:261} INFO - Task exited with return code 1
[2026-06-19T12:10:43.939+0000] {taskinstance.py:3891} INFO - 0 downstream tasks scheduled from follow-on schedule check
[2026-06-19T12:10:43.944+0000] {local_task_job_runner.py:240} INFO - ::endgroup::
