[2026-08-11T18:08:39.006+0000] {local_task_job_runner.py:123} INFO - ::group::Pre task execution logs
[2026-08-11T18:08:39.037+0000] {taskinstance.py:2603} INFO - Dependencies all met for dep_context=non-requeueable deps ti=<TaskInstance: flex_eau_pipeline.ingestion_mysql_staging scheduled__2026-07-28T00:00:00+00:00 [queued]>
[2026-08-11T18:08:39.046+0000] {taskinstance.py:2603} INFO - Dependencies all met for dep_context=requeueable deps ti=<TaskInstance: flex_eau_pipeline.ingestion_mysql_staging scheduled__2026-07-28T00:00:00+00:00 [queued]>
[2026-08-11T18:08:39.047+0000] {taskinstance.py:2856} INFO - Starting attempt 2 of 2
[2026-08-11T18:08:39.067+0000] {taskinstance.py:2879} INFO - Executing <Task(BashOperator): ingestion_mysql_staging> on 2026-07-28 00:00:00+00:00
[2026-08-11T18:08:39.076+0000] {standard_task_runner.py:72} INFO - Started process 254 to run task
[2026-08-11T18:08:39.084+0000] {standard_task_runner.py:104} INFO - Running: ['***', 'tasks', 'run', 'flex_eau_pipeline', 'ingestion_mysql_staging', 'scheduled__2026-07-28T00:00:00+00:00', '--job-id', '52', '--raw', '--subdir', 'DAGS_FOLDER/flex_eau_pipeline.py', '--cfg-path', '/tmp/tmpelbe3mf7']
[2026-08-11T18:08:39.089+0000] {standard_task_runner.py:105} INFO - Job 52: Subtask ingestion_mysql_staging
[2026-08-11T18:08:39.177+0000] {task_command.py:467} INFO - Running <TaskInstance: flex_eau_pipeline.ingestion_mysql_staging scheduled__2026-07-28T00:00:00+00:00 [running]> on host b97d7a013992
[2026-08-11T18:08:39.305+0000] {taskinstance.py:3122} INFO - Exporting env vars: AIRFLOW_CTX_DAG_OWNER='flex-eau' AIRFLOW_CTX_DAG_ID='flex_eau_pipeline' AIRFLOW_CTX_TASK_ID='ingestion_mysql_staging' AIRFLOW_CTX_EXECUTION_DATE='2026-07-28T00:00:00+00:00' AIRFLOW_CTX_TRY_NUMBER='2' AIRFLOW_CTX_DAG_RUN_ID='scheduled__2026-07-28T00:00:00+00:00'
[2026-08-11T18:08:39.307+0000] {taskinstance.py:731} INFO - ::endgroup::
[2026-08-11T18:08:39.331+0000] {subprocess.py:63} INFO - Tmp dir root location: /tmp
[2026-08-11T18:08:39.331+0000] {subprocess.py:75} INFO - Running command: ['/usr/bin/bash', '-c', '\n        set -e\n        python ingestion/mysql_to_staging.py\n        ']
[2026-08-11T18:08:39.344+0000] {subprocess.py:86} INFO - Output:
[2026-08-11T18:08:51.037+0000] {subprocess.py:93} INFO - 
[2026-08-11T18:08:51.038+0000] {subprocess.py:93} INFO - ===== regions =====
[2026-08-11T18:08:51.049+0000] {subprocess.py:93} INFO - Traceback (most recent call last):
[2026-08-11T18:08:51.052+0000] {subprocess.py:93} INFO -   File "/home/***/.local/lib/python3.8/site-packages/dlt/pipeline/pipeline.py", line 553, in normalize
[2026-08-11T18:08:51.053+0000] {subprocess.py:93} INFO -     runner.run_pool(normalize_step.config, normalize_step)
[2026-08-11T18:08:51.054+0000] {subprocess.py:93} INFO -   File "/home/***/.local/lib/python3.8/site-packages/dlt/common/runners/pool_runner.py", line 91, in run_pool
[2026-08-11T18:08:51.055+0000] {subprocess.py:93} INFO -     while _run_func():
[2026-08-11T18:08:51.056+0000] {subprocess.py:93} INFO -   File "/home/***/.local/lib/python3.8/site-packages/dlt/common/runners/pool_runner.py", line 84, in _run_func
[2026-08-11T18:08:51.057+0000] {subprocess.py:93} INFO -     run_metrics = run_f.run(cast(TExecutor, pool))
[2026-08-11T18:08:51.057+0000] {subprocess.py:93} INFO -   File "/home/***/.local/lib/python3.8/site-packages/dlt/normalize/normalize.py", line 280, in run
[2026-08-11T18:08:51.058+0000] {subprocess.py:93} INFO -     self.spool_schema_files(load_id, schema, schema_files)
[2026-08-11T18:08:51.059+0000] {subprocess.py:93} INFO -   File "/home/***/.local/lib/python3.8/site-packages/dlt/normalize/normalize.py", line 227, in spool_schema_files
[2026-08-11T18:08:51.059+0000] {subprocess.py:93} INFO -     self.load_storage.import_extracted_package(
[2026-08-11T18:08:51.060+0000] {subprocess.py:93} INFO -   File "/home/***/.local/lib/python3.8/site-packages/dlt/common/storages/load_storage.py", line 92, in import_extracted_package
[2026-08-11T18:08:51.060+0000] {subprocess.py:93} INFO -     self.new_packages.create_package(
[2026-08-11T18:08:51.061+0000] {subprocess.py:93} INFO -   File "/home/***/.local/lib/python3.8/site-packages/dlt/common/storages/load_package.py", line 472, in create_package
[2026-08-11T18:08:51.061+0000] {subprocess.py:93} INFO -     self.storage.create_folder(load_id)
[2026-08-11T18:08:51.062+0000] {subprocess.py:93} INFO -   File "/home/***/.local/lib/python3.8/site-packages/dlt/common/storages/file_storage.py", line 161, in create_folder
[2026-08-11T18:08:51.062+0000] {subprocess.py:93} INFO -     os.makedirs(self.make_full_path(relative_path), exist_ok=exists_ok)
[2026-08-11T18:08:51.063+0000] {subprocess.py:93} INFO -   File "/usr/local/lib/python3.8/os.py", line 223, in makedirs
[2026-08-11T18:08:51.063+0000] {subprocess.py:93} INFO -     mkdir(name, mode)
[2026-08-11T18:08:51.064+0000] {subprocess.py:93} INFO - FileExistsError: [Errno 17] File exists: '/home/***/.dlt/pipelines/flex_staging_pipeline/load/new/1786471728.8358638'
[2026-08-11T18:08:51.064+0000] {subprocess.py:93} INFO - 
[2026-08-11T18:08:51.065+0000] {subprocess.py:93} INFO - During handling of the above exception, another exception occurred:
[2026-08-11T18:08:51.065+0000] {subprocess.py:93} INFO - 
[2026-08-11T18:08:51.066+0000] {subprocess.py:93} INFO - Traceback (most recent call last):
[2026-08-11T18:08:51.066+0000] {subprocess.py:93} INFO -   File "/home/***/.local/lib/python3.8/site-packages/dlt/common/storages/load_storage.py", line 201, in get_load_package_info
[2026-08-11T18:08:51.067+0000] {subprocess.py:93} INFO -     return self.loaded_packages.get_load_package_info(load_id)
[2026-08-11T18:08:51.067+0000] {subprocess.py:93} INFO -   File "/home/***/.local/lib/python3.8/site-packages/dlt/common/storages/load_package.py", line 599, in get_load_package_info
[2026-08-11T18:08:51.068+0000] {subprocess.py:93} INFO -     package_jobs = self.get_load_package_jobs(load_id)
[2026-08-11T18:08:51.068+0000] {subprocess.py:93} INFO -   File "/home/***/.local/lib/python3.8/site-packages/dlt/common/storages/load_package.py", line 578, in get_load_package_jobs
[2026-08-11T18:08:51.069+0000] {subprocess.py:93} INFO -     raise LoadPackageNotFound(load_id)
[2026-08-11T18:08:51.069+0000] {subprocess.py:93} INFO - dlt.common.storages.exceptions.LoadPackageNotFound: Package with load id 1786471728.8358638 could not be found
[2026-08-11T18:08:51.069+0000] {subprocess.py:93} INFO - 
[2026-08-11T18:08:51.070+0000] {subprocess.py:93} INFO - During handling of the above exception, another exception occurred:
[2026-08-11T18:08:51.070+0000] {subprocess.py:93} INFO - 
[2026-08-11T18:08:51.071+0000] {subprocess.py:93} INFO - Traceback (most recent call last):
[2026-08-11T18:08:51.071+0000] {subprocess.py:93} INFO -   File "/home/***/.local/lib/python3.8/site-packages/dlt/normalize/normalize.py", line 293, in get_load_package_info
[2026-08-11T18:08:51.072+0000] {subprocess.py:93} INFO -     return self.load_storage.get_load_package_info(load_id)
[2026-08-11T18:08:51.072+0000] {subprocess.py:93} INFO -   File "/home/***/.local/lib/python3.8/site-packages/dlt/common/storages/load_storage.py", line 203, in get_load_package_info
[2026-08-11T18:08:51.072+0000] {subprocess.py:93} INFO -     return self.normalized_packages.get_load_package_info(load_id)
[2026-08-11T18:08:51.073+0000] {subprocess.py:93} INFO -   File "/home/***/.local/lib/python3.8/site-packages/dlt/common/storages/load_package.py", line 599, in get_load_package_info
[2026-08-11T18:08:51.073+0000] {subprocess.py:93} INFO -     package_jobs = self.get_load_package_jobs(load_id)
[2026-08-11T18:08:51.074+0000] {subprocess.py:93} INFO -   File "/home/***/.local/lib/python3.8/site-packages/dlt/common/storages/load_package.py", line 578, in get_load_package_jobs
[2026-08-11T18:08:51.074+0000] {subprocess.py:93} INFO -     raise LoadPackageNotFound(load_id)
[2026-08-11T18:08:51.075+0000] {subprocess.py:93} INFO - dlt.common.storages.exceptions.LoadPackageNotFound: Package with load id 1786471728.8358638 could not be found
[2026-08-11T18:08:51.075+0000] {subprocess.py:93} INFO - 
[2026-08-11T18:08:51.075+0000] {subprocess.py:93} INFO - During handling of the above exception, another exception occurred:
[2026-08-11T18:08:51.076+0000] {subprocess.py:93} INFO - 
[2026-08-11T18:08:51.076+0000] {subprocess.py:93} INFO - Traceback (most recent call last):
[2026-08-11T18:08:51.077+0000] {subprocess.py:93} INFO -   File "ingestion/mysql_to_staging.py", line 32, in <module>
[2026-08-11T18:08:51.077+0000] {subprocess.py:93} INFO -     load_info = pipeline.run(
[2026-08-11T18:08:51.078+0000] {subprocess.py:93} INFO -   File "/home/***/.local/lib/python3.8/site-packages/dlt/pipeline/pipeline.py", line 226, in _wrap
[2026-08-11T18:08:51.078+0000] {subprocess.py:93} INFO -     step_info = f(self, *args, **kwargs)
[2026-08-11T18:08:51.079+0000] {subprocess.py:93} INFO -   File "/home/***/.local/lib/python3.8/site-packages/dlt/pipeline/pipeline.py", line 275, in _wrap
[2026-08-11T18:08:51.079+0000] {subprocess.py:93} INFO -     return f(self, *args, **kwargs)
[2026-08-11T18:08:51.080+0000] {subprocess.py:93} INFO -   File "/home/***/.local/lib/python3.8/site-packages/dlt/pipeline/pipeline.py", line 746, in run
[2026-08-11T18:08:51.081+0000] {subprocess.py:93} INFO -     self.normalize(loader_file_format=loader_file_format)
[2026-08-11T18:08:51.081+0000] {subprocess.py:93} INFO -   File "/home/***/.local/lib/python3.8/site-packages/dlt/pipeline/pipeline.py", line 226, in _wrap
[2026-08-11T18:08:51.082+0000] {subprocess.py:93} INFO -     step_info = f(self, *args, **kwargs)
[2026-08-11T18:08:51.082+0000] {subprocess.py:93} INFO -   File "/home/***/.local/lib/python3.8/site-packages/dlt/pipeline/pipeline.py", line 180, in _wrap
[2026-08-11T18:08:51.083+0000] {subprocess.py:93} INFO -     rv = f(self, *args, **kwargs)
[2026-08-11T18:08:51.083+0000] {subprocess.py:93} INFO -   File "/home/***/.local/lib/python3.8/site-packages/dlt/pipeline/pipeline.py", line 275, in _wrap
[2026-08-11T18:08:51.084+0000] {subprocess.py:93} INFO -     return f(self, *args, **kwargs)
[2026-08-11T18:08:51.084+0000] {subprocess.py:93} INFO -   File "/home/***/.local/lib/python3.8/site-packages/dlt/pipeline/pipeline.py", line 556, in normalize
[2026-08-11T18:08:51.085+0000] {subprocess.py:93} INFO -     step_info = self._get_step_info(normalize_step)
[2026-08-11T18:08:51.085+0000] {subprocess.py:93} INFO -   File "/home/***/.local/lib/python3.8/site-packages/dlt/pipeline/pipeline.py", line 1497, in _get_step_info
[2026-08-11T18:08:51.085+0000] {subprocess.py:93} INFO -     return step.get_step_info(self)
[2026-08-11T18:08:51.086+0000] {subprocess.py:93} INFO -   File "/home/***/.local/lib/python3.8/site-packages/dlt/normalize/normalize.py", line 305, in get_step_info
[2026-08-11T18:08:51.086+0000] {subprocess.py:93} INFO -     load_package = self.get_load_package_info(load_id)
[2026-08-11T18:08:51.087+0000] {subprocess.py:93} INFO -   File "/home/***/.local/lib/python3.8/site-packages/dlt/normalize/normalize.py", line 295, in get_load_package_info
[2026-08-11T18:08:51.087+0000] {subprocess.py:93} INFO -     return self.normalize_storage.extracted_packages.get_load_package_info(load_id)
[2026-08-11T18:08:51.088+0000] {subprocess.py:93} INFO -   File "/home/***/.local/lib/python3.8/site-packages/dlt/common/storages/load_package.py", line 624, in get_load_package_info
[2026-08-11T18:08:51.088+0000] {subprocess.py:93} INFO -     all_job_infos[state] = [
[2026-08-11T18:08:51.089+0000] {subprocess.py:93} INFO -   File "/home/***/.local/lib/python3.8/site-packages/dlt/common/storages/load_package.py", line 625, in <listcomp>
[2026-08-11T18:08:51.089+0000] {subprocess.py:93} INFO -     self._read_job_file_info(load_id, state, job, package_created_at) for job in jobs
[2026-08-11T18:08:51.090+0000] {subprocess.py:93} INFO -   File "/home/***/.local/lib/python3.8/site-packages/dlt/common/storages/load_package.py", line 679, in _read_job_file_info
[2026-08-11T18:08:51.090+0000] {subprocess.py:93} INFO -     st = os.stat(full_path)
[2026-08-11T18:08:51.091+0000] {subprocess.py:93} INFO - FileNotFoundError: [Errno 2] No such file or directory: '/home/***/.dlt/pipelines/flex_staging_pipeline/normalize/extracted/1786471728.8358638/new_jobs/regions.4121284685.0.typed-jsonl'
[2026-08-11T18:08:51.512+0000] {subprocess.py:97} INFO - Command exited with return code 1
[2026-08-11T18:08:51.531+0000] {taskinstance.py:3301} ERROR - Task failed with exception
Traceback (most recent call last):
  File "/home/airflow/.local/lib/python3.8/site-packages/airflow/models/taskinstance.py", line 767, in _execute_task
    result = _execute_callable(context=context, **execute_callable_kwargs)
  File "/home/airflow/.local/lib/python3.8/site-packages/airflow/models/taskinstance.py", line 733, in _execute_callable
    return ExecutionCallableRunner(
  File "/home/airflow/.local/lib/python3.8/site-packages/airflow/utils/operator_helpers.py", line 252, in run
    return self.func(*args, **kwargs)
  File "/home/airflow/.local/lib/python3.8/site-packages/airflow/models/baseoperator.py", line 406, in wrapper
    return func(self, *args, **kwargs)
  File "/home/airflow/.local/lib/python3.8/site-packages/airflow/operators/bash.py", line 249, in execute
    raise AirflowException(
airflow.exceptions.AirflowException: Bash command failed. The command returned a non-zero exit code 1.
[2026-08-11T18:08:51.537+0000] {taskinstance.py:1225} INFO - Marking task as FAILED. dag_id=flex_eau_pipeline, task_id=ingestion_mysql_staging, run_id=scheduled__2026-07-28T00:00:00+00:00, execution_date=20260728T000000, start_date=20260811T180839, end_date=20260811T180851
[2026-08-11T18:08:51.555+0000] {taskinstance.py:340} INFO - ::group::Post task execution logs
[2026-08-11T18:08:51.556+0000] {standard_task_runner.py:124} ERROR - Failed to execute job 52 for task ingestion_mysql_staging (Bash command failed. The command returned a non-zero exit code 1.; 254)
Traceback (most recent call last):
  File "/home/airflow/.local/lib/python3.8/site-packages/airflow/task/task_runner/standard_task_runner.py", line 117, in _start_by_fork
    ret = args.func(args, dag=self.dag)
  File "/home/airflow/.local/lib/python3.8/site-packages/airflow/cli/cli_config.py", line 49, in command
    return func(*args, **kwargs)
  File "/home/airflow/.local/lib/python3.8/site-packages/airflow/utils/cli.py", line 115, in wrapper
    return f(*args, **kwargs)
  File "/home/airflow/.local/lib/python3.8/site-packages/airflow/cli/commands/task_command.py", line 483, in task_run
    task_return_code = _run_task_by_selected_method(args, _dag, ti)
  File "/home/airflow/.local/lib/python3.8/site-packages/airflow/cli/commands/task_command.py", line 256, in _run_task_by_selected_method
    return _run_raw_task(args, ti)
  File "/home/airflow/.local/lib/python3.8/site-packages/airflow/cli/commands/task_command.py", line 341, in _run_raw_task
    return ti._run_raw_task(
  File "/home/airflow/.local/lib/python3.8/site-packages/airflow/utils/session.py", line 97, in wrapper
    return func(*args, session=session, **kwargs)
  File "/home/airflow/.local/lib/python3.8/site-packages/airflow/models/taskinstance.py", line 2995, in _run_raw_task
    return _run_raw_task(
  File "/home/airflow/.local/lib/python3.8/site-packages/airflow/models/taskinstance.py", line 273, in _run_raw_task
    TaskInstance._execute_task_with_callbacks(
  File "/home/airflow/.local/lib/python3.8/site-packages/airflow/models/taskinstance.py", line 3149, in _execute_task_with_callbacks
    result = self._execute_task(context, task_orig)
  File "/home/airflow/.local/lib/python3.8/site-packages/airflow/models/taskinstance.py", line 3173, in _execute_task
    return _execute_task(self, context, task_orig)
  File "/home/airflow/.local/lib/python3.8/site-packages/airflow/models/taskinstance.py", line 767, in _execute_task
    result = _execute_callable(context=context, **execute_callable_kwargs)
  File "/home/airflow/.local/lib/python3.8/site-packages/airflow/models/taskinstance.py", line 733, in _execute_callable
    return ExecutionCallableRunner(
  File "/home/airflow/.local/lib/python3.8/site-packages/airflow/utils/operator_helpers.py", line 252, in run
    return self.func(*args, **kwargs)
  File "/home/airflow/.local/lib/python3.8/site-packages/airflow/models/baseoperator.py", line 406, in wrapper
    return func(self, *args, **kwargs)
  File "/home/airflow/.local/lib/python3.8/site-packages/airflow/operators/bash.py", line 249, in execute
    raise AirflowException(
airflow.exceptions.AirflowException: Bash command failed. The command returned a non-zero exit code 1.
[2026-08-11T18:08:51.600+0000] {local_task_job_runner.py:261} INFO - Task exited with return code 1
[2026-08-11T18:08:51.638+0000] {taskinstance.py:3891} INFO - 0 downstream tasks scheduled from follow-on schedule check
[2026-08-11T18:08:51.650+0000] {local_task_job_runner.py:240} INFO - ::endgroup::
