[2026-07-25T18:09:50.437+0000] {local_task_job_runner.py:123} INFO - ::group::Pre task execution logs
[2026-07-25T18:09:50.493+0000] {taskinstance.py:2603} INFO - Dependencies all met for dep_context=non-requeueable deps ti=<TaskInstance: flex_eau_pipeline.dim_geo scheduled__2026-07-24T00:00:00+00:00 [queued]>
[2026-07-25T18:09:50.507+0000] {taskinstance.py:2603} INFO - Dependencies all met for dep_context=requeueable deps ti=<TaskInstance: flex_eau_pipeline.dim_geo scheduled__2026-07-24T00:00:00+00:00 [queued]>
[2026-07-25T18:09:50.509+0000] {taskinstance.py:2856} INFO - Starting attempt 1 of 2
[2026-07-25T18:09:50.538+0000] {taskinstance.py:2879} INFO - Executing <Task(BashOperator): dim_geo> on 2026-07-24 00:00:00+00:00
[2026-07-25T18:09:50.557+0000] {standard_task_runner.py:104} INFO - Running: ['***', 'tasks', 'run', 'flex_eau_pipeline', 'dim_geo', 'scheduled__2026-07-24T00:00:00+00:00', '--job-id', '5', '--raw', '--subdir', 'DAGS_FOLDER/flex_eau_pipeline.py', '--cfg-path', '/tmp/tmpdarc0s0_']
[2026-07-25T18:09:50.566+0000] {standard_task_runner.py:105} INFO - Job 5: Subtask dim_geo
[2026-07-25T18:09:50.564+0000] {logging_mixin.py:190} WARNING - /home/***/.local/lib/python3.12/site-packages/***/task/task_runner/standard_task_runner.py:70 DeprecationWarning: This process (pid=521) is multi-threaded, use of fork() may lead to deadlocks in the child.
[2026-07-25T18:09:50.569+0000] {standard_task_runner.py:72} INFO - Started process 527 to run task
[2026-07-25T18:09:50.761+0000] {task_command.py:467} INFO - Running <TaskInstance: flex_eau_pipeline.dim_geo scheduled__2026-07-24T00:00:00+00:00 [running]> on host 30d391bb7be2
[2026-07-25T18:09:51.064+0000] {taskinstance.py:3122} INFO - Exporting env vars: AIRFLOW_CTX_DAG_OWNER='flex-eau' AIRFLOW_CTX_DAG_ID='flex_eau_pipeline' AIRFLOW_CTX_TASK_ID='dim_geo' AIRFLOW_CTX_EXECUTION_DATE='2026-07-24T00:00:00+00:00' AIRFLOW_CTX_TRY_NUMBER='1' AIRFLOW_CTX_DAG_RUN_ID='scheduled__2026-07-24T00:00:00+00:00'
[2026-07-25T18:09:51.066+0000] {taskinstance.py:731} INFO - ::endgroup::
[2026-07-25T18:09:51.117+0000] {subprocess.py:63} INFO - Tmp dir root location: /tmp
[2026-07-25T18:09:51.118+0000] {subprocess.py:75} INFO - Running command: ['/usr/bin/bash', '-c', 'python spark_jobs/dimensions/dim_geo.py']
[2026-07-25T18:09:51.153+0000] {subprocess.py:86} INFO - Output:
[2026-07-25T18:10:05.804+0000] {subprocess.py:93} INFO - 26/07/25 18:10:05 WARN NativeCodeLoader: Unable to load native-hadoop library for your platform... using builtin-java classes where applicable
[2026-07-25T18:10:07.356+0000] {subprocess.py:93} INFO - 26/07/25 18:10:07 WARN DependencyUtils: Local jar /opt/jars/postgresql-42.7.8.jar does not exist, skipping.
[2026-07-25T18:10:07.854+0000] {subprocess.py:93} INFO - 26/07/25 18:10:07 INFO SparkContext: Running Spark version 3.5.1
[2026-07-25T18:10:07.856+0000] {subprocess.py:93} INFO - 26/07/25 18:10:07 INFO SparkContext: OS info Linux, 6.6.87.2-microsoft-standard-WSL2, amd64
[2026-07-25T18:10:07.858+0000] {subprocess.py:93} INFO - 26/07/25 18:10:07 INFO SparkContext: Java version 17.0.19
[2026-07-25T18:10:08.018+0000] {subprocess.py:93} INFO - 26/07/25 18:10:08 INFO ResourceUtils: ==============================================================
[2026-07-25T18:10:08.022+0000] {subprocess.py:93} INFO - 26/07/25 18:10:08 INFO ResourceUtils: No custom resources configured for spark.driver.
[2026-07-25T18:10:08.029+0000] {subprocess.py:93} INFO - 26/07/25 18:10:08 INFO ResourceUtils: ==============================================================
[2026-07-25T18:10:08.031+0000] {subprocess.py:93} INFO - 26/07/25 18:10:08 INFO SparkContext: Submitted application: DIM_GEOGRAPHIE
[2026-07-25T18:10:08.240+0000] {subprocess.py:93} INFO - 26/07/25 18:10:08 INFO ResourceProfile: Default ResourceProfile created, executor resources: Map(memory -> name: memory, amount: 1024, script: , vendor: , offHeap -> name: offHeap, amount: 0, script: , vendor: ), task resources: Map(cpus -> name: cpus, amount: 1.0)
[2026-07-25T18:10:08.301+0000] {subprocess.py:93} INFO - 26/07/25 18:10:08 INFO ResourceProfile: Limiting resource is cpu
[2026-07-25T18:10:08.310+0000] {subprocess.py:93} INFO - 26/07/25 18:10:08 INFO ResourceProfileManager: Added ResourceProfile id: 0
[2026-07-25T18:10:08.622+0000] {subprocess.py:93} INFO - 26/07/25 18:10:08 INFO SecurityManager: Changing view acls to: ***
[2026-07-25T18:10:08.623+0000] {subprocess.py:93} INFO - 26/07/25 18:10:08 INFO SecurityManager: Changing modify acls to: ***
[2026-07-25T18:10:08.631+0000] {subprocess.py:93} INFO - 26/07/25 18:10:08 INFO SecurityManager: Changing view acls groups to:
[2026-07-25T18:10:08.637+0000] {subprocess.py:93} INFO - 26/07/25 18:10:08 INFO SecurityManager: Changing modify acls groups to:
[2026-07-25T18:10:08.641+0000] {subprocess.py:93} INFO - 26/07/25 18:10:08 INFO SecurityManager: SecurityManager: authentication disabled; ui acls disabled; users with view permissions: ***; groups with view permissions: EMPTY; users with modify permissions: ***; groups with modify permissions: EMPTY
[2026-07-25T18:10:09.820+0000] {subprocess.py:93} INFO - 26/07/25 18:10:09 INFO Utils: Successfully started service 'sparkDriver' on port 41637.
[2026-07-25T18:10:09.970+0000] {subprocess.py:93} INFO - 26/07/25 18:10:09 INFO SparkEnv: Registering MapOutputTracker
[2026-07-25T18:10:10.073+0000] {subprocess.py:93} INFO - 26/07/25 18:10:10 INFO SparkEnv: Registering BlockManagerMaster
[2026-07-25T18:10:10.203+0000] {subprocess.py:93} INFO - 26/07/25 18:10:10 INFO BlockManagerMasterEndpoint: Using org.apache.spark.storage.DefaultTopologyMapper for getting topology information
[2026-07-25T18:10:10.205+0000] {subprocess.py:93} INFO - 26/07/25 18:10:10 INFO BlockManagerMasterEndpoint: BlockManagerMasterEndpoint up
[2026-07-25T18:10:10.236+0000] {subprocess.py:93} INFO - 26/07/25 18:10:10 INFO SparkEnv: Registering BlockManagerMasterHeartbeat
[2026-07-25T18:10:10.449+0000] {subprocess.py:93} INFO - 26/07/25 18:10:10 INFO DiskBlockManager: Created local directory at /tmp/blockmgr-77f2723b-ebc9-4336-9e4b-7bb2e8fb2b6f
[2026-07-25T18:10:10.662+0000] {subprocess.py:93} INFO - 26/07/25 18:10:10 INFO MemoryStore: MemoryStore started with capacity 434.4 MiB
[2026-07-25T18:10:10.751+0000] {subprocess.py:93} INFO - 26/07/25 18:10:10 INFO SparkEnv: Registering OutputCommitCoordinator
[2026-07-25T18:10:11.996+0000] {subprocess.py:93} INFO - 26/07/25 18:10:11 INFO JettyUtils: Start Jetty 0.0.0.0:4040 for SparkUI
[2026-07-25T18:10:12.637+0000] {subprocess.py:93} INFO - 26/07/25 18:10:12 WARN Utils: Service 'SparkUI' could not bind on port 4040. Attempting port 4041.
[2026-07-25T18:10:12.846+0000] {subprocess.py:93} INFO - 26/07/25 18:10:12 INFO Utils: Successfully started service 'SparkUI' on port 4041.
[2026-07-25T18:10:13.161+0000] {subprocess.py:93} INFO - 26/07/25 18:10:13 ERROR SparkContext: Failed to add /opt/jars/postgresql-42.7.8.jar to Spark environment
[2026-07-25T18:10:13.162+0000] {subprocess.py:93} INFO - java.io.FileNotFoundException: Jar /opt/jars/postgresql-42.7.8.jar not found
[2026-07-25T18:10:13.163+0000] {subprocess.py:93} INFO - 	at org.apache.spark.SparkContext.addLocalJarFile$1(SparkContext.scala:2100)
[2026-07-25T18:10:13.164+0000] {subprocess.py:93} INFO - 	at org.apache.spark.SparkContext.addJar(SparkContext.scala:2156)
[2026-07-25T18:10:13.165+0000] {subprocess.py:93} INFO - 	at org.apache.spark.SparkContext.$anonfun$new$15(SparkContext.scala:526)
[2026-07-25T18:10:13.167+0000] {subprocess.py:93} INFO - 	at org.apache.spark.SparkContext.$anonfun$new$15$adapted(SparkContext.scala:526)
[2026-07-25T18:10:13.169+0000] {subprocess.py:93} INFO - 	at scala.collection.mutable.ResizableArray.foreach(ResizableArray.scala:62)
[2026-07-25T18:10:13.171+0000] {subprocess.py:93} INFO - 	at scala.collection.mutable.ResizableArray.foreach$(ResizableArray.scala:55)
[2026-07-25T18:10:13.172+0000] {subprocess.py:93} INFO - 	at scala.collection.mutable.ArrayBuffer.foreach(ArrayBuffer.scala:49)
[2026-07-25T18:10:13.173+0000] {subprocess.py:93} INFO - 	at org.apache.spark.SparkContext.<init>(SparkContext.scala:526)
[2026-07-25T18:10:13.174+0000] {subprocess.py:93} INFO - 	at org.apache.spark.api.java.JavaSparkContext.<init>(JavaSparkContext.scala:58)
[2026-07-25T18:10:13.175+0000] {subprocess.py:93} INFO - 	at java.base/jdk.internal.reflect.NativeConstructorAccessorImpl.newInstance0(Native Method)
[2026-07-25T18:10:13.176+0000] {subprocess.py:93} INFO - 	at java.base/jdk.internal.reflect.NativeConstructorAccessorImpl.newInstance(NativeConstructorAccessorImpl.java:77)
[2026-07-25T18:10:13.180+0000] {subprocess.py:93} INFO - 	at java.base/jdk.internal.reflect.DelegatingConstructorAccessorImpl.newInstance(DelegatingConstructorAccessorImpl.java:45)
[2026-07-25T18:10:13.185+0000] {subprocess.py:93} INFO - 	at java.base/java.lang.reflect.Constructor.newInstanceWithCaller(Constructor.java:500)
[2026-07-25T18:10:13.186+0000] {subprocess.py:93} INFO - 	at java.base/java.lang.reflect.Constructor.newInstance(Constructor.java:481)
[2026-07-25T18:10:13.187+0000] {subprocess.py:93} INFO - 	at py4j.reflection.MethodInvoker.invoke(MethodInvoker.java:247)
[2026-07-25T18:10:13.192+0000] {subprocess.py:93} INFO - 	at py4j.reflection.ReflectionEngine.invoke(ReflectionEngine.java:374)
[2026-07-25T18:10:13.195+0000] {subprocess.py:93} INFO - 	at py4j.Gateway.invoke(Gateway.java:238)
[2026-07-25T18:10:13.199+0000] {subprocess.py:93} INFO - 	at py4j.commands.ConstructorCommand.invokeConstructor(ConstructorCommand.java:80)
[2026-07-25T18:10:13.201+0000] {subprocess.py:93} INFO - 	at py4j.commands.ConstructorCommand.execute(ConstructorCommand.java:69)
[2026-07-25T18:10:13.203+0000] {subprocess.py:93} INFO - 	at py4j.ClientServerConnection.waitForCommands(ClientServerConnection.java:182)
[2026-07-25T18:10:13.205+0000] {subprocess.py:93} INFO - 	at py4j.ClientServerConnection.run(ClientServerConnection.java:106)
[2026-07-25T18:10:13.211+0000] {subprocess.py:93} INFO - 	at java.base/java.lang.Thread.run(Thread.java:840)
[2026-07-25T18:10:13.896+0000] {subprocess.py:93} INFO - 26/07/25 18:10:13 INFO StandaloneAppClient$ClientEndpoint: Connecting to master spark://spark-master:7077...
[2026-07-25T18:10:14.373+0000] {subprocess.py:93} INFO - 26/07/25 18:10:14 INFO TransportClientFactory: Successfully created connection to spark-master/172.22.0.5:7077 after 272 ms (0 ms spent in bootstraps)
[2026-07-25T18:10:15.414+0000] {subprocess.py:93} INFO - 26/07/25 18:10:15 INFO StandaloneSchedulerBackend: Connected to Spark cluster with app ID app-20260725181016-0000
[2026-07-25T18:10:15.434+0000] {subprocess.py:93} INFO - 26/07/25 18:10:15 INFO Utils: Successfully started service 'org.apache.spark.network.netty.NettyBlockTransferService' on port 45663.
[2026-07-25T18:10:15.436+0000] {subprocess.py:93} INFO - 26/07/25 18:10:15 INFO NettyBlockTransferService: Server created on 30d391bb7be2:45663
[2026-07-25T18:10:15.442+0000] {subprocess.py:93} INFO - 26/07/25 18:10:15 INFO BlockManager: Using org.apache.spark.storage.RandomBlockReplicationPolicy for block replication policy
[2026-07-25T18:10:15.455+0000] {subprocess.py:93} INFO - 26/07/25 18:10:15 INFO BlockManagerMaster: Registering BlockManager BlockManagerId(driver, 30d391bb7be2, 45663, None)
[2026-07-25T18:10:15.462+0000] {subprocess.py:93} INFO - 26/07/25 18:10:15 INFO BlockManagerMasterEndpoint: Registering block manager 30d391bb7be2:45663 with 434.4 MiB RAM, BlockManagerId(driver, 30d391bb7be2, 45663, None)
[2026-07-25T18:10:15.467+0000] {subprocess.py:93} INFO - 26/07/25 18:10:15 INFO BlockManagerMaster: Registered BlockManager BlockManagerId(driver, 30d391bb7be2, 45663, None)
[2026-07-25T18:10:15.471+0000] {subprocess.py:93} INFO - 26/07/25 18:10:15 INFO BlockManager: Initialized BlockManager: BlockManagerId(driver, 30d391bb7be2, 45663, None)
[2026-07-25T18:10:15.507+0000] {subprocess.py:93} INFO - 26/07/25 18:10:15 INFO StandaloneAppClient$ClientEndpoint: Executor added: app-20260725181016-0000/0 on worker-20260725174002-172.22.0.3-38317 (172.22.0.3:38317) with 8 core(s)
[2026-07-25T18:10:15.516+0000] {subprocess.py:93} INFO - 26/07/25 18:10:15 INFO StandaloneSchedulerBackend: Granted executor ID app-20260725181016-0000/0 on hostPort 172.22.0.3:38317 with 8 core(s), 1024.0 MiB RAM
[2026-07-25T18:10:18.270+0000] {subprocess.py:93} INFO - 26/07/25 18:10:18 INFO StandaloneSchedulerBackend: SchedulerBackend is ready for scheduling beginning after reached minRegisteredResourcesRatio: 0.0
[2026-07-25T18:10:19.002+0000] {subprocess.py:93} INFO - 26/07/25 18:10:19 INFO StandaloneAppClient$ClientEndpoint: Executor updated: app-20260725181016-0000/0 is now RUNNING
[2026-07-25T18:10:19.935+0000] {subprocess.py:93} INFO - 26/07/25 18:10:19 INFO SharedState: Setting hive.metastore.warehouse.dir ('null') to the value of spark.sql.warehouse.dir.
[2026-07-25T18:10:19.970+0000] {subprocess.py:93} INFO - 26/07/25 18:10:19 INFO SharedState: Warehouse path is 'file:/opt/project/spark-warehouse'.
[2026-07-25T18:10:29.649+0000] {subprocess.py:93} INFO - Traceback (most recent call last):
[2026-07-25T18:10:29.652+0000] {subprocess.py:93} INFO -   File "/opt/project/spark_jobs/dimensions/dim_geo.py", line 28, in <module>
[2026-07-25T18:10:29.713+0000] {subprocess.py:93} INFO -     regions = spark.read.jdbc(
[2026-07-25T18:10:29.714+0000] {subprocess.py:93} INFO -               ^^^^^^^^^^^^^^^^
[2026-07-25T18:10:29.718+0000] {subprocess.py:93} INFO -   File "/home/***/.local/lib/python3.12/site-packages/pyspark/sql/readwriter.py", line 946, in jdbc
[2026-07-25T18:10:29.733+0000] {subprocess.py:93} INFO -     return self._df(self._jreader.jdbc(url, table, jprop))
[2026-07-25T18:10:29.748+0000] {subprocess.py:93} INFO -                     ^^^^^^^^^^^^^^^^^^^^^^^^^^^^^^^^^^^^^
[2026-07-25T18:10:29.764+0000] {subprocess.py:93} INFO -   File "/home/***/.local/lib/python3.12/site-packages/py4j/java_gateway.py", line 1322, in __call__
[2026-07-25T18:10:29.773+0000] {subprocess.py:93} INFO -     return_value = get_return_value(
[2026-07-25T18:10:29.786+0000] {subprocess.py:93} INFO -                    ^^^^^^^^^^^^^^^^^
[2026-07-25T18:10:29.797+0000] {subprocess.py:93} INFO -   File "/home/***/.local/lib/python3.12/site-packages/pyspark/errors/exceptions/captured.py", line 179, in deco
[2026-07-25T18:10:29.812+0000] {subprocess.py:93} INFO -     return f(*a, **kw)
[2026-07-25T18:10:29.816+0000] {subprocess.py:93} INFO -            ^^^^^^^^^^^
[2026-07-25T18:10:29.817+0000] {subprocess.py:93} INFO -   File "/home/***/.local/lib/python3.12/site-packages/py4j/protocol.py", line 326, in get_return_value
[2026-07-25T18:10:29.818+0000] {subprocess.py:93} INFO -     raise Py4JJavaError(
[2026-07-25T18:10:29.819+0000] {subprocess.py:93} INFO - py4j.protocol.Py4JJavaError: An error occurred while calling o29.jdbc.
[2026-07-25T18:10:29.833+0000] {subprocess.py:93} INFO - : java.lang.ClassNotFoundException: org.postgresql.Driver
[2026-07-25T18:10:29.834+0000] {subprocess.py:93} INFO - 	at java.base/java.net.URLClassLoader.findClass(URLClassLoader.java:445)
[2026-07-25T18:10:29.880+0000] {subprocess.py:93} INFO - 	at java.base/java.lang.ClassLoader.loadClass(ClassLoader.java:592)
[2026-07-25T18:10:29.911+0000] {subprocess.py:93} INFO - 	at java.base/java.lang.ClassLoader.loadClass(ClassLoader.java:525)
[2026-07-25T18:10:29.919+0000] {subprocess.py:93} INFO - 	at org.apache.spark.sql.execution.datasources.jdbc.DriverRegistry$.register(DriverRegistry.scala:46)
[2026-07-25T18:10:29.929+0000] {subprocess.py:93} INFO - 	at org.apache.spark.sql.execution.datasources.jdbc.JDBCOptions.$anonfun$driverClass$1(JDBCOptions.scala:103)
[2026-07-25T18:10:29.935+0000] {subprocess.py:93} INFO - 	at org.apache.spark.sql.execution.datasources.jdbc.JDBCOptions.$anonfun$driverClass$1$adapted(JDBCOptions.scala:103)
[2026-07-25T18:10:29.937+0000] {subprocess.py:93} INFO - 	at scala.Option.foreach(Option.scala:407)
[2026-07-25T18:10:29.941+0000] {subprocess.py:93} INFO - 	at org.apache.spark.sql.execution.datasources.jdbc.JDBCOptions.<init>(JDBCOptions.scala:103)
[2026-07-25T18:10:29.975+0000] {subprocess.py:93} INFO - 	at org.apache.spark.sql.execution.datasources.jdbc.JDBCOptions.<init>(JDBCOptions.scala:41)
[2026-07-25T18:10:29.980+0000] {subprocess.py:93} INFO - 	at org.apache.spark.sql.execution.datasources.jdbc.JdbcRelationProvider.createRelation(JdbcRelationProvider.scala:34)
[2026-07-25T18:10:29.992+0000] {subprocess.py:93} INFO - 	at org.apache.spark.sql.execution.datasources.DataSource.resolveRelation(DataSource.scala:346)
[2026-07-25T18:10:29.995+0000] {subprocess.py:93} INFO - 	at org.apache.spark.sql.DataFrameReader.loadV1Source(DataFrameReader.scala:229)
[2026-07-25T18:10:30.012+0000] {subprocess.py:93} INFO - 	at org.apache.spark.sql.DataFrameReader.$anonfun$load$2(DataFrameReader.scala:211)
[2026-07-25T18:10:30.034+0000] {subprocess.py:93} INFO - 	at scala.Option.getOrElse(Option.scala:189)
[2026-07-25T18:10:30.050+0000] {subprocess.py:93} INFO - 	at org.apache.spark.sql.DataFrameReader.load(DataFrameReader.scala:211)
[2026-07-25T18:10:30.059+0000] {subprocess.py:93} INFO - 	at org.apache.spark.sql.DataFrameReader.load(DataFrameReader.scala:172)
[2026-07-25T18:10:30.079+0000] {subprocess.py:93} INFO - 	at org.apache.spark.sql.DataFrameReader.jdbc(DataFrameReader.scala:249)
[2026-07-25T18:10:30.094+0000] {subprocess.py:93} INFO - 	at java.base/jdk.internal.reflect.NativeMethodAccessorImpl.invoke0(Native Method)
[2026-07-25T18:10:30.095+0000] {subprocess.py:93} INFO - 	at java.base/jdk.internal.reflect.NativeMethodAccessorImpl.invoke(NativeMethodAccessorImpl.java:77)
[2026-07-25T18:10:30.108+0000] {subprocess.py:93} INFO - 	at java.base/jdk.internal.reflect.DelegatingMethodAccessorImpl.invoke(DelegatingMethodAccessorImpl.java:43)
[2026-07-25T18:10:30.109+0000] {subprocess.py:93} INFO - 	at java.base/java.lang.reflect.Method.invoke(Method.java:569)
[2026-07-25T18:10:30.111+0000] {subprocess.py:93} INFO - 	at py4j.reflection.MethodInvoker.invoke(MethodInvoker.java:244)
[2026-07-25T18:10:30.200+0000] {subprocess.py:93} INFO - 	at py4j.reflection.ReflectionEngine.invoke(ReflectionEngine.java:374)
[2026-07-25T18:10:30.249+0000] {subprocess.py:93} INFO - 	at py4j.Gateway.invoke(Gateway.java:282)
[2026-07-25T18:10:30.267+0000] {subprocess.py:93} INFO - 	at py4j.commands.AbstractCommand.invokeMethod(AbstractCommand.java:132)
[2026-07-25T18:10:30.282+0000] {subprocess.py:93} INFO - 	at py4j.commands.CallCommand.execute(CallCommand.java:79)
[2026-07-25T18:10:30.284+0000] {subprocess.py:93} INFO - 	at py4j.ClientServerConnection.waitForCommands(ClientServerConnection.java:182)
[2026-07-25T18:10:30.291+0000] {subprocess.py:93} INFO - 	at py4j.ClientServerConnection.run(ClientServerConnection.java:106)
[2026-07-25T18:10:30.295+0000] {subprocess.py:93} INFO - 	at java.base/java.lang.Thread.run(Thread.java:840)
[2026-07-25T18:10:30.296+0000] {subprocess.py:93} INFO - 
[2026-07-25T18:10:30.477+0000] {subprocess.py:93} INFO - 26/07/25 18:10:30 INFO SparkContext: Invoking stop() from shutdown hook
[2026-07-25T18:10:30.478+0000] {subprocess.py:93} INFO - 26/07/25 18:10:30 INFO SparkContext: SparkContext is stopping with exitCode 0.
[2026-07-25T18:10:30.631+0000] {subprocess.py:93} INFO - 26/07/25 18:10:30 INFO SparkUI: Stopped Spark web UI at http://30d391bb7be2:4041
[2026-07-25T18:10:30.666+0000] {subprocess.py:93} INFO - 26/07/25 18:10:30 INFO StandaloneSchedulerBackend: Shutting down all executors
[2026-07-25T18:10:30.683+0000] {subprocess.py:93} INFO - 26/07/25 18:10:30 INFO StandaloneSchedulerBackend$StandaloneDriverEndpoint: Asking each executor to shut down
[2026-07-25T18:10:30.789+0000] {subprocess.py:93} INFO - 26/07/25 18:10:30 INFO MapOutputTrackerMasterEndpoint: MapOutputTrackerMasterEndpoint stopped!
[2026-07-25T18:10:30.951+0000] {subprocess.py:93} INFO - 26/07/25 18:10:30 INFO MemoryStore: MemoryStore cleared
[2026-07-25T18:10:30.956+0000] {subprocess.py:93} INFO - 26/07/25 18:10:30 INFO BlockManager: BlockManager stopped
[2026-07-25T18:10:31.003+0000] {subprocess.py:93} INFO - 26/07/25 18:10:31 INFO BlockManagerMaster: BlockManagerMaster stopped
[2026-07-25T18:10:31.007+0000] {subprocess.py:93} INFO - 26/07/25 18:10:31 INFO OutputCommitCoordinator$OutputCommitCoordinatorEndpoint: OutputCommitCoordinator stopped!
[2026-07-25T18:10:31.220+0000] {subprocess.py:93} INFO - 26/07/25 18:10:31 INFO SparkContext: Successfully stopped SparkContext
[2026-07-25T18:10:31.230+0000] {subprocess.py:93} INFO - 26/07/25 18:10:31 INFO ShutdownHookManager: Shutdown hook called
[2026-07-25T18:10:31.238+0000] {subprocess.py:93} INFO - 26/07/25 18:10:31 INFO ShutdownHookManager: Deleting directory /tmp/spark-58d02e1f-37e8-451f-87cb-f65bc0eba73b
[2026-07-25T18:10:31.275+0000] {subprocess.py:93} INFO - 26/07/25 18:10:31 INFO ShutdownHookManager: Deleting directory /tmp/spark-c9b11cb7-d0e9-434c-8f15-961c9244b0d6
[2026-07-25T18:10:31.305+0000] {subprocess.py:93} INFO - 26/07/25 18:10:31 INFO ShutdownHookManager: Deleting directory /tmp/spark-58d02e1f-37e8-451f-87cb-f65bc0eba73b/pyspark-9eaf25f0-b94c-4436-98a6-db758de709a6
[2026-07-25T18:10:31.859+0000] {subprocess.py:97} INFO - Command exited with return code 1
[2026-07-25T18:10:31.915+0000] {taskinstance.py:3301} ERROR - Task failed with exception
Traceback (most recent call last):
  File "/home/airflow/.local/lib/python3.12/site-packages/airflow/models/taskinstance.py", line 767, in _execute_task
    result = _execute_callable(context=context, **execute_callable_kwargs)
             ^^^^^^^^^^^^^^^^^^^^^^^^^^^^^^^^^^^^^^^^^^^^^^^^^^^^^^^^^^^^^
  File "/home/airflow/.local/lib/python3.12/site-packages/airflow/models/taskinstance.py", line 733, in _execute_callable
    return ExecutionCallableRunner(
           ^^^^^^^^^^^^^^^^^^^^^^^^
  File "/home/airflow/.local/lib/python3.12/site-packages/airflow/utils/operator_helpers.py", line 252, in run
    return self.func(*args, **kwargs)
           ^^^^^^^^^^^^^^^^^^^^^^^^^^
  File "/home/airflow/.local/lib/python3.12/site-packages/airflow/models/baseoperator.py", line 406, in wrapper
    return func(self, *args, **kwargs)
           ^^^^^^^^^^^^^^^^^^^^^^^^^^^
  File "/home/airflow/.local/lib/python3.12/site-packages/airflow/operators/bash.py", line 249, in execute
    raise AirflowException(
airflow.exceptions.AirflowException: Bash command failed. The command returned a non-zero exit code 1.
[2026-07-25T18:10:31.944+0000] {taskinstance.py:1225} INFO - Marking task as UP_FOR_RETRY. dag_id=flex_eau_pipeline, task_id=dim_geo, run_id=scheduled__2026-07-24T00:00:00+00:00, execution_date=20260724T000000, start_date=20260725T180950, end_date=20260725T181031
[2026-07-25T18:10:32.032+0000] {taskinstance.py:340} INFO - ::group::Post task execution logs
[2026-07-25T18:10:32.039+0000] {standard_task_runner.py:124} ERROR - Failed to execute job 5 for task dim_geo (Bash command failed. The command returned a non-zero exit code 1.; 527)
Traceback (most recent call last):
  File "/home/airflow/.local/lib/python3.12/site-packages/airflow/task/task_runner/standard_task_runner.py", line 117, in _start_by_fork
    ret = args.func(args, dag=self.dag)
          ^^^^^^^^^^^^^^^^^^^^^^^^^^^^^
  File "/home/airflow/.local/lib/python3.12/site-packages/airflow/cli/cli_config.py", line 49, in command
    return func(*args, **kwargs)
           ^^^^^^^^^^^^^^^^^^^^^
  File "/home/airflow/.local/lib/python3.12/site-packages/airflow/utils/cli.py", line 115, in wrapper
    return f(*args, **kwargs)
           ^^^^^^^^^^^^^^^^^^
  File "/home/airflow/.local/lib/python3.12/site-packages/airflow/cli/commands/task_command.py", line 483, in task_run
    task_return_code = _run_task_by_selected_method(args, _dag, ti)
                       ^^^^^^^^^^^^^^^^^^^^^^^^^^^^^^^^^^^^^^^^^^^^
  File "/home/airflow/.local/lib/python3.12/site-packages/airflow/cli/commands/task_command.py", line 256, in _run_task_by_selected_method
    return _run_raw_task(args, ti)
           ^^^^^^^^^^^^^^^^^^^^^^^
  File "/home/airflow/.local/lib/python3.12/site-packages/airflow/cli/commands/task_command.py", line 341, in _run_raw_task
    return ti._run_raw_task(
           ^^^^^^^^^^^^^^^^^
  File "/home/airflow/.local/lib/python3.12/site-packages/airflow/utils/session.py", line 97, in wrapper
    return func(*args, session=session, **kwargs)
           ^^^^^^^^^^^^^^^^^^^^^^^^^^^^^^^^^^^^^^
  File "/home/airflow/.local/lib/python3.12/site-packages/airflow/models/taskinstance.py", line 2995, in _run_raw_task
    return _run_raw_task(
           ^^^^^^^^^^^^^^
  File "/home/airflow/.local/lib/python3.12/site-packages/airflow/models/taskinstance.py", line 273, in _run_raw_task
    TaskInstance._execute_task_with_callbacks(
  File "/home/airflow/.local/lib/python3.12/site-packages/airflow/models/taskinstance.py", line 3149, in _execute_task_with_callbacks
    result = self._execute_task(context, task_orig)
             ^^^^^^^^^^^^^^^^^^^^^^^^^^^^^^^^^^^^^^
  File "/home/airflow/.local/lib/python3.12/site-packages/airflow/models/taskinstance.py", line 3173, in _execute_task
    return _execute_task(self, context, task_orig)
           ^^^^^^^^^^^^^^^^^^^^^^^^^^^^^^^^^^^^^^^
  File "/home/airflow/.local/lib/python3.12/site-packages/airflow/models/taskinstance.py", line 767, in _execute_task
    result = _execute_callable(context=context, **execute_callable_kwargs)
             ^^^^^^^^^^^^^^^^^^^^^^^^^^^^^^^^^^^^^^^^^^^^^^^^^^^^^^^^^^^^^
  File "/home/airflow/.local/lib/python3.12/site-packages/airflow/models/taskinstance.py", line 733, in _execute_callable
    return ExecutionCallableRunner(
           ^^^^^^^^^^^^^^^^^^^^^^^^
  File "/home/airflow/.local/lib/python3.12/site-packages/airflow/utils/operator_helpers.py", line 252, in run
    return self.func(*args, **kwargs)
           ^^^^^^^^^^^^^^^^^^^^^^^^^^
  File "/home/airflow/.local/lib/python3.12/site-packages/airflow/models/baseoperator.py", line 406, in wrapper
    return func(self, *args, **kwargs)
           ^^^^^^^^^^^^^^^^^^^^^^^^^^^
  File "/home/airflow/.local/lib/python3.12/site-packages/airflow/operators/bash.py", line 249, in execute
    raise AirflowException(
airflow.exceptions.AirflowException: Bash command failed. The command returned a non-zero exit code 1.
[2026-07-25T18:10:32.097+0000] {local_task_job_runner.py:261} INFO - Task exited with return code 1
[2026-07-25T18:10:32.277+0000] {taskinstance.py:3891} INFO - 0 downstream tasks scheduled from follow-on schedule check
[2026-07-25T18:10:32.280+0000] {local_task_job_runner.py:240} INFO - ::endgroup::
[2026-07-25T19:50:17.870+0000] {local_task_job_runner.py:123} INFO - ::group::Pre task execution logs
[2026-07-25T19:50:17.955+0000] {taskinstance.py:2603} INFO - Dependencies all met for dep_context=non-requeueable deps ti=<TaskInstance: flex_eau_pipeline.dim_geo scheduled__2026-07-24T00:00:00+00:00 [queued]>
[2026-07-25T19:50:17.975+0000] {taskinstance.py:2603} INFO - Dependencies all met for dep_context=requeueable deps ti=<TaskInstance: flex_eau_pipeline.dim_geo scheduled__2026-07-24T00:00:00+00:00 [queued]>
[2026-07-25T19:50:17.976+0000] {taskinstance.py:2856} INFO - Starting attempt 1 of 2
[2026-07-25T19:50:18.015+0000] {taskinstance.py:2879} INFO - Executing <Task(BashOperator): dim_geo> on 2026-07-24 00:00:00+00:00
[2026-07-25T19:50:18.028+0000] {standard_task_runner.py:72} INFO - Started process 271 to run task
[2026-07-25T19:50:18.054+0000] {standard_task_runner.py:104} INFO - Running: ['***', 'tasks', 'run', 'flex_eau_pipeline', 'dim_geo', 'scheduled__2026-07-24T00:00:00+00:00', '--job-id', '3', '--raw', '--subdir', 'DAGS_FOLDER/flex_eau_pipeline.py', '--cfg-path', '/tmp/tmpuq1wkqaw']
[2026-07-25T19:50:18.148+0000] {standard_task_runner.py:105} INFO - Job 3: Subtask dim_geo
[2026-07-25T19:50:18.819+0000] {task_command.py:467} INFO - Running <TaskInstance: flex_eau_pipeline.dim_geo scheduled__2026-07-24T00:00:00+00:00 [running]> on host 8e34fafe5529
[2026-07-25T19:50:19.296+0000] {taskinstance.py:3122} INFO - Exporting env vars: AIRFLOW_CTX_DAG_OWNER='flex-eau' AIRFLOW_CTX_DAG_ID='flex_eau_pipeline' AIRFLOW_CTX_TASK_ID='dim_geo' AIRFLOW_CTX_EXECUTION_DATE='2026-07-24T00:00:00+00:00' AIRFLOW_CTX_TRY_NUMBER='1' AIRFLOW_CTX_DAG_RUN_ID='scheduled__2026-07-24T00:00:00+00:00'
[2026-07-25T19:50:19.298+0000] {taskinstance.py:731} INFO - ::endgroup::
[2026-07-25T19:50:19.373+0000] {subprocess.py:63} INFO - Tmp dir root location: /tmp
[2026-07-25T19:50:19.376+0000] {subprocess.py:75} INFO - Running command: ['/usr/bin/bash', '-c', 'python spark_jobs/dimensions/dim_geo.py']
[2026-07-25T19:50:19.423+0000] {subprocess.py:86} INFO - Output:
[2026-07-25T19:50:32.870+0000] {subprocess.py:93} INFO - 26/07/25 19:50:32 WARN NativeCodeLoader: Unable to load native-hadoop library for your platform... using builtin-java classes where applicable
[2026-07-25T19:50:34.441+0000] {subprocess.py:93} INFO - 26/07/25 19:50:34 WARN DependencyUtils: Local jar /opt/jars/postgresql-42.7.8.jar does not exist, skipping.
[2026-07-25T19:50:35.072+0000] {subprocess.py:93} INFO - 26/07/25 19:50:35 INFO SparkContext: Running Spark version 3.5.1
[2026-07-25T19:50:35.088+0000] {subprocess.py:93} INFO - 26/07/25 19:50:35 INFO SparkContext: OS info Linux, 6.6.87.2-microsoft-standard-WSL2, amd64
[2026-07-25T19:50:35.089+0000] {subprocess.py:93} INFO - 26/07/25 19:50:35 INFO SparkContext: Java version 17.0.19
[2026-07-25T19:50:35.304+0000] {subprocess.py:93} INFO - 26/07/25 19:50:35 INFO ResourceUtils: ==============================================================
[2026-07-25T19:50:35.314+0000] {subprocess.py:93} INFO - 26/07/25 19:50:35 INFO ResourceUtils: No custom resources configured for spark.driver.
[2026-07-25T19:50:35.318+0000] {subprocess.py:93} INFO - 26/07/25 19:50:35 INFO ResourceUtils: ==============================================================
[2026-07-25T19:50:35.345+0000] {subprocess.py:93} INFO - 26/07/25 19:50:35 INFO SparkContext: Submitted application: DIM_GEOGRAPHIE
[2026-07-25T19:50:35.505+0000] {subprocess.py:93} INFO - 26/07/25 19:50:35 INFO ResourceProfile: Default ResourceProfile created, executor resources: Map(memory -> name: memory, amount: 1024, script: , vendor: , offHeap -> name: offHeap, amount: 0, script: , vendor: ), task resources: Map(cpus -> name: cpus, amount: 1.0)
[2026-07-25T19:50:35.563+0000] {subprocess.py:93} INFO - 26/07/25 19:50:35 INFO ResourceProfile: Limiting resource is cpu
[2026-07-25T19:50:35.572+0000] {subprocess.py:93} INFO - 26/07/25 19:50:35 INFO ResourceProfileManager: Added ResourceProfile id: 0
[2026-07-25T19:50:36.124+0000] {subprocess.py:93} INFO - 26/07/25 19:50:36 INFO SecurityManager: Changing view acls to: ***
[2026-07-25T19:50:36.165+0000] {subprocess.py:93} INFO - 26/07/25 19:50:36 INFO SecurityManager: Changing modify acls to: ***
[2026-07-25T19:50:36.168+0000] {subprocess.py:93} INFO - 26/07/25 19:50:36 INFO SecurityManager: Changing view acls groups to:
[2026-07-25T19:50:36.180+0000] {subprocess.py:93} INFO - 26/07/25 19:50:36 INFO SecurityManager: Changing modify acls groups to:
[2026-07-25T19:50:36.183+0000] {subprocess.py:93} INFO - 26/07/25 19:50:36 INFO SecurityManager: SecurityManager: authentication disabled; ui acls disabled; users with view permissions: ***; groups with view permissions: EMPTY; users with modify permissions: ***; groups with modify permissions: EMPTY
[2026-07-25T19:50:37.470+0000] {subprocess.py:93} INFO - 26/07/25 19:50:37 INFO Utils: Successfully started service 'sparkDriver' on port 35019.
[2026-07-25T19:50:37.655+0000] {subprocess.py:93} INFO - 26/07/25 19:50:37 INFO SparkEnv: Registering MapOutputTracker
[2026-07-25T19:50:37.958+0000] {subprocess.py:93} INFO - 26/07/25 19:50:37 INFO SparkEnv: Registering BlockManagerMaster
[2026-07-25T19:50:38.024+0000] {subprocess.py:93} INFO - 26/07/25 19:50:38 INFO BlockManagerMasterEndpoint: Using org.apache.spark.storage.DefaultTopologyMapper for getting topology information
[2026-07-25T19:50:38.034+0000] {subprocess.py:93} INFO - 26/07/25 19:50:38 INFO BlockManagerMasterEndpoint: BlockManagerMasterEndpoint up
[2026-07-25T19:50:38.054+0000] {subprocess.py:93} INFO - 26/07/25 19:50:38 INFO SparkEnv: Registering BlockManagerMasterHeartbeat
[2026-07-25T19:50:38.231+0000] {subprocess.py:93} INFO - 26/07/25 19:50:38 INFO DiskBlockManager: Created local directory at /tmp/blockmgr-fb9d8b42-2648-4e19-96d6-4a638633c085
[2026-07-25T19:50:38.290+0000] {subprocess.py:93} INFO - 26/07/25 19:50:38 INFO MemoryStore: MemoryStore started with capacity 434.4 MiB
[2026-07-25T19:50:38.447+0000] {subprocess.py:93} INFO - 26/07/25 19:50:38 INFO SparkEnv: Registering OutputCommitCoordinator
[2026-07-25T19:50:39.322+0000] {subprocess.py:93} INFO - 26/07/25 19:50:39 INFO JettyUtils: Start Jetty 0.0.0.0:4040 for SparkUI
[2026-07-25T19:50:40.262+0000] {subprocess.py:93} INFO - 26/07/25 19:50:40 WARN Utils: Service 'SparkUI' could not bind on port 4040. Attempting port 4041.
[2026-07-25T19:50:40.263+0000] {subprocess.py:93} INFO - 26/07/25 19:50:40 WARN Utils: Service 'SparkUI' could not bind on port 4041. Attempting port 4042.
[2026-07-25T19:50:40.266+0000] {subprocess.py:93} INFO - 26/07/25 19:50:40 WARN Utils: Service 'SparkUI' could not bind on port 4042. Attempting port 4043.
[2026-07-25T19:50:40.270+0000] {subprocess.py:93} INFO - 26/07/25 19:50:40 WARN Utils: Service 'SparkUI' could not bind on port 4043. Attempting port 4044.
[2026-07-25T19:50:40.282+0000] {subprocess.py:93} INFO - 26/07/25 19:50:40 WARN Utils: Service 'SparkUI' could not bind on port 4044. Attempting port 4045.
[2026-07-25T19:50:40.415+0000] {subprocess.py:93} INFO - 26/07/25 19:50:40 INFO Utils: Successfully started service 'SparkUI' on port 4045.
[2026-07-25T19:50:40.811+0000] {subprocess.py:93} INFO - 26/07/25 19:50:40 ERROR SparkContext: Failed to add /opt/jars/postgresql-42.7.8.jar to Spark environment
[2026-07-25T19:50:40.812+0000] {subprocess.py:93} INFO - java.io.FileNotFoundException: Jar /opt/jars/postgresql-42.7.8.jar not found
[2026-07-25T19:50:40.814+0000] {subprocess.py:93} INFO - 	at org.apache.spark.SparkContext.addLocalJarFile$1(SparkContext.scala:2100)
[2026-07-25T19:50:40.818+0000] {subprocess.py:93} INFO - 	at org.apache.spark.SparkContext.addJar(SparkContext.scala:2156)
[2026-07-25T19:50:40.826+0000] {subprocess.py:93} INFO - 	at org.apache.spark.SparkContext.$anonfun$new$15(SparkContext.scala:526)
[2026-07-25T19:50:40.832+0000] {subprocess.py:93} INFO - 	at org.apache.spark.SparkContext.$anonfun$new$15$adapted(SparkContext.scala:526)
[2026-07-25T19:50:40.835+0000] {subprocess.py:93} INFO - 	at scala.collection.mutable.ResizableArray.foreach(ResizableArray.scala:62)
[2026-07-25T19:50:40.844+0000] {subprocess.py:93} INFO - 	at scala.collection.mutable.ResizableArray.foreach$(ResizableArray.scala:55)
[2026-07-25T19:50:40.845+0000] {subprocess.py:93} INFO - 	at scala.collection.mutable.ArrayBuffer.foreach(ArrayBuffer.scala:49)
[2026-07-25T19:50:40.851+0000] {subprocess.py:93} INFO - 	at org.apache.spark.SparkContext.<init>(SparkContext.scala:526)
[2026-07-25T19:50:40.854+0000] {subprocess.py:93} INFO - 	at org.apache.spark.api.java.JavaSparkContext.<init>(JavaSparkContext.scala:58)
[2026-07-25T19:50:40.859+0000] {subprocess.py:93} INFO - 	at java.base/jdk.internal.reflect.NativeConstructorAccessorImpl.newInstance0(Native Method)
[2026-07-25T19:50:40.860+0000] {subprocess.py:93} INFO - 	at java.base/jdk.internal.reflect.NativeConstructorAccessorImpl.newInstance(NativeConstructorAccessorImpl.java:77)
[2026-07-25T19:50:40.866+0000] {subprocess.py:93} INFO - 	at java.base/jdk.internal.reflect.DelegatingConstructorAccessorImpl.newInstance(DelegatingConstructorAccessorImpl.java:45)
[2026-07-25T19:50:40.867+0000] {subprocess.py:93} INFO - 	at java.base/java.lang.reflect.Constructor.newInstanceWithCaller(Constructor.java:500)
[2026-07-25T19:50:40.868+0000] {subprocess.py:93} INFO - 	at java.base/java.lang.reflect.Constructor.newInstance(Constructor.java:481)
[2026-07-25T19:50:40.869+0000] {subprocess.py:93} INFO - 	at py4j.reflection.MethodInvoker.invoke(MethodInvoker.java:247)
[2026-07-25T19:50:40.869+0000] {subprocess.py:93} INFO - 	at py4j.reflection.ReflectionEngine.invoke(ReflectionEngine.java:374)
[2026-07-25T19:50:40.871+0000] {subprocess.py:93} INFO - 	at py4j.Gateway.invoke(Gateway.java:238)
[2026-07-25T19:50:40.878+0000] {subprocess.py:93} INFO - 	at py4j.commands.ConstructorCommand.invokeConstructor(ConstructorCommand.java:80)
[2026-07-25T19:50:40.879+0000] {subprocess.py:93} INFO - 	at py4j.commands.ConstructorCommand.execute(ConstructorCommand.java:69)
[2026-07-25T19:50:40.880+0000] {subprocess.py:93} INFO - 	at py4j.ClientServerConnection.waitForCommands(ClientServerConnection.java:182)
[2026-07-25T19:50:40.882+0000] {subprocess.py:93} INFO - 	at py4j.ClientServerConnection.run(ClientServerConnection.java:106)
[2026-07-25T19:50:40.886+0000] {subprocess.py:93} INFO - 	at java.base/java.lang.Thread.run(Thread.java:840)
[2026-07-25T19:50:42.099+0000] {subprocess.py:93} INFO - 26/07/25 19:50:42 INFO StandaloneAppClient$ClientEndpoint: Connecting to master spark://spark-master:7077...
[2026-07-25T19:50:42.476+0000] {subprocess.py:93} INFO - 26/07/25 19:50:42 INFO TransportClientFactory: Successfully created connection to spark-master/172.22.0.5:7077 after 263 ms (0 ms spent in bootstraps)
[2026-07-25T19:50:43.199+0000] {subprocess.py:93} INFO - 26/07/25 19:50:43 INFO StandaloneSchedulerBackend: Connected to Spark cluster with app ID app-20260725195043-0007
[2026-07-25T19:50:43.313+0000] {subprocess.py:93} INFO - 26/07/25 19:50:43 INFO Utils: Successfully started service 'org.apache.spark.network.netty.NettyBlockTransferService' on port 33025.
[2026-07-25T19:50:43.314+0000] {subprocess.py:93} INFO - 26/07/25 19:50:43 INFO NettyBlockTransferService: Server created on 8e34fafe5529:33025
[2026-07-25T19:50:43.329+0000] {subprocess.py:93} INFO - 26/07/25 19:50:43 INFO BlockManager: Using org.apache.spark.storage.RandomBlockReplicationPolicy for block replication policy
[2026-07-25T19:50:43.382+0000] {subprocess.py:93} INFO - 26/07/25 19:50:43 INFO BlockManagerMaster: Registering BlockManager BlockManagerId(driver, 8e34fafe5529, 33025, None)
[2026-07-25T19:50:43.404+0000] {subprocess.py:93} INFO - 26/07/25 19:50:43 INFO BlockManagerMasterEndpoint: Registering block manager 8e34fafe5529:33025 with 434.4 MiB RAM, BlockManagerId(driver, 8e34fafe5529, 33025, None)
[2026-07-25T19:50:43.423+0000] {subprocess.py:93} INFO - 26/07/25 19:50:43 INFO BlockManagerMaster: Registered BlockManager BlockManagerId(driver, 8e34fafe5529, 33025, None)
[2026-07-25T19:50:43.428+0000] {subprocess.py:93} INFO - 26/07/25 19:50:43 INFO BlockManager: Initialized BlockManager: BlockManagerId(driver, 8e34fafe5529, 33025, None)
[2026-07-25T19:50:44.978+0000] {subprocess.py:93} INFO - 26/07/25 19:50:44 INFO StandaloneSchedulerBackend: SchedulerBackend is ready for scheduling beginning after reached minRegisteredResourcesRatio: 0.0
[2026-07-25T19:50:46.800+0000] {subprocess.py:93} INFO - 26/07/25 19:50:46 INFO SharedState: Setting hive.metastore.warehouse.dir ('null') to the value of spark.sql.warehouse.dir.
[2026-07-25T19:50:46.810+0000] {subprocess.py:93} INFO - 26/07/25 19:50:46 INFO SharedState: Warehouse path is 'file:/opt/project/spark-warehouse'.
[2026-07-25T19:50:52.335+0000] {subprocess.py:93} INFO - Traceback (most recent call last):
[2026-07-25T19:50:52.336+0000] {subprocess.py:93} INFO -   File "spark_jobs/dimensions/dim_geo.py", line 28, in <module>
[2026-07-25T19:50:52.337+0000] {subprocess.py:93} INFO -     regions = spark.read.jdbc(
[2026-07-25T19:50:52.351+0000] {subprocess.py:93} INFO -   File "/home/***/.local/lib/python3.8/site-packages/pyspark/sql/readwriter.py", line 946, in jdbc
[2026-07-25T19:50:52.359+0000] {subprocess.py:93} INFO -     return self._df(self._jreader.jdbc(url, table, jprop))
[2026-07-25T19:50:52.369+0000] {subprocess.py:93} INFO -   File "/home/***/.local/lib/python3.8/site-packages/py4j/java_gateway.py", line 1322, in __call__
[2026-07-25T19:50:52.372+0000] {subprocess.py:93} INFO -     return_value = get_return_value(
[2026-07-25T19:50:52.375+0000] {subprocess.py:93} INFO -   File "/home/***/.local/lib/python3.8/site-packages/pyspark/errors/exceptions/captured.py", line 179, in deco
[2026-07-25T19:50:52.390+0000] {subprocess.py:93} INFO -     return f(*a, **kw)
[2026-07-25T19:50:52.392+0000] {subprocess.py:93} INFO -   File "/home/***/.local/lib/python3.8/site-packages/py4j/protocol.py", line 326, in get_return_value
[2026-07-25T19:50:52.394+0000] {subprocess.py:93} INFO -     raise Py4JJavaError(
[2026-07-25T19:50:52.396+0000] {subprocess.py:93} INFO - py4j.protocol.Py4JJavaError: An error occurred while calling o29.jdbc.
[2026-07-25T19:50:52.397+0000] {subprocess.py:93} INFO - : java.lang.ClassNotFoundException: org.postgresql.Driver
[2026-07-25T19:50:52.401+0000] {subprocess.py:93} INFO - 	at java.base/java.net.URLClassLoader.findClass(URLClassLoader.java:445)
[2026-07-25T19:50:52.403+0000] {subprocess.py:93} INFO - 	at java.base/java.lang.ClassLoader.loadClass(ClassLoader.java:592)
[2026-07-25T19:50:52.408+0000] {subprocess.py:93} INFO - 	at java.base/java.lang.ClassLoader.loadClass(ClassLoader.java:525)
[2026-07-25T19:50:52.410+0000] {subprocess.py:93} INFO - 	at org.apache.spark.sql.execution.datasources.jdbc.DriverRegistry$.register(DriverRegistry.scala:46)
[2026-07-25T19:50:52.413+0000] {subprocess.py:93} INFO - 	at org.apache.spark.sql.execution.datasources.jdbc.JDBCOptions.$anonfun$driverClass$1(JDBCOptions.scala:103)
[2026-07-25T19:50:52.418+0000] {subprocess.py:93} INFO - 	at org.apache.spark.sql.execution.datasources.jdbc.JDBCOptions.$anonfun$driverClass$1$adapted(JDBCOptions.scala:103)
[2026-07-25T19:50:52.421+0000] {subprocess.py:93} INFO - 	at scala.Option.foreach(Option.scala:407)
[2026-07-25T19:50:52.422+0000] {subprocess.py:93} INFO - 	at org.apache.spark.sql.execution.datasources.jdbc.JDBCOptions.<init>(JDBCOptions.scala:103)
[2026-07-25T19:50:52.424+0000] {subprocess.py:93} INFO - 	at org.apache.spark.sql.execution.datasources.jdbc.JDBCOptions.<init>(JDBCOptions.scala:41)
[2026-07-25T19:50:52.435+0000] {subprocess.py:93} INFO - 	at org.apache.spark.sql.execution.datasources.jdbc.JdbcRelationProvider.createRelation(JdbcRelationProvider.scala:34)
[2026-07-25T19:50:52.440+0000] {subprocess.py:93} INFO - 	at org.apache.spark.sql.execution.datasources.DataSource.resolveRelation(DataSource.scala:346)
[2026-07-25T19:50:52.442+0000] {subprocess.py:93} INFO - 	at org.apache.spark.sql.DataFrameReader.loadV1Source(DataFrameReader.scala:229)
[2026-07-25T19:50:52.443+0000] {subprocess.py:93} INFO - 	at org.apache.spark.sql.DataFrameReader.$anonfun$load$2(DataFrameReader.scala:211)
[2026-07-25T19:50:52.451+0000] {subprocess.py:93} INFO - 	at scala.Option.getOrElse(Option.scala:189)
[2026-07-25T19:50:52.455+0000] {subprocess.py:93} INFO - 	at org.apache.spark.sql.DataFrameReader.load(DataFrameReader.scala:211)
[2026-07-25T19:50:52.457+0000] {subprocess.py:93} INFO - 	at org.apache.spark.sql.DataFrameReader.load(DataFrameReader.scala:172)
[2026-07-25T19:50:52.470+0000] {subprocess.py:93} INFO - 	at org.apache.spark.sql.DataFrameReader.jdbc(DataFrameReader.scala:249)
[2026-07-25T19:50:52.471+0000] {subprocess.py:93} INFO - 	at java.base/jdk.internal.reflect.NativeMethodAccessorImpl.invoke0(Native Method)
[2026-07-25T19:50:52.472+0000] {subprocess.py:93} INFO - 	at java.base/jdk.internal.reflect.NativeMethodAccessorImpl.invoke(NativeMethodAccessorImpl.java:77)
[2026-07-25T19:50:52.473+0000] {subprocess.py:93} INFO - 	at java.base/jdk.internal.reflect.DelegatingMethodAccessorImpl.invoke(DelegatingMethodAccessorImpl.java:43)
[2026-07-25T19:50:52.474+0000] {subprocess.py:93} INFO - 	at java.base/java.lang.reflect.Method.invoke(Method.java:569)
[2026-07-25T19:50:52.476+0000] {subprocess.py:93} INFO - 	at py4j.reflection.MethodInvoker.invoke(MethodInvoker.java:244)
[2026-07-25T19:50:52.478+0000] {subprocess.py:93} INFO - 	at py4j.reflection.ReflectionEngine.invoke(ReflectionEngine.java:374)
[2026-07-25T19:50:52.479+0000] {subprocess.py:93} INFO - 	at py4j.Gateway.invoke(Gateway.java:282)
[2026-07-25T19:50:52.486+0000] {subprocess.py:93} INFO - 	at py4j.commands.AbstractCommand.invokeMethod(AbstractCommand.java:132)
[2026-07-25T19:50:52.488+0000] {subprocess.py:93} INFO - 	at py4j.commands.CallCommand.execute(CallCommand.java:79)
[2026-07-25T19:50:52.500+0000] {subprocess.py:93} INFO - 	at py4j.ClientServerConnection.waitForCommands(ClientServerConnection.java:182)
[2026-07-25T19:50:52.502+0000] {subprocess.py:93} INFO - 	at py4j.ClientServerConnection.run(ClientServerConnection.java:106)
[2026-07-25T19:50:52.505+0000] {subprocess.py:93} INFO - 	at java.base/java.lang.Thread.run(Thread.java:840)
[2026-07-25T19:50:52.507+0000] {subprocess.py:93} INFO - 
[2026-07-25T19:50:52.673+0000] {subprocess.py:93} INFO - 26/07/25 19:50:52 INFO SparkContext: Invoking stop() from shutdown hook
[2026-07-25T19:50:52.675+0000] {subprocess.py:93} INFO - 26/07/25 19:50:52 INFO SparkContext: SparkContext is stopping with exitCode 0.
[2026-07-25T19:50:52.727+0000] {subprocess.py:93} INFO - 26/07/25 19:50:52 INFO SparkUI: Stopped Spark web UI at http://8e34fafe5529:4045
[2026-07-25T19:50:52.790+0000] {subprocess.py:93} INFO - 26/07/25 19:50:52 INFO StandaloneSchedulerBackend: Shutting down all executors
[2026-07-25T19:50:52.802+0000] {subprocess.py:93} INFO - 26/07/25 19:50:52 INFO StandaloneSchedulerBackend$StandaloneDriverEndpoint: Asking each executor to shut down
[2026-07-25T19:50:52.995+0000] {subprocess.py:93} INFO - 26/07/25 19:50:52 INFO MapOutputTrackerMasterEndpoint: MapOutputTrackerMasterEndpoint stopped!
[2026-07-25T19:50:53.106+0000] {subprocess.py:93} INFO - 26/07/25 19:50:53 INFO MemoryStore: MemoryStore cleared
[2026-07-25T19:50:53.109+0000] {subprocess.py:93} INFO - 26/07/25 19:50:53 INFO BlockManager: BlockManager stopped
[2026-07-25T19:50:53.177+0000] {subprocess.py:93} INFO - 26/07/25 19:50:53 INFO BlockManagerMaster: BlockManagerMaster stopped
[2026-07-25T19:50:53.196+0000] {subprocess.py:93} INFO - 26/07/25 19:50:53 INFO OutputCommitCoordinator$OutputCommitCoordinatorEndpoint: OutputCommitCoordinator stopped!
[2026-07-25T19:50:53.338+0000] {subprocess.py:93} INFO - 26/07/25 19:50:53 INFO SparkContext: Successfully stopped SparkContext
[2026-07-25T19:50:53.350+0000] {subprocess.py:93} INFO - 26/07/25 19:50:53 INFO ShutdownHookManager: Shutdown hook called
[2026-07-25T19:50:53.358+0000] {subprocess.py:93} INFO - 26/07/25 19:50:53 INFO ShutdownHookManager: Deleting directory /tmp/spark-e8833f07-da98-425f-8f43-467e64c2d74d
[2026-07-25T19:50:53.410+0000] {subprocess.py:93} INFO - 26/07/25 19:50:53 INFO ShutdownHookManager: Deleting directory /tmp/spark-da484a45-b06d-4f8d-9c41-aa3ec20c424f/pyspark-56257f87-c5f6-41ba-8fb4-137da77162c3
[2026-07-25T19:50:53.440+0000] {subprocess.py:93} INFO - 26/07/25 19:50:53 INFO ShutdownHookManager: Deleting directory /tmp/spark-da484a45-b06d-4f8d-9c41-aa3ec20c424f
[2026-07-25T19:50:53.943+0000] {subprocess.py:97} INFO - Command exited with return code 1
[2026-07-25T19:50:53.999+0000] {taskinstance.py:3301} ERROR - Task failed with exception
Traceback (most recent call last):
  File "/home/airflow/.local/lib/python3.8/site-packages/airflow/models/taskinstance.py", line 767, in _execute_task
    result = _execute_callable(context=context, **execute_callable_kwargs)
  File "/home/airflow/.local/lib/python3.8/site-packages/airflow/models/taskinstance.py", line 733, in _execute_callable
    return ExecutionCallableRunner(
  File "/home/airflow/.local/lib/python3.8/site-packages/airflow/utils/operator_helpers.py", line 252, in run
    return self.func(*args, **kwargs)
  File "/home/airflow/.local/lib/python3.8/site-packages/airflow/models/baseoperator.py", line 406, in wrapper
    return func(self, *args, **kwargs)
  File "/home/airflow/.local/lib/python3.8/site-packages/airflow/operators/bash.py", line 249, in execute
    raise AirflowException(
airflow.exceptions.AirflowException: Bash command failed. The command returned a non-zero exit code 1.
[2026-07-25T19:50:54.068+0000] {taskinstance.py:1225} INFO - Marking task as UP_FOR_RETRY. dag_id=flex_eau_pipeline, task_id=dim_geo, run_id=scheduled__2026-07-24T00:00:00+00:00, execution_date=20260724T000000, start_date=20260725T195017, end_date=20260725T195054
[2026-07-25T19:50:54.172+0000] {taskinstance.py:340} INFO - ::group::Post task execution logs
[2026-07-25T19:50:54.175+0000] {standard_task_runner.py:124} ERROR - Failed to execute job 3 for task dim_geo (Bash command failed. The command returned a non-zero exit code 1.; 271)
Traceback (most recent call last):
  File "/home/airflow/.local/lib/python3.8/site-packages/airflow/task/task_runner/standard_task_runner.py", line 117, in _start_by_fork
    ret = args.func(args, dag=self.dag)
  File "/home/airflow/.local/lib/python3.8/site-packages/airflow/cli/cli_config.py", line 49, in command
    return func(*args, **kwargs)
  File "/home/airflow/.local/lib/python3.8/site-packages/airflow/utils/cli.py", line 115, in wrapper
    return f(*args, **kwargs)
  File "/home/airflow/.local/lib/python3.8/site-packages/airflow/cli/commands/task_command.py", line 483, in task_run
    task_return_code = _run_task_by_selected_method(args, _dag, ti)
  File "/home/airflow/.local/lib/python3.8/site-packages/airflow/cli/commands/task_command.py", line 256, in _run_task_by_selected_method
    return _run_raw_task(args, ti)
  File "/home/airflow/.local/lib/python3.8/site-packages/airflow/cli/commands/task_command.py", line 341, in _run_raw_task
    return ti._run_raw_task(
  File "/home/airflow/.local/lib/python3.8/site-packages/airflow/utils/session.py", line 97, in wrapper
    return func(*args, session=session, **kwargs)
  File "/home/airflow/.local/lib/python3.8/site-packages/airflow/models/taskinstance.py", line 2995, in _run_raw_task
    return _run_raw_task(
  File "/home/airflow/.local/lib/python3.8/site-packages/airflow/models/taskinstance.py", line 273, in _run_raw_task
    TaskInstance._execute_task_with_callbacks(
  File "/home/airflow/.local/lib/python3.8/site-packages/airflow/models/taskinstance.py", line 3149, in _execute_task_with_callbacks
    result = self._execute_task(context, task_orig)
  File "/home/airflow/.local/lib/python3.8/site-packages/airflow/models/taskinstance.py", line 3173, in _execute_task
    return _execute_task(self, context, task_orig)
  File "/home/airflow/.local/lib/python3.8/site-packages/airflow/models/taskinstance.py", line 767, in _execute_task
    result = _execute_callable(context=context, **execute_callable_kwargs)
  File "/home/airflow/.local/lib/python3.8/site-packages/airflow/models/taskinstance.py", line 733, in _execute_callable
    return ExecutionCallableRunner(
  File "/home/airflow/.local/lib/python3.8/site-packages/airflow/utils/operator_helpers.py", line 252, in run
    return self.func(*args, **kwargs)
  File "/home/airflow/.local/lib/python3.8/site-packages/airflow/models/baseoperator.py", line 406, in wrapper
    return func(self, *args, **kwargs)
  File "/home/airflow/.local/lib/python3.8/site-packages/airflow/operators/bash.py", line 249, in execute
    raise AirflowException(
airflow.exceptions.AirflowException: Bash command failed. The command returned a non-zero exit code 1.
[2026-07-25T19:50:54.233+0000] {local_task_job_runner.py:261} INFO - Task exited with return code 1
[2026-07-25T19:50:54.525+0000] {taskinstance.py:3891} INFO - 0 downstream tasks scheduled from follow-on schedule check
[2026-07-25T19:50:54.532+0000] {local_task_job_runner.py:240} INFO - ::endgroup::
