[2026-07-25T18:15:33.606+0000] {local_task_job_runner.py:123} INFO - ::group::Pre task execution logs
[2026-07-25T18:15:33.652+0000] {taskinstance.py:2603} INFO - Dependencies all met for dep_context=non-requeueable deps ti=<TaskInstance: flex_eau_pipeline.dim_geo scheduled__2026-07-24T00:00:00+00:00 [queued]>
[2026-07-25T18:15:33.682+0000] {taskinstance.py:2603} INFO - Dependencies all met for dep_context=requeueable deps ti=<TaskInstance: flex_eau_pipeline.dim_geo scheduled__2026-07-24T00:00:00+00:00 [queued]>
[2026-07-25T18:15:33.686+0000] {taskinstance.py:2856} INFO - Starting attempt 2 of 2
[2026-07-25T18:15:33.727+0000] {taskinstance.py:2879} INFO - Executing <Task(BashOperator): dim_geo> on 2026-07-24 00:00:00+00:00
[2026-07-25T18:15:33.754+0000] {logging_mixin.py:190} WARNING - /home/***/.local/lib/python3.12/site-packages/***/task/task_runner/standard_task_runner.py:70 DeprecationWarning: This process (pid=1986) is multi-threaded, use of fork() may lead to deadlocks in the child.
[2026-07-25T18:15:33.753+0000] {standard_task_runner.py:104} INFO - Running: ['***', 'tasks', 'run', 'flex_eau_pipeline', 'dim_geo', 'scheduled__2026-07-24T00:00:00+00:00', '--job-id', '12', '--raw', '--subdir', 'DAGS_FOLDER/flex_eau_pipeline.py', '--cfg-path', '/tmp/tmpvgcgg6na']
[2026-07-25T18:15:33.760+0000] {standard_task_runner.py:105} INFO - Job 12: Subtask dim_geo
[2026-07-25T18:15:33.759+0000] {standard_task_runner.py:72} INFO - Started process 1999 to run task
[2026-07-25T18:15:33.971+0000] {task_command.py:467} INFO - Running <TaskInstance: flex_eau_pipeline.dim_geo scheduled__2026-07-24T00:00:00+00:00 [running]> on host 30d391bb7be2
[2026-07-25T18:15:34.190+0000] {taskinstance.py:3122} INFO - Exporting env vars: AIRFLOW_CTX_DAG_OWNER='flex-eau' AIRFLOW_CTX_DAG_ID='flex_eau_pipeline' AIRFLOW_CTX_TASK_ID='dim_geo' AIRFLOW_CTX_EXECUTION_DATE='2026-07-24T00:00:00+00:00' AIRFLOW_CTX_TRY_NUMBER='2' AIRFLOW_CTX_DAG_RUN_ID='scheduled__2026-07-24T00:00:00+00:00'
[2026-07-25T18:15:34.194+0000] {taskinstance.py:731} INFO - ::endgroup::
[2026-07-25T18:15:34.234+0000] {subprocess.py:63} INFO - Tmp dir root location: /tmp
[2026-07-25T18:15:34.235+0000] {subprocess.py:75} INFO - Running command: ['/usr/bin/bash', '-c', 'python spark_jobs/dimensions/dim_geo.py']
[2026-07-25T18:15:34.262+0000] {subprocess.py:86} INFO - Output:
[2026-07-25T18:15:47.507+0000] {subprocess.py:93} INFO - 26/07/25 18:15:47 WARN NativeCodeLoader: Unable to load native-hadoop library for your platform... using builtin-java classes where applicable
[2026-07-25T18:15:48.736+0000] {subprocess.py:93} INFO - 26/07/25 18:15:48 WARN DependencyUtils: Local jar /opt/jars/postgresql-42.7.8.jar does not exist, skipping.
[2026-07-25T18:15:49.424+0000] {subprocess.py:93} INFO - 26/07/25 18:15:49 INFO SparkContext: Running Spark version 3.5.1
[2026-07-25T18:15:49.426+0000] {subprocess.py:93} INFO - 26/07/25 18:15:49 INFO SparkContext: OS info Linux, 6.6.87.2-microsoft-standard-WSL2, amd64
[2026-07-25T18:15:49.427+0000] {subprocess.py:93} INFO - 26/07/25 18:15:49 INFO SparkContext: Java version 17.0.19
[2026-07-25T18:15:49.656+0000] {subprocess.py:93} INFO - 26/07/25 18:15:49 INFO ResourceUtils: ==============================================================
[2026-07-25T18:15:49.662+0000] {subprocess.py:93} INFO - 26/07/25 18:15:49 INFO ResourceUtils: No custom resources configured for spark.driver.
[2026-07-25T18:15:49.672+0000] {subprocess.py:93} INFO - 26/07/25 18:15:49 INFO ResourceUtils: ==============================================================
[2026-07-25T18:15:49.682+0000] {subprocess.py:93} INFO - 26/07/25 18:15:49 INFO SparkContext: Submitted application: DIM_GEOGRAPHIE
[2026-07-25T18:15:49.824+0000] {subprocess.py:93} INFO - 26/07/25 18:15:49 INFO ResourceProfile: Default ResourceProfile created, executor resources: Map(memory -> name: memory, amount: 1024, script: , vendor: , offHeap -> name: offHeap, amount: 0, script: , vendor: ), task resources: Map(cpus -> name: cpus, amount: 1.0)
[2026-07-25T18:15:49.894+0000] {subprocess.py:93} INFO - 26/07/25 18:15:49 INFO ResourceProfile: Limiting resource is cpu
[2026-07-25T18:15:49.897+0000] {subprocess.py:93} INFO - 26/07/25 18:15:49 INFO ResourceProfileManager: Added ResourceProfile id: 0
[2026-07-25T18:15:50.473+0000] {subprocess.py:93} INFO - 26/07/25 18:15:50 INFO SecurityManager: Changing view acls to: ***
[2026-07-25T18:15:50.477+0000] {subprocess.py:93} INFO - 26/07/25 18:15:50 INFO SecurityManager: Changing modify acls to: ***
[2026-07-25T18:15:50.483+0000] {subprocess.py:93} INFO - 26/07/25 18:15:50 INFO SecurityManager: Changing view acls groups to:
[2026-07-25T18:15:50.511+0000] {subprocess.py:93} INFO - 26/07/25 18:15:50 INFO SecurityManager: Changing modify acls groups to:
[2026-07-25T18:15:50.528+0000] {subprocess.py:93} INFO - 26/07/25 18:15:50 INFO SecurityManager: SecurityManager: authentication disabled; ui acls disabled; users with view permissions: ***; groups with view permissions: EMPTY; users with modify permissions: ***; groups with modify permissions: EMPTY
[2026-07-25T18:15:52.035+0000] {subprocess.py:93} INFO - 26/07/25 18:15:52 INFO Utils: Successfully started service 'sparkDriver' on port 37049.
[2026-07-25T18:15:52.228+0000] {subprocess.py:93} INFO - 26/07/25 18:15:52 INFO SparkEnv: Registering MapOutputTracker
[2026-07-25T18:15:52.510+0000] {subprocess.py:93} INFO - 26/07/25 18:15:52 INFO SparkEnv: Registering BlockManagerMaster
[2026-07-25T18:15:52.774+0000] {subprocess.py:93} INFO - 26/07/25 18:15:52 INFO BlockManagerMasterEndpoint: Using org.apache.spark.storage.DefaultTopologyMapper for getting topology information
[2026-07-25T18:15:52.784+0000] {subprocess.py:93} INFO - 26/07/25 18:15:52 INFO BlockManagerMasterEndpoint: BlockManagerMasterEndpoint up
[2026-07-25T18:15:52.849+0000] {subprocess.py:93} INFO - 26/07/25 18:15:52 INFO SparkEnv: Registering BlockManagerMasterHeartbeat
[2026-07-25T18:15:53.131+0000] {subprocess.py:93} INFO - 26/07/25 18:15:53 INFO DiskBlockManager: Created local directory at /tmp/blockmgr-0ece8c98-93f1-490f-a0f1-2885396eeac1
[2026-07-25T18:15:53.319+0000] {subprocess.py:93} INFO - 26/07/25 18:15:53 INFO MemoryStore: MemoryStore started with capacity 434.4 MiB
[2026-07-25T18:15:53.465+0000] {subprocess.py:93} INFO - 26/07/25 18:15:53 INFO SparkEnv: Registering OutputCommitCoordinator
[2026-07-25T18:15:54.430+0000] {subprocess.py:93} INFO - 26/07/25 18:15:54 INFO JettyUtils: Start Jetty 0.0.0.0:4040 for SparkUI
[2026-07-25T18:15:54.786+0000] {subprocess.py:93} INFO - 26/07/25 18:15:54 WARN Utils: Service 'SparkUI' could not bind on port 4040. Attempting port 4041.
[2026-07-25T18:15:54.789+0000] {subprocess.py:93} INFO - 26/07/25 18:15:54 WARN Utils: Service 'SparkUI' could not bind on port 4041. Attempting port 4042.
[2026-07-25T18:15:54.792+0000] {subprocess.py:93} INFO - 26/07/25 18:15:54 WARN Utils: Service 'SparkUI' could not bind on port 4042. Attempting port 4043.
[2026-07-25T18:15:54.793+0000] {subprocess.py:93} INFO - 26/07/25 18:15:54 WARN Utils: Service 'SparkUI' could not bind on port 4043. Attempting port 4044.
[2026-07-25T18:15:54.893+0000] {subprocess.py:93} INFO - 26/07/25 18:15:54 INFO Utils: Successfully started service 'SparkUI' on port 4044.
[2026-07-25T18:15:55.248+0000] {subprocess.py:93} INFO - 26/07/25 18:15:55 ERROR SparkContext: Failed to add /opt/jars/postgresql-42.7.8.jar to Spark environment
[2026-07-25T18:15:55.325+0000] {subprocess.py:93} INFO - java.io.FileNotFoundException: Jar /opt/jars/postgresql-42.7.8.jar not found
[2026-07-25T18:15:55.337+0000] {subprocess.py:93} INFO - 	at org.apache.spark.SparkContext.addLocalJarFile$1(SparkContext.scala:2100)
[2026-07-25T18:15:55.343+0000] {subprocess.py:93} INFO - 	at org.apache.spark.SparkContext.addJar(SparkContext.scala:2156)
[2026-07-25T18:15:55.349+0000] {subprocess.py:93} INFO - 	at org.apache.spark.SparkContext.$anonfun$new$15(SparkContext.scala:526)
[2026-07-25T18:15:55.361+0000] {subprocess.py:93} INFO - 	at org.apache.spark.SparkContext.$anonfun$new$15$adapted(SparkContext.scala:526)
[2026-07-25T18:15:55.374+0000] {subprocess.py:93} INFO - 	at scala.collection.mutable.ResizableArray.foreach(ResizableArray.scala:62)
[2026-07-25T18:15:55.401+0000] {subprocess.py:93} INFO - 	at scala.collection.mutable.ResizableArray.foreach$(ResizableArray.scala:55)
[2026-07-25T18:15:55.406+0000] {subprocess.py:93} INFO - 	at scala.collection.mutable.ArrayBuffer.foreach(ArrayBuffer.scala:49)
[2026-07-25T18:15:55.413+0000] {subprocess.py:93} INFO - 	at org.apache.spark.SparkContext.<init>(SparkContext.scala:526)
[2026-07-25T18:15:55.415+0000] {subprocess.py:93} INFO - 	at org.apache.spark.api.java.JavaSparkContext.<init>(JavaSparkContext.scala:58)
[2026-07-25T18:15:55.418+0000] {subprocess.py:93} INFO - 	at java.base/jdk.internal.reflect.NativeConstructorAccessorImpl.newInstance0(Native Method)
[2026-07-25T18:15:55.430+0000] {subprocess.py:93} INFO - 	at java.base/jdk.internal.reflect.NativeConstructorAccessorImpl.newInstance(NativeConstructorAccessorImpl.java:77)
[2026-07-25T18:15:55.433+0000] {subprocess.py:93} INFO - 	at java.base/jdk.internal.reflect.DelegatingConstructorAccessorImpl.newInstance(DelegatingConstructorAccessorImpl.java:45)
[2026-07-25T18:15:55.434+0000] {subprocess.py:93} INFO - 	at java.base/java.lang.reflect.Constructor.newInstanceWithCaller(Constructor.java:500)
[2026-07-25T18:15:55.464+0000] {subprocess.py:93} INFO - 	at java.base/java.lang.reflect.Constructor.newInstance(Constructor.java:481)
[2026-07-25T18:15:55.467+0000] {subprocess.py:93} INFO - 	at py4j.reflection.MethodInvoker.invoke(MethodInvoker.java:247)
[2026-07-25T18:15:55.475+0000] {subprocess.py:93} INFO - 	at py4j.reflection.ReflectionEngine.invoke(ReflectionEngine.java:374)
[2026-07-25T18:15:55.476+0000] {subprocess.py:93} INFO - 	at py4j.Gateway.invoke(Gateway.java:238)
[2026-07-25T18:15:55.476+0000] {subprocess.py:93} INFO - 	at py4j.commands.ConstructorCommand.invokeConstructor(ConstructorCommand.java:80)
[2026-07-25T18:15:55.477+0000] {subprocess.py:93} INFO - 	at py4j.commands.ConstructorCommand.execute(ConstructorCommand.java:69)
[2026-07-25T18:15:55.478+0000] {subprocess.py:93} INFO - 	at py4j.ClientServerConnection.waitForCommands(ClientServerConnection.java:182)
[2026-07-25T18:15:55.479+0000] {subprocess.py:93} INFO - 	at py4j.ClientServerConnection.run(ClientServerConnection.java:106)
[2026-07-25T18:15:55.480+0000] {subprocess.py:93} INFO - 	at java.base/java.lang.Thread.run(Thread.java:840)
[2026-07-25T18:15:55.933+0000] {subprocess.py:93} INFO - 26/07/25 18:15:55 INFO StandaloneAppClient$ClientEndpoint: Connecting to master spark://spark-master:7077...
[2026-07-25T18:15:56.286+0000] {subprocess.py:93} INFO - 26/07/25 18:15:56 INFO TransportClientFactory: Successfully created connection to spark-master/172.22.0.5:7077 after 198 ms (0 ms spent in bootstraps)
[2026-07-25T18:15:56.957+0000] {subprocess.py:93} INFO - 26/07/25 18:15:56 INFO StandaloneSchedulerBackend: Connected to Spark cluster with app ID app-20260725181556-0010
[2026-07-25T18:15:57.047+0000] {subprocess.py:93} INFO - 26/07/25 18:15:57 INFO Utils: Successfully started service 'org.apache.spark.network.netty.NettyBlockTransferService' on port 37923.
[2026-07-25T18:15:57.048+0000] {subprocess.py:93} INFO - 26/07/25 18:15:57 INFO NettyBlockTransferService: Server created on 30d391bb7be2:37923
[2026-07-25T18:15:57.057+0000] {subprocess.py:93} INFO - 26/07/25 18:15:57 INFO BlockManager: Using org.apache.spark.storage.RandomBlockReplicationPolicy for block replication policy
[2026-07-25T18:15:57.116+0000] {subprocess.py:93} INFO - 26/07/25 18:15:57 INFO BlockManagerMaster: Registering BlockManager BlockManagerId(driver, 30d391bb7be2, 37923, None)
[2026-07-25T18:15:57.145+0000] {subprocess.py:93} INFO - 26/07/25 18:15:57 INFO BlockManagerMasterEndpoint: Registering block manager 30d391bb7be2:37923 with 434.4 MiB RAM, BlockManagerId(driver, 30d391bb7be2, 37923, None)
[2026-07-25T18:15:57.188+0000] {subprocess.py:93} INFO - 26/07/25 18:15:57 INFO BlockManagerMaster: Registered BlockManager BlockManagerId(driver, 30d391bb7be2, 37923, None)
[2026-07-25T18:15:57.190+0000] {subprocess.py:93} INFO - 26/07/25 18:15:57 INFO BlockManager: Initialized BlockManager: BlockManagerId(driver, 30d391bb7be2, 37923, None)
[2026-07-25T18:15:58.760+0000] {subprocess.py:93} INFO - 26/07/25 18:15:58 INFO StandaloneSchedulerBackend: SchedulerBackend is ready for scheduling beginning after reached minRegisteredResourcesRatio: 0.0
[2026-07-25T18:16:01.978+0000] {subprocess.py:93} INFO - 26/07/25 18:16:01 INFO SharedState: Setting hive.metastore.warehouse.dir ('null') to the value of spark.sql.warehouse.dir.
[2026-07-25T18:16:01.995+0000] {subprocess.py:93} INFO - 26/07/25 18:16:01 INFO SharedState: Warehouse path is 'file:/opt/project/spark-warehouse'.
[2026-07-25T18:16:06.444+0000] {subprocess.py:93} INFO - Traceback (most recent call last):
[2026-07-25T18:16:06.445+0000] {subprocess.py:93} INFO -   File "/opt/project/spark_jobs/dimensions/dim_geo.py", line 28, in <module>
[2026-07-25T18:16:06.452+0000] {subprocess.py:93} INFO -     regions = spark.read.jdbc(
[2026-07-25T18:16:06.453+0000] {subprocess.py:93} INFO -               ^^^^^^^^^^^^^^^^
[2026-07-25T18:16:06.454+0000] {subprocess.py:93} INFO -   File "/home/***/.local/lib/python3.12/site-packages/pyspark/sql/readwriter.py", line 946, in jdbc
[2026-07-25T18:16:06.457+0000] {subprocess.py:93} INFO -     return self._df(self._jreader.jdbc(url, table, jprop))
[2026-07-25T18:16:06.458+0000] {subprocess.py:93} INFO -                     ^^^^^^^^^^^^^^^^^^^^^^^^^^^^^^^^^^^^^
[2026-07-25T18:16:06.459+0000] {subprocess.py:93} INFO -   File "/home/***/.local/lib/python3.12/site-packages/py4j/java_gateway.py", line 1322, in __call__
[2026-07-25T18:16:06.461+0000] {subprocess.py:93} INFO -     return_value = get_return_value(
[2026-07-25T18:16:06.462+0000] {subprocess.py:93} INFO -                    ^^^^^^^^^^^^^^^^^
[2026-07-25T18:16:06.463+0000] {subprocess.py:93} INFO -   File "/home/***/.local/lib/python3.12/site-packages/pyspark/errors/exceptions/captured.py", line 179, in deco
[2026-07-25T18:16:06.464+0000] {subprocess.py:93} INFO -     return f(*a, **kw)
[2026-07-25T18:16:06.465+0000] {subprocess.py:93} INFO -            ^^^^^^^^^^^
[2026-07-25T18:16:06.466+0000] {subprocess.py:93} INFO -   File "/home/***/.local/lib/python3.12/site-packages/py4j/protocol.py", line 326, in get_return_value
[2026-07-25T18:16:06.471+0000] {subprocess.py:93} INFO -     raise Py4JJavaError(
[2026-07-25T18:16:06.477+0000] {subprocess.py:93} INFO - py4j.protocol.Py4JJavaError: An error occurred while calling o29.jdbc.
[2026-07-25T18:16:06.480+0000] {subprocess.py:93} INFO - : java.lang.ClassNotFoundException: org.postgresql.Driver
[2026-07-25T18:16:06.488+0000] {subprocess.py:93} INFO - 	at java.base/java.net.URLClassLoader.findClass(URLClassLoader.java:445)
[2026-07-25T18:16:06.489+0000] {subprocess.py:93} INFO - 	at java.base/java.lang.ClassLoader.loadClass(ClassLoader.java:592)
[2026-07-25T18:16:06.491+0000] {subprocess.py:93} INFO - 	at java.base/java.lang.ClassLoader.loadClass(ClassLoader.java:525)
[2026-07-25T18:16:06.497+0000] {subprocess.py:93} INFO - 	at org.apache.spark.sql.execution.datasources.jdbc.DriverRegistry$.register(DriverRegistry.scala:46)
[2026-07-25T18:16:06.508+0000] {subprocess.py:93} INFO - 	at org.apache.spark.sql.execution.datasources.jdbc.JDBCOptions.$anonfun$driverClass$1(JDBCOptions.scala:103)
[2026-07-25T18:16:06.509+0000] {subprocess.py:93} INFO - 	at org.apache.spark.sql.execution.datasources.jdbc.JDBCOptions.$anonfun$driverClass$1$adapted(JDBCOptions.scala:103)
[2026-07-25T18:16:06.510+0000] {subprocess.py:93} INFO - 	at scala.Option.foreach(Option.scala:407)
[2026-07-25T18:16:06.511+0000] {subprocess.py:93} INFO - 	at org.apache.spark.sql.execution.datasources.jdbc.JDBCOptions.<init>(JDBCOptions.scala:103)
[2026-07-25T18:16:06.518+0000] {subprocess.py:93} INFO - 	at org.apache.spark.sql.execution.datasources.jdbc.JDBCOptions.<init>(JDBCOptions.scala:41)
[2026-07-25T18:16:06.523+0000] {subprocess.py:93} INFO - 	at org.apache.spark.sql.execution.datasources.jdbc.JdbcRelationProvider.createRelation(JdbcRelationProvider.scala:34)
[2026-07-25T18:16:06.524+0000] {subprocess.py:93} INFO - 	at org.apache.spark.sql.execution.datasources.DataSource.resolveRelation(DataSource.scala:346)
[2026-07-25T18:16:06.531+0000] {subprocess.py:93} INFO - 	at org.apache.spark.sql.DataFrameReader.loadV1Source(DataFrameReader.scala:229)
[2026-07-25T18:16:06.533+0000] {subprocess.py:93} INFO - 	at org.apache.spark.sql.DataFrameReader.$anonfun$load$2(DataFrameReader.scala:211)
[2026-07-25T18:16:06.539+0000] {subprocess.py:93} INFO - 	at scala.Option.getOrElse(Option.scala:189)
[2026-07-25T18:16:06.547+0000] {subprocess.py:93} INFO - 	at org.apache.spark.sql.DataFrameReader.load(DataFrameReader.scala:211)
[2026-07-25T18:16:06.549+0000] {subprocess.py:93} INFO - 	at org.apache.spark.sql.DataFrameReader.load(DataFrameReader.scala:172)
[2026-07-25T18:16:06.550+0000] {subprocess.py:93} INFO - 	at org.apache.spark.sql.DataFrameReader.jdbc(DataFrameReader.scala:249)
[2026-07-25T18:16:06.564+0000] {subprocess.py:93} INFO - 	at java.base/jdk.internal.reflect.NativeMethodAccessorImpl.invoke0(Native Method)
[2026-07-25T18:16:06.574+0000] {subprocess.py:93} INFO - 	at java.base/jdk.internal.reflect.NativeMethodAccessorImpl.invoke(NativeMethodAccessorImpl.java:77)
[2026-07-25T18:16:06.583+0000] {subprocess.py:93} INFO - 	at java.base/jdk.internal.reflect.DelegatingMethodAccessorImpl.invoke(DelegatingMethodAccessorImpl.java:43)
[2026-07-25T18:16:06.586+0000] {subprocess.py:93} INFO - 	at java.base/java.lang.reflect.Method.invoke(Method.java:569)
[2026-07-25T18:16:06.589+0000] {subprocess.py:93} INFO - 	at py4j.reflection.MethodInvoker.invoke(MethodInvoker.java:244)
[2026-07-25T18:16:06.599+0000] {subprocess.py:93} INFO - 	at py4j.reflection.ReflectionEngine.invoke(ReflectionEngine.java:374)
[2026-07-25T18:16:06.600+0000] {subprocess.py:93} INFO - 	at py4j.Gateway.invoke(Gateway.java:282)
[2026-07-25T18:16:06.602+0000] {subprocess.py:93} INFO - 	at py4j.commands.AbstractCommand.invokeMethod(AbstractCommand.java:132)
[2026-07-25T18:16:06.604+0000] {subprocess.py:93} INFO - 	at py4j.commands.CallCommand.execute(CallCommand.java:79)
[2026-07-25T18:16:06.604+0000] {subprocess.py:93} INFO - 	at py4j.ClientServerConnection.waitForCommands(ClientServerConnection.java:182)
[2026-07-25T18:16:06.605+0000] {subprocess.py:93} INFO - 	at py4j.ClientServerConnection.run(ClientServerConnection.java:106)
[2026-07-25T18:16:06.612+0000] {subprocess.py:93} INFO - 	at java.base/java.lang.Thread.run(Thread.java:840)
[2026-07-25T18:16:06.613+0000] {subprocess.py:93} INFO - 
[2026-07-25T18:16:06.786+0000] {subprocess.py:93} INFO - 26/07/25 18:16:06 INFO SparkContext: Invoking stop() from shutdown hook
[2026-07-25T18:16:06.788+0000] {subprocess.py:93} INFO - 26/07/25 18:16:06 INFO SparkContext: SparkContext is stopping with exitCode 0.
[2026-07-25T18:16:06.914+0000] {subprocess.py:93} INFO - 26/07/25 18:16:06 INFO SparkUI: Stopped Spark web UI at http://30d391bb7be2:4044
[2026-07-25T18:16:06.933+0000] {subprocess.py:93} INFO - 26/07/25 18:16:06 INFO StandaloneSchedulerBackend: Shutting down all executors
[2026-07-25T18:16:06.954+0000] {subprocess.py:93} INFO - 26/07/25 18:16:06 INFO StandaloneSchedulerBackend$StandaloneDriverEndpoint: Asking each executor to shut down
[2026-07-25T18:16:06.955+0000] {subprocess.py:93} INFO - 26/07/25 18:16:06 INFO StandaloneAppClient$ClientEndpoint: Executor added: app-20260725181556-0010/0 on worker-20260725174002-172.22.0.3-38317 (172.22.0.3:38317) with 8 core(s)
[2026-07-25T18:16:06.956+0000] {subprocess.py:93} INFO - 26/07/25 18:16:06 INFO StandaloneSchedulerBackend: Granted executor ID app-20260725181556-0010/0 on hostPort 172.22.0.3:38317 with 8 core(s), 1024.0 MiB RAM
[2026-07-25T18:16:07.054+0000] {subprocess.py:93} INFO - 26/07/25 18:16:07 INFO MapOutputTrackerMasterEndpoint: MapOutputTrackerMasterEndpoint stopped!
[2026-07-25T18:16:07.213+0000] {subprocess.py:93} INFO - 26/07/25 18:16:07 INFO MemoryStore: MemoryStore cleared
[2026-07-25T18:16:07.219+0000] {subprocess.py:93} INFO - 26/07/25 18:16:07 INFO BlockManager: BlockManager stopped
[2026-07-25T18:16:07.267+0000] {subprocess.py:93} INFO - 26/07/25 18:16:07 INFO BlockManagerMaster: BlockManagerMaster stopped
[2026-07-25T18:16:07.270+0000] {subprocess.py:93} INFO - 26/07/25 18:16:07 INFO OutputCommitCoordinator$OutputCommitCoordinatorEndpoint: OutputCommitCoordinator stopped!
[2026-07-25T18:16:07.379+0000] {subprocess.py:93} INFO - 26/07/25 18:16:07 INFO SparkContext: Successfully stopped SparkContext
[2026-07-25T18:16:07.383+0000] {subprocess.py:93} INFO - 26/07/25 18:16:07 INFO ShutdownHookManager: Shutdown hook called
[2026-07-25T18:16:07.387+0000] {subprocess.py:93} INFO - 26/07/25 18:16:07 INFO ShutdownHookManager: Deleting directory /tmp/spark-e7e17a27-b848-426e-b03c-399a5d4fe39b/pyspark-22962116-3d59-403c-ae9a-7d808acee1ad
[2026-07-25T18:16:07.402+0000] {subprocess.py:93} INFO - 26/07/25 18:16:07 INFO ShutdownHookManager: Deleting directory /tmp/spark-338a0b6a-7264-4841-96f0-99f49d2fd85d
[2026-07-25T18:16:07.440+0000] {subprocess.py:93} INFO - 26/07/25 18:16:07 INFO ShutdownHookManager: Deleting directory /tmp/spark-e7e17a27-b848-426e-b03c-399a5d4fe39b
[2026-07-25T18:16:08.070+0000] {subprocess.py:97} INFO - Command exited with return code 1
[2026-07-25T18:16:08.121+0000] {taskinstance.py:3301} ERROR - Task failed with exception
Traceback (most recent call last):
  File "/home/airflow/.local/lib/python3.12/site-packages/airflow/models/taskinstance.py", line 767, in _execute_task
    result = _execute_callable(context=context, **execute_callable_kwargs)
             ^^^^^^^^^^^^^^^^^^^^^^^^^^^^^^^^^^^^^^^^^^^^^^^^^^^^^^^^^^^^^
  File "/home/airflow/.local/lib/python3.12/site-packages/airflow/models/taskinstance.py", line 733, in _execute_callable
    return ExecutionCallableRunner(
           ^^^^^^^^^^^^^^^^^^^^^^^^
  File "/home/airflow/.local/lib/python3.12/site-packages/airflow/utils/operator_helpers.py", line 252, in run
    return self.func(*args, **kwargs)
           ^^^^^^^^^^^^^^^^^^^^^^^^^^
  File "/home/airflow/.local/lib/python3.12/site-packages/airflow/models/baseoperator.py", line 406, in wrapper
    return func(self, *args, **kwargs)
           ^^^^^^^^^^^^^^^^^^^^^^^^^^^
  File "/home/airflow/.local/lib/python3.12/site-packages/airflow/operators/bash.py", line 249, in execute
    raise AirflowException(
airflow.exceptions.AirflowException: Bash command failed. The command returned a non-zero exit code 1.
[2026-07-25T18:16:08.137+0000] {taskinstance.py:1225} INFO - Marking task as FAILED. dag_id=flex_eau_pipeline, task_id=dim_geo, run_id=scheduled__2026-07-24T00:00:00+00:00, execution_date=20260724T000000, start_date=20260725T181533, end_date=20260725T181608
[2026-07-25T18:16:08.193+0000] {taskinstance.py:340} INFO - ::group::Post task execution logs
[2026-07-25T18:16:08.196+0000] {standard_task_runner.py:124} ERROR - Failed to execute job 12 for task dim_geo (Bash command failed. The command returned a non-zero exit code 1.; 1999)
Traceback (most recent call last):
  File "/home/airflow/.local/lib/python3.12/site-packages/airflow/task/task_runner/standard_task_runner.py", line 117, in _start_by_fork
    ret = args.func(args, dag=self.dag)
          ^^^^^^^^^^^^^^^^^^^^^^^^^^^^^
  File "/home/airflow/.local/lib/python3.12/site-packages/airflow/cli/cli_config.py", line 49, in command
    return func(*args, **kwargs)
           ^^^^^^^^^^^^^^^^^^^^^
  File "/home/airflow/.local/lib/python3.12/site-packages/airflow/utils/cli.py", line 115, in wrapper
    return f(*args, **kwargs)
           ^^^^^^^^^^^^^^^^^^
  File "/home/airflow/.local/lib/python3.12/site-packages/airflow/cli/commands/task_command.py", line 483, in task_run
    task_return_code = _run_task_by_selected_method(args, _dag, ti)
                       ^^^^^^^^^^^^^^^^^^^^^^^^^^^^^^^^^^^^^^^^^^^^
  File "/home/airflow/.local/lib/python3.12/site-packages/airflow/cli/commands/task_command.py", line 256, in _run_task_by_selected_method
    return _run_raw_task(args, ti)
           ^^^^^^^^^^^^^^^^^^^^^^^
  File "/home/airflow/.local/lib/python3.12/site-packages/airflow/cli/commands/task_command.py", line 341, in _run_raw_task
    return ti._run_raw_task(
           ^^^^^^^^^^^^^^^^^
  File "/home/airflow/.local/lib/python3.12/site-packages/airflow/utils/session.py", line 97, in wrapper
    return func(*args, session=session, **kwargs)
           ^^^^^^^^^^^^^^^^^^^^^^^^^^^^^^^^^^^^^^
  File "/home/airflow/.local/lib/python3.12/site-packages/airflow/models/taskinstance.py", line 2995, in _run_raw_task
    return _run_raw_task(
           ^^^^^^^^^^^^^^
  File "/home/airflow/.local/lib/python3.12/site-packages/airflow/models/taskinstance.py", line 273, in _run_raw_task
    TaskInstance._execute_task_with_callbacks(
  File "/home/airflow/.local/lib/python3.12/site-packages/airflow/models/taskinstance.py", line 3149, in _execute_task_with_callbacks
    result = self._execute_task(context, task_orig)
             ^^^^^^^^^^^^^^^^^^^^^^^^^^^^^^^^^^^^^^
  File "/home/airflow/.local/lib/python3.12/site-packages/airflow/models/taskinstance.py", line 3173, in _execute_task
    return _execute_task(self, context, task_orig)
           ^^^^^^^^^^^^^^^^^^^^^^^^^^^^^^^^^^^^^^^
  File "/home/airflow/.local/lib/python3.12/site-packages/airflow/models/taskinstance.py", line 767, in _execute_task
    result = _execute_callable(context=context, **execute_callable_kwargs)
             ^^^^^^^^^^^^^^^^^^^^^^^^^^^^^^^^^^^^^^^^^^^^^^^^^^^^^^^^^^^^^
  File "/home/airflow/.local/lib/python3.12/site-packages/airflow/models/taskinstance.py", line 733, in _execute_callable
    return ExecutionCallableRunner(
           ^^^^^^^^^^^^^^^^^^^^^^^^
  File "/home/airflow/.local/lib/python3.12/site-packages/airflow/utils/operator_helpers.py", line 252, in run
    return self.func(*args, **kwargs)
           ^^^^^^^^^^^^^^^^^^^^^^^^^^
  File "/home/airflow/.local/lib/python3.12/site-packages/airflow/models/baseoperator.py", line 406, in wrapper
    return func(self, *args, **kwargs)
           ^^^^^^^^^^^^^^^^^^^^^^^^^^^
  File "/home/airflow/.local/lib/python3.12/site-packages/airflow/operators/bash.py", line 249, in execute
    raise AirflowException(
airflow.exceptions.AirflowException: Bash command failed. The command returned a non-zero exit code 1.
[2026-07-25T18:16:08.241+0000] {local_task_job_runner.py:261} INFO - Task exited with return code 1
[2026-07-25T18:16:08.326+0000] {taskinstance.py:3891} INFO - 0 downstream tasks scheduled from follow-on schedule check
[2026-07-25T18:16:08.330+0000] {local_task_job_runner.py:240} INFO - ::endgroup::
[2026-07-25T19:55:55.631+0000] {local_task_job_runner.py:123} INFO - ::group::Pre task execution logs
[2026-07-25T19:55:55.703+0000] {taskinstance.py:2603} INFO - Dependencies all met for dep_context=non-requeueable deps ti=<TaskInstance: flex_eau_pipeline.dim_geo scheduled__2026-07-24T00:00:00+00:00 [queued]>
[2026-07-25T19:55:55.728+0000] {taskinstance.py:2603} INFO - Dependencies all met for dep_context=requeueable deps ti=<TaskInstance: flex_eau_pipeline.dim_geo scheduled__2026-07-24T00:00:00+00:00 [queued]>
[2026-07-25T19:55:55.730+0000] {taskinstance.py:2856} INFO - Starting attempt 2 of 2
[2026-07-25T19:55:55.771+0000] {taskinstance.py:2879} INFO - Executing <Task(BashOperator): dim_geo> on 2026-07-24 00:00:00+00:00
[2026-07-25T19:55:55.781+0000] {standard_task_runner.py:72} INFO - Started process 1665 to run task
[2026-07-25T19:55:55.795+0000] {standard_task_runner.py:104} INFO - Running: ['***', 'tasks', 'run', 'flex_eau_pipeline', 'dim_geo', 'scheduled__2026-07-24T00:00:00+00:00', '--job-id', '12', '--raw', '--subdir', 'DAGS_FOLDER/flex_eau_pipeline.py', '--cfg-path', '/tmp/tmp2csvi6q6']
[2026-07-25T19:55:55.806+0000] {standard_task_runner.py:105} INFO - Job 12: Subtask dim_geo
[2026-07-25T19:55:56.028+0000] {task_command.py:467} INFO - Running <TaskInstance: flex_eau_pipeline.dim_geo scheduled__2026-07-24T00:00:00+00:00 [running]> on host 8e34fafe5529
[2026-07-25T19:55:56.348+0000] {taskinstance.py:3122} INFO - Exporting env vars: AIRFLOW_CTX_DAG_OWNER='flex-eau' AIRFLOW_CTX_DAG_ID='flex_eau_pipeline' AIRFLOW_CTX_TASK_ID='dim_geo' AIRFLOW_CTX_EXECUTION_DATE='2026-07-24T00:00:00+00:00' AIRFLOW_CTX_TRY_NUMBER='2' AIRFLOW_CTX_DAG_RUN_ID='scheduled__2026-07-24T00:00:00+00:00'
[2026-07-25T19:55:56.356+0000] {taskinstance.py:731} INFO - ::endgroup::
[2026-07-25T19:55:56.446+0000] {subprocess.py:63} INFO - Tmp dir root location: /tmp
[2026-07-25T19:55:56.447+0000] {subprocess.py:75} INFO - Running command: ['/usr/bin/bash', '-c', 'python spark_jobs/dimensions/dim_geo.py']
[2026-07-25T19:55:56.499+0000] {subprocess.py:86} INFO - Output:
[2026-07-25T19:56:08.457+0000] {subprocess.py:93} INFO - 26/07/25 19:56:08 WARN NativeCodeLoader: Unable to load native-hadoop library for your platform... using builtin-java classes where applicable
[2026-07-25T19:56:09.965+0000] {subprocess.py:93} INFO - 26/07/25 19:56:09 WARN DependencyUtils: Local jar /opt/jars/postgresql-42.7.8.jar does not exist, skipping.
[2026-07-25T19:56:10.715+0000] {subprocess.py:93} INFO - 26/07/25 19:56:10 INFO SparkContext: Running Spark version 3.5.1
[2026-07-25T19:56:10.727+0000] {subprocess.py:93} INFO - 26/07/25 19:56:10 INFO SparkContext: OS info Linux, 6.6.87.2-microsoft-standard-WSL2, amd64
[2026-07-25T19:56:10.728+0000] {subprocess.py:93} INFO - 26/07/25 19:56:10 INFO SparkContext: Java version 17.0.19
[2026-07-25T19:56:10.983+0000] {subprocess.py:93} INFO - 26/07/25 19:56:10 INFO ResourceUtils: ==============================================================
[2026-07-25T19:56:10.985+0000] {subprocess.py:93} INFO - 26/07/25 19:56:10 INFO ResourceUtils: No custom resources configured for spark.driver.
[2026-07-25T19:56:10.999+0000] {subprocess.py:93} INFO - 26/07/25 19:56:10 INFO ResourceUtils: ==============================================================
[2026-07-25T19:56:11.000+0000] {subprocess.py:93} INFO - 26/07/25 19:56:10 INFO SparkContext: Submitted application: DIM_GEOGRAPHIE
[2026-07-25T19:56:11.231+0000] {subprocess.py:93} INFO - 26/07/25 19:56:11 INFO ResourceProfile: Default ResourceProfile created, executor resources: Map(memory -> name: memory, amount: 1024, script: , vendor: , offHeap -> name: offHeap, amount: 0, script: , vendor: ), task resources: Map(cpus -> name: cpus, amount: 1.0)
[2026-07-25T19:56:11.299+0000] {subprocess.py:93} INFO - 26/07/25 19:56:11 INFO ResourceProfile: Limiting resource is cpu
[2026-07-25T19:56:11.301+0000] {subprocess.py:93} INFO - 26/07/25 19:56:11 INFO ResourceProfileManager: Added ResourceProfile id: 0
[2026-07-25T19:56:11.563+0000] {subprocess.py:93} INFO - 26/07/25 19:56:11 INFO SecurityManager: Changing view acls to: ***
[2026-07-25T19:56:11.564+0000] {subprocess.py:93} INFO - 26/07/25 19:56:11 INFO SecurityManager: Changing modify acls to: ***
[2026-07-25T19:56:11.565+0000] {subprocess.py:93} INFO - 26/07/25 19:56:11 INFO SecurityManager: Changing view acls groups to:
[2026-07-25T19:56:11.575+0000] {subprocess.py:93} INFO - 26/07/25 19:56:11 INFO SecurityManager: Changing modify acls groups to:
[2026-07-25T19:56:11.576+0000] {subprocess.py:93} INFO - 26/07/25 19:56:11 INFO SecurityManager: SecurityManager: authentication disabled; ui acls disabled; users with view permissions: ***; groups with view permissions: EMPTY; users with modify permissions: ***; groups with modify permissions: EMPTY
[2026-07-25T19:56:13.220+0000] {subprocess.py:93} INFO - 26/07/25 19:56:13 INFO Utils: Successfully started service 'sparkDriver' on port 38143.
[2026-07-25T19:56:13.465+0000] {subprocess.py:93} INFO - 26/07/25 19:56:13 INFO SparkEnv: Registering MapOutputTracker
[2026-07-25T19:56:13.671+0000] {subprocess.py:93} INFO - 26/07/25 19:56:13 INFO SparkEnv: Registering BlockManagerMaster
[2026-07-25T19:56:13.747+0000] {subprocess.py:93} INFO - 26/07/25 19:56:13 INFO BlockManagerMasterEndpoint: Using org.apache.spark.storage.DefaultTopologyMapper for getting topology information
[2026-07-25T19:56:13.750+0000] {subprocess.py:93} INFO - 26/07/25 19:56:13 INFO BlockManagerMasterEndpoint: BlockManagerMasterEndpoint up
[2026-07-25T19:56:13.773+0000] {subprocess.py:93} INFO - 26/07/25 19:56:13 INFO SparkEnv: Registering BlockManagerMasterHeartbeat
[2026-07-25T19:56:13.881+0000] {subprocess.py:93} INFO - 26/07/25 19:56:13 INFO DiskBlockManager: Created local directory at /tmp/blockmgr-3088ca72-3e9c-44cc-bf6a-d378cd5bb59f
[2026-07-25T19:56:13.985+0000] {subprocess.py:93} INFO - 26/07/25 19:56:13 INFO MemoryStore: MemoryStore started with capacity 434.4 MiB
[2026-07-25T19:56:14.074+0000] {subprocess.py:93} INFO - 26/07/25 19:56:14 INFO SparkEnv: Registering OutputCommitCoordinator
[2026-07-25T19:56:15.319+0000] {subprocess.py:93} INFO - 26/07/25 19:56:15 INFO JettyUtils: Start Jetty 0.0.0.0:4040 for SparkUI
[2026-07-25T19:56:15.926+0000] {subprocess.py:93} INFO - 26/07/25 19:56:15 WARN Utils: Service 'SparkUI' could not bind on port 4040. Attempting port 4041.
[2026-07-25T19:56:16.066+0000] {subprocess.py:93} INFO - 26/07/25 19:56:16 INFO Utils: Successfully started service 'SparkUI' on port 4041.
[2026-07-25T19:56:16.468+0000] {subprocess.py:93} INFO - 26/07/25 19:56:16 ERROR SparkContext: Failed to add /opt/jars/postgresql-42.7.8.jar to Spark environment
[2026-07-25T19:56:16.479+0000] {subprocess.py:93} INFO - java.io.FileNotFoundException: Jar /opt/jars/postgresql-42.7.8.jar not found
[2026-07-25T19:56:16.482+0000] {subprocess.py:93} INFO - 	at org.apache.spark.SparkContext.addLocalJarFile$1(SparkContext.scala:2100)
[2026-07-25T19:56:16.499+0000] {subprocess.py:93} INFO - 	at org.apache.spark.SparkContext.addJar(SparkContext.scala:2156)
[2026-07-25T19:56:16.500+0000] {subprocess.py:93} INFO - 	at org.apache.spark.SparkContext.$anonfun$new$15(SparkContext.scala:526)
[2026-07-25T19:56:16.501+0000] {subprocess.py:93} INFO - 	at org.apache.spark.SparkContext.$anonfun$new$15$adapted(SparkContext.scala:526)
[2026-07-25T19:56:16.502+0000] {subprocess.py:93} INFO - 	at scala.collection.mutable.ResizableArray.foreach(ResizableArray.scala:62)
[2026-07-25T19:56:16.502+0000] {subprocess.py:93} INFO - 	at scala.collection.mutable.ResizableArray.foreach$(ResizableArray.scala:55)
[2026-07-25T19:56:16.528+0000] {subprocess.py:93} INFO - 	at scala.collection.mutable.ArrayBuffer.foreach(ArrayBuffer.scala:49)
[2026-07-25T19:56:16.535+0000] {subprocess.py:93} INFO - 	at org.apache.spark.SparkContext.<init>(SparkContext.scala:526)
[2026-07-25T19:56:16.536+0000] {subprocess.py:93} INFO - 	at org.apache.spark.api.java.JavaSparkContext.<init>(JavaSparkContext.scala:58)
[2026-07-25T19:56:16.537+0000] {subprocess.py:93} INFO - 	at java.base/jdk.internal.reflect.NativeConstructorAccessorImpl.newInstance0(Native Method)
[2026-07-25T19:56:16.543+0000] {subprocess.py:93} INFO - 	at java.base/jdk.internal.reflect.NativeConstructorAccessorImpl.newInstance(NativeConstructorAccessorImpl.java:77)
[2026-07-25T19:56:16.551+0000] {subprocess.py:93} INFO - 	at java.base/jdk.internal.reflect.DelegatingConstructorAccessorImpl.newInstance(DelegatingConstructorAccessorImpl.java:45)
[2026-07-25T19:56:16.552+0000] {subprocess.py:93} INFO - 	at java.base/java.lang.reflect.Constructor.newInstanceWithCaller(Constructor.java:500)
[2026-07-25T19:56:16.553+0000] {subprocess.py:93} INFO - 	at java.base/java.lang.reflect.Constructor.newInstance(Constructor.java:481)
[2026-07-25T19:56:16.553+0000] {subprocess.py:93} INFO - 	at py4j.reflection.MethodInvoker.invoke(MethodInvoker.java:247)
[2026-07-25T19:56:16.554+0000] {subprocess.py:93} INFO - 	at py4j.reflection.ReflectionEngine.invoke(ReflectionEngine.java:374)
[2026-07-25T19:56:16.563+0000] {subprocess.py:93} INFO - 	at py4j.Gateway.invoke(Gateway.java:238)
[2026-07-25T19:56:16.564+0000] {subprocess.py:93} INFO - 	at py4j.commands.ConstructorCommand.invokeConstructor(ConstructorCommand.java:80)
[2026-07-25T19:56:16.571+0000] {subprocess.py:93} INFO - 	at py4j.commands.ConstructorCommand.execute(ConstructorCommand.java:69)
[2026-07-25T19:56:16.572+0000] {subprocess.py:93} INFO - 	at py4j.ClientServerConnection.waitForCommands(ClientServerConnection.java:182)
[2026-07-25T19:56:16.573+0000] {subprocess.py:93} INFO - 	at py4j.ClientServerConnection.run(ClientServerConnection.java:106)
[2026-07-25T19:56:16.574+0000] {subprocess.py:93} INFO - 	at java.base/java.lang.Thread.run(Thread.java:840)
[2026-07-25T19:56:17.405+0000] {subprocess.py:93} INFO - 26/07/25 19:56:17 INFO StandaloneAppClient$ClientEndpoint: Connecting to master spark://spark-master:7077...
[2026-07-25T19:56:17.792+0000] {subprocess.py:93} INFO - 26/07/25 19:56:17 INFO TransportClientFactory: Successfully created connection to spark-master/172.22.0.5:7077 after 168 ms (0 ms spent in bootstraps)
[2026-07-25T19:56:18.504+0000] {subprocess.py:93} INFO - 26/07/25 19:56:18 INFO StandaloneSchedulerBackend: Connected to Spark cluster with app ID app-20260725195618-0010
[2026-07-25T19:56:18.590+0000] {subprocess.py:93} INFO - 26/07/25 19:56:18 INFO Utils: Successfully started service 'org.apache.spark.network.netty.NettyBlockTransferService' on port 46227.
[2026-07-25T19:56:18.592+0000] {subprocess.py:93} INFO - 26/07/25 19:56:18 INFO NettyBlockTransferService: Server created on 8e34fafe5529:46227
[2026-07-25T19:56:18.596+0000] {subprocess.py:93} INFO - 26/07/25 19:56:18 INFO BlockManager: Using org.apache.spark.storage.RandomBlockReplicationPolicy for block replication policy
[2026-07-25T19:56:18.683+0000] {subprocess.py:93} INFO - 26/07/25 19:56:18 INFO BlockManagerMaster: Registering BlockManager BlockManagerId(driver, 8e34fafe5529, 46227, None)
[2026-07-25T19:56:18.700+0000] {subprocess.py:93} INFO - 26/07/25 19:56:18 INFO BlockManagerMasterEndpoint: Registering block manager 8e34fafe5529:46227 with 434.4 MiB RAM, BlockManagerId(driver, 8e34fafe5529, 46227, None)
[2026-07-25T19:56:18.756+0000] {subprocess.py:93} INFO - 26/07/25 19:56:18 INFO BlockManagerMaster: Registered BlockManager BlockManagerId(driver, 8e34fafe5529, 46227, None)
[2026-07-25T19:56:18.758+0000] {subprocess.py:93} INFO - 26/07/25 19:56:18 INFO BlockManager: Initialized BlockManager: BlockManagerId(driver, 8e34fafe5529, 46227, None)
[2026-07-25T19:56:18.914+0000] {subprocess.py:93} INFO - 26/07/25 19:56:18 INFO StandaloneSchedulerBackend: SchedulerBackend is ready for scheduling beginning after reached minRegisteredResourcesRatio: 0.0
[2026-07-25T19:56:20.220+0000] {subprocess.py:93} INFO - 26/07/25 19:56:20 INFO SharedState: Setting hive.metastore.warehouse.dir ('null') to the value of spark.sql.warehouse.dir.
[2026-07-25T19:56:20.227+0000] {subprocess.py:93} INFO - 26/07/25 19:56:20 INFO SharedState: Warehouse path is 'file:/opt/project/spark-warehouse'.
[2026-07-25T19:56:24.980+0000] {subprocess.py:93} INFO - Traceback (most recent call last):
[2026-07-25T19:56:24.985+0000] {subprocess.py:93} INFO -   File "spark_jobs/dimensions/dim_geo.py", line 28, in <module>
[2026-07-25T19:56:24.991+0000] {subprocess.py:93} INFO -     regions = spark.read.jdbc(
[2026-07-25T19:56:24.997+0000] {subprocess.py:93} INFO -   File "/home/***/.local/lib/python3.8/site-packages/pyspark/sql/readwriter.py", line 946, in jdbc
[2026-07-25T19:56:25.005+0000] {subprocess.py:93} INFO -     return self._df(self._jreader.jdbc(url, table, jprop))
[2026-07-25T19:56:25.017+0000] {subprocess.py:93} INFO -   File "/home/***/.local/lib/python3.8/site-packages/py4j/java_gateway.py", line 1322, in __call__
[2026-07-25T19:56:25.018+0000] {subprocess.py:93} INFO -     return_value = get_return_value(
[2026-07-25T19:56:25.019+0000] {subprocess.py:93} INFO -   File "/home/***/.local/lib/python3.8/site-packages/pyspark/errors/exceptions/captured.py", line 179, in deco
[2026-07-25T19:56:25.020+0000] {subprocess.py:93} INFO -     return f(*a, **kw)
[2026-07-25T19:56:25.021+0000] {subprocess.py:93} INFO -   File "/home/***/.local/lib/python3.8/site-packages/py4j/protocol.py", line 326, in get_return_value
[2026-07-25T19:56:25.022+0000] {subprocess.py:93} INFO -     raise Py4JJavaError(
[2026-07-25T19:56:25.023+0000] {subprocess.py:93} INFO - py4j.protocol.Py4JJavaError: An error occurred while calling o29.jdbc.
[2026-07-25T19:56:25.041+0000] {subprocess.py:93} INFO - : java.lang.ClassNotFoundException: org.postgresql.Driver
[2026-07-25T19:56:25.042+0000] {subprocess.py:93} INFO - 	at java.base/java.net.URLClassLoader.findClass(URLClassLoader.java:445)
[2026-07-25T19:56:25.043+0000] {subprocess.py:93} INFO - 	at java.base/java.lang.ClassLoader.loadClass(ClassLoader.java:592)
[2026-07-25T19:56:25.044+0000] {subprocess.py:93} INFO - 	at java.base/java.lang.ClassLoader.loadClass(ClassLoader.java:525)
[2026-07-25T19:56:25.045+0000] {subprocess.py:93} INFO - 	at org.apache.spark.sql.execution.datasources.jdbc.DriverRegistry$.register(DriverRegistry.scala:46)
[2026-07-25T19:56:25.056+0000] {subprocess.py:93} INFO - 	at org.apache.spark.sql.execution.datasources.jdbc.JDBCOptions.$anonfun$driverClass$1(JDBCOptions.scala:103)
[2026-07-25T19:56:25.057+0000] {subprocess.py:93} INFO - 	at org.apache.spark.sql.execution.datasources.jdbc.JDBCOptions.$anonfun$driverClass$1$adapted(JDBCOptions.scala:103)
[2026-07-25T19:56:25.058+0000] {subprocess.py:93} INFO - 	at scala.Option.foreach(Option.scala:407)
[2026-07-25T19:56:25.065+0000] {subprocess.py:93} INFO - 	at org.apache.spark.sql.execution.datasources.jdbc.JDBCOptions.<init>(JDBCOptions.scala:103)
[2026-07-25T19:56:25.066+0000] {subprocess.py:93} INFO - 	at org.apache.spark.sql.execution.datasources.jdbc.JDBCOptions.<init>(JDBCOptions.scala:41)
[2026-07-25T19:56:25.091+0000] {subprocess.py:93} INFO - 	at org.apache.spark.sql.execution.datasources.jdbc.JdbcRelationProvider.createRelation(JdbcRelationProvider.scala:34)
[2026-07-25T19:56:25.101+0000] {subprocess.py:93} INFO - 	at org.apache.spark.sql.execution.datasources.DataSource.resolveRelation(DataSource.scala:346)
[2026-07-25T19:56:25.102+0000] {subprocess.py:93} INFO - 	at org.apache.spark.sql.DataFrameReader.loadV1Source(DataFrameReader.scala:229)
[2026-07-25T19:56:25.103+0000] {subprocess.py:93} INFO - 	at org.apache.spark.sql.DataFrameReader.$anonfun$load$2(DataFrameReader.scala:211)
[2026-07-25T19:56:25.105+0000] {subprocess.py:93} INFO - 	at scala.Option.getOrElse(Option.scala:189)
[2026-07-25T19:56:25.114+0000] {subprocess.py:93} INFO - 	at org.apache.spark.sql.DataFrameReader.load(DataFrameReader.scala:211)
[2026-07-25T19:56:25.115+0000] {subprocess.py:93} INFO - 	at org.apache.spark.sql.DataFrameReader.load(DataFrameReader.scala:172)
[2026-07-25T19:56:25.116+0000] {subprocess.py:93} INFO - 	at org.apache.spark.sql.DataFrameReader.jdbc(DataFrameReader.scala:249)
[2026-07-25T19:56:25.129+0000] {subprocess.py:93} INFO - 	at java.base/jdk.internal.reflect.NativeMethodAccessorImpl.invoke0(Native Method)
[2026-07-25T19:56:25.131+0000] {subprocess.py:93} INFO - 	at java.base/jdk.internal.reflect.NativeMethodAccessorImpl.invoke(NativeMethodAccessorImpl.java:77)
[2026-07-25T19:56:25.143+0000] {subprocess.py:93} INFO - 	at java.base/jdk.internal.reflect.DelegatingMethodAccessorImpl.invoke(DelegatingMethodAccessorImpl.java:43)
[2026-07-25T19:56:25.148+0000] {subprocess.py:93} INFO - 	at java.base/java.lang.reflect.Method.invoke(Method.java:569)
[2026-07-25T19:56:25.150+0000] {subprocess.py:93} INFO - 	at py4j.reflection.MethodInvoker.invoke(MethodInvoker.java:244)
[2026-07-25T19:56:25.154+0000] {subprocess.py:93} INFO - 	at py4j.reflection.ReflectionEngine.invoke(ReflectionEngine.java:374)
[2026-07-25T19:56:25.155+0000] {subprocess.py:93} INFO - 	at py4j.Gateway.invoke(Gateway.java:282)
[2026-07-25T19:56:25.156+0000] {subprocess.py:93} INFO - 	at py4j.commands.AbstractCommand.invokeMethod(AbstractCommand.java:132)
[2026-07-25T19:56:25.160+0000] {subprocess.py:93} INFO - 	at py4j.commands.CallCommand.execute(CallCommand.java:79)
[2026-07-25T19:56:25.165+0000] {subprocess.py:93} INFO - 	at py4j.ClientServerConnection.waitForCommands(ClientServerConnection.java:182)
[2026-07-25T19:56:25.166+0000] {subprocess.py:93} INFO - 	at py4j.ClientServerConnection.run(ClientServerConnection.java:106)
[2026-07-25T19:56:25.167+0000] {subprocess.py:93} INFO - 	at java.base/java.lang.Thread.run(Thread.java:840)
[2026-07-25T19:56:25.170+0000] {subprocess.py:93} INFO - 
[2026-07-25T19:56:25.433+0000] {subprocess.py:93} INFO - 26/07/25 19:56:25 INFO SparkContext: Invoking stop() from shutdown hook
[2026-07-25T19:56:25.453+0000] {subprocess.py:93} INFO - 26/07/25 19:56:25 INFO SparkContext: SparkContext is stopping with exitCode 0.
[2026-07-25T19:56:25.520+0000] {subprocess.py:93} INFO - 26/07/25 19:56:25 INFO SparkUI: Stopped Spark web UI at http://8e34fafe5529:4041
[2026-07-25T19:56:25.585+0000] {subprocess.py:93} INFO - 26/07/25 19:56:25 INFO StandaloneSchedulerBackend: Shutting down all executors
[2026-07-25T19:56:25.683+0000] {subprocess.py:93} INFO - 26/07/25 19:56:25 INFO StandaloneSchedulerBackend$StandaloneDriverEndpoint: Asking each executor to shut down
[2026-07-25T19:56:25.775+0000] {subprocess.py:93} INFO - 26/07/25 19:56:25 INFO MapOutputTrackerMasterEndpoint: MapOutputTrackerMasterEndpoint stopped!
[2026-07-25T19:56:26.049+0000] {subprocess.py:93} INFO - 26/07/25 19:56:26 INFO MemoryStore: MemoryStore cleared
[2026-07-25T19:56:26.050+0000] {subprocess.py:93} INFO - 26/07/25 19:56:26 INFO BlockManager: BlockManager stopped
[2026-07-25T19:56:26.121+0000] {subprocess.py:93} INFO - 26/07/25 19:56:26 INFO BlockManagerMaster: BlockManagerMaster stopped
[2026-07-25T19:56:26.130+0000] {subprocess.py:93} INFO - 26/07/25 19:56:26 INFO OutputCommitCoordinator$OutputCommitCoordinatorEndpoint: OutputCommitCoordinator stopped!
[2026-07-25T19:56:26.294+0000] {subprocess.py:93} INFO - 26/07/25 19:56:26 INFO SparkContext: Successfully stopped SparkContext
[2026-07-25T19:56:26.295+0000] {subprocess.py:93} INFO - 26/07/25 19:56:26 INFO ShutdownHookManager: Shutdown hook called
[2026-07-25T19:56:26.298+0000] {subprocess.py:93} INFO - 26/07/25 19:56:26 INFO ShutdownHookManager: Deleting directory /tmp/spark-3a9f489b-1d04-48b4-b679-fb93ba38be33/pyspark-cd7f8f75-dc9d-4e41-b3a1-316baf62c861
[2026-07-25T19:56:26.338+0000] {subprocess.py:93} INFO - 26/07/25 19:56:26 INFO ShutdownHookManager: Deleting directory /tmp/spark-3a9f489b-1d04-48b4-b679-fb93ba38be33
[2026-07-25T19:56:26.393+0000] {subprocess.py:93} INFO - 26/07/25 19:56:26 INFO ShutdownHookManager: Deleting directory /tmp/spark-c95cb18e-5714-4a84-b441-8acd632d2742
[2026-07-25T19:56:27.089+0000] {subprocess.py:97} INFO - Command exited with return code 1
[2026-07-25T19:56:27.300+0000] {taskinstance.py:3301} ERROR - Task failed with exception
Traceback (most recent call last):
  File "/home/airflow/.local/lib/python3.8/site-packages/airflow/models/taskinstance.py", line 767, in _execute_task
    result = _execute_callable(context=context, **execute_callable_kwargs)
  File "/home/airflow/.local/lib/python3.8/site-packages/airflow/models/taskinstance.py", line 733, in _execute_callable
    return ExecutionCallableRunner(
  File "/home/airflow/.local/lib/python3.8/site-packages/airflow/utils/operator_helpers.py", line 252, in run
    return self.func(*args, **kwargs)
  File "/home/airflow/.local/lib/python3.8/site-packages/airflow/models/baseoperator.py", line 406, in wrapper
    return func(self, *args, **kwargs)
  File "/home/airflow/.local/lib/python3.8/site-packages/airflow/operators/bash.py", line 249, in execute
    raise AirflowException(
airflow.exceptions.AirflowException: Bash command failed. The command returned a non-zero exit code 1.
[2026-07-25T19:56:27.315+0000] {taskinstance.py:1225} INFO - Marking task as FAILED. dag_id=flex_eau_pipeline, task_id=dim_geo, run_id=scheduled__2026-07-24T00:00:00+00:00, execution_date=20260724T000000, start_date=20260725T195555, end_date=20260725T195627
[2026-07-25T19:56:27.404+0000] {taskinstance.py:340} INFO - ::group::Post task execution logs
[2026-07-25T19:56:27.419+0000] {standard_task_runner.py:124} ERROR - Failed to execute job 12 for task dim_geo (Bash command failed. The command returned a non-zero exit code 1.; 1665)
Traceback (most recent call last):
  File "/home/airflow/.local/lib/python3.8/site-packages/airflow/task/task_runner/standard_task_runner.py", line 117, in _start_by_fork
    ret = args.func(args, dag=self.dag)
  File "/home/airflow/.local/lib/python3.8/site-packages/airflow/cli/cli_config.py", line 49, in command
    return func(*args, **kwargs)
  File "/home/airflow/.local/lib/python3.8/site-packages/airflow/utils/cli.py", line 115, in wrapper
    return f(*args, **kwargs)
  File "/home/airflow/.local/lib/python3.8/site-packages/airflow/cli/commands/task_command.py", line 483, in task_run
    task_return_code = _run_task_by_selected_method(args, _dag, ti)
  File "/home/airflow/.local/lib/python3.8/site-packages/airflow/cli/commands/task_command.py", line 256, in _run_task_by_selected_method
    return _run_raw_task(args, ti)
  File "/home/airflow/.local/lib/python3.8/site-packages/airflow/cli/commands/task_command.py", line 341, in _run_raw_task
    return ti._run_raw_task(
  File "/home/airflow/.local/lib/python3.8/site-packages/airflow/utils/session.py", line 97, in wrapper
    return func(*args, session=session, **kwargs)
  File "/home/airflow/.local/lib/python3.8/site-packages/airflow/models/taskinstance.py", line 2995, in _run_raw_task
    return _run_raw_task(
  File "/home/airflow/.local/lib/python3.8/site-packages/airflow/models/taskinstance.py", line 273, in _run_raw_task
    TaskInstance._execute_task_with_callbacks(
  File "/home/airflow/.local/lib/python3.8/site-packages/airflow/models/taskinstance.py", line 3149, in _execute_task_with_callbacks
    result = self._execute_task(context, task_orig)
  File "/home/airflow/.local/lib/python3.8/site-packages/airflow/models/taskinstance.py", line 3173, in _execute_task
    return _execute_task(self, context, task_orig)
  File "/home/airflow/.local/lib/python3.8/site-packages/airflow/models/taskinstance.py", line 767, in _execute_task
    result = _execute_callable(context=context, **execute_callable_kwargs)
  File "/home/airflow/.local/lib/python3.8/site-packages/airflow/models/taskinstance.py", line 733, in _execute_callable
    return ExecutionCallableRunner(
  File "/home/airflow/.local/lib/python3.8/site-packages/airflow/utils/operator_helpers.py", line 252, in run
    return self.func(*args, **kwargs)
  File "/home/airflow/.local/lib/python3.8/site-packages/airflow/models/baseoperator.py", line 406, in wrapper
    return func(self, *args, **kwargs)
  File "/home/airflow/.local/lib/python3.8/site-packages/airflow/operators/bash.py", line 249, in execute
    raise AirflowException(
airflow.exceptions.AirflowException: Bash command failed. The command returned a non-zero exit code 1.
[2026-07-25T19:56:27.539+0000] {local_task_job_runner.py:261} INFO - Task exited with return code 1
[2026-07-25T19:56:27.698+0000] {taskinstance.py:3891} INFO - 0 downstream tasks scheduled from follow-on schedule check
[2026-07-25T19:56:27.720+0000] {local_task_job_runner.py:240} INFO - ::endgroup::
