[2026-08-11T18:10:10.039+0000] {local_task_job_runner.py:123} INFO - ::group::Pre task execution logs
[2026-08-11T18:10:10.122+0000] {taskinstance.py:2603} INFO - Dependencies all met for dep_context=non-requeueable deps ti=<TaskInstance: flex_eau_pipeline.dim_date scheduled__2026-08-10T00:00:00+00:00 [queued]>
[2026-08-11T18:10:10.141+0000] {taskinstance.py:2603} INFO - Dependencies all met for dep_context=requeueable deps ti=<TaskInstance: flex_eau_pipeline.dim_date scheduled__2026-08-10T00:00:00+00:00 [queued]>
[2026-08-11T18:10:10.142+0000] {taskinstance.py:2856} INFO - Starting attempt 1 of 2
[2026-08-11T18:10:10.176+0000] {taskinstance.py:2879} INFO - Executing <Task(BashOperator): dim_date> on 2026-08-10 00:00:00+00:00
[2026-08-11T18:10:10.187+0000] {standard_task_runner.py:72} INFO - Started process 337 to run task
[2026-08-11T18:10:10.210+0000] {standard_task_runner.py:104} INFO - Running: ['***', 'tasks', 'run', 'flex_eau_pipeline', 'dim_date', 'scheduled__2026-08-10T00:00:00+00:00', '--job-id', '58', '--raw', '--subdir', 'DAGS_FOLDER/flex_eau_pipeline.py', '--cfg-path', '/tmp/tmpvexrk1ex']
[2026-08-11T18:10:10.220+0000] {standard_task_runner.py:105} INFO - Job 58: Subtask dim_date
[2026-08-11T18:10:10.454+0000] {task_command.py:467} INFO - Running <TaskInstance: flex_eau_pipeline.dim_date scheduled__2026-08-10T00:00:00+00:00 [running]> on host b97d7a013992
[2026-08-11T18:10:10.850+0000] {taskinstance.py:3122} INFO - Exporting env vars: AIRFLOW_CTX_DAG_OWNER='flex-eau' AIRFLOW_CTX_DAG_ID='flex_eau_pipeline' AIRFLOW_CTX_TASK_ID='dim_date' AIRFLOW_CTX_EXECUTION_DATE='2026-08-10T00:00:00+00:00' AIRFLOW_CTX_TRY_NUMBER='1' AIRFLOW_CTX_DAG_RUN_ID='scheduled__2026-08-10T00:00:00+00:00'
[2026-08-11T18:10:10.854+0000] {taskinstance.py:731} INFO - ::endgroup::
[2026-08-11T18:10:10.903+0000] {subprocess.py:63} INFO - Tmp dir root location: /tmp
[2026-08-11T18:10:10.906+0000] {subprocess.py:75} INFO - Running command: ['/usr/bin/bash', '-c', 'python spark_jobs/dimensions/dim_date.py']
[2026-08-11T18:10:10.937+0000] {subprocess.py:86} INFO - Output:
[2026-08-11T18:10:34.094+0000] {subprocess.py:93} INFO - 26/08/11 18:10:34 WARN NativeCodeLoader: Unable to load native-hadoop library for your platform... using builtin-java classes where applicable
[2026-08-11T18:10:39.617+0000] {subprocess.py:93} INFO - Setting default log level to "WARN".
[2026-08-11T18:10:39.649+0000] {subprocess.py:93} INFO - To adjust logging level use sc.setLogLevel(newLevel). For SparkR, use setLogLevel(newLevel).
[2026-08-11T18:10:57.639+0000] {subprocess.py:93} INFO - 26/08/11 18:10:57 WARN Utils: Service 'SparkUI' could not bind on port 4040. Attempting port 4041.
[2026-08-11T18:10:57.650+0000] {subprocess.py:93} INFO - 26/08/11 18:10:57 WARN Utils: Service 'SparkUI' could not bind on port 4041. Attempting port 4042.
[2026-08-11T18:10:57.651+0000] {subprocess.py:93} INFO - 26/08/11 18:10:57 WARN Utils: Service 'SparkUI' could not bind on port 4042. Attempting port 4043.
[2026-08-11T18:10:57.652+0000] {subprocess.py:93} INFO - 26/08/11 18:10:57 WARN Utils: Service 'SparkUI' could not bind on port 4043. Attempting port 4044.
[2026-08-11T18:10:57.655+0000] {subprocess.py:93} INFO - 26/08/11 18:10:57 WARN Utils: Service 'SparkUI' could not bind on port 4044. Attempting port 4045.
[2026-08-11T18:11:56.126+0000] {subprocess.py:93} INFO - [Stage 0:>                                                          (0 + 0) / 2]26/08/11 18:11:56 WARN TaskSchedulerImpl: Initial job has not accepted any resources; check your cluster UI to ensure that workers are registered and have sufficient resources
[2026-08-11T18:12:11.065+0000] {subprocess.py:93} INFO - 26/08/11 18:12:11 WARN TaskSchedulerImpl: Initial job has not accepted any resources; check your cluster UI to ensure that workers are registered and have sufficient resources
[2026-08-11T18:12:26.130+0000] {subprocess.py:93} INFO - 26/08/11 18:12:26 WARN TaskSchedulerImpl: Initial job has not accepted any resources; check your cluster UI to ensure that workers are registered and have sufficient resources
[2026-08-11T18:12:41.065+0000] {subprocess.py:93} INFO - [Stage 0:>                                                          (0 + 0) / 2]26/08/11 18:12:41 WARN TaskSchedulerImpl: Initial job has not accepted any resources; check your cluster UI to ensure that workers are registered and have sufficient resources
[2026-08-11T18:12:56.128+0000] {subprocess.py:93} INFO - 26/08/11 18:12:56 WARN TaskSchedulerImpl: Initial job has not accepted any resources; check your cluster UI to ensure that workers are registered and have sufficient resources
[2026-08-11T18:13:11.067+0000] {subprocess.py:93} INFO - 26/08/11 18:13:11 WARN TaskSchedulerImpl: Initial job has not accepted any resources; check your cluster UI to ensure that workers are registered and have sufficient resources
[2026-08-11T18:13:26.066+0000] {subprocess.py:93} INFO - 26/08/11 18:13:26 WARN TaskSchedulerImpl: Initial job has not accepted any resources; check your cluster UI to ensure that workers are registered and have sufficient resources
[2026-08-11T18:13:48.446+0000] {subprocess.py:93} INFO - [Stage 0:>                                                          (0 + 2) / 2][Stage 0:=============================>                             (1 + 1) / 2]                                                                                [Stage 4:>                                                          (0 + 2) / 2]                                                                                Nombre lignes : 731
[2026-08-11T18:13:48.448+0000] {subprocess.py:93} INFO - +--------+-------------+----+----+--------+---------+-----+------------+-------------+
[2026-08-11T18:13:48.450+0000] {subprocess.py:93} INFO - |date_key|date_complete|jour|mois|nom_mois|trimestre|annee|jour_semaine|semaine_annee|
[2026-08-11T18:13:48.451+0000] {subprocess.py:93} INFO - +--------+-------------+----+----+--------+---------+-----+------------+-------------+
[2026-08-11T18:13:48.452+0000] {subprocess.py:93} INFO - |20240101|2024-01-01   |1   |1   |January |1        |2024 |Monday      |1            |
[2026-08-11T18:13:48.454+0000] {subprocess.py:93} INFO - |20240102|2024-01-02   |2   |1   |January |1        |2024 |Tuesday     |1            |
[2026-08-11T18:13:48.456+0000] {subprocess.py:93} INFO - |20240103|2024-01-03   |3   |1   |January |1        |2024 |Wednesday   |1            |
[2026-08-11T18:13:48.457+0000] {subprocess.py:93} INFO - |20240104|2024-01-04   |4   |1   |January |1        |2024 |Thursday    |1            |
[2026-08-11T18:13:48.458+0000] {subprocess.py:93} INFO - |20240105|2024-01-05   |5   |1   |January |1        |2024 |Friday      |1            |
[2026-08-11T18:13:48.460+0000] {subprocess.py:93} INFO - +--------+-------------+----+----+--------+---------+-----+------------+-------------+
[2026-08-11T18:13:48.461+0000] {subprocess.py:93} INFO - only showing top 5 rows
[2026-08-11T18:13:48.462+0000] {subprocess.py:93} INFO - 
[2026-08-11T18:13:48.464+0000] {subprocess.py:93} INFO - AVANT WRITE
[2026-08-11T18:13:48.467+0000] {subprocess.py:93} INFO - DIM_DATE créée avec succès
[2026-08-11T18:13:49.320+0000] {subprocess.py:97} INFO - Command exited with return code 0
[2026-08-11T18:13:49.590+0000] {taskinstance.py:340} INFO - ::group::Post task execution logs
[2026-08-11T18:13:49.595+0000] {taskinstance.py:352} INFO - Marking task as SUCCESS. dag_id=flex_eau_pipeline, task_id=dim_date, run_id=scheduled__2026-08-10T00:00:00+00:00, execution_date=20260810T000000, start_date=20260811T181010, end_date=20260811T181349
[2026-08-11T18:13:49.697+0000] {local_task_job_runner.py:261} INFO - Task exited with return code 0
[2026-08-11T18:13:49.900+0000] {taskinstance.py:3891} INFO - 5 downstream tasks scheduled from follow-on schedule check
[2026-08-11T18:13:49.906+0000] {local_task_job_runner.py:240} INFO - ::endgroup::
