[2026-07-28T00:36:03.538+0000] {local_task_job_runner.py:123} INFO - ::group::Pre task execution logs
[2026-07-28T00:36:03.582+0000] {taskinstance.py:2603} INFO - Dependencies all met for dep_context=non-requeueable deps ti=<TaskInstance: flex_eau_pipeline.dim_type_incident scheduled__2026-07-26T00:00:00+00:00 [queued]>
[2026-07-28T00:36:03.605+0000] {taskinstance.py:2603} INFO - Dependencies all met for dep_context=requeueable deps ti=<TaskInstance: flex_eau_pipeline.dim_type_incident scheduled__2026-07-26T00:00:00+00:00 [queued]>
[2026-07-28T00:36:03.606+0000] {taskinstance.py:2856} INFO - Starting attempt 1 of 2
[2026-07-28T00:36:03.634+0000] {taskinstance.py:2879} INFO - Executing <Task(BashOperator): dim_type_incident> on 2026-07-26 00:00:00+00:00
[2026-07-28T00:36:03.644+0000] {standard_task_runner.py:72} INFO - Started process 333 to run task
[2026-07-28T00:36:03.663+0000] {standard_task_runner.py:104} INFO - Running: ['***', 'tasks', 'run', 'flex_eau_pipeline', 'dim_type_incident', 'scheduled__2026-07-26T00:00:00+00:00', '--job-id', '56', '--raw', '--subdir', 'DAGS_FOLDER/flex_eau_pipeline.py', '--cfg-path', '/tmp/tmp9dh51zmq']
[2026-07-28T00:36:03.673+0000] {standard_task_runner.py:105} INFO - Job 56: Subtask dim_type_incident
[2026-07-28T00:36:03.836+0000] {task_command.py:467} INFO - Running <TaskInstance: flex_eau_pipeline.dim_type_incident scheduled__2026-07-26T00:00:00+00:00 [running]> on host b1da4d7b7394
[2026-07-28T00:36:04.143+0000] {taskinstance.py:3122} INFO - Exporting env vars: AIRFLOW_CTX_DAG_OWNER='flex-eau' AIRFLOW_CTX_DAG_ID='flex_eau_pipeline' AIRFLOW_CTX_TASK_ID='dim_type_incident' AIRFLOW_CTX_EXECUTION_DATE='2026-07-26T00:00:00+00:00' AIRFLOW_CTX_TRY_NUMBER='1' AIRFLOW_CTX_DAG_RUN_ID='scheduled__2026-07-26T00:00:00+00:00'
[2026-07-28T00:36:04.145+0000] {taskinstance.py:731} INFO - ::endgroup::
[2026-07-28T00:36:04.192+0000] {subprocess.py:63} INFO - Tmp dir root location: /tmp
[2026-07-28T00:36:04.193+0000] {subprocess.py:75} INFO - Running command: ['/usr/bin/bash', '-c', 'python spark_jobs/dimensions/dim_type_incident.py']
[2026-07-28T00:36:04.217+0000] {subprocess.py:86} INFO - Output:
[2026-07-28T00:36:18.276+0000] {subprocess.py:93} INFO - 26/07/28 00:36:18 WARN NativeCodeLoader: Unable to load native-hadoop library for your platform... using builtin-java classes where applicable
[2026-07-28T00:36:21.349+0000] {subprocess.py:93} INFO - Setting default log level to "WARN".
[2026-07-28T00:36:21.350+0000] {subprocess.py:93} INFO - To adjust logging level use sc.setLogLevel(newLevel). For SparkR, use setLogLevel(newLevel).
[2026-07-28T00:36:25.995+0000] {subprocess.py:93} INFO - 26/07/28 00:36:25 WARN Utils: Service 'SparkUI' could not bind on port 4040. Attempting port 4041.
[2026-07-28T00:36:25.998+0000] {subprocess.py:93} INFO - 26/07/28 00:36:25 WARN Utils: Service 'SparkUI' could not bind on port 4041. Attempting port 4042.
[2026-07-28T00:36:26.002+0000] {subprocess.py:93} INFO - 26/07/28 00:36:25 WARN Utils: Service 'SparkUI' could not bind on port 4042. Attempting port 4043.
[2026-07-28T00:36:26.012+0000] {subprocess.py:93} INFO - 26/07/28 00:36:26 WARN Utils: Service 'SparkUI' could not bind on port 4043. Attempting port 4044.
[2026-07-28T00:37:14.788+0000] {subprocess.py:93} INFO - [Stage 0:>                                                          (0 + 0) / 1][Stage 0:>                                                          (0 + 1) / 1]                                                                                [Stage 11:>                                                         (0 + 1) / 1]                                                                                Nombre lignes : 9
[2026-07-28T00:37:14.794+0000] {subprocess.py:93} INFO - +-----------------+-------------------+
[2026-07-28T00:37:14.795+0000] {subprocess.py:93} INFO - |type_incident_key|type_incident      |
[2026-07-28T00:37:14.796+0000] {subprocess.py:93} INFO - +-----------------+-------------------+
[2026-07-28T00:37:14.797+0000] {subprocess.py:93} INFO - |0                |CASSE_CONDUITE     |
[2026-07-28T00:37:14.797+0000] {subprocess.py:93} INFO - |1                |COUPURE_ELECTRIQUE |
[2026-07-28T00:37:14.798+0000] {subprocess.py:93} INFO - |2                |PANNE_POMPE        |
[2026-07-28T00:37:14.799+0000] {subprocess.py:93} INFO - |3                |BAISSE_PRESSION    |
[2026-07-28T00:37:14.799+0000] {subprocess.py:93} INFO - |4                |PANNE_FORAGE       |
[2026-07-28T00:37:14.800+0000] {subprocess.py:93} INFO - |5                |COMPTEUR_DEFECTUEUX|
[2026-07-28T00:37:14.800+0000] {subprocess.py:93} INFO - |6                |FUITE              |
[2026-07-28T00:37:14.801+0000] {subprocess.py:93} INFO - |7                |RECLAMATION_CLIENT |
[2026-07-28T00:37:14.802+0000] {subprocess.py:93} INFO - |8                |EAU_TROUBLE        |
[2026-07-28T00:37:14.803+0000] {subprocess.py:93} INFO - +-----------------+-------------------+
[2026-07-28T00:37:14.803+0000] {subprocess.py:93} INFO - 
[2026-07-28T00:37:14.804+0000] {subprocess.py:93} INFO - DIM_TYPE_INCIDENT créée avec succès
[2026-07-28T00:37:15.283+0000] {subprocess.py:97} INFO - Command exited with return code 0
[2026-07-28T00:37:15.332+0000] {taskinstance.py:340} INFO - ::group::Post task execution logs
[2026-07-28T00:37:15.333+0000] {taskinstance.py:352} INFO - Marking task as SUCCESS. dag_id=flex_eau_pipeline, task_id=dim_type_incident, run_id=scheduled__2026-07-26T00:00:00+00:00, execution_date=20260726T000000, start_date=20260728T003603, end_date=20260728T003715
[2026-07-28T00:37:15.376+0000] {local_task_job_runner.py:261} INFO - Task exited with return code 0
[2026-07-28T00:37:15.429+0000] {taskinstance.py:3891} INFO - 0 downstream tasks scheduled from follow-on schedule check
[2026-07-28T00:37:15.432+0000] {local_task_job_runner.py:240} INFO - ::endgroup::
