[2026-07-25T18:15:33.599+0000] {local_task_job_runner.py:123} INFO - ::group::Pre task execution logs
[2026-07-25T18:15:33.652+0000] {taskinstance.py:2603} INFO - Dependencies all met for dep_context=non-requeueable deps ti=<TaskInstance: flex_eau_pipeline.dim_forage scheduled__2026-07-24T00:00:00+00:00 [queued]>
[2026-07-25T18:15:33.671+0000] {taskinstance.py:2603} INFO - Dependencies all met for dep_context=requeueable deps ti=<TaskInstance: flex_eau_pipeline.dim_forage scheduled__2026-07-24T00:00:00+00:00 [queued]>
[2026-07-25T18:15:33.672+0000] {taskinstance.py:2856} INFO - Starting attempt 2 of 2
[2026-07-25T18:15:33.700+0000] {taskinstance.py:2879} INFO - Executing <Task(BashOperator): dim_forage> on 2026-07-24 00:00:00+00:00
[2026-07-25T18:15:33.727+0000] {logging_mixin.py:190} WARNING - /home/***/.local/lib/python3.12/site-packages/***/task/task_runner/standard_task_runner.py:70 DeprecationWarning: This process (pid=1984) is multi-threaded, use of fork() may lead to deadlocks in the child.
[2026-07-25T18:15:33.730+0000] {standard_task_runner.py:72} INFO - Started process 1990 to run task
[2026-07-25T18:15:33.719+0000] {standard_task_runner.py:104} INFO - Running: ['***', 'tasks', 'run', 'flex_eau_pipeline', 'dim_forage', 'scheduled__2026-07-24T00:00:00+00:00', '--job-id', '16', '--raw', '--subdir', 'DAGS_FOLDER/flex_eau_pipeline.py', '--cfg-path', '/tmp/tmpcot08vl7']
[2026-07-25T18:15:33.746+0000] {standard_task_runner.py:105} INFO - Job 16: Subtask dim_forage
[2026-07-25T18:15:33.934+0000] {task_command.py:467} INFO - Running <TaskInstance: flex_eau_pipeline.dim_forage scheduled__2026-07-24T00:00:00+00:00 [running]> on host 30d391bb7be2
[2026-07-25T18:15:34.185+0000] {taskinstance.py:3122} INFO - Exporting env vars: AIRFLOW_CTX_DAG_OWNER='flex-eau' AIRFLOW_CTX_DAG_ID='flex_eau_pipeline' AIRFLOW_CTX_TASK_ID='dim_forage' AIRFLOW_CTX_EXECUTION_DATE='2026-07-24T00:00:00+00:00' AIRFLOW_CTX_TRY_NUMBER='2' AIRFLOW_CTX_DAG_RUN_ID='scheduled__2026-07-24T00:00:00+00:00'
[2026-07-25T18:15:34.191+0000] {taskinstance.py:731} INFO - ::endgroup::
[2026-07-25T18:15:34.233+0000] {subprocess.py:63} INFO - Tmp dir root location: /tmp
[2026-07-25T18:15:34.235+0000] {subprocess.py:75} INFO - Running command: ['/usr/bin/bash', '-c', 'python spark_jobs/dimensions/dim_forage.py']
[2026-07-25T18:15:34.263+0000] {subprocess.py:86} INFO - Output:
[2026-07-25T18:15:47.837+0000] {subprocess.py:93} INFO - 26/07/25 18:15:47 WARN NativeCodeLoader: Unable to load native-hadoop library for your platform... using builtin-java classes where applicable
[2026-07-25T18:15:49.196+0000] {subprocess.py:93} INFO - 26/07/25 18:15:49 WARN DependencyUtils: Local jar /opt/jars/postgresql-42.7.8.jar does not exist, skipping.
[2026-07-25T18:15:50.089+0000] {subprocess.py:93} INFO - 26/07/25 18:15:50 INFO SparkContext: Running Spark version 3.5.1
[2026-07-25T18:15:50.098+0000] {subprocess.py:93} INFO - 26/07/25 18:15:50 INFO SparkContext: OS info Linux, 6.6.87.2-microsoft-standard-WSL2, amd64
[2026-07-25T18:15:50.105+0000] {subprocess.py:93} INFO - 26/07/25 18:15:50 INFO SparkContext: Java version 17.0.19
[2026-07-25T18:15:50.335+0000] {subprocess.py:93} INFO - 26/07/25 18:15:50 INFO ResourceUtils: ==============================================================
[2026-07-25T18:15:50.342+0000] {subprocess.py:93} INFO - 26/07/25 18:15:50 INFO ResourceUtils: No custom resources configured for spark.driver.
[2026-07-25T18:15:50.361+0000] {subprocess.py:93} INFO - 26/07/25 18:15:50 INFO ResourceUtils: ==============================================================
[2026-07-25T18:15:50.366+0000] {subprocess.py:93} INFO - 26/07/25 18:15:50 INFO SparkContext: Submitted application: DIM_FORAGE
[2026-07-25T18:15:50.520+0000] {subprocess.py:93} INFO - 26/07/25 18:15:50 INFO ResourceProfile: Default ResourceProfile created, executor resources: Map(memory -> name: memory, amount: 1024, script: , vendor: , offHeap -> name: offHeap, amount: 0, script: , vendor: ), task resources: Map(cpus -> name: cpus, amount: 1.0)
[2026-07-25T18:15:50.605+0000] {subprocess.py:93} INFO - 26/07/25 18:15:50 INFO ResourceProfile: Limiting resource is cpu
[2026-07-25T18:15:50.614+0000] {subprocess.py:93} INFO - 26/07/25 18:15:50 INFO ResourceProfileManager: Added ResourceProfile id: 0
[2026-07-25T18:15:50.839+0000] {subprocess.py:93} INFO - 26/07/25 18:15:50 INFO SecurityManager: Changing view acls to: ***
[2026-07-25T18:15:50.845+0000] {subprocess.py:93} INFO - 26/07/25 18:15:50 INFO SecurityManager: Changing modify acls to: ***
[2026-07-25T18:15:50.853+0000] {subprocess.py:93} INFO - 26/07/25 18:15:50 INFO SecurityManager: Changing view acls groups to:
[2026-07-25T18:15:50.865+0000] {subprocess.py:93} INFO - 26/07/25 18:15:50 INFO SecurityManager: Changing modify acls groups to:
[2026-07-25T18:15:50.872+0000] {subprocess.py:93} INFO - 26/07/25 18:15:50 INFO SecurityManager: SecurityManager: authentication disabled; ui acls disabled; users with view permissions: ***; groups with view permissions: EMPTY; users with modify permissions: ***; groups with modify permissions: EMPTY
[2026-07-25T18:15:52.117+0000] {subprocess.py:93} INFO - 26/07/25 18:15:52 INFO Utils: Successfully started service 'sparkDriver' on port 40541.
[2026-07-25T18:15:52.322+0000] {subprocess.py:93} INFO - 26/07/25 18:15:52 INFO SparkEnv: Registering MapOutputTracker
[2026-07-25T18:15:52.600+0000] {subprocess.py:93} INFO - 26/07/25 18:15:52 INFO SparkEnv: Registering BlockManagerMaster
[2026-07-25T18:15:52.658+0000] {subprocess.py:93} INFO - 26/07/25 18:15:52 INFO BlockManagerMasterEndpoint: Using org.apache.spark.storage.DefaultTopologyMapper for getting topology information
[2026-07-25T18:15:52.668+0000] {subprocess.py:93} INFO - 26/07/25 18:15:52 INFO BlockManagerMasterEndpoint: BlockManagerMasterEndpoint up
[2026-07-25T18:15:52.700+0000] {subprocess.py:93} INFO - 26/07/25 18:15:52 INFO SparkEnv: Registering BlockManagerMasterHeartbeat
[2026-07-25T18:15:52.948+0000] {subprocess.py:93} INFO - 26/07/25 18:15:52 INFO DiskBlockManager: Created local directory at /tmp/blockmgr-22ed8b2b-2c57-42df-836e-9894bf668b47
[2026-07-25T18:15:53.121+0000] {subprocess.py:93} INFO - 26/07/25 18:15:53 INFO MemoryStore: MemoryStore started with capacity 434.4 MiB
[2026-07-25T18:15:53.385+0000] {subprocess.py:93} INFO - 26/07/25 18:15:53 INFO SparkEnv: Registering OutputCommitCoordinator
[2026-07-25T18:15:54.423+0000] {subprocess.py:93} INFO - 26/07/25 18:15:54 INFO JettyUtils: Start Jetty 0.0.0.0:4040 for SparkUI
[2026-07-25T18:15:54.907+0000] {subprocess.py:93} INFO - 26/07/25 18:15:54 WARN Utils: Service 'SparkUI' could not bind on port 4040. Attempting port 4041.
[2026-07-25T18:15:54.911+0000] {subprocess.py:93} INFO - 26/07/25 18:15:54 WARN Utils: Service 'SparkUI' could not bind on port 4041. Attempting port 4042.
[2026-07-25T18:15:54.912+0000] {subprocess.py:93} INFO - 26/07/25 18:15:54 WARN Utils: Service 'SparkUI' could not bind on port 4042. Attempting port 4043.
[2026-07-25T18:15:54.972+0000] {subprocess.py:93} INFO - 26/07/25 18:15:54 WARN Utils: Service 'SparkUI' could not bind on port 4043. Attempting port 4044.
[2026-07-25T18:15:54.978+0000] {subprocess.py:93} INFO - 26/07/25 18:15:54 WARN Utils: Service 'SparkUI' could not bind on port 4044. Attempting port 4045.
[2026-07-25T18:15:55.147+0000] {subprocess.py:93} INFO - 26/07/25 18:15:55 INFO Utils: Successfully started service 'SparkUI' on port 4045.
[2026-07-25T18:15:55.424+0000] {subprocess.py:93} INFO - 26/07/25 18:15:55 ERROR SparkContext: Failed to add /opt/jars/postgresql-42.7.8.jar to Spark environment
[2026-07-25T18:15:55.430+0000] {subprocess.py:93} INFO - java.io.FileNotFoundException: Jar /opt/jars/postgresql-42.7.8.jar not found
[2026-07-25T18:15:55.431+0000] {subprocess.py:93} INFO - 	at org.apache.spark.SparkContext.addLocalJarFile$1(SparkContext.scala:2100)
[2026-07-25T18:15:55.439+0000] {subprocess.py:93} INFO - 	at org.apache.spark.SparkContext.addJar(SparkContext.scala:2156)
[2026-07-25T18:15:55.446+0000] {subprocess.py:93} INFO - 	at org.apache.spark.SparkContext.$anonfun$new$15(SparkContext.scala:526)
[2026-07-25T18:15:55.462+0000] {subprocess.py:93} INFO - 	at org.apache.spark.SparkContext.$anonfun$new$15$adapted(SparkContext.scala:526)
[2026-07-25T18:15:55.463+0000] {subprocess.py:93} INFO - 	at scala.collection.mutable.ResizableArray.foreach(ResizableArray.scala:62)
[2026-07-25T18:15:55.465+0000] {subprocess.py:93} INFO - 	at scala.collection.mutable.ResizableArray.foreach$(ResizableArray.scala:55)
[2026-07-25T18:15:55.465+0000] {subprocess.py:93} INFO - 	at scala.collection.mutable.ArrayBuffer.foreach(ArrayBuffer.scala:49)
[2026-07-25T18:15:55.466+0000] {subprocess.py:93} INFO - 	at org.apache.spark.SparkContext.<init>(SparkContext.scala:526)
[2026-07-25T18:15:55.475+0000] {subprocess.py:93} INFO - 	at org.apache.spark.api.java.JavaSparkContext.<init>(JavaSparkContext.scala:58)
[2026-07-25T18:15:55.485+0000] {subprocess.py:93} INFO - 	at java.base/jdk.internal.reflect.NativeConstructorAccessorImpl.newInstance0(Native Method)
[2026-07-25T18:15:55.486+0000] {subprocess.py:93} INFO - 	at java.base/jdk.internal.reflect.NativeConstructorAccessorImpl.newInstance(NativeConstructorAccessorImpl.java:77)
[2026-07-25T18:15:55.494+0000] {subprocess.py:93} INFO - 	at java.base/jdk.internal.reflect.DelegatingConstructorAccessorImpl.newInstance(DelegatingConstructorAccessorImpl.java:45)
[2026-07-25T18:15:55.502+0000] {subprocess.py:93} INFO - 	at java.base/java.lang.reflect.Constructor.newInstanceWithCaller(Constructor.java:500)
[2026-07-25T18:15:55.511+0000] {subprocess.py:93} INFO - 	at java.base/java.lang.reflect.Constructor.newInstance(Constructor.java:481)
[2026-07-25T18:15:55.512+0000] {subprocess.py:93} INFO - 	at py4j.reflection.MethodInvoker.invoke(MethodInvoker.java:247)
[2026-07-25T18:15:55.514+0000] {subprocess.py:93} INFO - 	at py4j.reflection.ReflectionEngine.invoke(ReflectionEngine.java:374)
[2026-07-25T18:15:55.521+0000] {subprocess.py:93} INFO - 	at py4j.Gateway.invoke(Gateway.java:238)
[2026-07-25T18:15:55.522+0000] {subprocess.py:93} INFO - 	at py4j.commands.ConstructorCommand.invokeConstructor(ConstructorCommand.java:80)
[2026-07-25T18:15:55.525+0000] {subprocess.py:93} INFO - 	at py4j.commands.ConstructorCommand.execute(ConstructorCommand.java:69)
[2026-07-25T18:15:55.532+0000] {subprocess.py:93} INFO - 	at py4j.ClientServerConnection.waitForCommands(ClientServerConnection.java:182)
[2026-07-25T18:15:55.533+0000] {subprocess.py:93} INFO - 	at py4j.ClientServerConnection.run(ClientServerConnection.java:106)
[2026-07-25T18:15:55.539+0000] {subprocess.py:93} INFO - 	at java.base/java.lang.Thread.run(Thread.java:840)
[2026-07-25T18:15:56.081+0000] {subprocess.py:93} INFO - 26/07/25 18:15:56 INFO StandaloneAppClient$ClientEndpoint: Connecting to master spark://spark-master:7077...
[2026-07-25T18:15:56.755+0000] {subprocess.py:93} INFO - 26/07/25 18:15:56 INFO TransportClientFactory: Successfully created connection to spark-master/172.22.0.5:7077 after 492 ms (0 ms spent in bootstraps)
[2026-07-25T18:15:57.458+0000] {subprocess.py:93} INFO - 26/07/25 18:15:57 INFO StandaloneSchedulerBackend: Connected to Spark cluster with app ID app-20260725181557-0013
[2026-07-25T18:15:57.597+0000] {subprocess.py:93} INFO - 26/07/25 18:15:57 INFO Utils: Successfully started service 'org.apache.spark.network.netty.NettyBlockTransferService' on port 33345.
[2026-07-25T18:15:57.605+0000] {subprocess.py:93} INFO - 26/07/25 18:15:57 INFO NettyBlockTransferService: Server created on 30d391bb7be2:33345
[2026-07-25T18:15:57.609+0000] {subprocess.py:93} INFO - 26/07/25 18:15:57 INFO BlockManager: Using org.apache.spark.storage.RandomBlockReplicationPolicy for block replication policy
[2026-07-25T18:15:57.667+0000] {subprocess.py:93} INFO - 26/07/25 18:15:57 INFO BlockManagerMaster: Registering BlockManager BlockManagerId(driver, 30d391bb7be2, 33345, None)
[2026-07-25T18:15:57.675+0000] {subprocess.py:93} INFO - 26/07/25 18:15:57 INFO BlockManagerMasterEndpoint: Registering block manager 30d391bb7be2:33345 with 434.4 MiB RAM, BlockManagerId(driver, 30d391bb7be2, 33345, None)
[2026-07-25T18:15:57.695+0000] {subprocess.py:93} INFO - 26/07/25 18:15:57 INFO BlockManagerMaster: Registered BlockManager BlockManagerId(driver, 30d391bb7be2, 33345, None)
[2026-07-25T18:15:57.702+0000] {subprocess.py:93} INFO - 26/07/25 18:15:57 INFO BlockManager: Initialized BlockManager: BlockManagerId(driver, 30d391bb7be2, 33345, None)
[2026-07-25T18:15:59.684+0000] {subprocess.py:93} INFO - 26/07/25 18:15:59 INFO StandaloneSchedulerBackend: SchedulerBackend is ready for scheduling beginning after reached minRegisteredResourcesRatio: 0.0
[2026-07-25T18:16:02.781+0000] {subprocess.py:93} INFO - 26/07/25 18:16:02 INFO SharedState: Setting hive.metastore.warehouse.dir ('null') to the value of spark.sql.warehouse.dir.
[2026-07-25T18:16:02.801+0000] {subprocess.py:93} INFO - 26/07/25 18:16:02 INFO SharedState: Warehouse path is 'file:/opt/project/spark-warehouse'.
[2026-07-25T18:16:07.944+0000] {subprocess.py:93} INFO - Traceback (most recent call last):
[2026-07-25T18:16:07.946+0000] {subprocess.py:93} INFO -   File "/opt/project/spark_jobs/dimensions/dim_forage.py", line 31, in <module>
[2026-07-25T18:16:07.959+0000] {subprocess.py:93} INFO -     forages = spark.read.jdbc(
[2026-07-25T18:16:07.962+0000] {subprocess.py:93} INFO -               ^^^^^^^^^^^^^^^^
[2026-07-25T18:16:07.970+0000] {subprocess.py:93} INFO -   File "/home/***/.local/lib/python3.12/site-packages/pyspark/sql/readwriter.py", line 946, in jdbc
[2026-07-25T18:16:07.975+0000] {subprocess.py:93} INFO -     return self._df(self._jreader.jdbc(url, table, jprop))
[2026-07-25T18:16:07.976+0000] {subprocess.py:93} INFO -                     ^^^^^^^^^^^^^^^^^^^^^^^^^^^^^^^^^^^^^
[2026-07-25T18:16:07.977+0000] {subprocess.py:93} INFO -   File "/home/***/.local/lib/python3.12/site-packages/py4j/java_gateway.py", line 1322, in __call__
[2026-07-25T18:16:07.982+0000] {subprocess.py:93} INFO -     return_value = get_return_value(
[2026-07-25T18:16:07.984+0000] {subprocess.py:93} INFO -                    ^^^^^^^^^^^^^^^^^
[2026-07-25T18:16:07.985+0000] {subprocess.py:93} INFO -   File "/home/***/.local/lib/python3.12/site-packages/pyspark/errors/exceptions/captured.py", line 179, in deco
[2026-07-25T18:16:07.985+0000] {subprocess.py:93} INFO -     return f(*a, **kw)
[2026-07-25T18:16:07.987+0000] {subprocess.py:93} INFO -            ^^^^^^^^^^^
[2026-07-25T18:16:07.989+0000] {subprocess.py:93} INFO -   File "/home/***/.local/lib/python3.12/site-packages/py4j/protocol.py", line 326, in get_return_value
[2026-07-25T18:16:07.992+0000] {subprocess.py:93} INFO -     raise Py4JJavaError(
[2026-07-25T18:16:07.993+0000] {subprocess.py:93} INFO - py4j.protocol.Py4JJavaError: An error occurred while calling o29.jdbc.
[2026-07-25T18:16:07.995+0000] {subprocess.py:93} INFO - : java.lang.ClassNotFoundException: org.postgresql.Driver
[2026-07-25T18:16:07.997+0000] {subprocess.py:93} INFO - 	at java.base/java.net.URLClassLoader.findClass(URLClassLoader.java:445)
[2026-07-25T18:16:07.999+0000] {subprocess.py:93} INFO - 	at java.base/java.lang.ClassLoader.loadClass(ClassLoader.java:592)
[2026-07-25T18:16:08.006+0000] {subprocess.py:93} INFO - 	at java.base/java.lang.ClassLoader.loadClass(ClassLoader.java:525)
[2026-07-25T18:16:08.008+0000] {subprocess.py:93} INFO - 	at org.apache.spark.sql.execution.datasources.jdbc.DriverRegistry$.register(DriverRegistry.scala:46)
[2026-07-25T18:16:08.011+0000] {subprocess.py:93} INFO - 	at org.apache.spark.sql.execution.datasources.jdbc.JDBCOptions.$anonfun$driverClass$1(JDBCOptions.scala:103)
[2026-07-25T18:16:08.012+0000] {subprocess.py:93} INFO - 	at org.apache.spark.sql.execution.datasources.jdbc.JDBCOptions.$anonfun$driverClass$1$adapted(JDBCOptions.scala:103)
[2026-07-25T18:16:08.018+0000] {subprocess.py:93} INFO - 	at scala.Option.foreach(Option.scala:407)
[2026-07-25T18:16:08.025+0000] {subprocess.py:93} INFO - 	at org.apache.spark.sql.execution.datasources.jdbc.JDBCOptions.<init>(JDBCOptions.scala:103)
[2026-07-25T18:16:08.026+0000] {subprocess.py:93} INFO - 	at org.apache.spark.sql.execution.datasources.jdbc.JDBCOptions.<init>(JDBCOptions.scala:41)
[2026-07-25T18:16:08.027+0000] {subprocess.py:93} INFO - 	at org.apache.spark.sql.execution.datasources.jdbc.JdbcRelationProvider.createRelation(JdbcRelationProvider.scala:34)
[2026-07-25T18:16:08.028+0000] {subprocess.py:93} INFO - 	at org.apache.spark.sql.execution.datasources.DataSource.resolveRelation(DataSource.scala:346)
[2026-07-25T18:16:08.030+0000] {subprocess.py:93} INFO - 	at org.apache.spark.sql.DataFrameReader.loadV1Source(DataFrameReader.scala:229)
[2026-07-25T18:16:08.032+0000] {subprocess.py:93} INFO - 	at org.apache.spark.sql.DataFrameReader.$anonfun$load$2(DataFrameReader.scala:211)
[2026-07-25T18:16:08.033+0000] {subprocess.py:93} INFO - 	at scala.Option.getOrElse(Option.scala:189)
[2026-07-25T18:16:08.034+0000] {subprocess.py:93} INFO - 	at org.apache.spark.sql.DataFrameReader.load(DataFrameReader.scala:211)
[2026-07-25T18:16:08.036+0000] {subprocess.py:93} INFO - 	at org.apache.spark.sql.DataFrameReader.load(DataFrameReader.scala:172)
[2026-07-25T18:16:08.037+0000] {subprocess.py:93} INFO - 	at org.apache.spark.sql.DataFrameReader.jdbc(DataFrameReader.scala:249)
[2026-07-25T18:16:08.038+0000] {subprocess.py:93} INFO - 	at java.base/jdk.internal.reflect.NativeMethodAccessorImpl.invoke0(Native Method)
[2026-07-25T18:16:08.039+0000] {subprocess.py:93} INFO - 	at java.base/jdk.internal.reflect.NativeMethodAccessorImpl.invoke(NativeMethodAccessorImpl.java:77)
[2026-07-25T18:16:08.039+0000] {subprocess.py:93} INFO - 	at java.base/jdk.internal.reflect.DelegatingMethodAccessorImpl.invoke(DelegatingMethodAccessorImpl.java:43)
[2026-07-25T18:16:08.040+0000] {subprocess.py:93} INFO - 	at java.base/java.lang.reflect.Method.invoke(Method.java:569)
[2026-07-25T18:16:08.041+0000] {subprocess.py:93} INFO - 	at py4j.reflection.MethodInvoker.invoke(MethodInvoker.java:244)
[2026-07-25T18:16:08.042+0000] {subprocess.py:93} INFO - 	at py4j.reflection.ReflectionEngine.invoke(ReflectionEngine.java:374)
[2026-07-25T18:16:08.043+0000] {subprocess.py:93} INFO - 	at py4j.Gateway.invoke(Gateway.java:282)
[2026-07-25T18:16:08.044+0000] {subprocess.py:93} INFO - 	at py4j.commands.AbstractCommand.invokeMethod(AbstractCommand.java:132)
[2026-07-25T18:16:08.045+0000] {subprocess.py:93} INFO - 	at py4j.commands.CallCommand.execute(CallCommand.java:79)
[2026-07-25T18:16:08.046+0000] {subprocess.py:93} INFO - 	at py4j.ClientServerConnection.waitForCommands(ClientServerConnection.java:182)
[2026-07-25T18:16:08.047+0000] {subprocess.py:93} INFO - 	at py4j.ClientServerConnection.run(ClientServerConnection.java:106)
[2026-07-25T18:16:08.049+0000] {subprocess.py:93} INFO - 	at java.base/java.lang.Thread.run(Thread.java:840)
[2026-07-25T18:16:08.050+0000] {subprocess.py:93} INFO - 
[2026-07-25T18:16:08.192+0000] {subprocess.py:93} INFO - 26/07/25 18:16:08 INFO SparkContext: Invoking stop() from shutdown hook
[2026-07-25T18:16:08.193+0000] {subprocess.py:93} INFO - 26/07/25 18:16:08 INFO SparkContext: SparkContext is stopping with exitCode 0.
[2026-07-25T18:16:08.232+0000] {subprocess.py:93} INFO - 26/07/25 18:16:08 INFO SparkUI: Stopped Spark web UI at http://30d391bb7be2:4045
[2026-07-25T18:16:08.249+0000] {subprocess.py:93} INFO - 26/07/25 18:16:08 INFO StandaloneSchedulerBackend: Shutting down all executors
[2026-07-25T18:16:08.260+0000] {subprocess.py:93} INFO - 26/07/25 18:16:08 INFO StandaloneSchedulerBackend$StandaloneDriverEndpoint: Asking each executor to shut down
[2026-07-25T18:16:08.316+0000] {subprocess.py:93} INFO - 26/07/25 18:16:08 INFO MapOutputTrackerMasterEndpoint: MapOutputTrackerMasterEndpoint stopped!
[2026-07-25T18:16:08.370+0000] {subprocess.py:93} INFO - 26/07/25 18:16:08 INFO MemoryStore: MemoryStore cleared
[2026-07-25T18:16:08.374+0000] {subprocess.py:93} INFO - 26/07/25 18:16:08 INFO BlockManager: BlockManager stopped
[2026-07-25T18:16:08.388+0000] {subprocess.py:93} INFO - 26/07/25 18:16:08 INFO BlockManagerMaster: BlockManagerMaster stopped
[2026-07-25T18:16:08.393+0000] {subprocess.py:93} INFO - 26/07/25 18:16:08 INFO OutputCommitCoordinator$OutputCommitCoordinatorEndpoint: OutputCommitCoordinator stopped!
[2026-07-25T18:16:08.431+0000] {subprocess.py:93} INFO - 26/07/25 18:16:08 INFO SparkContext: Successfully stopped SparkContext
[2026-07-25T18:16:08.432+0000] {subprocess.py:93} INFO - 26/07/25 18:16:08 INFO ShutdownHookManager: Shutdown hook called
[2026-07-25T18:16:08.434+0000] {subprocess.py:93} INFO - 26/07/25 18:16:08 INFO ShutdownHookManager: Deleting directory /tmp/spark-c9a27aec-7c0b-4493-ba17-90fab6cbbf4f/pyspark-e48328a0-4d64-4554-9376-17e2b51df7e7
[2026-07-25T18:16:08.445+0000] {subprocess.py:93} INFO - 26/07/25 18:16:08 INFO ShutdownHookManager: Deleting directory /tmp/spark-18e7ced7-7549-463d-9e61-6552d1f67132
[2026-07-25T18:16:08.455+0000] {subprocess.py:93} INFO - 26/07/25 18:16:08 INFO ShutdownHookManager: Deleting directory /tmp/spark-c9a27aec-7c0b-4493-ba17-90fab6cbbf4f
[2026-07-25T18:16:08.950+0000] {subprocess.py:97} INFO - Command exited with return code 1
[2026-07-25T18:16:08.993+0000] {taskinstance.py:3301} ERROR - Task failed with exception
Traceback (most recent call last):
  File "/home/airflow/.local/lib/python3.12/site-packages/airflow/models/taskinstance.py", line 767, in _execute_task
    result = _execute_callable(context=context, **execute_callable_kwargs)
             ^^^^^^^^^^^^^^^^^^^^^^^^^^^^^^^^^^^^^^^^^^^^^^^^^^^^^^^^^^^^^
  File "/home/airflow/.local/lib/python3.12/site-packages/airflow/models/taskinstance.py", line 733, in _execute_callable
    return ExecutionCallableRunner(
           ^^^^^^^^^^^^^^^^^^^^^^^^
  File "/home/airflow/.local/lib/python3.12/site-packages/airflow/utils/operator_helpers.py", line 252, in run
    return self.func(*args, **kwargs)
           ^^^^^^^^^^^^^^^^^^^^^^^^^^
  File "/home/airflow/.local/lib/python3.12/site-packages/airflow/models/baseoperator.py", line 406, in wrapper
    return func(self, *args, **kwargs)
           ^^^^^^^^^^^^^^^^^^^^^^^^^^^
  File "/home/airflow/.local/lib/python3.12/site-packages/airflow/operators/bash.py", line 249, in execute
    raise AirflowException(
airflow.exceptions.AirflowException: Bash command failed. The command returned a non-zero exit code 1.
[2026-07-25T18:16:09.004+0000] {taskinstance.py:1225} INFO - Marking task as FAILED. dag_id=flex_eau_pipeline, task_id=dim_forage, run_id=scheduled__2026-07-24T00:00:00+00:00, execution_date=20260724T000000, start_date=20260725T181533, end_date=20260725T181609
[2026-07-25T18:16:09.033+0000] {taskinstance.py:340} INFO - ::group::Post task execution logs
[2026-07-25T18:16:09.035+0000] {standard_task_runner.py:124} ERROR - Failed to execute job 16 for task dim_forage (Bash command failed. The command returned a non-zero exit code 1.; 1990)
Traceback (most recent call last):
  File "/home/airflow/.local/lib/python3.12/site-packages/airflow/task/task_runner/standard_task_runner.py", line 117, in _start_by_fork
    ret = args.func(args, dag=self.dag)
          ^^^^^^^^^^^^^^^^^^^^^^^^^^^^^
  File "/home/airflow/.local/lib/python3.12/site-packages/airflow/cli/cli_config.py", line 49, in command
    return func(*args, **kwargs)
           ^^^^^^^^^^^^^^^^^^^^^
  File "/home/airflow/.local/lib/python3.12/site-packages/airflow/utils/cli.py", line 115, in wrapper
    return f(*args, **kwargs)
           ^^^^^^^^^^^^^^^^^^
  File "/home/airflow/.local/lib/python3.12/site-packages/airflow/cli/commands/task_command.py", line 483, in task_run
    task_return_code = _run_task_by_selected_method(args, _dag, ti)
                       ^^^^^^^^^^^^^^^^^^^^^^^^^^^^^^^^^^^^^^^^^^^^
  File "/home/airflow/.local/lib/python3.12/site-packages/airflow/cli/commands/task_command.py", line 256, in _run_task_by_selected_method
    return _run_raw_task(args, ti)
           ^^^^^^^^^^^^^^^^^^^^^^^
  File "/home/airflow/.local/lib/python3.12/site-packages/airflow/cli/commands/task_command.py", line 341, in _run_raw_task
    return ti._run_raw_task(
           ^^^^^^^^^^^^^^^^^
  File "/home/airflow/.local/lib/python3.12/site-packages/airflow/utils/session.py", line 97, in wrapper
    return func(*args, session=session, **kwargs)
           ^^^^^^^^^^^^^^^^^^^^^^^^^^^^^^^^^^^^^^
  File "/home/airflow/.local/lib/python3.12/site-packages/airflow/models/taskinstance.py", line 2995, in _run_raw_task
    return _run_raw_task(
           ^^^^^^^^^^^^^^
  File "/home/airflow/.local/lib/python3.12/site-packages/airflow/models/taskinstance.py", line 273, in _run_raw_task
    TaskInstance._execute_task_with_callbacks(
  File "/home/airflow/.local/lib/python3.12/site-packages/airflow/models/taskinstance.py", line 3149, in _execute_task_with_callbacks
    result = self._execute_task(context, task_orig)
             ^^^^^^^^^^^^^^^^^^^^^^^^^^^^^^^^^^^^^^
  File "/home/airflow/.local/lib/python3.12/site-packages/airflow/models/taskinstance.py", line 3173, in _execute_task
    return _execute_task(self, context, task_orig)
           ^^^^^^^^^^^^^^^^^^^^^^^^^^^^^^^^^^^^^^^
  File "/home/airflow/.local/lib/python3.12/site-packages/airflow/models/taskinstance.py", line 767, in _execute_task
    result = _execute_callable(context=context, **execute_callable_kwargs)
             ^^^^^^^^^^^^^^^^^^^^^^^^^^^^^^^^^^^^^^^^^^^^^^^^^^^^^^^^^^^^^
  File "/home/airflow/.local/lib/python3.12/site-packages/airflow/models/taskinstance.py", line 733, in _execute_callable
    return ExecutionCallableRunner(
           ^^^^^^^^^^^^^^^^^^^^^^^^
  File "/home/airflow/.local/lib/python3.12/site-packages/airflow/utils/operator_helpers.py", line 252, in run
    return self.func(*args, **kwargs)
           ^^^^^^^^^^^^^^^^^^^^^^^^^^
  File "/home/airflow/.local/lib/python3.12/site-packages/airflow/models/baseoperator.py", line 406, in wrapper
    return func(self, *args, **kwargs)
           ^^^^^^^^^^^^^^^^^^^^^^^^^^^
  File "/home/airflow/.local/lib/python3.12/site-packages/airflow/operators/bash.py", line 249, in execute
    raise AirflowException(
airflow.exceptions.AirflowException: Bash command failed. The command returned a non-zero exit code 1.
[2026-07-25T18:16:09.072+0000] {local_task_job_runner.py:261} INFO - Task exited with return code 1
[2026-07-25T18:16:09.119+0000] {taskinstance.py:3891} INFO - 0 downstream tasks scheduled from follow-on schedule check
[2026-07-25T18:16:09.125+0000] {local_task_job_runner.py:240} INFO - ::endgroup::
[2026-07-25T19:55:55.805+0000] {local_task_job_runner.py:123} INFO - ::group::Pre task execution logs
[2026-07-25T19:55:55.876+0000] {taskinstance.py:2603} INFO - Dependencies all met for dep_context=non-requeueable deps ti=<TaskInstance: flex_eau_pipeline.dim_forage scheduled__2026-07-24T00:00:00+00:00 [queued]>
[2026-07-25T19:55:55.909+0000] {taskinstance.py:2603} INFO - Dependencies all met for dep_context=requeueable deps ti=<TaskInstance: flex_eau_pipeline.dim_forage scheduled__2026-07-24T00:00:00+00:00 [queued]>
[2026-07-25T19:55:55.910+0000] {taskinstance.py:2856} INFO - Starting attempt 2 of 2
[2026-07-25T19:55:55.950+0000] {taskinstance.py:2879} INFO - Executing <Task(BashOperator): dim_forage> on 2026-07-24 00:00:00+00:00
[2026-07-25T19:55:55.965+0000] {standard_task_runner.py:72} INFO - Started process 1673 to run task
[2026-07-25T19:55:55.976+0000] {standard_task_runner.py:104} INFO - Running: ['***', 'tasks', 'run', 'flex_eau_pipeline', 'dim_forage', 'scheduled__2026-07-24T00:00:00+00:00', '--job-id', '15', '--raw', '--subdir', 'DAGS_FOLDER/flex_eau_pipeline.py', '--cfg-path', '/tmp/tmpuqfynob5']
[2026-07-25T19:55:55.983+0000] {standard_task_runner.py:105} INFO - Job 15: Subtask dim_forage
[2026-07-25T19:55:56.178+0000] {task_command.py:467} INFO - Running <TaskInstance: flex_eau_pipeline.dim_forage scheduled__2026-07-24T00:00:00+00:00 [running]> on host 8e34fafe5529
[2026-07-25T19:55:56.438+0000] {taskinstance.py:3122} INFO - Exporting env vars: AIRFLOW_CTX_DAG_OWNER='flex-eau' AIRFLOW_CTX_DAG_ID='flex_eau_pipeline' AIRFLOW_CTX_TASK_ID='dim_forage' AIRFLOW_CTX_EXECUTION_DATE='2026-07-24T00:00:00+00:00' AIRFLOW_CTX_TRY_NUMBER='2' AIRFLOW_CTX_DAG_RUN_ID='scheduled__2026-07-24T00:00:00+00:00'
[2026-07-25T19:55:56.443+0000] {taskinstance.py:731} INFO - ::endgroup::
[2026-07-25T19:55:56.512+0000] {subprocess.py:63} INFO - Tmp dir root location: /tmp
[2026-07-25T19:55:56.513+0000] {subprocess.py:75} INFO - Running command: ['/usr/bin/bash', '-c', 'python spark_jobs/dimensions/dim_forage.py']
[2026-07-25T19:55:56.549+0000] {subprocess.py:86} INFO - Output:
[2026-07-25T19:56:09.951+0000] {subprocess.py:93} INFO - 26/07/25 19:56:09 WARN NativeCodeLoader: Unable to load native-hadoop library for your platform... using builtin-java classes where applicable
[2026-07-25T19:56:11.154+0000] {subprocess.py:93} INFO - 26/07/25 19:56:11 WARN DependencyUtils: Local jar /opt/jars/postgresql-42.7.8.jar does not exist, skipping.
[2026-07-25T19:56:11.983+0000] {subprocess.py:93} INFO - 26/07/25 19:56:11 INFO SparkContext: Running Spark version 3.5.1
[2026-07-25T19:56:11.989+0000] {subprocess.py:93} INFO - 26/07/25 19:56:11 INFO SparkContext: OS info Linux, 6.6.87.2-microsoft-standard-WSL2, amd64
[2026-07-25T19:56:11.999+0000] {subprocess.py:93} INFO - 26/07/25 19:56:11 INFO SparkContext: Java version 17.0.19
[2026-07-25T19:56:12.407+0000] {subprocess.py:93} INFO - 26/07/25 19:56:12 INFO ResourceUtils: ==============================================================
[2026-07-25T19:56:12.409+0000] {subprocess.py:93} INFO - 26/07/25 19:56:12 INFO ResourceUtils: No custom resources configured for spark.driver.
[2026-07-25T19:56:12.452+0000] {subprocess.py:93} INFO - 26/07/25 19:56:12 INFO ResourceUtils: ==============================================================
[2026-07-25T19:56:12.477+0000] {subprocess.py:93} INFO - 26/07/25 19:56:12 INFO SparkContext: Submitted application: DIM_FORAGE
[2026-07-25T19:56:12.653+0000] {subprocess.py:93} INFO - 26/07/25 19:56:12 INFO ResourceProfile: Default ResourceProfile created, executor resources: Map(memory -> name: memory, amount: 1024, script: , vendor: , offHeap -> name: offHeap, amount: 0, script: , vendor: ), task resources: Map(cpus -> name: cpus, amount: 1.0)
[2026-07-25T19:56:12.700+0000] {subprocess.py:93} INFO - 26/07/25 19:56:12 INFO ResourceProfile: Limiting resource is cpu
[2026-07-25T19:56:12.715+0000] {subprocess.py:93} INFO - 26/07/25 19:56:12 INFO ResourceProfileManager: Added ResourceProfile id: 0
[2026-07-25T19:56:12.952+0000] {subprocess.py:93} INFO - 26/07/25 19:56:12 INFO SecurityManager: Changing view acls to: ***
[2026-07-25T19:56:12.958+0000] {subprocess.py:93} INFO - 26/07/25 19:56:12 INFO SecurityManager: Changing modify acls to: ***
[2026-07-25T19:56:12.962+0000] {subprocess.py:93} INFO - 26/07/25 19:56:12 INFO SecurityManager: Changing view acls groups to:
[2026-07-25T19:56:12.963+0000] {subprocess.py:93} INFO - 26/07/25 19:56:12 INFO SecurityManager: Changing modify acls groups to:
[2026-07-25T19:56:12.965+0000] {subprocess.py:93} INFO - 26/07/25 19:56:12 INFO SecurityManager: SecurityManager: authentication disabled; ui acls disabled; users with view permissions: ***; groups with view permissions: EMPTY; users with modify permissions: ***; groups with modify permissions: EMPTY
[2026-07-25T19:56:14.110+0000] {subprocess.py:93} INFO - 26/07/25 19:56:14 INFO Utils: Successfully started service 'sparkDriver' on port 46263.
[2026-07-25T19:56:14.307+0000] {subprocess.py:93} INFO - 26/07/25 19:56:14 INFO SparkEnv: Registering MapOutputTracker
[2026-07-25T19:56:14.679+0000] {subprocess.py:93} INFO - 26/07/25 19:56:14 INFO SparkEnv: Registering BlockManagerMaster
[2026-07-25T19:56:14.720+0000] {subprocess.py:93} INFO - 26/07/25 19:56:14 INFO BlockManagerMasterEndpoint: Using org.apache.spark.storage.DefaultTopologyMapper for getting topology information
[2026-07-25T19:56:14.732+0000] {subprocess.py:93} INFO - 26/07/25 19:56:14 INFO BlockManagerMasterEndpoint: BlockManagerMasterEndpoint up
[2026-07-25T19:56:14.740+0000] {subprocess.py:93} INFO - 26/07/25 19:56:14 INFO SparkEnv: Registering BlockManagerMasterHeartbeat
[2026-07-25T19:56:14.975+0000] {subprocess.py:93} INFO - 26/07/25 19:56:14 INFO DiskBlockManager: Created local directory at /tmp/blockmgr-81fe492c-48c8-4f3f-b3fe-86357953a867
[2026-07-25T19:56:15.087+0000] {subprocess.py:93} INFO - 26/07/25 19:56:15 INFO MemoryStore: MemoryStore started with capacity 434.4 MiB
[2026-07-25T19:56:15.203+0000] {subprocess.py:93} INFO - 26/07/25 19:56:15 INFO SparkEnv: Registering OutputCommitCoordinator
[2026-07-25T19:56:16.685+0000] {subprocess.py:93} INFO - 26/07/25 19:56:16 INFO JettyUtils: Start Jetty 0.0.0.0:4040 for SparkUI
[2026-07-25T19:56:17.707+0000] {subprocess.py:93} INFO - 26/07/25 19:56:17 WARN Utils: Service 'SparkUI' could not bind on port 4040. Attempting port 4041.
[2026-07-25T19:56:17.718+0000] {subprocess.py:93} INFO - 26/07/25 19:56:17 WARN Utils: Service 'SparkUI' could not bind on port 4041. Attempting port 4042.
[2026-07-25T19:56:17.726+0000] {subprocess.py:93} INFO - 26/07/25 19:56:17 WARN Utils: Service 'SparkUI' could not bind on port 4042. Attempting port 4043.
[2026-07-25T19:56:17.741+0000] {subprocess.py:93} INFO - 26/07/25 19:56:17 WARN Utils: Service 'SparkUI' could not bind on port 4043. Attempting port 4044.
[2026-07-25T19:56:17.743+0000] {subprocess.py:93} INFO - 26/07/25 19:56:17 WARN Utils: Service 'SparkUI' could not bind on port 4044. Attempting port 4045.
[2026-07-25T19:56:17.764+0000] {subprocess.py:93} INFO - 26/07/25 19:56:17 WARN Utils: Service 'SparkUI' could not bind on port 4045. Attempting port 4046.
[2026-07-25T19:56:17.875+0000] {subprocess.py:93} INFO - 26/07/25 19:56:17 INFO Utils: Successfully started service 'SparkUI' on port 4046.
[2026-07-25T19:56:18.177+0000] {subprocess.py:93} INFO - 26/07/25 19:56:18 ERROR SparkContext: Failed to add /opt/jars/postgresql-42.7.8.jar to Spark environment
[2026-07-25T19:56:18.178+0000] {subprocess.py:93} INFO - java.io.FileNotFoundException: Jar /opt/jars/postgresql-42.7.8.jar not found
[2026-07-25T19:56:18.180+0000] {subprocess.py:93} INFO - 	at org.apache.spark.SparkContext.addLocalJarFile$1(SparkContext.scala:2100)
[2026-07-25T19:56:18.181+0000] {subprocess.py:93} INFO - 	at org.apache.spark.SparkContext.addJar(SparkContext.scala:2156)
[2026-07-25T19:56:18.182+0000] {subprocess.py:93} INFO - 	at org.apache.spark.SparkContext.$anonfun$new$15(SparkContext.scala:526)
[2026-07-25T19:56:18.185+0000] {subprocess.py:93} INFO - 	at org.apache.spark.SparkContext.$anonfun$new$15$adapted(SparkContext.scala:526)
[2026-07-25T19:56:18.186+0000] {subprocess.py:93} INFO - 	at scala.collection.mutable.ResizableArray.foreach(ResizableArray.scala:62)
[2026-07-25T19:56:18.188+0000] {subprocess.py:93} INFO - 	at scala.collection.mutable.ResizableArray.foreach$(ResizableArray.scala:55)
[2026-07-25T19:56:18.193+0000] {subprocess.py:93} INFO - 	at scala.collection.mutable.ArrayBuffer.foreach(ArrayBuffer.scala:49)
[2026-07-25T19:56:18.194+0000] {subprocess.py:93} INFO - 	at org.apache.spark.SparkContext.<init>(SparkContext.scala:526)
[2026-07-25T19:56:18.207+0000] {subprocess.py:93} INFO - 	at org.apache.spark.api.java.JavaSparkContext.<init>(JavaSparkContext.scala:58)
[2026-07-25T19:56:18.208+0000] {subprocess.py:93} INFO - 	at java.base/jdk.internal.reflect.NativeConstructorAccessorImpl.newInstance0(Native Method)
[2026-07-25T19:56:18.209+0000] {subprocess.py:93} INFO - 	at java.base/jdk.internal.reflect.NativeConstructorAccessorImpl.newInstance(NativeConstructorAccessorImpl.java:77)
[2026-07-25T19:56:18.210+0000] {subprocess.py:93} INFO - 	at java.base/jdk.internal.reflect.DelegatingConstructorAccessorImpl.newInstance(DelegatingConstructorAccessorImpl.java:45)
[2026-07-25T19:56:18.211+0000] {subprocess.py:93} INFO - 	at java.base/java.lang.reflect.Constructor.newInstanceWithCaller(Constructor.java:500)
[2026-07-25T19:56:18.212+0000] {subprocess.py:93} INFO - 	at java.base/java.lang.reflect.Constructor.newInstance(Constructor.java:481)
[2026-07-25T19:56:18.213+0000] {subprocess.py:93} INFO - 	at py4j.reflection.MethodInvoker.invoke(MethodInvoker.java:247)
[2026-07-25T19:56:18.219+0000] {subprocess.py:93} INFO - 	at py4j.reflection.ReflectionEngine.invoke(ReflectionEngine.java:374)
[2026-07-25T19:56:18.220+0000] {subprocess.py:93} INFO - 	at py4j.Gateway.invoke(Gateway.java:238)
[2026-07-25T19:56:18.221+0000] {subprocess.py:93} INFO - 	at py4j.commands.ConstructorCommand.invokeConstructor(ConstructorCommand.java:80)
[2026-07-25T19:56:18.222+0000] {subprocess.py:93} INFO - 	at py4j.commands.ConstructorCommand.execute(ConstructorCommand.java:69)
[2026-07-25T19:56:18.223+0000] {subprocess.py:93} INFO - 	at py4j.ClientServerConnection.waitForCommands(ClientServerConnection.java:182)
[2026-07-25T19:56:18.224+0000] {subprocess.py:93} INFO - 	at py4j.ClientServerConnection.run(ClientServerConnection.java:106)
[2026-07-25T19:56:18.226+0000] {subprocess.py:93} INFO - 	at java.base/java.lang.Thread.run(Thread.java:840)
[2026-07-25T19:56:18.645+0000] {subprocess.py:93} INFO - 26/07/25 19:56:18 INFO StandaloneAppClient$ClientEndpoint: Connecting to master spark://spark-master:7077...
[2026-07-25T19:56:18.326+0000] {subprocess.py:93} INFO - 26/07/25 19:56:18 INFO TransportClientFactory: Successfully created connection to spark-master/172.22.0.5:7077 after 104 ms (0 ms spent in bootstraps)
[2026-07-25T19:56:18.341+0000] {subprocess.py:93} INFO - 26/07/25 19:56:18 INFO StandaloneSchedulerBackend: Connected to Spark cluster with app ID app-20260725195618-0014
[2026-07-25T19:56:18.448+0000] {subprocess.py:93} INFO - 26/07/25 19:56:18 INFO Utils: Successfully started service 'org.apache.spark.network.netty.NettyBlockTransferService' on port 38087.
[2026-07-25T19:56:18.454+0000] {subprocess.py:93} INFO - 26/07/25 19:56:18 INFO NettyBlockTransferService: Server created on 8e34fafe5529:38087
[2026-07-25T19:56:18.469+0000] {subprocess.py:93} INFO - 26/07/25 19:56:18 INFO BlockManager: Using org.apache.spark.storage.RandomBlockReplicationPolicy for block replication policy
[2026-07-25T19:56:18.499+0000] {subprocess.py:93} INFO - 26/07/25 19:56:18 INFO BlockManagerMaster: Registering BlockManager BlockManagerId(driver, 8e34fafe5529, 38087, None)
[2026-07-25T19:56:18.509+0000] {subprocess.py:93} INFO - 26/07/25 19:56:18 INFO BlockManagerMasterEndpoint: Registering block manager 8e34fafe5529:38087 with 434.4 MiB RAM, BlockManagerId(driver, 8e34fafe5529, 38087, None)
[2026-07-25T19:56:18.537+0000] {subprocess.py:93} INFO - 26/07/25 19:56:18 INFO BlockManagerMaster: Registered BlockManager BlockManagerId(driver, 8e34fafe5529, 38087, None)
[2026-07-25T19:56:18.539+0000] {subprocess.py:93} INFO - 26/07/25 19:56:18 INFO BlockManager: Initialized BlockManager: BlockManagerId(driver, 8e34fafe5529, 38087, None)
[2026-07-25T19:56:20.189+0000] {subprocess.py:93} INFO - 26/07/25 19:56:20 INFO StandaloneSchedulerBackend: SchedulerBackend is ready for scheduling beginning after reached minRegisteredResourcesRatio: 0.0
[2026-07-25T19:56:21.600+0000] {subprocess.py:93} INFO - 26/07/25 19:56:21 INFO SharedState: Setting hive.metastore.warehouse.dir ('null') to the value of spark.sql.warehouse.dir.
[2026-07-25T19:56:21.648+0000] {subprocess.py:93} INFO - 26/07/25 19:56:21 INFO SharedState: Warehouse path is 'file:/opt/project/spark-warehouse'.
[2026-07-25T19:56:26.582+0000] {subprocess.py:93} INFO - Traceback (most recent call last):
[2026-07-25T19:56:26.583+0000] {subprocess.py:93} INFO -   File "spark_jobs/dimensions/dim_forage.py", line 31, in <module>
[2026-07-25T19:56:26.584+0000] {subprocess.py:93} INFO -     forages = spark.read.jdbc(
[2026-07-25T19:56:26.585+0000] {subprocess.py:93} INFO -   File "/home/***/.local/lib/python3.8/site-packages/pyspark/sql/readwriter.py", line 946, in jdbc
[2026-07-25T19:56:26.586+0000] {subprocess.py:93} INFO -     return self._df(self._jreader.jdbc(url, table, jprop))
[2026-07-25T19:56:26.587+0000] {subprocess.py:93} INFO -   File "/home/***/.local/lib/python3.8/site-packages/py4j/java_gateway.py", line 1322, in __call__
[2026-07-25T19:56:26.587+0000] {subprocess.py:93} INFO -     return_value = get_return_value(
[2026-07-25T19:56:26.600+0000] {subprocess.py:93} INFO -   File "/home/***/.local/lib/python3.8/site-packages/pyspark/errors/exceptions/captured.py", line 179, in deco
[2026-07-25T19:56:26.618+0000] {subprocess.py:93} INFO -     return f(*a, **kw)
[2026-07-25T19:56:26.623+0000] {subprocess.py:93} INFO -   File "/home/***/.local/lib/python3.8/site-packages/py4j/protocol.py", line 326, in get_return_value
[2026-07-25T19:56:26.628+0000] {subprocess.py:93} INFO -     raise Py4JJavaError(
[2026-07-25T19:56:26.634+0000] {subprocess.py:93} INFO - py4j.protocol.Py4JJavaError: An error occurred while calling o29.jdbc.
[2026-07-25T19:56:26.636+0000] {subprocess.py:93} INFO - : java.lang.ClassNotFoundException: org.postgresql.Driver
[2026-07-25T19:56:26.637+0000] {subprocess.py:93} INFO - 	at java.base/java.net.URLClassLoader.findClass(URLClassLoader.java:445)
[2026-07-25T19:56:26.638+0000] {subprocess.py:93} INFO - 	at java.base/java.lang.ClassLoader.loadClass(ClassLoader.java:592)
[2026-07-25T19:56:26.640+0000] {subprocess.py:93} INFO - 	at java.base/java.lang.ClassLoader.loadClass(ClassLoader.java:525)
[2026-07-25T19:56:26.657+0000] {subprocess.py:93} INFO - 	at org.apache.spark.sql.execution.datasources.jdbc.DriverRegistry$.register(DriverRegistry.scala:46)
[2026-07-25T19:56:26.659+0000] {subprocess.py:93} INFO - 	at org.apache.spark.sql.execution.datasources.jdbc.JDBCOptions.$anonfun$driverClass$1(JDBCOptions.scala:103)
[2026-07-25T19:56:26.668+0000] {subprocess.py:93} INFO - 	at org.apache.spark.sql.execution.datasources.jdbc.JDBCOptions.$anonfun$driverClass$1$adapted(JDBCOptions.scala:103)
[2026-07-25T19:56:26.671+0000] {subprocess.py:93} INFO - 	at scala.Option.foreach(Option.scala:407)
[2026-07-25T19:56:26.672+0000] {subprocess.py:93} INFO - 	at org.apache.spark.sql.execution.datasources.jdbc.JDBCOptions.<init>(JDBCOptions.scala:103)
[2026-07-25T19:56:26.673+0000] {subprocess.py:93} INFO - 	at org.apache.spark.sql.execution.datasources.jdbc.JDBCOptions.<init>(JDBCOptions.scala:41)
[2026-07-25T19:56:26.674+0000] {subprocess.py:93} INFO - 	at org.apache.spark.sql.execution.datasources.jdbc.JdbcRelationProvider.createRelation(JdbcRelationProvider.scala:34)
[2026-07-25T19:56:26.688+0000] {subprocess.py:93} INFO - 	at org.apache.spark.sql.execution.datasources.DataSource.resolveRelation(DataSource.scala:346)
[2026-07-25T19:56:26.689+0000] {subprocess.py:93} INFO - 	at org.apache.spark.sql.DataFrameReader.loadV1Source(DataFrameReader.scala:229)
[2026-07-25T19:56:26.691+0000] {subprocess.py:93} INFO - 	at org.apache.spark.sql.DataFrameReader.$anonfun$load$2(DataFrameReader.scala:211)
[2026-07-25T19:56:26.698+0000] {subprocess.py:93} INFO - 	at scala.Option.getOrElse(Option.scala:189)
[2026-07-25T19:56:26.699+0000] {subprocess.py:93} INFO - 	at org.apache.spark.sql.DataFrameReader.load(DataFrameReader.scala:211)
[2026-07-25T19:56:26.700+0000] {subprocess.py:93} INFO - 	at org.apache.spark.sql.DataFrameReader.load(DataFrameReader.scala:172)
[2026-07-25T19:56:26.729+0000] {subprocess.py:93} INFO - 	at org.apache.spark.sql.DataFrameReader.jdbc(DataFrameReader.scala:249)
[2026-07-25T19:56:26.732+0000] {subprocess.py:93} INFO - 	at java.base/jdk.internal.reflect.NativeMethodAccessorImpl.invoke0(Native Method)
[2026-07-25T19:56:26.735+0000] {subprocess.py:93} INFO - 	at java.base/jdk.internal.reflect.NativeMethodAccessorImpl.invoke(NativeMethodAccessorImpl.java:77)
[2026-07-25T19:56:26.740+0000] {subprocess.py:93} INFO - 	at java.base/jdk.internal.reflect.DelegatingMethodAccessorImpl.invoke(DelegatingMethodAccessorImpl.java:43)
[2026-07-25T19:56:26.761+0000] {subprocess.py:93} INFO - 	at java.base/java.lang.reflect.Method.invoke(Method.java:569)
[2026-07-25T19:56:26.762+0000] {subprocess.py:93} INFO - 	at py4j.reflection.MethodInvoker.invoke(MethodInvoker.java:244)
[2026-07-25T19:56:26.766+0000] {subprocess.py:93} INFO - 	at py4j.reflection.ReflectionEngine.invoke(ReflectionEngine.java:374)
[2026-07-25T19:56:26.768+0000] {subprocess.py:93} INFO - 	at py4j.Gateway.invoke(Gateway.java:282)
[2026-07-25T19:56:26.789+0000] {subprocess.py:93} INFO - 	at py4j.commands.AbstractCommand.invokeMethod(AbstractCommand.java:132)
[2026-07-25T19:56:26.795+0000] {subprocess.py:93} INFO - 	at py4j.commands.CallCommand.execute(CallCommand.java:79)
[2026-07-25T19:56:26.797+0000] {subprocess.py:93} INFO - 	at py4j.ClientServerConnection.waitForCommands(ClientServerConnection.java:182)
[2026-07-25T19:56:26.801+0000] {subprocess.py:93} INFO - 	at py4j.ClientServerConnection.run(ClientServerConnection.java:106)
[2026-07-25T19:56:26.805+0000] {subprocess.py:93} INFO - 	at java.base/java.lang.Thread.run(Thread.java:840)
[2026-07-25T19:56:26.811+0000] {subprocess.py:93} INFO - 
[2026-07-25T19:56:26.913+0000] {subprocess.py:93} INFO - 26/07/25 19:56:26 INFO SparkContext: Invoking stop() from shutdown hook
[2026-07-25T19:56:26.914+0000] {subprocess.py:93} INFO - 26/07/25 19:56:26 INFO SparkContext: SparkContext is stopping with exitCode 0.
[2026-07-25T19:56:26.957+0000] {subprocess.py:93} INFO - 26/07/25 19:56:26 INFO SparkUI: Stopped Spark web UI at http://8e34fafe5529:4046
[2026-07-25T19:56:27.029+0000] {subprocess.py:93} INFO - 26/07/25 19:56:27 INFO StandaloneSchedulerBackend: Shutting down all executors
[2026-07-25T19:56:27.064+0000] {subprocess.py:93} INFO - 26/07/25 19:56:27 INFO StandaloneSchedulerBackend$StandaloneDriverEndpoint: Asking each executor to shut down
[2026-07-25T19:56:27.171+0000] {subprocess.py:93} INFO - 26/07/25 19:56:27 INFO MapOutputTrackerMasterEndpoint: MapOutputTrackerMasterEndpoint stopped!
[2026-07-25T19:56:27.380+0000] {subprocess.py:93} INFO - 26/07/25 19:56:27 INFO MemoryStore: MemoryStore cleared
[2026-07-25T19:56:27.381+0000] {subprocess.py:93} INFO - 26/07/25 19:56:27 INFO BlockManager: BlockManager stopped
[2026-07-25T19:56:27.408+0000] {subprocess.py:93} INFO - 26/07/25 19:56:27 INFO BlockManagerMaster: BlockManagerMaster stopped
[2026-07-25T19:56:27.421+0000] {subprocess.py:93} INFO - 26/07/25 19:56:27 INFO OutputCommitCoordinator$OutputCommitCoordinatorEndpoint: OutputCommitCoordinator stopped!
[2026-07-25T19:56:27.542+0000] {subprocess.py:93} INFO - 26/07/25 19:56:27 INFO SparkContext: Successfully stopped SparkContext
[2026-07-25T19:56:27.546+0000] {subprocess.py:93} INFO - 26/07/25 19:56:27 INFO ShutdownHookManager: Shutdown hook called
[2026-07-25T19:56:27.549+0000] {subprocess.py:93} INFO - 26/07/25 19:56:27 INFO ShutdownHookManager: Deleting directory /tmp/spark-5faf61b5-edde-432c-956d-c4f13a784235/pyspark-5b2d7522-8132-4edf-9616-073c665142a2
[2026-07-25T19:56:27.568+0000] {subprocess.py:93} INFO - 26/07/25 19:56:27 INFO ShutdownHookManager: Deleting directory /tmp/spark-5faf61b5-edde-432c-956d-c4f13a784235
[2026-07-25T19:56:27.584+0000] {subprocess.py:93} INFO - 26/07/25 19:56:27 INFO ShutdownHookManager: Deleting directory /tmp/spark-dbf20cc1-1b90-400a-a1e7-826d8eb7fb11
[2026-07-25T19:56:28.065+0000] {subprocess.py:97} INFO - Command exited with return code 1
[2026-07-25T19:56:28.092+0000] {taskinstance.py:3301} ERROR - Task failed with exception
Traceback (most recent call last):
  File "/home/airflow/.local/lib/python3.8/site-packages/airflow/models/taskinstance.py", line 767, in _execute_task
    result = _execute_callable(context=context, **execute_callable_kwargs)
  File "/home/airflow/.local/lib/python3.8/site-packages/airflow/models/taskinstance.py", line 733, in _execute_callable
    return ExecutionCallableRunner(
  File "/home/airflow/.local/lib/python3.8/site-packages/airflow/utils/operator_helpers.py", line 252, in run
    return self.func(*args, **kwargs)
  File "/home/airflow/.local/lib/python3.8/site-packages/airflow/models/baseoperator.py", line 406, in wrapper
    return func(self, *args, **kwargs)
  File "/home/airflow/.local/lib/python3.8/site-packages/airflow/operators/bash.py", line 249, in execute
    raise AirflowException(
airflow.exceptions.AirflowException: Bash command failed. The command returned a non-zero exit code 1.
[2026-07-25T19:56:28.098+0000] {taskinstance.py:1225} INFO - Marking task as FAILED. dag_id=flex_eau_pipeline, task_id=dim_forage, run_id=scheduled__2026-07-24T00:00:00+00:00, execution_date=20260724T000000, start_date=20260725T195555, end_date=20260725T195628
[2026-07-25T19:56:28.121+0000] {taskinstance.py:340} INFO - ::group::Post task execution logs
[2026-07-25T19:56:28.122+0000] {standard_task_runner.py:124} ERROR - Failed to execute job 15 for task dim_forage (Bash command failed. The command returned a non-zero exit code 1.; 1673)
Traceback (most recent call last):
  File "/home/airflow/.local/lib/python3.8/site-packages/airflow/task/task_runner/standard_task_runner.py", line 117, in _start_by_fork
    ret = args.func(args, dag=self.dag)
  File "/home/airflow/.local/lib/python3.8/site-packages/airflow/cli/cli_config.py", line 49, in command
    return func(*args, **kwargs)
  File "/home/airflow/.local/lib/python3.8/site-packages/airflow/utils/cli.py", line 115, in wrapper
    return f(*args, **kwargs)
  File "/home/airflow/.local/lib/python3.8/site-packages/airflow/cli/commands/task_command.py", line 483, in task_run
    task_return_code = _run_task_by_selected_method(args, _dag, ti)
  File "/home/airflow/.local/lib/python3.8/site-packages/airflow/cli/commands/task_command.py", line 256, in _run_task_by_selected_method
    return _run_raw_task(args, ti)
  File "/home/airflow/.local/lib/python3.8/site-packages/airflow/cli/commands/task_command.py", line 341, in _run_raw_task
    return ti._run_raw_task(
  File "/home/airflow/.local/lib/python3.8/site-packages/airflow/utils/session.py", line 97, in wrapper
    return func(*args, session=session, **kwargs)
  File "/home/airflow/.local/lib/python3.8/site-packages/airflow/models/taskinstance.py", line 2995, in _run_raw_task
    return _run_raw_task(
  File "/home/airflow/.local/lib/python3.8/site-packages/airflow/models/taskinstance.py", line 273, in _run_raw_task
    TaskInstance._execute_task_with_callbacks(
  File "/home/airflow/.local/lib/python3.8/site-packages/airflow/models/taskinstance.py", line 3149, in _execute_task_with_callbacks
    result = self._execute_task(context, task_orig)
  File "/home/airflow/.local/lib/python3.8/site-packages/airflow/models/taskinstance.py", line 3173, in _execute_task
    return _execute_task(self, context, task_orig)
  File "/home/airflow/.local/lib/python3.8/site-packages/airflow/models/taskinstance.py", line 767, in _execute_task
    result = _execute_callable(context=context, **execute_callable_kwargs)
  File "/home/airflow/.local/lib/python3.8/site-packages/airflow/models/taskinstance.py", line 733, in _execute_callable
    return ExecutionCallableRunner(
  File "/home/airflow/.local/lib/python3.8/site-packages/airflow/utils/operator_helpers.py", line 252, in run
    return self.func(*args, **kwargs)
  File "/home/airflow/.local/lib/python3.8/site-packages/airflow/models/baseoperator.py", line 406, in wrapper
    return func(self, *args, **kwargs)
  File "/home/airflow/.local/lib/python3.8/site-packages/airflow/operators/bash.py", line 249, in execute
    raise AirflowException(
airflow.exceptions.AirflowException: Bash command failed. The command returned a non-zero exit code 1.
[2026-07-25T19:56:28.160+0000] {local_task_job_runner.py:261} INFO - Task exited with return code 1
[2026-07-25T19:56:28.202+0000] {taskinstance.py:3891} INFO - 0 downstream tasks scheduled from follow-on schedule check
[2026-07-25T19:56:28.206+0000] {local_task_job_runner.py:240} INFO - ::endgroup::
