[2026-08-12T00:25:38.232+0000] {local_task_job_runner.py:123} INFO - ::group::Pre task execution logs
[2026-08-12T00:25:38.345+0000] {taskinstance.py:2603} INFO - Dependencies all met for dep_context=non-requeueable deps ti=<TaskInstance: flex_eau_pipeline.dim_type_incident scheduled__2026-08-11T00:00:00+00:00 [queued]>
[2026-08-12T00:25:38.377+0000] {taskinstance.py:2603} INFO - Dependencies all met for dep_context=requeueable deps ti=<TaskInstance: flex_eau_pipeline.dim_type_incident scheduled__2026-08-11T00:00:00+00:00 [queued]>
[2026-08-12T00:25:38.379+0000] {taskinstance.py:2856} INFO - Starting attempt 1 of 2
[2026-08-12T00:25:38.448+0000] {taskinstance.py:2879} INFO - Executing <Task(BashOperator): dim_type_incident> on 2026-08-11 00:00:00+00:00
[2026-08-12T00:25:38.474+0000] {standard_task_runner.py:72} INFO - Started process 6882 to run task
[2026-08-12T00:25:38.509+0000] {standard_task_runner.py:104} INFO - Running: ['***', 'tasks', 'run', 'flex_eau_pipeline', 'dim_type_incident', 'scheduled__2026-08-11T00:00:00+00:00', '--job-id', '73', '--raw', '--subdir', 'DAGS_FOLDER/flex_eau_pipeline.py', '--cfg-path', '/tmp/tmpu56vu65m']
[2026-08-12T00:25:38.527+0000] {standard_task_runner.py:105} INFO - Job 73: Subtask dim_type_incident
[2026-08-12T00:25:38.772+0000] {task_command.py:467} INFO - Running <TaskInstance: flex_eau_pipeline.dim_type_incident scheduled__2026-08-11T00:00:00+00:00 [running]> on host b97d7a013992
[2026-08-12T00:25:39.047+0000] {taskinstance.py:3122} INFO - Exporting env vars: AIRFLOW_CTX_DAG_OWNER='flex-eau' AIRFLOW_CTX_DAG_ID='flex_eau_pipeline' AIRFLOW_CTX_TASK_ID='dim_type_incident' AIRFLOW_CTX_EXECUTION_DATE='2026-08-11T00:00:00+00:00' AIRFLOW_CTX_TRY_NUMBER='1' AIRFLOW_CTX_DAG_RUN_ID='scheduled__2026-08-11T00:00:00+00:00'
[2026-08-12T00:25:39.050+0000] {taskinstance.py:731} INFO - ::endgroup::
[2026-08-12T00:25:39.092+0000] {subprocess.py:63} INFO - Tmp dir root location: /tmp
[2026-08-12T00:25:39.094+0000] {subprocess.py:75} INFO - Running command: ['/usr/bin/bash', '-c', 'python spark_jobs/dimensions/dim_type_incident.py']
[2026-08-12T00:25:39.124+0000] {subprocess.py:86} INFO - Output:
[2026-08-12T00:25:52.813+0000] {subprocess.py:93} INFO - 26/08/12 00:25:52 WARN NativeCodeLoader: Unable to load native-hadoop library for your platform... using builtin-java classes where applicable
[2026-08-12T00:25:54.573+0000] {subprocess.py:93} INFO - Setting default log level to "WARN".
[2026-08-12T00:25:54.578+0000] {subprocess.py:93} INFO - To adjust logging level use sc.setLogLevel(newLevel). For SparkR, use setLogLevel(newLevel).
[2026-08-12T00:26:00.190+0000] {subprocess.py:93} INFO - 26/08/12 00:26:00 WARN Utils: Service 'SparkUI' could not bind on port 4040. Attempting port 4041.
[2026-08-12T00:26:43.840+0000] {subprocess.py:93} INFO - [Stage 0:>                                                          (0 + 0) / 1]26/08/12 00:26:43 WARN TaskSchedulerImpl: Initial job has not accepted any resources; check your cluster UI to ensure that workers are registered and have sufficient resources
[2026-08-12T00:27:06.293+0000] {subprocess.py:93} INFO - [Stage 0:>                                                          (0 + 1) / 1]                                                                                [Stage 11:>                                                         (0 + 1) / 1]                                                                                Nombre lignes : 9
[2026-08-12T00:27:06.295+0000] {subprocess.py:93} INFO - +-----------------+-------------------+
[2026-08-12T00:27:06.296+0000] {subprocess.py:93} INFO - |type_incident_key|type_incident      |
[2026-08-12T00:27:06.297+0000] {subprocess.py:93} INFO - +-----------------+-------------------+
[2026-08-12T00:27:06.297+0000] {subprocess.py:93} INFO - |0                |CASSE_CONDUITE     |
[2026-08-12T00:27:06.298+0000] {subprocess.py:93} INFO - |1                |COUPURE_ELECTRIQUE |
[2026-08-12T00:27:06.299+0000] {subprocess.py:93} INFO - |2                |PANNE_POMPE        |
[2026-08-12T00:27:06.300+0000] {subprocess.py:93} INFO - |3                |BAISSE_PRESSION    |
[2026-08-12T00:27:06.301+0000] {subprocess.py:93} INFO - |4                |PANNE_FORAGE       |
[2026-08-12T00:27:06.301+0000] {subprocess.py:93} INFO - |5                |COMPTEUR_DEFECTUEUX|
[2026-08-12T00:27:06.302+0000] {subprocess.py:93} INFO - |6                |FUITE              |
[2026-08-12T00:27:06.303+0000] {subprocess.py:93} INFO - |7                |RECLAMATION_CLIENT |
[2026-08-12T00:27:06.303+0000] {subprocess.py:93} INFO - |8                |EAU_TROUBLE        |
[2026-08-12T00:27:06.306+0000] {subprocess.py:93} INFO - +-----------------+-------------------+
[2026-08-12T00:27:06.307+0000] {subprocess.py:93} INFO - 
[2026-08-12T00:27:06.308+0000] {subprocess.py:93} INFO - DIM_TYPE_INCIDENT créée avec succès
[2026-08-12T00:27:06.891+0000] {subprocess.py:97} INFO - Command exited with return code 0
[2026-08-12T00:27:06.956+0000] {taskinstance.py:340} INFO - ::group::Post task execution logs
[2026-08-12T00:27:06.957+0000] {taskinstance.py:352} INFO - Marking task as SUCCESS. dag_id=flex_eau_pipeline, task_id=dim_type_incident, run_id=scheduled__2026-08-11T00:00:00+00:00, execution_date=20260811T000000, start_date=20260812T002538, end_date=20260812T002706
[2026-08-12T00:27:07.026+0000] {local_task_job_runner.py:261} INFO - Task exited with return code 0
[2026-08-12T00:27:07.097+0000] {taskinstance.py:3891} INFO - 0 downstream tasks scheduled from follow-on schedule check
[2026-08-12T00:27:07.100+0000] {local_task_job_runner.py:240} INFO - ::endgroup::
