[2026-07-28T00:47:29.288+0000] {local_task_job_runner.py:123} INFO - ::group::Pre task execution logs
[2026-07-28T00:47:29.339+0000] {taskinstance.py:2603} INFO - Dependencies all met for dep_context=non-requeueable deps ti=<TaskInstance: flex_eau_pipeline.dim_usage scheduled__2026-07-27T00:00:00+00:00 [queued]>
[2026-07-28T00:47:29.362+0000] {taskinstance.py:2603} INFO - Dependencies all met for dep_context=requeueable deps ti=<TaskInstance: flex_eau_pipeline.dim_usage scheduled__2026-07-27T00:00:00+00:00 [queued]>
[2026-07-28T00:47:29.363+0000] {taskinstance.py:2856} INFO - Starting attempt 1 of 2
[2026-07-28T00:47:29.406+0000] {taskinstance.py:2879} INFO - Executing <Task(BashOperator): dim_usage> on 2026-07-27 00:00:00+00:00
[2026-07-28T00:47:29.424+0000] {standard_task_runner.py:72} INFO - Started process 240 to run task
[2026-07-28T00:47:29.437+0000] {standard_task_runner.py:104} INFO - Running: ['***', 'tasks', 'run', 'flex_eau_pipeline', 'dim_usage', 'scheduled__2026-07-27T00:00:00+00:00', '--job-id', '38', '--raw', '--subdir', 'DAGS_FOLDER/flex_eau_pipeline.py', '--cfg-path', '/tmp/tmphuoqxisk']
[2026-07-28T00:47:29.453+0000] {standard_task_runner.py:105} INFO - Job 38: Subtask dim_usage
[2026-07-28T00:47:29.660+0000] {task_command.py:467} INFO - Running <TaskInstance: flex_eau_pipeline.dim_usage scheduled__2026-07-27T00:00:00+00:00 [running]> on host b97d7a013992
[2026-07-28T00:47:29.913+0000] {taskinstance.py:3122} INFO - Exporting env vars: AIRFLOW_CTX_DAG_OWNER='flex-eau' AIRFLOW_CTX_DAG_ID='flex_eau_pipeline' AIRFLOW_CTX_TASK_ID='dim_usage' AIRFLOW_CTX_EXECUTION_DATE='2026-07-27T00:00:00+00:00' AIRFLOW_CTX_TRY_NUMBER='1' AIRFLOW_CTX_DAG_RUN_ID='scheduled__2026-07-27T00:00:00+00:00'
[2026-07-28T00:47:29.918+0000] {taskinstance.py:731} INFO - ::endgroup::
[2026-07-28T00:47:29.966+0000] {subprocess.py:63} INFO - Tmp dir root location: /tmp
[2026-07-28T00:47:29.967+0000] {subprocess.py:75} INFO - Running command: ['/usr/bin/bash', '-c', 'python spark_jobs/dimensions/dim_usage.py']
[2026-07-28T00:47:30.010+0000] {subprocess.py:86} INFO - Output:
[2026-07-28T00:47:42.483+0000] {subprocess.py:93} INFO - 26/07/28 00:47:42 WARN NativeCodeLoader: Unable to load native-hadoop library for your platform... using builtin-java classes where applicable
[2026-07-28T00:47:43.930+0000] {subprocess.py:93} INFO - Setting default log level to "WARN".
[2026-07-28T00:47:43.938+0000] {subprocess.py:93} INFO - To adjust logging level use sc.setLogLevel(newLevel). For SparkR, use setLogLevel(newLevel).
[2026-07-28T00:48:21.783+0000] {subprocess.py:93} INFO - [Stage 0:>                                                          (0 + 0) / 1][Stage 0:>                                                          (0 + 1) / 1]                                                                                [Stage 4:>                                                          (0 + 1) / 1]                                                                                Nombre lignes : 8
[2026-07-28T00:48:21.784+0000] {subprocess.py:93} INFO - +---------+--------+----------+-------------------------+--------+----+-------+
[2026-07-28T00:48:21.785+0000] {subprocess.py:93} INFO - |usage_key|usage_id|code_usage|type_usage               |tarif_ht|tva |surtaxe|
[2026-07-28T00:48:21.786+0000] {subprocess.py:93} INFO - +---------+--------+----------+-------------------------+--------+----+-------+
[2026-07-28T00:48:21.786+0000] {subprocess.py:93} INFO - |0        |1       |BD        |Branchement Domestique   |250.0   |0.0 |0.0    |
[2026-07-28T00:48:21.787+0000] {subprocess.py:93} INFO - |1        |2       |BF        |Borne Fontaine           |270.0   |48.6|3.25   |
[2026-07-28T00:48:21.788+0000] {subprocess.py:93} INFO - |2        |3       |AC        |Activite Commerciale     |350.0   |63.0|3.25   |
[2026-07-28T00:48:21.788+0000] {subprocess.py:93} INFO - |3        |4       |AB        |Abreuvoir                |200.0   |0.0 |0.0    |
[2026-07-28T00:48:21.789+0000] {subprocess.py:93} INFO - |4        |5       |BC        |Branchement Communautaire|250.0   |0.0 |0.0    |
[2026-07-28T00:48:21.790+0000] {subprocess.py:93} INFO - |5        |6       |MA        |Maraichage               |200.0   |0.0 |0.0    |
[2026-07-28T00:48:21.791+0000] {subprocess.py:93} INFO - |6        |7       |UC        |Usage Commercial         |350.0   |63.0|3.25   |
[2026-07-28T00:48:21.792+0000] {subprocess.py:93} INFO - |7        |8       |PT        |Potence                  |350.0   |63.0|3.25   |
[2026-07-28T00:48:21.793+0000] {subprocess.py:93} INFO - +---------+--------+----------+-------------------------+--------+----+-------+
[2026-07-28T00:48:21.793+0000] {subprocess.py:93} INFO - 
[2026-07-28T00:48:21.794+0000] {subprocess.py:93} INFO - DIM_USAGE créée avec succès
[2026-07-28T00:48:22.260+0000] {subprocess.py:97} INFO - Command exited with return code 0
[2026-07-28T00:48:22.312+0000] {taskinstance.py:340} INFO - ::group::Post task execution logs
[2026-07-28T00:48:22.314+0000] {taskinstance.py:352} INFO - Marking task as SUCCESS. dag_id=flex_eau_pipeline, task_id=dim_usage, run_id=scheduled__2026-07-27T00:00:00+00:00, execution_date=20260727T000000, start_date=20260728T004729, end_date=20260728T004822
[2026-07-28T00:48:22.412+0000] {local_task_job_runner.py:261} INFO - Task exited with return code 0
[2026-07-28T00:48:22.469+0000] {taskinstance.py:3891} INFO - 0 downstream tasks scheduled from follow-on schedule check
[2026-07-28T00:48:22.472+0000] {local_task_job_runner.py:240} INFO - ::endgroup::
