[2026-07-25T18:15:33.597+0000] {local_task_job_runner.py:123} INFO - ::group::Pre task execution logs
[2026-07-25T18:15:33.652+0000] {taskinstance.py:2603} INFO - Dependencies all met for dep_context=non-requeueable deps ti=<TaskInstance: flex_eau_pipeline.dim_type_incident scheduled__2026-07-24T00:00:00+00:00 [queued]>
[2026-07-25T18:15:33.675+0000] {taskinstance.py:2603} INFO - Dependencies all met for dep_context=requeueable deps ti=<TaskInstance: flex_eau_pipeline.dim_type_incident scheduled__2026-07-24T00:00:00+00:00 [queued]>
[2026-07-25T18:15:33.678+0000] {taskinstance.py:2856} INFO - Starting attempt 2 of 2
[2026-07-25T18:15:33.706+0000] {taskinstance.py:2879} INFO - Executing <Task(BashOperator): dim_type_incident> on 2026-07-24 00:00:00+00:00
[2026-07-25T18:15:33.721+0000] {logging_mixin.py:190} WARNING - /home/***/.local/lib/python3.12/site-packages/***/task/task_runner/standard_task_runner.py:70 DeprecationWarning: This process (pid=1985) is multi-threaded, use of fork() may lead to deadlocks in the child.
[2026-07-25T18:15:33.728+0000] {standard_task_runner.py:72} INFO - Started process 1992 to run task
[2026-07-25T18:15:33.721+0000] {standard_task_runner.py:104} INFO - Running: ['***', 'tasks', 'run', 'flex_eau_pipeline', 'dim_type_incident', 'scheduled__2026-07-24T00:00:00+00:00', '--job-id', '15', '--raw', '--subdir', 'DAGS_FOLDER/flex_eau_pipeline.py', '--cfg-path', '/tmp/tmpmgfa1gzj']
[2026-07-25T18:15:33.732+0000] {standard_task_runner.py:105} INFO - Job 15: Subtask dim_type_incident
[2026-07-25T18:15:33.932+0000] {task_command.py:467} INFO - Running <TaskInstance: flex_eau_pipeline.dim_type_incident scheduled__2026-07-24T00:00:00+00:00 [running]> on host 30d391bb7be2
[2026-07-25T18:15:34.190+0000] {taskinstance.py:3122} INFO - Exporting env vars: AIRFLOW_CTX_DAG_OWNER='flex-eau' AIRFLOW_CTX_DAG_ID='flex_eau_pipeline' AIRFLOW_CTX_TASK_ID='dim_type_incident' AIRFLOW_CTX_EXECUTION_DATE='2026-07-24T00:00:00+00:00' AIRFLOW_CTX_TRY_NUMBER='2' AIRFLOW_CTX_DAG_RUN_ID='scheduled__2026-07-24T00:00:00+00:00'
[2026-07-25T18:15:34.191+0000] {taskinstance.py:731} INFO - ::endgroup::
[2026-07-25T18:15:34.233+0000] {subprocess.py:63} INFO - Tmp dir root location: /tmp
[2026-07-25T18:15:34.235+0000] {subprocess.py:75} INFO - Running command: ['/usr/bin/bash', '-c', 'python spark_jobs/dimensions/dim_type_incident.py']
[2026-07-25T18:15:34.258+0000] {subprocess.py:86} INFO - Output:
[2026-07-25T18:15:46.500+0000] {subprocess.py:93} INFO - 26/07/25 18:15:46 WARN NativeCodeLoader: Unable to load native-hadoop library for your platform... using builtin-java classes where applicable
[2026-07-25T18:15:48.504+0000] {subprocess.py:93} INFO - 26/07/25 18:15:48 WARN DependencyUtils: Local jar /opt/jars/postgresql-42.7.8.jar does not exist, skipping.
[2026-07-25T18:15:49.012+0000] {subprocess.py:93} INFO - 26/07/25 18:15:49 INFO SparkContext: Running Spark version 3.5.1
[2026-07-25T18:15:49.018+0000] {subprocess.py:93} INFO - 26/07/25 18:15:49 INFO SparkContext: OS info Linux, 6.6.87.2-microsoft-standard-WSL2, amd64
[2026-07-25T18:15:49.020+0000] {subprocess.py:93} INFO - 26/07/25 18:15:49 INFO SparkContext: Java version 17.0.19
[2026-07-25T18:15:49.382+0000] {subprocess.py:93} INFO - 26/07/25 18:15:49 INFO ResourceUtils: ==============================================================
[2026-07-25T18:15:49.399+0000] {subprocess.py:93} INFO - 26/07/25 18:15:49 INFO ResourceUtils: No custom resources configured for spark.driver.
[2026-07-25T18:15:49.404+0000] {subprocess.py:93} INFO - 26/07/25 18:15:49 INFO ResourceUtils: ==============================================================
[2026-07-25T18:15:49.425+0000] {subprocess.py:93} INFO - 26/07/25 18:15:49 INFO SparkContext: Submitted application: DIM_TYPE_INCIDENT
[2026-07-25T18:15:49.704+0000] {subprocess.py:93} INFO - 26/07/25 18:15:49 INFO ResourceProfile: Default ResourceProfile created, executor resources: Map(memory -> name: memory, amount: 1024, script: , vendor: , offHeap -> name: offHeap, amount: 0, script: , vendor: ), task resources: Map(cpus -> name: cpus, amount: 1.0)
[2026-07-25T18:15:49.769+0000] {subprocess.py:93} INFO - 26/07/25 18:15:49 INFO ResourceProfile: Limiting resource is cpu
[2026-07-25T18:15:49.790+0000] {subprocess.py:93} INFO - 26/07/25 18:15:49 INFO ResourceProfileManager: Added ResourceProfile id: 0
[2026-07-25T18:15:50.103+0000] {subprocess.py:93} INFO - 26/07/25 18:15:50 INFO SecurityManager: Changing view acls to: ***
[2026-07-25T18:15:50.106+0000] {subprocess.py:93} INFO - 26/07/25 18:15:50 INFO SecurityManager: Changing modify acls to: ***
[2026-07-25T18:15:50.116+0000] {subprocess.py:93} INFO - 26/07/25 18:15:50 INFO SecurityManager: Changing view acls groups to:
[2026-07-25T18:15:50.117+0000] {subprocess.py:93} INFO - 26/07/25 18:15:50 INFO SecurityManager: Changing modify acls groups to:
[2026-07-25T18:15:50.118+0000] {subprocess.py:93} INFO - 26/07/25 18:15:50 INFO SecurityManager: SecurityManager: authentication disabled; ui acls disabled; users with view permissions: ***; groups with view permissions: EMPTY; users with modify permissions: ***; groups with modify permissions: EMPTY
[2026-07-25T18:15:51.513+0000] {subprocess.py:93} INFO - 26/07/25 18:15:51 INFO Utils: Successfully started service 'sparkDriver' on port 44651.
[2026-07-25T18:15:51.781+0000] {subprocess.py:93} INFO - 26/07/25 18:15:51 INFO SparkEnv: Registering MapOutputTracker
[2026-07-25T18:15:52.033+0000] {subprocess.py:93} INFO - 26/07/25 18:15:52 INFO SparkEnv: Registering BlockManagerMaster
[2026-07-25T18:15:52.122+0000] {subprocess.py:93} INFO - 26/07/25 18:15:52 INFO BlockManagerMasterEndpoint: Using org.apache.spark.storage.DefaultTopologyMapper for getting topology information
[2026-07-25T18:15:52.132+0000] {subprocess.py:93} INFO - 26/07/25 18:15:52 INFO BlockManagerMasterEndpoint: BlockManagerMasterEndpoint up
[2026-07-25T18:15:52.140+0000] {subprocess.py:93} INFO - 26/07/25 18:15:52 INFO SparkEnv: Registering BlockManagerMasterHeartbeat
[2026-07-25T18:15:52.225+0000] {subprocess.py:93} INFO - 26/07/25 18:15:52 INFO DiskBlockManager: Created local directory at /tmp/blockmgr-2f7b2a20-9255-4e3f-a07a-c9600f433224
[2026-07-25T18:15:52.298+0000] {subprocess.py:93} INFO - 26/07/25 18:15:52 INFO MemoryStore: MemoryStore started with capacity 434.4 MiB
[2026-07-25T18:15:52.369+0000] {subprocess.py:93} INFO - 26/07/25 18:15:52 INFO SparkEnv: Registering OutputCommitCoordinator
[2026-07-25T18:15:53.451+0000] {subprocess.py:93} INFO - 26/07/25 18:15:53 INFO JettyUtils: Start Jetty 0.0.0.0:4040 for SparkUI
[2026-07-25T18:15:54.103+0000] {subprocess.py:93} INFO - 26/07/25 18:15:54 WARN Utils: Service 'SparkUI' could not bind on port 4040. Attempting port 4041.
[2026-07-25T18:15:54.178+0000] {subprocess.py:93} INFO - 26/07/25 18:15:54 WARN Utils: Service 'SparkUI' could not bind on port 4041. Attempting port 4042.
[2026-07-25T18:15:54.188+0000] {subprocess.py:93} INFO - 26/07/25 18:15:54 WARN Utils: Service 'SparkUI' could not bind on port 4042. Attempting port 4043.
[2026-07-25T18:15:54.273+0000] {subprocess.py:93} INFO - 26/07/25 18:15:54 INFO Utils: Successfully started service 'SparkUI' on port 4043.
[2026-07-25T18:15:54.548+0000] {subprocess.py:93} INFO - 26/07/25 18:15:54 ERROR SparkContext: Failed to add /opt/jars/postgresql-42.7.8.jar to Spark environment
[2026-07-25T18:15:54.550+0000] {subprocess.py:93} INFO - java.io.FileNotFoundException: Jar /opt/jars/postgresql-42.7.8.jar not found
[2026-07-25T18:15:54.561+0000] {subprocess.py:93} INFO - 	at org.apache.spark.SparkContext.addLocalJarFile$1(SparkContext.scala:2100)
[2026-07-25T18:15:54.566+0000] {subprocess.py:93} INFO - 	at org.apache.spark.SparkContext.addJar(SparkContext.scala:2156)
[2026-07-25T18:15:54.569+0000] {subprocess.py:93} INFO - 	at org.apache.spark.SparkContext.$anonfun$new$15(SparkContext.scala:526)
[2026-07-25T18:15:54.570+0000] {subprocess.py:93} INFO - 	at org.apache.spark.SparkContext.$anonfun$new$15$adapted(SparkContext.scala:526)
[2026-07-25T18:15:54.582+0000] {subprocess.py:93} INFO - 	at scala.collection.mutable.ResizableArray.foreach(ResizableArray.scala:62)
[2026-07-25T18:15:54.583+0000] {subprocess.py:93} INFO - 	at scala.collection.mutable.ResizableArray.foreach$(ResizableArray.scala:55)
[2026-07-25T18:15:54.585+0000] {subprocess.py:93} INFO - 	at scala.collection.mutable.ArrayBuffer.foreach(ArrayBuffer.scala:49)
[2026-07-25T18:15:54.589+0000] {subprocess.py:93} INFO - 	at org.apache.spark.SparkContext.<init>(SparkContext.scala:526)
[2026-07-25T18:15:54.591+0000] {subprocess.py:93} INFO - 	at org.apache.spark.api.java.JavaSparkContext.<init>(JavaSparkContext.scala:58)
[2026-07-25T18:15:54.609+0000] {subprocess.py:93} INFO - 	at java.base/jdk.internal.reflect.NativeConstructorAccessorImpl.newInstance0(Native Method)
[2026-07-25T18:15:54.622+0000] {subprocess.py:93} INFO - 	at java.base/jdk.internal.reflect.NativeConstructorAccessorImpl.newInstance(NativeConstructorAccessorImpl.java:77)
[2026-07-25T18:15:54.629+0000] {subprocess.py:93} INFO - 	at java.base/jdk.internal.reflect.DelegatingConstructorAccessorImpl.newInstance(DelegatingConstructorAccessorImpl.java:45)
[2026-07-25T18:15:54.630+0000] {subprocess.py:93} INFO - 	at java.base/java.lang.reflect.Constructor.newInstanceWithCaller(Constructor.java:500)
[2026-07-25T18:15:54.634+0000] {subprocess.py:93} INFO - 	at java.base/java.lang.reflect.Constructor.newInstance(Constructor.java:481)
[2026-07-25T18:15:54.646+0000] {subprocess.py:93} INFO - 	at py4j.reflection.MethodInvoker.invoke(MethodInvoker.java:247)
[2026-07-25T18:15:54.655+0000] {subprocess.py:93} INFO - 	at py4j.reflection.ReflectionEngine.invoke(ReflectionEngine.java:374)
[2026-07-25T18:15:54.656+0000] {subprocess.py:93} INFO - 	at py4j.Gateway.invoke(Gateway.java:238)
[2026-07-25T18:15:54.661+0000] {subprocess.py:93} INFO - 	at py4j.commands.ConstructorCommand.invokeConstructor(ConstructorCommand.java:80)
[2026-07-25T18:15:54.668+0000] {subprocess.py:93} INFO - 	at py4j.commands.ConstructorCommand.execute(ConstructorCommand.java:69)
[2026-07-25T18:15:54.672+0000] {subprocess.py:93} INFO - 	at py4j.ClientServerConnection.waitForCommands(ClientServerConnection.java:182)
[2026-07-25T18:15:54.675+0000] {subprocess.py:93} INFO - 	at py4j.ClientServerConnection.run(ClientServerConnection.java:106)
[2026-07-25T18:15:54.676+0000] {subprocess.py:93} INFO - 	at java.base/java.lang.Thread.run(Thread.java:840)
[2026-07-25T18:15:55.319+0000] {subprocess.py:93} INFO - 26/07/25 18:15:55 INFO StandaloneAppClient$ClientEndpoint: Connecting to master spark://spark-master:7077...
[2026-07-25T18:15:55.898+0000] {subprocess.py:93} INFO - 26/07/25 18:15:55 INFO TransportClientFactory: Successfully created connection to spark-master/172.22.0.5:7077 after 351 ms (0 ms spent in bootstraps)
[2026-07-25T18:15:56.793+0000] {subprocess.py:93} INFO - 26/07/25 18:15:56 INFO StandaloneSchedulerBackend: Connected to Spark cluster with app ID app-20260725181556-0009
[2026-07-25T18:15:56.973+0000] {subprocess.py:93} INFO - 26/07/25 18:15:56 INFO Utils: Successfully started service 'org.apache.spark.network.netty.NettyBlockTransferService' on port 46775.
[2026-07-25T18:15:56.974+0000] {subprocess.py:93} INFO - 26/07/25 18:15:56 INFO NettyBlockTransferService: Server created on 30d391bb7be2:46775
[2026-07-25T18:15:56.975+0000] {subprocess.py:93} INFO - 26/07/25 18:15:56 INFO BlockManager: Using org.apache.spark.storage.RandomBlockReplicationPolicy for block replication policy
[2026-07-25T18:15:57.097+0000] {subprocess.py:93} INFO - 26/07/25 18:15:57 INFO BlockManagerMaster: Registering BlockManager BlockManagerId(driver, 30d391bb7be2, 46775, None)
[2026-07-25T18:15:57.108+0000] {subprocess.py:93} INFO - 26/07/25 18:15:57 INFO BlockManagerMasterEndpoint: Registering block manager 30d391bb7be2:46775 with 434.4 MiB RAM, BlockManagerId(driver, 30d391bb7be2, 46775, None)
[2026-07-25T18:15:57.134+0000] {subprocess.py:93} INFO - 26/07/25 18:15:57 INFO BlockManagerMaster: Registered BlockManager BlockManagerId(driver, 30d391bb7be2, 46775, None)
[2026-07-25T18:15:57.137+0000] {subprocess.py:93} INFO - 26/07/25 18:15:57 INFO BlockManager: Initialized BlockManager: BlockManagerId(driver, 30d391bb7be2, 46775, None)
[2026-07-25T18:15:58.264+0000] {subprocess.py:93} INFO - 26/07/25 18:15:58 INFO StandaloneSchedulerBackend: SchedulerBackend is ready for scheduling beginning after reached minRegisteredResourcesRatio: 0.0
[2026-07-25T18:16:00.152+0000] {subprocess.py:93} INFO - 26/07/25 18:16:00 INFO SharedState: Setting hive.metastore.warehouse.dir ('null') to the value of spark.sql.warehouse.dir.
[2026-07-25T18:16:00.163+0000] {subprocess.py:93} INFO - 26/07/25 18:16:00 INFO SharedState: Warehouse path is 'file:/opt/project/spark-warehouse'.
[2026-07-25T18:16:05.396+0000] {subprocess.py:93} INFO - Traceback (most recent call last):
[2026-07-25T18:16:05.398+0000] {subprocess.py:93} INFO -   File "/opt/project/spark_jobs/dimensions/dim_type_incident.py", line 20, in <module>
[2026-07-25T18:16:05.407+0000] {subprocess.py:93} INFO -     incidents = spark.read.jdbc(
[2026-07-25T18:16:05.415+0000] {subprocess.py:93} INFO -                 ^^^^^^^^^^^^^^^^
[2026-07-25T18:16:05.417+0000] {subprocess.py:93} INFO -   File "/home/***/.local/lib/python3.12/site-packages/pyspark/sql/readwriter.py", line 946, in jdbc
[2026-07-25T18:16:05.418+0000] {subprocess.py:93} INFO -     return self._df(self._jreader.jdbc(url, table, jprop))
[2026-07-25T18:16:05.418+0000] {subprocess.py:93} INFO -                     ^^^^^^^^^^^^^^^^^^^^^^^^^^^^^^^^^^^^^
[2026-07-25T18:16:05.426+0000] {subprocess.py:93} INFO -   File "/home/***/.local/lib/python3.12/site-packages/py4j/java_gateway.py", line 1322, in __call__
[2026-07-25T18:16:05.428+0000] {subprocess.py:93} INFO -     return_value = get_return_value(
[2026-07-25T18:16:05.429+0000] {subprocess.py:93} INFO -                    ^^^^^^^^^^^^^^^^^
[2026-07-25T18:16:05.430+0000] {subprocess.py:93} INFO -   File "/home/***/.local/lib/python3.12/site-packages/pyspark/errors/exceptions/captured.py", line 179, in deco
[2026-07-25T18:16:05.431+0000] {subprocess.py:93} INFO -     return f(*a, **kw)
[2026-07-25T18:16:05.443+0000] {subprocess.py:93} INFO -            ^^^^^^^^^^^
[2026-07-25T18:16:05.445+0000] {subprocess.py:93} INFO -   File "/home/***/.local/lib/python3.12/site-packages/py4j/protocol.py", line 326, in get_return_value
[2026-07-25T18:16:05.446+0000] {subprocess.py:93} INFO -     raise Py4JJavaError(
[2026-07-25T18:16:05.446+0000] {subprocess.py:93} INFO - py4j.protocol.Py4JJavaError: An error occurred while calling o29.jdbc.
[2026-07-25T18:16:05.447+0000] {subprocess.py:93} INFO - : java.lang.ClassNotFoundException: org.postgresql.Driver
[2026-07-25T18:16:05.459+0000] {subprocess.py:93} INFO - 	at java.base/java.net.URLClassLoader.findClass(URLClassLoader.java:445)
[2026-07-25T18:16:05.463+0000] {subprocess.py:93} INFO - 	at java.base/java.lang.ClassLoader.loadClass(ClassLoader.java:592)
[2026-07-25T18:16:05.464+0000] {subprocess.py:93} INFO - 	at java.base/java.lang.ClassLoader.loadClass(ClassLoader.java:525)
[2026-07-25T18:16:05.465+0000] {subprocess.py:93} INFO - 	at org.apache.spark.sql.execution.datasources.jdbc.DriverRegistry$.register(DriverRegistry.scala:46)
[2026-07-25T18:16:05.466+0000] {subprocess.py:93} INFO - 	at org.apache.spark.sql.execution.datasources.jdbc.JDBCOptions.$anonfun$driverClass$1(JDBCOptions.scala:103)
[2026-07-25T18:16:05.467+0000] {subprocess.py:93} INFO - 	at org.apache.spark.sql.execution.datasources.jdbc.JDBCOptions.$anonfun$driverClass$1$adapted(JDBCOptions.scala:103)
[2026-07-25T18:16:05.482+0000] {subprocess.py:93} INFO - 	at scala.Option.foreach(Option.scala:407)
[2026-07-25T18:16:05.486+0000] {subprocess.py:93} INFO - 	at org.apache.spark.sql.execution.datasources.jdbc.JDBCOptions.<init>(JDBCOptions.scala:103)
[2026-07-25T18:16:05.492+0000] {subprocess.py:93} INFO - 	at org.apache.spark.sql.execution.datasources.jdbc.JDBCOptions.<init>(JDBCOptions.scala:41)
[2026-07-25T18:16:05.497+0000] {subprocess.py:93} INFO - 	at org.apache.spark.sql.execution.datasources.jdbc.JdbcRelationProvider.createRelation(JdbcRelationProvider.scala:34)
[2026-07-25T18:16:05.502+0000] {subprocess.py:93} INFO - 	at org.apache.spark.sql.execution.datasources.DataSource.resolveRelation(DataSource.scala:346)
[2026-07-25T18:16:05.518+0000] {subprocess.py:93} INFO - 	at org.apache.spark.sql.DataFrameReader.loadV1Source(DataFrameReader.scala:229)
[2026-07-25T18:16:05.519+0000] {subprocess.py:93} INFO - 	at org.apache.spark.sql.DataFrameReader.$anonfun$load$2(DataFrameReader.scala:211)
[2026-07-25T18:16:05.520+0000] {subprocess.py:93} INFO - 	at scala.Option.getOrElse(Option.scala:189)
[2026-07-25T18:16:05.526+0000] {subprocess.py:93} INFO - 	at org.apache.spark.sql.DataFrameReader.load(DataFrameReader.scala:211)
[2026-07-25T18:16:05.534+0000] {subprocess.py:93} INFO - 	at org.apache.spark.sql.DataFrameReader.load(DataFrameReader.scala:172)
[2026-07-25T18:16:05.546+0000] {subprocess.py:93} INFO - 	at org.apache.spark.sql.DataFrameReader.jdbc(DataFrameReader.scala:249)
[2026-07-25T18:16:05.554+0000] {subprocess.py:93} INFO - 	at java.base/jdk.internal.reflect.NativeMethodAccessorImpl.invoke0(Native Method)
[2026-07-25T18:16:05.555+0000] {subprocess.py:93} INFO - 	at java.base/jdk.internal.reflect.NativeMethodAccessorImpl.invoke(NativeMethodAccessorImpl.java:77)
[2026-07-25T18:16:05.556+0000] {subprocess.py:93} INFO - 	at java.base/jdk.internal.reflect.DelegatingMethodAccessorImpl.invoke(DelegatingMethodAccessorImpl.java:43)
[2026-07-25T18:16:05.558+0000] {subprocess.py:93} INFO - 	at java.base/java.lang.reflect.Method.invoke(Method.java:569)
[2026-07-25T18:16:05.562+0000] {subprocess.py:93} INFO - 	at py4j.reflection.MethodInvoker.invoke(MethodInvoker.java:244)
[2026-07-25T18:16:05.575+0000] {subprocess.py:93} INFO - 	at py4j.reflection.ReflectionEngine.invoke(ReflectionEngine.java:374)
[2026-07-25T18:16:05.582+0000] {subprocess.py:93} INFO - 	at py4j.Gateway.invoke(Gateway.java:282)
[2026-07-25T18:16:05.586+0000] {subprocess.py:93} INFO - 	at py4j.commands.AbstractCommand.invokeMethod(AbstractCommand.java:132)
[2026-07-25T18:16:05.587+0000] {subprocess.py:93} INFO - 	at py4j.commands.CallCommand.execute(CallCommand.java:79)
[2026-07-25T18:16:05.594+0000] {subprocess.py:93} INFO - 	at py4j.ClientServerConnection.waitForCommands(ClientServerConnection.java:182)
[2026-07-25T18:16:05.595+0000] {subprocess.py:93} INFO - 	at py4j.ClientServerConnection.run(ClientServerConnection.java:106)
[2026-07-25T18:16:05.600+0000] {subprocess.py:93} INFO - 	at java.base/java.lang.Thread.run(Thread.java:840)
[2026-07-25T18:16:05.606+0000] {subprocess.py:93} INFO - 
[2026-07-25T18:16:05.829+0000] {subprocess.py:93} INFO - 26/07/25 18:16:05 INFO SparkContext: Invoking stop() from shutdown hook
[2026-07-25T18:16:05.830+0000] {subprocess.py:93} INFO - 26/07/25 18:16:05 INFO SparkContext: SparkContext is stopping with exitCode 0.
[2026-07-25T18:16:05.915+0000] {subprocess.py:93} INFO - 26/07/25 18:16:05 INFO SparkUI: Stopped Spark web UI at http://30d391bb7be2:4043
[2026-07-25T18:16:05.944+0000] {subprocess.py:93} INFO - 26/07/25 18:16:05 INFO StandaloneSchedulerBackend: Shutting down all executors
[2026-07-25T18:16:05.970+0000] {subprocess.py:93} INFO - 26/07/25 18:16:05 INFO StandaloneSchedulerBackend$StandaloneDriverEndpoint: Asking each executor to shut down
[2026-07-25T18:16:06.103+0000] {subprocess.py:93} INFO - 26/07/25 18:16:06 INFO MapOutputTrackerMasterEndpoint: MapOutputTrackerMasterEndpoint stopped!
[2026-07-25T18:16:06.246+0000] {subprocess.py:93} INFO - 26/07/25 18:16:06 INFO MemoryStore: MemoryStore cleared
[2026-07-25T18:16:06.249+0000] {subprocess.py:93} INFO - 26/07/25 18:16:06 INFO BlockManager: BlockManager stopped
[2026-07-25T18:16:06.266+0000] {subprocess.py:93} INFO - 26/07/25 18:16:06 INFO BlockManagerMaster: BlockManagerMaster stopped
[2026-07-25T18:16:06.278+0000] {subprocess.py:93} INFO - 26/07/25 18:16:06 INFO OutputCommitCoordinator$OutputCommitCoordinatorEndpoint: OutputCommitCoordinator stopped!
[2026-07-25T18:16:06.387+0000] {subprocess.py:93} INFO - 26/07/25 18:16:06 INFO SparkContext: Successfully stopped SparkContext
[2026-07-25T18:16:06.392+0000] {subprocess.py:93} INFO - 26/07/25 18:16:06 INFO ShutdownHookManager: Shutdown hook called
[2026-07-25T18:16:06.403+0000] {subprocess.py:93} INFO - 26/07/25 18:16:06 INFO ShutdownHookManager: Deleting directory /tmp/spark-ebe7780f-7f7e-4921-9e8d-9cec7aae190b/pyspark-ecf3025b-142a-4e14-bae7-dae089a23743
[2026-07-25T18:16:06.457+0000] {subprocess.py:93} INFO - 26/07/25 18:16:06 INFO ShutdownHookManager: Deleting directory /tmp/spark-66d36d28-f32b-4739-9a54-cf37d79c8488
[2026-07-25T18:16:06.502+0000] {subprocess.py:93} INFO - 26/07/25 18:16:06 INFO ShutdownHookManager: Deleting directory /tmp/spark-ebe7780f-7f7e-4921-9e8d-9cec7aae190b
[2026-07-25T18:16:07.231+0000] {subprocess.py:97} INFO - Command exited with return code 1
[2026-07-25T18:16:07.307+0000] {taskinstance.py:3301} ERROR - Task failed with exception
Traceback (most recent call last):
  File "/home/airflow/.local/lib/python3.12/site-packages/airflow/models/taskinstance.py", line 767, in _execute_task
    result = _execute_callable(context=context, **execute_callable_kwargs)
             ^^^^^^^^^^^^^^^^^^^^^^^^^^^^^^^^^^^^^^^^^^^^^^^^^^^^^^^^^^^^^
  File "/home/airflow/.local/lib/python3.12/site-packages/airflow/models/taskinstance.py", line 733, in _execute_callable
    return ExecutionCallableRunner(
           ^^^^^^^^^^^^^^^^^^^^^^^^
  File "/home/airflow/.local/lib/python3.12/site-packages/airflow/utils/operator_helpers.py", line 252, in run
    return self.func(*args, **kwargs)
           ^^^^^^^^^^^^^^^^^^^^^^^^^^
  File "/home/airflow/.local/lib/python3.12/site-packages/airflow/models/baseoperator.py", line 406, in wrapper
    return func(self, *args, **kwargs)
           ^^^^^^^^^^^^^^^^^^^^^^^^^^^
  File "/home/airflow/.local/lib/python3.12/site-packages/airflow/operators/bash.py", line 249, in execute
    raise AirflowException(
airflow.exceptions.AirflowException: Bash command failed. The command returned a non-zero exit code 1.
[2026-07-25T18:16:07.327+0000] {taskinstance.py:1225} INFO - Marking task as FAILED. dag_id=flex_eau_pipeline, task_id=dim_type_incident, run_id=scheduled__2026-07-24T00:00:00+00:00, execution_date=20260724T000000, start_date=20260725T181533, end_date=20260725T181607
[2026-07-25T18:16:07.372+0000] {taskinstance.py:340} INFO - ::group::Post task execution logs
[2026-07-25T18:16:07.374+0000] {standard_task_runner.py:124} ERROR - Failed to execute job 15 for task dim_type_incident (Bash command failed. The command returned a non-zero exit code 1.; 1992)
Traceback (most recent call last):
  File "/home/airflow/.local/lib/python3.12/site-packages/airflow/task/task_runner/standard_task_runner.py", line 117, in _start_by_fork
    ret = args.func(args, dag=self.dag)
          ^^^^^^^^^^^^^^^^^^^^^^^^^^^^^
  File "/home/airflow/.local/lib/python3.12/site-packages/airflow/cli/cli_config.py", line 49, in command
    return func(*args, **kwargs)
           ^^^^^^^^^^^^^^^^^^^^^
  File "/home/airflow/.local/lib/python3.12/site-packages/airflow/utils/cli.py", line 115, in wrapper
    return f(*args, **kwargs)
           ^^^^^^^^^^^^^^^^^^
  File "/home/airflow/.local/lib/python3.12/site-packages/airflow/cli/commands/task_command.py", line 483, in task_run
    task_return_code = _run_task_by_selected_method(args, _dag, ti)
                       ^^^^^^^^^^^^^^^^^^^^^^^^^^^^^^^^^^^^^^^^^^^^
  File "/home/airflow/.local/lib/python3.12/site-packages/airflow/cli/commands/task_command.py", line 256, in _run_task_by_selected_method
    return _run_raw_task(args, ti)
           ^^^^^^^^^^^^^^^^^^^^^^^
  File "/home/airflow/.local/lib/python3.12/site-packages/airflow/cli/commands/task_command.py", line 341, in _run_raw_task
    return ti._run_raw_task(
           ^^^^^^^^^^^^^^^^^
  File "/home/airflow/.local/lib/python3.12/site-packages/airflow/utils/session.py", line 97, in wrapper
    return func(*args, session=session, **kwargs)
           ^^^^^^^^^^^^^^^^^^^^^^^^^^^^^^^^^^^^^^
  File "/home/airflow/.local/lib/python3.12/site-packages/airflow/models/taskinstance.py", line 2995, in _run_raw_task
    return _run_raw_task(
           ^^^^^^^^^^^^^^
  File "/home/airflow/.local/lib/python3.12/site-packages/airflow/models/taskinstance.py", line 273, in _run_raw_task
    TaskInstance._execute_task_with_callbacks(
  File "/home/airflow/.local/lib/python3.12/site-packages/airflow/models/taskinstance.py", line 3149, in _execute_task_with_callbacks
    result = self._execute_task(context, task_orig)
             ^^^^^^^^^^^^^^^^^^^^^^^^^^^^^^^^^^^^^^
  File "/home/airflow/.local/lib/python3.12/site-packages/airflow/models/taskinstance.py", line 3173, in _execute_task
    return _execute_task(self, context, task_orig)
           ^^^^^^^^^^^^^^^^^^^^^^^^^^^^^^^^^^^^^^^
  File "/home/airflow/.local/lib/python3.12/site-packages/airflow/models/taskinstance.py", line 767, in _execute_task
    result = _execute_callable(context=context, **execute_callable_kwargs)
             ^^^^^^^^^^^^^^^^^^^^^^^^^^^^^^^^^^^^^^^^^^^^^^^^^^^^^^^^^^^^^
  File "/home/airflow/.local/lib/python3.12/site-packages/airflow/models/taskinstance.py", line 733, in _execute_callable
    return ExecutionCallableRunner(
           ^^^^^^^^^^^^^^^^^^^^^^^^
  File "/home/airflow/.local/lib/python3.12/site-packages/airflow/utils/operator_helpers.py", line 252, in run
    return self.func(*args, **kwargs)
           ^^^^^^^^^^^^^^^^^^^^^^^^^^
  File "/home/airflow/.local/lib/python3.12/site-packages/airflow/models/baseoperator.py", line 406, in wrapper
    return func(self, *args, **kwargs)
           ^^^^^^^^^^^^^^^^^^^^^^^^^^^
  File "/home/airflow/.local/lib/python3.12/site-packages/airflow/operators/bash.py", line 249, in execute
    raise AirflowException(
airflow.exceptions.AirflowException: Bash command failed. The command returned a non-zero exit code 1.
[2026-07-25T18:16:07.446+0000] {local_task_job_runner.py:261} INFO - Task exited with return code 1
[2026-07-25T18:16:07.522+0000] {taskinstance.py:3891} INFO - 0 downstream tasks scheduled from follow-on schedule check
[2026-07-25T18:16:07.537+0000] {local_task_job_runner.py:240} INFO - ::endgroup::
[2026-07-25T19:55:55.620+0000] {local_task_job_runner.py:123} INFO - ::group::Pre task execution logs
[2026-07-25T19:55:55.708+0000] {taskinstance.py:2603} INFO - Dependencies all met for dep_context=non-requeueable deps ti=<TaskInstance: flex_eau_pipeline.dim_type_incident scheduled__2026-07-24T00:00:00+00:00 [queued]>
[2026-07-25T19:55:55.733+0000] {taskinstance.py:2603} INFO - Dependencies all met for dep_context=requeueable deps ti=<TaskInstance: flex_eau_pipeline.dim_type_incident scheduled__2026-07-24T00:00:00+00:00 [queued]>
[2026-07-25T19:55:55.734+0000] {taskinstance.py:2856} INFO - Starting attempt 2 of 2
[2026-07-25T19:55:55.781+0000] {taskinstance.py:2879} INFO - Executing <Task(BashOperator): dim_type_incident> on 2026-07-24 00:00:00+00:00
[2026-07-25T19:55:55.799+0000] {standard_task_runner.py:72} INFO - Started process 1666 to run task
[2026-07-25T19:55:55.813+0000] {standard_task_runner.py:104} INFO - Running: ['***', 'tasks', 'run', 'flex_eau_pipeline', 'dim_type_incident', 'scheduled__2026-07-24T00:00:00+00:00', '--job-id', '14', '--raw', '--subdir', 'DAGS_FOLDER/flex_eau_pipeline.py', '--cfg-path', '/tmp/tmp87jch2q3']
[2026-07-25T19:55:55.827+0000] {standard_task_runner.py:105} INFO - Job 14: Subtask dim_type_incident
[2026-07-25T19:55:56.021+0000] {task_command.py:467} INFO - Running <TaskInstance: flex_eau_pipeline.dim_type_incident scheduled__2026-07-24T00:00:00+00:00 [running]> on host 8e34fafe5529
[2026-07-25T19:55:56.350+0000] {taskinstance.py:3122} INFO - Exporting env vars: AIRFLOW_CTX_DAG_OWNER='flex-eau' AIRFLOW_CTX_DAG_ID='flex_eau_pipeline' AIRFLOW_CTX_TASK_ID='dim_type_incident' AIRFLOW_CTX_EXECUTION_DATE='2026-07-24T00:00:00+00:00' AIRFLOW_CTX_TRY_NUMBER='2' AIRFLOW_CTX_DAG_RUN_ID='scheduled__2026-07-24T00:00:00+00:00'
[2026-07-25T19:55:56.356+0000] {taskinstance.py:731} INFO - ::endgroup::
[2026-07-25T19:55:56.447+0000] {subprocess.py:63} INFO - Tmp dir root location: /tmp
[2026-07-25T19:55:56.449+0000] {subprocess.py:75} INFO - Running command: ['/usr/bin/bash', '-c', 'python spark_jobs/dimensions/dim_type_incident.py']
[2026-07-25T19:55:56.508+0000] {subprocess.py:86} INFO - Output:
[2026-07-25T19:56:09.271+0000] {subprocess.py:93} INFO - 26/07/25 19:56:09 WARN NativeCodeLoader: Unable to load native-hadoop library for your platform... using builtin-java classes where applicable
[2026-07-25T19:56:10.543+0000] {subprocess.py:93} INFO - 26/07/25 19:56:10 WARN DependencyUtils: Local jar /opt/jars/postgresql-42.7.8.jar does not exist, skipping.
[2026-07-25T19:56:11.401+0000] {subprocess.py:93} INFO - 26/07/25 19:56:11 INFO SparkContext: Running Spark version 3.5.1
[2026-07-25T19:56:11.404+0000] {subprocess.py:93} INFO - 26/07/25 19:56:11 INFO SparkContext: OS info Linux, 6.6.87.2-microsoft-standard-WSL2, amd64
[2026-07-25T19:56:11.406+0000] {subprocess.py:93} INFO - 26/07/25 19:56:11 INFO SparkContext: Java version 17.0.19
[2026-07-25T19:56:11.520+0000] {subprocess.py:93} INFO - 26/07/25 19:56:11 INFO ResourceUtils: ==============================================================
[2026-07-25T19:56:11.527+0000] {subprocess.py:93} INFO - 26/07/25 19:56:11 INFO ResourceUtils: No custom resources configured for spark.driver.
[2026-07-25T19:56:11.530+0000] {subprocess.py:93} INFO - 26/07/25 19:56:11 INFO ResourceUtils: ==============================================================
[2026-07-25T19:56:11.534+0000] {subprocess.py:93} INFO - 26/07/25 19:56:11 INFO SparkContext: Submitted application: DIM_TYPE_INCIDENT
[2026-07-25T19:56:11.628+0000] {subprocess.py:93} INFO - 26/07/25 19:56:11 INFO ResourceProfile: Default ResourceProfile created, executor resources: Map(memory -> name: memory, amount: 1024, script: , vendor: , offHeap -> name: offHeap, amount: 0, script: , vendor: ), task resources: Map(cpus -> name: cpus, amount: 1.0)
[2026-07-25T19:56:11.654+0000] {subprocess.py:93} INFO - 26/07/25 19:56:11 INFO ResourceProfile: Limiting resource is cpu
[2026-07-25T19:56:11.657+0000] {subprocess.py:93} INFO - 26/07/25 19:56:11 INFO ResourceProfileManager: Added ResourceProfile id: 0
[2026-07-25T19:56:11.963+0000] {subprocess.py:93} INFO - 26/07/25 19:56:11 INFO SecurityManager: Changing view acls to: ***
[2026-07-25T19:56:11.964+0000] {subprocess.py:93} INFO - 26/07/25 19:56:11 INFO SecurityManager: Changing modify acls to: ***
[2026-07-25T19:56:11.983+0000] {subprocess.py:93} INFO - 26/07/25 19:56:11 INFO SecurityManager: Changing view acls groups to:
[2026-07-25T19:56:11.984+0000] {subprocess.py:93} INFO - 26/07/25 19:56:11 INFO SecurityManager: Changing modify acls groups to:
[2026-07-25T19:56:11.985+0000] {subprocess.py:93} INFO - 26/07/25 19:56:11 INFO SecurityManager: SecurityManager: authentication disabled; ui acls disabled; users with view permissions: ***; groups with view permissions: EMPTY; users with modify permissions: ***; groups with modify permissions: EMPTY
[2026-07-25T19:56:13.496+0000] {subprocess.py:93} INFO - 26/07/25 19:56:13 INFO Utils: Successfully started service 'sparkDriver' on port 44301.
[2026-07-25T19:56:13.644+0000] {subprocess.py:93} INFO - 26/07/25 19:56:13 INFO SparkEnv: Registering MapOutputTracker
[2026-07-25T19:56:13.957+0000] {subprocess.py:93} INFO - 26/07/25 19:56:13 INFO SparkEnv: Registering BlockManagerMaster
[2026-07-25T19:56:14.050+0000] {subprocess.py:93} INFO - 26/07/25 19:56:14 INFO BlockManagerMasterEndpoint: Using org.apache.spark.storage.DefaultTopologyMapper for getting topology information
[2026-07-25T19:56:14.058+0000] {subprocess.py:93} INFO - 26/07/25 19:56:14 INFO BlockManagerMasterEndpoint: BlockManagerMasterEndpoint up
[2026-07-25T19:56:14.106+0000] {subprocess.py:93} INFO - 26/07/25 19:56:14 INFO SparkEnv: Registering BlockManagerMasterHeartbeat
[2026-07-25T19:56:14.358+0000] {subprocess.py:93} INFO - 26/07/25 19:56:14 INFO DiskBlockManager: Created local directory at /tmp/blockmgr-3d2a5e2b-7030-421d-b463-bab9b81380b7
[2026-07-25T19:56:14.573+0000] {subprocess.py:93} INFO - 26/07/25 19:56:14 INFO MemoryStore: MemoryStore started with capacity 434.4 MiB
[2026-07-25T19:56:14.755+0000] {subprocess.py:93} INFO - 26/07/25 19:56:14 INFO SparkEnv: Registering OutputCommitCoordinator
[2026-07-25T19:56:16.119+0000] {subprocess.py:93} INFO - 26/07/25 19:56:16 INFO JettyUtils: Start Jetty 0.0.0.0:4040 for SparkUI
[2026-07-25T19:56:16.899+0000] {subprocess.py:93} INFO - 26/07/25 19:56:16 WARN Utils: Service 'SparkUI' could not bind on port 4040. Attempting port 4041.
[2026-07-25T19:56:16.902+0000] {subprocess.py:93} INFO - 26/07/25 19:56:16 WARN Utils: Service 'SparkUI' could not bind on port 4041. Attempting port 4042.
[2026-07-25T19:56:16.904+0000] {subprocess.py:93} INFO - 26/07/25 19:56:16 WARN Utils: Service 'SparkUI' could not bind on port 4042. Attempting port 4043.
[2026-07-25T19:56:16.911+0000] {subprocess.py:93} INFO - 26/07/25 19:56:16 WARN Utils: Service 'SparkUI' could not bind on port 4043. Attempting port 4044.
[2026-07-25T19:56:17.083+0000] {subprocess.py:93} INFO - 26/07/25 19:56:17 INFO Utils: Successfully started service 'SparkUI' on port 4044.
[2026-07-25T19:56:17.526+0000] {subprocess.py:93} INFO - 26/07/25 19:56:17 ERROR SparkContext: Failed to add /opt/jars/postgresql-42.7.8.jar to Spark environment
[2026-07-25T19:56:17.527+0000] {subprocess.py:93} INFO - java.io.FileNotFoundException: Jar /opt/jars/postgresql-42.7.8.jar not found
[2026-07-25T19:56:17.530+0000] {subprocess.py:93} INFO - 	at org.apache.spark.SparkContext.addLocalJarFile$1(SparkContext.scala:2100)
[2026-07-25T19:56:17.540+0000] {subprocess.py:93} INFO - 	at org.apache.spark.SparkContext.addJar(SparkContext.scala:2156)
[2026-07-25T19:56:17.541+0000] {subprocess.py:93} INFO - 	at org.apache.spark.SparkContext.$anonfun$new$15(SparkContext.scala:526)
[2026-07-25T19:56:17.542+0000] {subprocess.py:93} INFO - 	at org.apache.spark.SparkContext.$anonfun$new$15$adapted(SparkContext.scala:526)
[2026-07-25T19:56:17.545+0000] {subprocess.py:93} INFO - 	at scala.collection.mutable.ResizableArray.foreach(ResizableArray.scala:62)
[2026-07-25T19:56:17.559+0000] {subprocess.py:93} INFO - 	at scala.collection.mutable.ResizableArray.foreach$(ResizableArray.scala:55)
[2026-07-25T19:56:17.572+0000] {subprocess.py:93} INFO - 	at scala.collection.mutable.ArrayBuffer.foreach(ArrayBuffer.scala:49)
[2026-07-25T19:56:17.575+0000] {subprocess.py:93} INFO - 	at org.apache.spark.SparkContext.<init>(SparkContext.scala:526)
[2026-07-25T19:56:17.579+0000] {subprocess.py:93} INFO - 	at org.apache.spark.api.java.JavaSparkContext.<init>(JavaSparkContext.scala:58)
[2026-07-25T19:56:17.585+0000] {subprocess.py:93} INFO - 	at java.base/jdk.internal.reflect.NativeConstructorAccessorImpl.newInstance0(Native Method)
[2026-07-25T19:56:17.589+0000] {subprocess.py:93} INFO - 	at java.base/jdk.internal.reflect.NativeConstructorAccessorImpl.newInstance(NativeConstructorAccessorImpl.java:77)
[2026-07-25T19:56:17.590+0000] {subprocess.py:93} INFO - 	at java.base/jdk.internal.reflect.DelegatingConstructorAccessorImpl.newInstance(DelegatingConstructorAccessorImpl.java:45)
[2026-07-25T19:56:17.625+0000] {subprocess.py:93} INFO - 	at java.base/java.lang.reflect.Constructor.newInstanceWithCaller(Constructor.java:500)
[2026-07-25T19:56:17.631+0000] {subprocess.py:93} INFO - 	at java.base/java.lang.reflect.Constructor.newInstance(Constructor.java:481)
[2026-07-25T19:56:17.632+0000] {subprocess.py:93} INFO - 	at py4j.reflection.MethodInvoker.invoke(MethodInvoker.java:247)
[2026-07-25T19:56:17.644+0000] {subprocess.py:93} INFO - 	at py4j.reflection.ReflectionEngine.invoke(ReflectionEngine.java:374)
[2026-07-25T19:56:17.651+0000] {subprocess.py:93} INFO - 	at py4j.Gateway.invoke(Gateway.java:238)
[2026-07-25T19:56:17.658+0000] {subprocess.py:93} INFO - 	at py4j.commands.ConstructorCommand.invokeConstructor(ConstructorCommand.java:80)
[2026-07-25T19:56:17.666+0000] {subprocess.py:93} INFO - 	at py4j.commands.ConstructorCommand.execute(ConstructorCommand.java:69)
[2026-07-25T19:56:17.667+0000] {subprocess.py:93} INFO - 	at py4j.ClientServerConnection.waitForCommands(ClientServerConnection.java:182)
[2026-07-25T19:56:17.676+0000] {subprocess.py:93} INFO - 	at py4j.ClientServerConnection.run(ClientServerConnection.java:106)
[2026-07-25T19:56:17.680+0000] {subprocess.py:93} INFO - 	at java.base/java.lang.Thread.run(Thread.java:840)
[2026-07-25T19:56:18.363+0000] {subprocess.py:93} INFO - 26/07/25 19:56:18 INFO StandaloneAppClient$ClientEndpoint: Connecting to master spark://spark-master:7077...
[2026-07-25T19:56:18.709+0000] {subprocess.py:93} INFO - 26/07/25 19:56:18 INFO TransportClientFactory: Successfully created connection to spark-master/172.22.0.5:7077 after 166 ms (0 ms spent in bootstraps)
[2026-07-25T19:56:18.104+0000] {subprocess.py:93} INFO - 26/07/25 19:56:18 INFO StandaloneSchedulerBackend: Connected to Spark cluster with app ID app-20260725195618-0013
[2026-07-25T19:56:18.168+0000] {subprocess.py:93} INFO - 26/07/25 19:56:18 INFO Utils: Successfully started service 'org.apache.spark.network.netty.NettyBlockTransferService' on port 37053.
[2026-07-25T19:56:18.169+0000] {subprocess.py:93} INFO - 26/07/25 19:56:18 INFO NettyBlockTransferService: Server created on 8e34fafe5529:37053
[2026-07-25T19:56:18.182+0000] {subprocess.py:93} INFO - 26/07/25 19:56:18 INFO BlockManager: Using org.apache.spark.storage.RandomBlockReplicationPolicy for block replication policy
[2026-07-25T19:56:18.220+0000] {subprocess.py:93} INFO - 26/07/25 19:56:18 INFO BlockManagerMaster: Registering BlockManager BlockManagerId(driver, 8e34fafe5529, 37053, None)
[2026-07-25T19:56:18.231+0000] {subprocess.py:93} INFO - 26/07/25 19:56:18 INFO BlockManagerMasterEndpoint: Registering block manager 8e34fafe5529:37053 with 434.4 MiB RAM, BlockManagerId(driver, 8e34fafe5529, 37053, None)
[2026-07-25T19:56:18.248+0000] {subprocess.py:93} INFO - 26/07/25 19:56:18 INFO BlockManagerMaster: Registered BlockManager BlockManagerId(driver, 8e34fafe5529, 37053, None)
[2026-07-25T19:56:18.255+0000] {subprocess.py:93} INFO - 26/07/25 19:56:18 INFO BlockManager: Initialized BlockManager: BlockManagerId(driver, 8e34fafe5529, 37053, None)
[2026-07-25T19:56:19.967+0000] {subprocess.py:93} INFO - 26/07/25 19:56:19 INFO StandaloneSchedulerBackend: SchedulerBackend is ready for scheduling beginning after reached minRegisteredResourcesRatio: 0.0
[2026-07-25T19:56:21.161+0000] {subprocess.py:93} INFO - 26/07/25 19:56:21 INFO SharedState: Setting hive.metastore.warehouse.dir ('null') to the value of spark.sql.warehouse.dir.
[2026-07-25T19:56:21.173+0000] {subprocess.py:93} INFO - 26/07/25 19:56:21 INFO SharedState: Warehouse path is 'file:/opt/project/spark-warehouse'.
[2026-07-25T19:56:26.794+0000] {subprocess.py:93} INFO - Traceback (most recent call last):
[2026-07-25T19:56:26.795+0000] {subprocess.py:93} INFO -   File "spark_jobs/dimensions/dim_type_incident.py", line 20, in <module>
[2026-07-25T19:56:26.796+0000] {subprocess.py:93} INFO -     incidents = spark.read.jdbc(
[2026-07-25T19:56:26.797+0000] {subprocess.py:93} INFO -   File "/home/***/.local/lib/python3.8/site-packages/pyspark/sql/readwriter.py", line 946, in jdbc
[2026-07-25T19:56:26.798+0000] {subprocess.py:93} INFO -     return self._df(self._jreader.jdbc(url, table, jprop))
[2026-07-25T19:56:26.808+0000] {subprocess.py:93} INFO -   File "/home/***/.local/lib/python3.8/site-packages/py4j/java_gateway.py", line 1322, in __call__
[2026-07-25T19:56:26.809+0000] {subprocess.py:93} INFO -     return_value = get_return_value(
[2026-07-25T19:56:26.815+0000] {subprocess.py:93} INFO -   File "/home/***/.local/lib/python3.8/site-packages/pyspark/errors/exceptions/captured.py", line 179, in deco
[2026-07-25T19:56:26.817+0000] {subprocess.py:93} INFO -     return f(*a, **kw)
[2026-07-25T19:56:26.826+0000] {subprocess.py:93} INFO -   File "/home/***/.local/lib/python3.8/site-packages/py4j/protocol.py", line 326, in get_return_value
[2026-07-25T19:56:26.837+0000] {subprocess.py:93} INFO -     raise Py4JJavaError(
[2026-07-25T19:56:26.851+0000] {subprocess.py:93} INFO - py4j.protocol.Py4JJavaError: An error occurred while calling o29.jdbc.
[2026-07-25T19:56:26.854+0000] {subprocess.py:93} INFO - : java.lang.ClassNotFoundException: org.postgresql.Driver
[2026-07-25T19:56:26.855+0000] {subprocess.py:93} INFO - 	at java.base/java.net.URLClassLoader.findClass(URLClassLoader.java:445)
[2026-07-25T19:56:26.856+0000] {subprocess.py:93} INFO - 	at java.base/java.lang.ClassLoader.loadClass(ClassLoader.java:592)
[2026-07-25T19:56:26.858+0000] {subprocess.py:93} INFO - 	at java.base/java.lang.ClassLoader.loadClass(ClassLoader.java:525)
[2026-07-25T19:56:26.859+0000] {subprocess.py:93} INFO - 	at org.apache.spark.sql.execution.datasources.jdbc.DriverRegistry$.register(DriverRegistry.scala:46)
[2026-07-25T19:56:26.861+0000] {subprocess.py:93} INFO - 	at org.apache.spark.sql.execution.datasources.jdbc.JDBCOptions.$anonfun$driverClass$1(JDBCOptions.scala:103)
[2026-07-25T19:56:26.872+0000] {subprocess.py:93} INFO - 	at org.apache.spark.sql.execution.datasources.jdbc.JDBCOptions.$anonfun$driverClass$1$adapted(JDBCOptions.scala:103)
[2026-07-25T19:56:26.873+0000] {subprocess.py:93} INFO - 	at scala.Option.foreach(Option.scala:407)
[2026-07-25T19:56:26.882+0000] {subprocess.py:93} INFO - 	at org.apache.spark.sql.execution.datasources.jdbc.JDBCOptions.<init>(JDBCOptions.scala:103)
[2026-07-25T19:56:26.885+0000] {subprocess.py:93} INFO - 	at org.apache.spark.sql.execution.datasources.jdbc.JDBCOptions.<init>(JDBCOptions.scala:41)
[2026-07-25T19:56:26.889+0000] {subprocess.py:93} INFO - 	at org.apache.spark.sql.execution.datasources.jdbc.JdbcRelationProvider.createRelation(JdbcRelationProvider.scala:34)
[2026-07-25T19:56:26.894+0000] {subprocess.py:93} INFO - 	at org.apache.spark.sql.execution.datasources.DataSource.resolveRelation(DataSource.scala:346)
[2026-07-25T19:56:26.895+0000] {subprocess.py:93} INFO - 	at org.apache.spark.sql.DataFrameReader.loadV1Source(DataFrameReader.scala:229)
[2026-07-25T19:56:26.912+0000] {subprocess.py:93} INFO - 	at org.apache.spark.sql.DataFrameReader.$anonfun$load$2(DataFrameReader.scala:211)
[2026-07-25T19:56:26.919+0000] {subprocess.py:93} INFO - 	at scala.Option.getOrElse(Option.scala:189)
[2026-07-25T19:56:26.920+0000] {subprocess.py:93} INFO - 	at org.apache.spark.sql.DataFrameReader.load(DataFrameReader.scala:211)
[2026-07-25T19:56:26.927+0000] {subprocess.py:93} INFO - 	at org.apache.spark.sql.DataFrameReader.load(DataFrameReader.scala:172)
[2026-07-25T19:56:26.928+0000] {subprocess.py:93} INFO - 	at org.apache.spark.sql.DataFrameReader.jdbc(DataFrameReader.scala:249)
[2026-07-25T19:56:26.928+0000] {subprocess.py:93} INFO - 	at java.base/jdk.internal.reflect.NativeMethodAccessorImpl.invoke0(Native Method)
[2026-07-25T19:56:26.929+0000] {subprocess.py:93} INFO - 	at java.base/jdk.internal.reflect.NativeMethodAccessorImpl.invoke(NativeMethodAccessorImpl.java:77)
[2026-07-25T19:56:26.930+0000] {subprocess.py:93} INFO - 	at java.base/jdk.internal.reflect.DelegatingMethodAccessorImpl.invoke(DelegatingMethodAccessorImpl.java:43)
[2026-07-25T19:56:26.931+0000] {subprocess.py:93} INFO - 	at java.base/java.lang.reflect.Method.invoke(Method.java:569)
[2026-07-25T19:56:26.932+0000] {subprocess.py:93} INFO - 	at py4j.reflection.MethodInvoker.invoke(MethodInvoker.java:244)
[2026-07-25T19:56:26.943+0000] {subprocess.py:93} INFO - 	at py4j.reflection.ReflectionEngine.invoke(ReflectionEngine.java:374)
[2026-07-25T19:56:26.949+0000] {subprocess.py:93} INFO - 	at py4j.Gateway.invoke(Gateway.java:282)
[2026-07-25T19:56:26.974+0000] {subprocess.py:93} INFO - 	at py4j.commands.AbstractCommand.invokeMethod(AbstractCommand.java:132)
[2026-07-25T19:56:26.975+0000] {subprocess.py:93} INFO - 	at py4j.commands.CallCommand.execute(CallCommand.java:79)
[2026-07-25T19:56:26.982+0000] {subprocess.py:93} INFO - 	at py4j.ClientServerConnection.waitForCommands(ClientServerConnection.java:182)
[2026-07-25T19:56:26.983+0000] {subprocess.py:93} INFO - 	at py4j.ClientServerConnection.run(ClientServerConnection.java:106)
[2026-07-25T19:56:26.990+0000] {subprocess.py:93} INFO - 	at java.base/java.lang.Thread.run(Thread.java:840)
[2026-07-25T19:56:26.991+0000] {subprocess.py:93} INFO - 
[2026-07-25T19:56:27.004+0000] {subprocess.py:93} INFO - 26/07/25 19:56:27 INFO SparkContext: Invoking stop() from shutdown hook
[2026-07-25T19:56:27.016+0000] {subprocess.py:93} INFO - 26/07/25 19:56:27 INFO SparkContext: SparkContext is stopping with exitCode 0.
[2026-07-25T19:56:27.045+0000] {subprocess.py:93} INFO - 26/07/25 19:56:27 INFO SparkUI: Stopped Spark web UI at http://8e34fafe5529:4044
[2026-07-25T19:56:27.109+0000] {subprocess.py:93} INFO - 26/07/25 19:56:27 INFO StandaloneSchedulerBackend: Shutting down all executors
[2026-07-25T19:56:27.143+0000] {subprocess.py:93} INFO - 26/07/25 19:56:27 INFO StandaloneSchedulerBackend$StandaloneDriverEndpoint: Asking each executor to shut down
[2026-07-25T19:56:27.311+0000] {subprocess.py:93} INFO - 26/07/25 19:56:27 INFO MapOutputTrackerMasterEndpoint: MapOutputTrackerMasterEndpoint stopped!
[2026-07-25T19:56:27.510+0000] {subprocess.py:93} INFO - 26/07/25 19:56:27 INFO MemoryStore: MemoryStore cleared
[2026-07-25T19:56:27.512+0000] {subprocess.py:93} INFO - 26/07/25 19:56:27 INFO BlockManager: BlockManager stopped
[2026-07-25T19:56:27.525+0000] {subprocess.py:93} INFO - 26/07/25 19:56:27 INFO BlockManagerMaster: BlockManagerMaster stopped
[2026-07-25T19:56:27.535+0000] {subprocess.py:93} INFO - 26/07/25 19:56:27 INFO OutputCommitCoordinator$OutputCommitCoordinatorEndpoint: OutputCommitCoordinator stopped!
[2026-07-25T19:56:27.608+0000] {subprocess.py:93} INFO - 26/07/25 19:56:27 INFO SparkContext: Successfully stopped SparkContext
[2026-07-25T19:56:27.617+0000] {subprocess.py:93} INFO - 26/07/25 19:56:27 INFO ShutdownHookManager: Shutdown hook called
[2026-07-25T19:56:27.620+0000] {subprocess.py:93} INFO - 26/07/25 19:56:27 INFO ShutdownHookManager: Deleting directory /tmp/spark-9249399f-e734-4ac3-b3c4-0aacffb5f6a3/pyspark-0a4961a5-4f56-4d0c-98ad-2a37d772d7b1
[2026-07-25T19:56:27.661+0000] {subprocess.py:93} INFO - 26/07/25 19:56:27 INFO ShutdownHookManager: Deleting directory /tmp/spark-b9d85267-5d30-4875-ac51-282bebd62555
[2026-07-25T19:56:27.680+0000] {subprocess.py:93} INFO - 26/07/25 19:56:27 INFO ShutdownHookManager: Deleting directory /tmp/spark-9249399f-e734-4ac3-b3c4-0aacffb5f6a3
[2026-07-25T19:56:28.103+0000] {subprocess.py:97} INFO - Command exited with return code 1
[2026-07-25T19:56:28.131+0000] {taskinstance.py:3301} ERROR - Task failed with exception
Traceback (most recent call last):
  File "/home/airflow/.local/lib/python3.8/site-packages/airflow/models/taskinstance.py", line 767, in _execute_task
    result = _execute_callable(context=context, **execute_callable_kwargs)
  File "/home/airflow/.local/lib/python3.8/site-packages/airflow/models/taskinstance.py", line 733, in _execute_callable
    return ExecutionCallableRunner(
  File "/home/airflow/.local/lib/python3.8/site-packages/airflow/utils/operator_helpers.py", line 252, in run
    return self.func(*args, **kwargs)
  File "/home/airflow/.local/lib/python3.8/site-packages/airflow/models/baseoperator.py", line 406, in wrapper
    return func(self, *args, **kwargs)
  File "/home/airflow/.local/lib/python3.8/site-packages/airflow/operators/bash.py", line 249, in execute
    raise AirflowException(
airflow.exceptions.AirflowException: Bash command failed. The command returned a non-zero exit code 1.
[2026-07-25T19:56:28.137+0000] {taskinstance.py:1225} INFO - Marking task as FAILED. dag_id=flex_eau_pipeline, task_id=dim_type_incident, run_id=scheduled__2026-07-24T00:00:00+00:00, execution_date=20260724T000000, start_date=20260725T195555, end_date=20260725T195628
[2026-07-25T19:56:28.157+0000] {taskinstance.py:340} INFO - ::group::Post task execution logs
[2026-07-25T19:56:28.159+0000] {standard_task_runner.py:124} ERROR - Failed to execute job 14 for task dim_type_incident (Bash command failed. The command returned a non-zero exit code 1.; 1666)
Traceback (most recent call last):
  File "/home/airflow/.local/lib/python3.8/site-packages/airflow/task/task_runner/standard_task_runner.py", line 117, in _start_by_fork
    ret = args.func(args, dag=self.dag)
  File "/home/airflow/.local/lib/python3.8/site-packages/airflow/cli/cli_config.py", line 49, in command
    return func(*args, **kwargs)
  File "/home/airflow/.local/lib/python3.8/site-packages/airflow/utils/cli.py", line 115, in wrapper
    return f(*args, **kwargs)
  File "/home/airflow/.local/lib/python3.8/site-packages/airflow/cli/commands/task_command.py", line 483, in task_run
    task_return_code = _run_task_by_selected_method(args, _dag, ti)
  File "/home/airflow/.local/lib/python3.8/site-packages/airflow/cli/commands/task_command.py", line 256, in _run_task_by_selected_method
    return _run_raw_task(args, ti)
  File "/home/airflow/.local/lib/python3.8/site-packages/airflow/cli/commands/task_command.py", line 341, in _run_raw_task
    return ti._run_raw_task(
  File "/home/airflow/.local/lib/python3.8/site-packages/airflow/utils/session.py", line 97, in wrapper
    return func(*args, session=session, **kwargs)
  File "/home/airflow/.local/lib/python3.8/site-packages/airflow/models/taskinstance.py", line 2995, in _run_raw_task
    return _run_raw_task(
  File "/home/airflow/.local/lib/python3.8/site-packages/airflow/models/taskinstance.py", line 273, in _run_raw_task
    TaskInstance._execute_task_with_callbacks(
  File "/home/airflow/.local/lib/python3.8/site-packages/airflow/models/taskinstance.py", line 3149, in _execute_task_with_callbacks
    result = self._execute_task(context, task_orig)
  File "/home/airflow/.local/lib/python3.8/site-packages/airflow/models/taskinstance.py", line 3173, in _execute_task
    return _execute_task(self, context, task_orig)
  File "/home/airflow/.local/lib/python3.8/site-packages/airflow/models/taskinstance.py", line 767, in _execute_task
    result = _execute_callable(context=context, **execute_callable_kwargs)
  File "/home/airflow/.local/lib/python3.8/site-packages/airflow/models/taskinstance.py", line 733, in _execute_callable
    return ExecutionCallableRunner(
  File "/home/airflow/.local/lib/python3.8/site-packages/airflow/utils/operator_helpers.py", line 252, in run
    return self.func(*args, **kwargs)
  File "/home/airflow/.local/lib/python3.8/site-packages/airflow/models/baseoperator.py", line 406, in wrapper
    return func(self, *args, **kwargs)
  File "/home/airflow/.local/lib/python3.8/site-packages/airflow/operators/bash.py", line 249, in execute
    raise AirflowException(
airflow.exceptions.AirflowException: Bash command failed. The command returned a non-zero exit code 1.
[2026-07-25T19:56:28.200+0000] {local_task_job_runner.py:261} INFO - Task exited with return code 1
[2026-07-25T19:56:28.244+0000] {taskinstance.py:3891} INFO - 0 downstream tasks scheduled from follow-on schedule check
[2026-07-25T19:56:28.252+0000] {local_task_job_runner.py:240} INFO - ::endgroup::
