[2026-07-25T20:30:18.526+0000] {local_task_job_runner.py:123} INFO - ::group::Pre task execution logs
[2026-07-25T20:30:18.583+0000] {taskinstance.py:2603} INFO - Dependencies all met for dep_context=non-requeueable deps ti=<TaskInstance: flex_eau_pipeline.dim_type_incident manual__2026-07-25T20:29:16.467109+00:00 [queued]>
[2026-07-25T20:30:18.611+0000] {taskinstance.py:2603} INFO - Dependencies all met for dep_context=requeueable deps ti=<TaskInstance: flex_eau_pipeline.dim_type_incident manual__2026-07-25T20:29:16.467109+00:00 [queued]>
[2026-07-25T20:30:18.612+0000] {taskinstance.py:2856} INFO - Starting attempt 1 of 2
[2026-07-25T20:30:18.643+0000] {taskinstance.py:2879} INFO - Executing <Task(BashOperator): dim_type_incident> on 2026-07-25 20:29:16.467109+00:00
[2026-07-25T20:30:18.663+0000] {standard_task_runner.py:72} INFO - Started process 277 to run task
[2026-07-25T20:30:18.674+0000] {standard_task_runner.py:104} INFO - Running: ['***', 'tasks', 'run', 'flex_eau_pipeline', 'dim_type_incident', 'manual__2026-07-25T20:29:16.467109+00:00', '--job-id', '20', '--raw', '--subdir', 'DAGS_FOLDER/flex_eau_pipeline.py', '--cfg-path', '/tmp/tmpnt23o54y']
[2026-07-25T20:30:18.682+0000] {standard_task_runner.py:105} INFO - Job 20: Subtask dim_type_incident
[2026-07-25T20:30:18.900+0000] {task_command.py:467} INFO - Running <TaskInstance: flex_eau_pipeline.dim_type_incident manual__2026-07-25T20:29:16.467109+00:00 [running]> on host b1da4d7b7394
[2026-07-25T20:30:19.301+0000] {taskinstance.py:3122} INFO - Exporting env vars: AIRFLOW_CTX_DAG_OWNER='flex-eau' AIRFLOW_CTX_DAG_ID='flex_eau_pipeline' AIRFLOW_CTX_TASK_ID='dim_type_incident' AIRFLOW_CTX_EXECUTION_DATE='2026-07-25T20:29:16.467109+00:00' AIRFLOW_CTX_TRY_NUMBER='1' AIRFLOW_CTX_DAG_RUN_ID='manual__2026-07-25T20:29:16.467109+00:00'
[2026-07-25T20:30:19.314+0000] {taskinstance.py:731} INFO - ::endgroup::
[2026-07-25T20:30:19.397+0000] {subprocess.py:63} INFO - Tmp dir root location: /tmp
[2026-07-25T20:30:19.404+0000] {subprocess.py:75} INFO - Running command: ['/usr/bin/bash', '-c', 'python spark_jobs/dimensions/dim_type_incident.py']
[2026-07-25T20:30:19.472+0000] {subprocess.py:86} INFO - Output:
[2026-07-25T20:30:38.437+0000] {subprocess.py:93} INFO - 26/07/25 20:30:38 WARN NativeCodeLoader: Unable to load native-hadoop library for your platform... using builtin-java classes where applicable
[2026-07-25T20:30:39.570+0000] {subprocess.py:93} INFO - Setting default log level to "WARN".
[2026-07-25T20:30:39.572+0000] {subprocess.py:93} INFO - To adjust logging level use sc.setLogLevel(newLevel). For SparkR, use setLogLevel(newLevel).
[2026-07-25T20:30:47.355+0000] {subprocess.py:93} INFO - 26/07/25 20:30:47 WARN Utils: Service 'SparkUI' could not bind on port 4040. Attempting port 4041.
[2026-07-25T20:30:47.361+0000] {subprocess.py:93} INFO - 26/07/25 20:30:47 WARN Utils: Service 'SparkUI' could not bind on port 4041. Attempting port 4042.
[2026-07-25T20:30:47.369+0000] {subprocess.py:93} INFO - 26/07/25 20:30:47 WARN Utils: Service 'SparkUI' could not bind on port 4042. Attempting port 4043.
[2026-07-25T20:30:47.370+0000] {subprocess.py:93} INFO - 26/07/25 20:30:47 WARN Utils: Service 'SparkUI' could not bind on port 4043. Attempting port 4044.
[2026-07-25T20:30:47.372+0000] {subprocess.py:93} INFO - 26/07/25 20:30:47 WARN Utils: Service 'SparkUI' could not bind on port 4044. Attempting port 4045.
[2026-07-25T20:30:47.399+0000] {subprocess.py:93} INFO - 26/07/25 20:30:47 WARN Utils: Service 'SparkUI' could not bind on port 4045. Attempting port 4046.
[2026-07-25T20:30:47.403+0000] {subprocess.py:93} INFO - 26/07/25 20:30:47 WARN Utils: Service 'SparkUI' could not bind on port 4046. Attempting port 4047.
[2026-07-25T20:31:40.875+0000] {subprocess.py:93} INFO - [Stage 0:>                                                          (0 + 0) / 1]26/07/25 20:31:40 WARN TaskSchedulerImpl: Initial job has not accepted any resources; check your cluster UI to ensure that workers are registered and have sufficient resources
[2026-07-25T20:31:55.875+0000] {subprocess.py:93} INFO - 26/07/25 20:31:55 WARN TaskSchedulerImpl: Initial job has not accepted any resources; check your cluster UI to ensure that workers are registered and have sufficient resources
[2026-07-25T20:32:10.875+0000] {subprocess.py:93} INFO - 26/07/25 20:32:10 WARN TaskSchedulerImpl: Initial job has not accepted any resources; check your cluster UI to ensure that workers are registered and have sufficient resources
[2026-07-25T20:32:25.876+0000] {subprocess.py:93} INFO - [Stage 0:>                                                          (0 + 0) / 1]26/07/25 20:32:25 WARN TaskSchedulerImpl: Initial job has not accepted any resources; check your cluster UI to ensure that workers are registered and have sufficient resources
[2026-07-25T20:32:40.875+0000] {subprocess.py:93} INFO - 26/07/25 20:32:40 WARN TaskSchedulerImpl: Initial job has not accepted any resources; check your cluster UI to ensure that workers are registered and have sufficient resources
[2026-07-25T20:32:55.875+0000] {subprocess.py:93} INFO - 26/07/25 20:32:55 WARN TaskSchedulerImpl: Initial job has not accepted any resources; check your cluster UI to ensure that workers are registered and have sufficient resources
[2026-07-25T20:33:13.753+0000] {subprocess.py:93} INFO - [Stage 0:>                                                          (0 + 1) / 1][Stage 2:>                                                          (0 + 1) / 1]                                                                                [Stage 11:>                                                         (0 + 1) / 1]                                                                                Nombre lignes : 9
[2026-07-25T20:33:13.756+0000] {subprocess.py:93} INFO - +-----------------+-------------------+
[2026-07-25T20:33:13.762+0000] {subprocess.py:93} INFO - |type_incident_key|type_incident      |
[2026-07-25T20:33:13.763+0000] {subprocess.py:93} INFO - +-----------------+-------------------+
[2026-07-25T20:33:13.764+0000] {subprocess.py:93} INFO - |0                |CASSE_CONDUITE     |
[2026-07-25T20:33:13.764+0000] {subprocess.py:93} INFO - |1                |COUPURE_ELECTRIQUE |
[2026-07-25T20:33:13.765+0000] {subprocess.py:93} INFO - |2                |PANNE_POMPE        |
[2026-07-25T20:33:13.766+0000] {subprocess.py:93} INFO - |3                |BAISSE_PRESSION    |
[2026-07-25T20:33:13.767+0000] {subprocess.py:93} INFO - |4                |PANNE_FORAGE       |
[2026-07-25T20:33:13.768+0000] {subprocess.py:93} INFO - |5                |COMPTEUR_DEFECTUEUX|
[2026-07-25T20:33:13.769+0000] {subprocess.py:93} INFO - |6                |FUITE              |
[2026-07-25T20:33:13.769+0000] {subprocess.py:93} INFO - |7                |RECLAMATION_CLIENT |
[2026-07-25T20:33:13.770+0000] {subprocess.py:93} INFO - |8                |EAU_TROUBLE        |
[2026-07-25T20:33:13.770+0000] {subprocess.py:93} INFO - +-----------------+-------------------+
[2026-07-25T20:33:13.771+0000] {subprocess.py:93} INFO - 
[2026-07-25T20:33:13.772+0000] {subprocess.py:93} INFO - DIM_TYPE_INCIDENT créée avec succès
[2026-07-25T20:33:14.301+0000] {subprocess.py:97} INFO - Command exited with return code 0
[2026-07-25T20:33:14.355+0000] {taskinstance.py:340} INFO - ::group::Post task execution logs
[2026-07-25T20:33:14.356+0000] {taskinstance.py:352} INFO - Marking task as SUCCESS. dag_id=flex_eau_pipeline, task_id=dim_type_incident, run_id=manual__2026-07-25T20:29:16.467109+00:00, execution_date=20260725T202916, start_date=20260725T203018, end_date=20260725T203314
[2026-07-25T20:33:14.406+0000] {local_task_job_runner.py:261} INFO - Task exited with return code 0
[2026-07-25T20:33:14.458+0000] {taskinstance.py:3891} INFO - 5 downstream tasks scheduled from follow-on schedule check
[2026-07-25T20:33:14.485+0000] {local_task_job_runner.py:240} INFO - ::endgroup::
