[2026-08-11T18:10:10.040+0000] {local_task_job_runner.py:123} INFO - ::group::Pre task execution logs
[2026-08-11T18:10:10.123+0000] {taskinstance.py:2603} INFO - Dependencies all met for dep_context=non-requeueable deps ti=<TaskInstance: flex_eau_pipeline.dim_abonne scheduled__2026-08-10T00:00:00+00:00 [queued]>
[2026-08-11T18:10:10.142+0000] {taskinstance.py:2603} INFO - Dependencies all met for dep_context=requeueable deps ti=<TaskInstance: flex_eau_pipeline.dim_abonne scheduled__2026-08-10T00:00:00+00:00 [queued]>
[2026-08-11T18:10:10.143+0000] {taskinstance.py:2856} INFO - Starting attempt 1 of 2
[2026-08-11T18:10:10.172+0000] {taskinstance.py:2879} INFO - Executing <Task(BashOperator): dim_abonne> on 2026-08-10 00:00:00+00:00
[2026-08-11T18:10:10.192+0000] {standard_task_runner.py:72} INFO - Started process 339 to run task
[2026-08-11T18:10:10.209+0000] {standard_task_runner.py:104} INFO - Running: ['***', 'tasks', 'run', 'flex_eau_pipeline', 'dim_abonne', 'scheduled__2026-08-10T00:00:00+00:00', '--job-id', '55', '--raw', '--subdir', 'DAGS_FOLDER/flex_eau_pipeline.py', '--cfg-path', '/tmp/tmpxh97ra6r']
[2026-08-11T18:10:10.220+0000] {standard_task_runner.py:105} INFO - Job 55: Subtask dim_abonne
[2026-08-11T18:10:10.442+0000] {task_command.py:467} INFO - Running <TaskInstance: flex_eau_pipeline.dim_abonne scheduled__2026-08-10T00:00:00+00:00 [running]> on host b97d7a013992
[2026-08-11T18:10:10.827+0000] {taskinstance.py:3122} INFO - Exporting env vars: AIRFLOW_CTX_DAG_OWNER='flex-eau' AIRFLOW_CTX_DAG_ID='flex_eau_pipeline' AIRFLOW_CTX_TASK_ID='dim_abonne' AIRFLOW_CTX_EXECUTION_DATE='2026-08-10T00:00:00+00:00' AIRFLOW_CTX_TRY_NUMBER='1' AIRFLOW_CTX_DAG_RUN_ID='scheduled__2026-08-10T00:00:00+00:00'
[2026-08-11T18:10:10.829+0000] {taskinstance.py:731} INFO - ::endgroup::
[2026-08-11T18:10:10.870+0000] {subprocess.py:63} INFO - Tmp dir root location: /tmp
[2026-08-11T18:10:10.872+0000] {subprocess.py:75} INFO - Running command: ['/usr/bin/bash', '-c', 'python spark_jobs/dimensions/dim_abonne.py']
[2026-08-11T18:10:10.895+0000] {subprocess.py:86} INFO - Output:
[2026-08-11T18:10:34.057+0000] {subprocess.py:93} INFO - 26/08/11 18:10:33 WARN NativeCodeLoader: Unable to load native-hadoop library for your platform... using builtin-java classes where applicable
[2026-08-11T18:10:39.868+0000] {subprocess.py:93} INFO - Setting default log level to "WARN".
[2026-08-11T18:10:39.870+0000] {subprocess.py:93} INFO - To adjust logging level use sc.setLogLevel(newLevel). For SparkR, use setLogLevel(newLevel).
[2026-08-11T18:10:57.561+0000] {subprocess.py:93} INFO - 26/08/11 18:10:57 WARN Utils: Service 'SparkUI' could not bind on port 4040. Attempting port 4041.
[2026-08-11T18:10:57.576+0000] {subprocess.py:93} INFO - 26/08/11 18:10:57 WARN Utils: Service 'SparkUI' could not bind on port 4041. Attempting port 4042.
[2026-08-11T18:11:56.255+0000] {subprocess.py:93} INFO - [Stage 0:>                                                          (0 + 0) / 1]26/08/11 18:11:56 WARN TaskSchedulerImpl: Initial job has not accepted any resources; check your cluster UI to ensure that workers are registered and have sufficient resources
[2026-08-11T18:12:11.202+0000] {subprocess.py:93} INFO - 26/08/11 18:12:11 WARN TaskSchedulerImpl: Initial job has not accepted any resources; check your cluster UI to ensure that workers are registered and have sufficient resources
[2026-08-11T18:12:26.265+0000] {subprocess.py:93} INFO - 26/08/11 18:12:26 WARN TaskSchedulerImpl: Initial job has not accepted any resources; check your cluster UI to ensure that workers are registered and have sufficient resources
[2026-08-11T18:12:41.202+0000] {subprocess.py:93} INFO - [Stage 0:>                                                          (0 + 0) / 1]26/08/11 18:12:41 WARN TaskSchedulerImpl: Initial job has not accepted any resources; check your cluster UI to ensure that workers are registered and have sufficient resources
[2026-08-11T18:12:56.262+0000] {subprocess.py:93} INFO - 26/08/11 18:12:56 WARN TaskSchedulerImpl: Initial job has not accepted any resources; check your cluster UI to ensure that workers are registered and have sufficient resources
[2026-08-11T18:13:10.352+0000] {subprocess.py:93} INFO - [Stage 0:>                                                          (0 + 1) / 1][Stage 2:>                                                          (0 + 1) / 1]                                                                                [Stage 3:>                                                          (0 + 1) / 1]                                                                                [Stage 4:>                                                          (0 + 1) / 1]                                                                                Nombre lignes : 50
[2026-08-11T18:13:10.354+0000] {subprocess.py:93} INFO - +----------+---------+------------+---------+--------+---------------+-------------+-------------+----------+
[2026-08-11T18:13:10.355+0000] {subprocess.py:93} INFO - |abonne_key|abonne_id|num_abonne  |usager_id|usage_id|date_abonnement|statut_abonne|solde_courant|vol_moy_m3|
[2026-08-11T18:13:10.355+0000] {subprocess.py:93} INFO - +----------+---------+------------+---------+--------+---------------+-------------+-------------+----------+
[2026-08-11T18:13:10.356+0000] {subprocess.py:93} INFO - |0         |1        |KL-000001-BD|1        |1       |2024-01-10     |ACTIF        |0.0          |12.0      |
[2026-08-11T18:13:10.357+0000] {subprocess.py:93} INFO - |1         |2        |KL-000002-BD|2        |1       |2024-01-15     |ACTIF        |2500.0       |15.0      |
[2026-08-11T18:13:10.357+0000] {subprocess.py:93} INFO - |2         |3        |KL-000003-BD|3        |1       |2024-02-01     |ACTIF        |0.0          |11.0      |
[2026-08-11T18:13:10.358+0000] {subprocess.py:93} INFO - |3         |4        |KL-000004-BD|4        |1       |2024-02-05     |ACTIF        |0.0          |10.0      |
[2026-08-11T18:13:10.358+0000] {subprocess.py:93} INFO - |4         |5        |KL-000005-BD|5        |1       |2024-02-08     |ACTIF        |1500.0       |13.0      |
[2026-08-11T18:13:10.359+0000] {subprocess.py:93} INFO - |5         |6        |KL-000006-BD|6        |1       |2024-03-01     |ACTIF        |0.0          |12.0      |
[2026-08-11T18:13:10.360+0000] {subprocess.py:93} INFO - |6         |7        |KL-000007-BD|7        |1       |2024-03-02     |ACTIF        |0.0          |14.0      |
[2026-08-11T18:13:10.361+0000] {subprocess.py:93} INFO - |7         |8        |KL-000008-BD|8        |1       |2024-03-10     |ACTIF        |3000.0       |18.0      |
[2026-08-11T18:13:10.363+0000] {subprocess.py:93} INFO - |8         |9        |KL-000009-BD|9        |1       |2024-03-15     |ACTIF        |0.0          |15.0      |
[2026-08-11T18:13:10.364+0000] {subprocess.py:93} INFO - |9         |10       |KL-000010-BD|10       |1       |2024-03-20     |ACTIF        |0.0          |11.0      |
[2026-08-11T18:13:10.365+0000] {subprocess.py:93} INFO - |10        |11       |KL-000011-BD|11       |1       |2024-04-01     |ACTIF        |0.0          |12.0      |
[2026-08-11T18:13:10.366+0000] {subprocess.py:93} INFO - |11        |12       |KL-000012-BD|12       |1       |2024-04-03     |ACTIF        |0.0          |13.0      |
[2026-08-11T18:13:10.367+0000] {subprocess.py:93} INFO - |12        |13       |KF-000013-BD|13       |1       |2024-04-10     |ACTIF        |0.0          |10.0      |
[2026-08-11T18:13:10.368+0000] {subprocess.py:93} INFO - |13        |14       |KF-000014-BD|14       |1       |2024-04-11     |ACTIF        |2000.0       |12.0      |
[2026-08-11T18:13:10.369+0000] {subprocess.py:93} INFO - |14        |15       |KF-000015-BD|15       |1       |2024-04-12     |ACTIF        |0.0          |14.0      |
[2026-08-11T18:13:10.369+0000] {subprocess.py:93} INFO - |15        |16       |KF-000016-BD|16       |1       |2024-04-15     |ACTIF        |0.0          |11.0      |
[2026-08-11T18:13:10.370+0000] {subprocess.py:93} INFO - |16        |17       |KF-000017-BD|17       |1       |2024-04-18     |ACTIF        |0.0          |12.0      |
[2026-08-11T18:13:10.371+0000] {subprocess.py:93} INFO - |17        |18       |KF-000018-BD|18       |1       |2024-04-20     |ACTIF        |0.0          |15.0      |
[2026-08-11T18:13:10.372+0000] {subprocess.py:93} INFO - |18        |19       |KF-000019-BD|19       |1       |2024-04-21     |ACTIF        |1000.0       |14.0      |
[2026-08-11T18:13:10.372+0000] {subprocess.py:93} INFO - |19        |20       |KF-000020-BD|20       |1       |2024-04-22     |ACTIF        |0.0          |12.0      |
[2026-08-11T18:13:10.373+0000] {subprocess.py:93} INFO - +----------+---------+------------+---------+--------+---------------+-------------+-------------+----------+
[2026-08-11T18:13:10.374+0000] {subprocess.py:93} INFO - only showing top 20 rows
[2026-08-11T18:13:10.375+0000] {subprocess.py:93} INFO - 
[2026-08-11T18:13:10.376+0000] {subprocess.py:93} INFO - DIM_ABONNE créée avec succès
[2026-08-11T18:13:11.229+0000] {subprocess.py:97} INFO - Command exited with return code 0
[2026-08-11T18:13:11.504+0000] {taskinstance.py:340} INFO - ::group::Post task execution logs
[2026-08-11T18:13:11.511+0000] {taskinstance.py:352} INFO - Marking task as SUCCESS. dag_id=flex_eau_pipeline, task_id=dim_abonne, run_id=scheduled__2026-08-10T00:00:00+00:00, execution_date=20260810T000000, start_date=20260811T181010, end_date=20260811T181311
[2026-08-11T18:13:11.598+0000] {local_task_job_runner.py:261} INFO - Task exited with return code 0
[2026-08-11T18:13:11.735+0000] {taskinstance.py:3891} INFO - 0 downstream tasks scheduled from follow-on schedule check
[2026-08-11T18:13:11.739+0000] {local_task_job_runner.py:240} INFO - ::endgroup::
